-- The C compiler identification is GNU 11.4.0
-- The CXX compiler identification is GNU 11.4.0
-- Detecting C compiler ABI info
-- Detecting C compiler ABI info - done
-- Check for working C compiler: /usr/bin/cc - skipped
-- Detecting C compile features
-- Detecting C compile features - done
-- Detecting CXX compiler ABI info
-- Detecting CXX compiler ABI info - done
-- Check for working CXX compiler: /usr/bin/c++ - skipped
-- Detecting CXX compile features
-- Detecting CXX compile features - done
-- Found ament_cmake: 1.3.11 (/opt/ros/humble/share/ament_cmake/cmake)
-- Found Python3: /usr/bin/python3 (found version "3.10.12") found components: Interpreter 
-- Found rosidl_default_generators: 1.2.0 (/opt/ros/humble/share/rosidl_default_generators/cmake)
-- Using all available rosidl_typesupport_c: rosidl_typesupport_fastrtps_c;rosidl_typesupport_introspection_c
-- Found rosidl_adapter: 3.1.6 (/opt/ros/humble/share/rosidl_adapter/cmake)
-- Using all available rosidl_typesupport_cpp: rosidl_typesupport_fastrtps_cpp;rosidl_typesupport_introspection_cpp
-- Found ament_cmake_ros: 0.10.0 (/opt/ros/humble/share/ament_cmake_ros/cmake)
-- Using all available rosidl_typesupport_c: rosidl_typesupport_fastrtps_c;rosidl_typesupport_introspection_c
-- Using all available rosidl_typesupport_cpp: rosidl_typesupport_fastrtps_cpp;rosidl_typesupport_introspection_cpp
-- Found python_cmake_module: 0.10.0 (/opt/ros/humble/share/python_cmake_module/cmake)
-- Using PYTHON_EXECUTABLE: /usr/bin/python3
-- Using PYTHON_INCLUDE_DIRS: /usr/include/python3.10
-- Using PYTHON_LIBRARIES: /usr/lib/x86_64-linux-gnu/libpython3.10.so
-- Found ament_lint_auto: 0.12.12 (/opt/ros/humble/share/ament_lint_auto/cmake)
-- Added test 'lint_cmake' to check CMake code style
-- Added test 'xmllint' to check XML markup files
-- Configuring done
-- Generating done
-- Build files have been written to: /root/common/indy-ros2/build/indy_interfaces
[35m[1mConsolidate compiler generated dependencies of target indy_interfaces__rosidl_generator_c[0m
[  1%] [34m[1mGenerating C++ code for ROS interfaces[0m
[  3%] [32mBuilding C object CMakeFiles/indy_interfaces__rosidl_generator_c.dir/rosidl_generator_c/indy_interfaces/srv/detail/indy_service__functions.c.o[0m
[  5%] [32mBuilding C object CMakeFiles/indy_interfaces__rosidl_generator_c.dir/rosidl_generator_c/indy_interfaces/msg/detail/servo_tx__functions.c.o[0m
[  5%] Built target ament_cmake_python_copy_indy_interfaces
[  7%] [32mBuilding C object CMakeFiles/indy_interfaces__rosidl_generator_c.dir/rosidl_generator_c/indy_interfaces/msg/detail/servo_rx__functions.c.o[0m
[  9%] [32mBuilding C object CMakeFiles/indy_interfaces__rosidl_generator_c.dir/rosidl_generator_c/indy_interfaces/msg/detail/servo_data_array__functions.c.o[0m
[ 10%] [32m[1mLinking C shared library libindy_interfaces__rosidl_generator_c.so[0m
[ 12%] Built target indy_interfaces__rosidl_generator_c
[35m[1mConsolidate compiler generated dependencies of target indy_interfaces__rosidl_typesupport_introspection_c[0m
[ 14%] [32mBuilding C object CMakeFiles/indy_interfaces__rosidl_typesupport_introspection_c.dir/rosidl_typesupport_introspection_c/indy_interfaces/srv/detail/indy_service__type_support.c.o[0m
[35m[1mConsolidate compiler generated dependencies of target indy_interfaces__rosidl_typesupport_fastrtps_c[0m
[ 16%] [32mBuilding CXX object CMakeFiles/indy_interfaces__rosidl_typesupport_fastrtps_c.dir/rosidl_typesupport_fastrtps_c/indy_interfaces/srv/detail/indy_service__type_support_c.cpp.o[0m
[ 16%] Built target indy_interfaces__cpp
[35m[1mConsolidate compiler generated dependencies of target indy_interfaces__rosidl_typesupport_c[0m
[ 18%] [32mBuilding CXX object CMakeFiles/indy_interfaces__rosidl_typesupport_c.dir/rosidl_typesupport_c/indy_interfaces/srv/indy_service__type_support.cpp.o[0m
[ 20%] [32mBuilding C object CMakeFiles/indy_interfaces__rosidl_typesupport_introspection_c.dir/rosidl_typesupport_introspection_c/indy_interfaces/msg/detail/servo_tx__type_support.c.o[0m
running egg_info
writing indy_interfaces.egg-info/PKG-INFO
writing dependency_links to indy_interfaces.egg-info/dependency_links.txt
writing top-level names to indy_interfaces.egg-info/top_level.txt
reading manifest file 'indy_interfaces.egg-info/SOURCES.txt'
writing manifest file 'indy_interfaces.egg-info/SOURCES.txt'
[ 20%] Built target ament_cmake_python_build_indy_interfaces_egg
[ 21%] [32mBuilding C object CMakeFiles/indy_interfaces__rosidl_typesupport_introspection_c.dir/rosidl_typesupport_introspection_c/indy_interfaces/msg/detail/servo_rx__type_support.c.o[0m
[ 23%] [32mBuilding C object CMakeFiles/indy_interfaces__rosidl_typesupport_introspection_c.dir/rosidl_typesupport_introspection_c/indy_interfaces/msg/detail/servo_data_array__type_support.c.o[0m
[ 25%] [32mBuilding CXX object CMakeFiles/indy_interfaces__rosidl_typesupport_c.dir/rosidl_typesupport_c/indy_interfaces/msg/servo_tx__type_support.cpp.o[0m
[ 27%] [32mBuilding CXX object CMakeFiles/indy_interfaces__rosidl_typesupport_c.dir/rosidl_typesupport_c/indy_interfaces/msg/servo_rx__type_support.cpp.o[0m
[ 29%] [32mBuilding CXX object CMakeFiles/indy_interfaces__rosidl_typesupport_c.dir/rosidl_typesupport_c/indy_interfaces/msg/servo_data_array__type_support.cpp.o[0m
[ 30%] [32m[1mLinking C shared library libindy_interfaces__rosidl_typesupport_introspection_c.so[0m
[35m[1mConsolidate compiler generated dependencies of target indy_interfaces__rosidl_typesupport_fastrtps_cpp[0m
[ 32%] [32mBuilding CXX object CMakeFiles/indy_interfaces__rosidl_typesupport_fastrtps_cpp.dir/rosidl_typesupport_fastrtps_cpp/indy_interfaces/srv/detail/dds_fastrtps/indy_service__type_support.cpp.o[0m
[ 34%] Built target indy_interfaces__rosidl_typesupport_introspection_c
[ 36%] [32m[1mLinking CXX shared library libindy_interfaces__rosidl_typesupport_c.so[0m
[ 38%] [32mBuilding CXX object CMakeFiles/indy_interfaces__rosidl_typesupport_fastrtps_cpp.dir/rosidl_typesupport_fastrtps_cpp/indy_interfaces/msg/detail/dds_fastrtps/servo_tx__type_support.cpp.o[0m
[ 40%] Built target indy_interfaces__rosidl_typesupport_c
[35m[1mConsolidate compiler generated dependencies of target indy_interfaces__rosidl_typesupport_introspection_cpp[0m
[ 41%] [32mBuilding CXX object CMakeFiles/indy_interfaces__rosidl_typesupport_introspection_cpp.dir/rosidl_typesupport_introspection_cpp/indy_interfaces/srv/detail/indy_service__type_support.cpp.o[0m
[ 43%] [32mBuilding CXX object CMakeFiles/indy_interfaces__rosidl_typesupport_fastrtps_c.dir/rosidl_typesupport_fastrtps_c/indy_interfaces/msg/detail/servo_tx__type_support_c.cpp.o[0m
[ 45%] [32mBuilding CXX object CMakeFiles/indy_interfaces__rosidl_typesupport_introspection_cpp.dir/rosidl_typesupport_introspection_cpp/indy_interfaces/msg/detail/servo_tx__type_support.cpp.o[0m
[ 47%] [32mBuilding CXX object CMakeFiles/indy_interfaces__rosidl_typesupport_introspection_cpp.dir/rosidl_typesupport_introspection_cpp/indy_interfaces/msg/detail/servo_rx__type_support.cpp.o[0m
[ 49%] [32mBuilding CXX object CMakeFiles/indy_interfaces__rosidl_typesupport_fastrtps_cpp.dir/rosidl_typesupport_fastrtps_cpp/indy_interfaces/msg/detail/dds_fastrtps/servo_rx__type_support.cpp.o[0m
[ 50%] [32mBuilding CXX object CMakeFiles/indy_interfaces__rosidl_typesupport_fastrtps_c.dir/rosidl_typesupport_fastrtps_c/indy_interfaces/msg/detail/servo_rx__type_support_c.cpp.o[0m
[ 52%] [32mBuilding CXX object CMakeFiles/indy_interfaces__rosidl_typesupport_introspection_cpp.dir/rosidl_typesupport_introspection_cpp/indy_interfaces/msg/detail/servo_data_array__type_support.cpp.o[0m
[ 54%] [32mBuilding CXX object CMakeFiles/indy_interfaces__rosidl_typesupport_fastrtps_cpp.dir/rosidl_typesupport_fastrtps_cpp/indy_interfaces/msg/detail/dds_fastrtps/servo_data_array__type_support.cpp.o[0m
[ 56%] [32mBuilding CXX object CMakeFiles/indy_interfaces__rosidl_typesupport_fastrtps_c.dir/rosidl_typesupport_fastrtps_c/indy_interfaces/msg/detail/servo_data_array__type_support_c.cpp.o[0m
[ 58%] [32m[1mLinking CXX shared library libindy_interfaces__rosidl_typesupport_fastrtps_c.so[0m
[ 60%] [32m[1mLinking CXX shared library libindy_interfaces__rosidl_typesupport_introspection_cpp.so[0m
[ 61%] Built target indy_interfaces__rosidl_typesupport_fastrtps_c
[35m[1mConsolidate compiler generated dependencies of target indy_interfaces__rosidl_typesupport_cpp[0m
[ 63%] [32mBuilding CXX object CMakeFiles/indy_interfaces__rosidl_typesupport_cpp.dir/rosidl_typesupport_cpp/indy_interfaces/srv/indy_service__type_support.cpp.o[0m
[ 65%] [32mBuilding CXX object CMakeFiles/indy_interfaces__rosidl_typesupport_cpp.dir/rosidl_typesupport_cpp/indy_interfaces/msg/servo_tx__type_support.cpp.o[0m
[ 67%] Built target indy_interfaces__rosidl_typesupport_introspection_cpp
[ 69%] [32mBuilding CXX object CMakeFiles/indy_interfaces__rosidl_typesupport_cpp.dir/rosidl_typesupport_cpp/indy_interfaces/msg/servo_rx__type_support.cpp.o[0m
[ 70%] [32m[1mLinking CXX shared library libindy_interfaces__rosidl_typesupport_fastrtps_cpp.so[0m
[ 72%] Built target indy_interfaces__rosidl_typesupport_fastrtps_cpp
[ 74%] [32mBuilding CXX object CMakeFiles/indy_interfaces__rosidl_typesupport_cpp.dir/rosidl_typesupport_cpp/indy_interfaces/msg/servo_data_array__type_support.cpp.o[0m
[ 76%] [32m[1mLinking CXX shared library libindy_interfaces__rosidl_typesupport_cpp.so[0m
[ 78%] Built target indy_interfaces__rosidl_typesupport_cpp
[ 78%] Built target indy_interfaces
[ 80%] Built target indy_interfaces__py
[35m[1mConsolidate compiler generated dependencies of target indy_interfaces__rosidl_generator_py[0m
gmake[2]: *** No rule to make target '/usr/lib/x86_64-linux-gnu/libpython3.10.so', needed by 'rosidl_generator_py/indy_interfaces/libindy_interfaces__rosidl_generator_py.so'.  Stop.
gmake[2]: *** Waiting for unfinished jobs....
[ 81%] [32mBuilding C object CMakeFiles/indy_interfaces__rosidl_generator_py.dir/rosidl_generator_py/indy_interfaces/srv/_indy_service_s.c.o[0m
[ 83%] [32mBuilding C object CMakeFiles/indy_interfaces__rosidl_generator_py.dir/rosidl_generator_py/indy_interfaces/msg/_servo_rx_s.c.o[0m
[ 85%] [32mBuilding C object CMakeFiles/indy_interfaces__rosidl_generator_py.dir/rosidl_generator_py/indy_interfaces/msg/_servo_tx_s.c.o[0m
[ 87%] [32mBuilding C object CMakeFiles/indy_interfaces__rosidl_generator_py.dir/rosidl_generator_py/indy_interfaces/msg/_servo_data_array_s.c.o[0m
gmake[1]: *** [CMakeFiles/Makefile2:475: CMakeFiles/indy_interfaces__rosidl_generator_py.dir/all] Error 2
gmake: *** [Makefile:146: all] Error 2
