[0.083s] Invoking command in '/root/common/indy-ros2/build/indy_interfaces': CMAKE_PREFIX_PATH=/opt/ros/humble /usr/bin/cmake --build /root/common/indy-ros2/build/indy_interfaces -- -j4 -l4
[1.164s] -- The C compiler identification is GNU 11.4.0
[1.642s] -- The CXX compiler identification is GNU 11.4.0
[1.676s] -- Detecting C compiler ABI info
[1.914s] -- Detecting C compiler ABI info - done
[1.946s] -- Check for working C compiler: /usr/bin/cc - skipped
[1.951s] -- Detecting C compile features
[1.953s] -- Detecting C compile features - done
[1.966s] -- Detecting CXX compiler ABI info
[2.253s] -- Detecting CXX compiler ABI info - done
[2.287s] -- Check for working CXX compiler: /usr/bin/c++ - skipped
[2.288s] -- Detecting CXX compile features
[2.289s] -- Detecting CXX compile features - done
[2.297s] -- Found ament_cmake: 1.3.11 (/opt/ros/humble/share/ament_cmake/cmake)
[2.528s] -- Found Python3: /usr/bin/python3 (found version "3.10.12") found components: Interpreter 
[2.883s] -- Found rosidl_default_generators: 1.2.0 (/opt/ros/humble/share/rosidl_default_generators/cmake)
[2.896s] -- Using all available rosidl_typesupport_c: rosidl_typesupport_fastrtps_c;rosidl_typesupport_introspection_c
[2.914s] -- Found rosidl_adapter: 3.1.6 (/opt/ros/humble/share/rosidl_adapter/cmake)
[3.099s] -- Using all available rosidl_typesupport_cpp: rosidl_typesupport_fastrtps_cpp;rosidl_typesupport_introspection_cpp
[4.585s] -- Found ament_cmake_ros: 0.10.0 (/opt/ros/humble/share/ament_cmake_ros/cmake)
[5.320s] -- Using all available rosidl_typesupport_c: rosidl_typesupport_fastrtps_c;rosidl_typesupport_introspection_c
[6.401s] -- Using all available rosidl_typesupport_cpp: rosidl_typesupport_fastrtps_cpp;rosidl_typesupport_introspection_cpp
[6.638s] -- Found python_cmake_module: 0.10.0 (/opt/ros/humble/share/python_cmake_module/cmake)
[7.220s] -- Using PYTHON_EXECUTABLE: /usr/bin/python3
[7.221s] -- Using PYTHON_INCLUDE_DIRS: /usr/include/python3.10
[7.221s] -- Using PYTHON_LIBRARIES: /usr/lib/x86_64-linux-gnu/libpython3.10.so
[7.873s] -- Found ament_lint_auto: 0.12.12 (/opt/ros/humble/share/ament_lint_auto/cmake)
[9.111s] -- Added test 'lint_cmake' to check CMake code style
[9.114s] -- Added test 'xmllint' to check XML markup files
[9.127s] -- Configuring done
[9.426s] -- Generating done
[9.438s] -- Build files have been written to: /root/common/indy-ros2/build/indy_interfaces
[9.532s] [35m[1mConsolidate compiler generated dependencies of target indy_interfaces__rosidl_generator_c[0m
[9.564s] [  1%] [34m[1mGenerating C++ code for ROS interfaces[0m
[9.637s] [  3%] [32mBuilding C object CMakeFiles/indy_interfaces__rosidl_generator_c.dir/rosidl_generator_c/indy_interfaces/srv/detail/indy_service__functions.c.o[0m
[9.652s] [  5%] [32mBuilding C object CMakeFiles/indy_interfaces__rosidl_generator_c.dir/rosidl_generator_c/indy_interfaces/msg/detail/servo_tx__functions.c.o[0m
[9.667s] [  5%] Built target ament_cmake_python_copy_indy_interfaces
[10.252s] [  7%] [32mBuilding C object CMakeFiles/indy_interfaces__rosidl_generator_c.dir/rosidl_generator_c/indy_interfaces/msg/detail/servo_rx__functions.c.o[0m
[10.313s] [  9%] [32mBuilding C object CMakeFiles/indy_interfaces__rosidl_generator_c.dir/rosidl_generator_c/indy_interfaces/msg/detail/servo_data_array__functions.c.o[0m
[10.640s] [ 10%] [32m[1mLinking C shared library libindy_interfaces__rosidl_generator_c.so[0m
[10.896s] [ 12%] Built target indy_interfaces__rosidl_generator_c
[11.072s] [35m[1mConsolidate compiler generated dependencies of target indy_interfaces__rosidl_typesupport_introspection_c[0m
[11.191s] [ 14%] [32mBuilding C object CMakeFiles/indy_interfaces__rosidl_typesupport_introspection_c.dir/rosidl_typesupport_introspection_c/indy_interfaces/srv/detail/indy_service__type_support.c.o[0m
[11.408s] [35m[1mConsolidate compiler generated dependencies of target indy_interfaces__rosidl_typesupport_fastrtps_c[0m
[12.023s] [ 16%] [32mBuilding CXX object CMakeFiles/indy_interfaces__rosidl_typesupport_fastrtps_c.dir/rosidl_typesupport_fastrtps_c/indy_interfaces/srv/detail/indy_service__type_support_c.cpp.o[0m
[13.794s] [ 16%] Built target indy_interfaces__cpp
[13.948s] [35m[1mConsolidate compiler generated dependencies of target indy_interfaces__rosidl_typesupport_c[0m
[14.062s] [ 18%] [32mBuilding CXX object CMakeFiles/indy_interfaces__rosidl_typesupport_c.dir/rosidl_typesupport_c/indy_interfaces/srv/indy_service__type_support.cpp.o[0m
[14.904s] [ 20%] [32mBuilding C object CMakeFiles/indy_interfaces__rosidl_typesupport_introspection_c.dir/rosidl_typesupport_introspection_c/indy_interfaces/msg/detail/servo_tx__type_support.c.o[0m
[16.800s] running egg_info
[16.807s] writing indy_interfaces.egg-info/PKG-INFO
[16.808s] writing dependency_links to indy_interfaces.egg-info/dependency_links.txt
[16.808s] writing top-level names to indy_interfaces.egg-info/top_level.txt
[16.954s] reading manifest file 'indy_interfaces.egg-info/SOURCES.txt'
[16.989s] writing manifest file 'indy_interfaces.egg-info/SOURCES.txt'
[17.107s] [ 20%] Built target ament_cmake_python_build_indy_interfaces_egg
[17.131s] [ 21%] [32mBuilding C object CMakeFiles/indy_interfaces__rosidl_typesupport_introspection_c.dir/rosidl_typesupport_introspection_c/indy_interfaces/msg/detail/servo_rx__type_support.c.o[0m
[17.467s] [ 23%] [32mBuilding C object CMakeFiles/indy_interfaces__rosidl_typesupport_introspection_c.dir/rosidl_typesupport_introspection_c/indy_interfaces/msg/detail/servo_data_array__type_support.c.o[0m
[17.585s] [ 25%] [32mBuilding CXX object CMakeFiles/indy_interfaces__rosidl_typesupport_c.dir/rosidl_typesupport_c/indy_interfaces/msg/servo_tx__type_support.cpp.o[0m
[17.657s] [ 27%] [32mBuilding CXX object CMakeFiles/indy_interfaces__rosidl_typesupport_c.dir/rosidl_typesupport_c/indy_interfaces/msg/servo_rx__type_support.cpp.o[0m
[17.797s] [ 29%] [32mBuilding CXX object CMakeFiles/indy_interfaces__rosidl_typesupport_c.dir/rosidl_typesupport_c/indy_interfaces/msg/servo_data_array__type_support.cpp.o[0m
[17.844s] [ 30%] [32m[1mLinking C shared library libindy_interfaces__rosidl_typesupport_introspection_c.so[0m
[17.880s] [35m[1mConsolidate compiler generated dependencies of target indy_interfaces__rosidl_typesupport_fastrtps_cpp[0m
[17.961s] [ 32%] [32mBuilding CXX object CMakeFiles/indy_interfaces__rosidl_typesupport_fastrtps_cpp.dir/rosidl_typesupport_fastrtps_cpp/indy_interfaces/srv/detail/dds_fastrtps/indy_service__type_support.cpp.o[0m
[18.037s] [ 34%] Built target indy_interfaces__rosidl_typesupport_introspection_c
[18.059s] [ 36%] [32m[1mLinking CXX shared library libindy_interfaces__rosidl_typesupport_c.so[0m
[18.096s] [ 38%] [32mBuilding CXX object CMakeFiles/indy_interfaces__rosidl_typesupport_fastrtps_cpp.dir/rosidl_typesupport_fastrtps_cpp/indy_interfaces/msg/detail/dds_fastrtps/servo_tx__type_support.cpp.o[0m
[18.388s] [ 40%] Built target indy_interfaces__rosidl_typesupport_c
[18.427s] [35m[1mConsolidate compiler generated dependencies of target indy_interfaces__rosidl_typesupport_introspection_cpp[0m
[18.550s] [ 41%] [32mBuilding CXX object CMakeFiles/indy_interfaces__rosidl_typesupport_introspection_cpp.dir/rosidl_typesupport_introspection_cpp/indy_interfaces/srv/detail/indy_service__type_support.cpp.o[0m
[20.380s] [ 43%] [32mBuilding CXX object CMakeFiles/indy_interfaces__rosidl_typesupport_fastrtps_c.dir/rosidl_typesupport_fastrtps_c/indy_interfaces/msg/detail/servo_tx__type_support_c.cpp.o[0m
[21.036s] [ 45%] [32mBuilding CXX object CMakeFiles/indy_interfaces__rosidl_typesupport_introspection_cpp.dir/rosidl_typesupport_introspection_cpp/indy_interfaces/msg/detail/servo_tx__type_support.cpp.o[0m
[21.386s] [ 47%] [32mBuilding CXX object CMakeFiles/indy_interfaces__rosidl_typesupport_introspection_cpp.dir/rosidl_typesupport_introspection_cpp/indy_interfaces/msg/detail/servo_rx__type_support.cpp.o[0m
[21.701s] [ 49%] [32mBuilding CXX object CMakeFiles/indy_interfaces__rosidl_typesupport_fastrtps_cpp.dir/rosidl_typesupport_fastrtps_cpp/indy_interfaces/msg/detail/dds_fastrtps/servo_rx__type_support.cpp.o[0m
[22.596s] [ 50%] [32mBuilding CXX object CMakeFiles/indy_interfaces__rosidl_typesupport_fastrtps_c.dir/rosidl_typesupport_fastrtps_c/indy_interfaces/msg/detail/servo_rx__type_support_c.cpp.o[0m
[23.816s] [ 52%] [32mBuilding CXX object CMakeFiles/indy_interfaces__rosidl_typesupport_introspection_cpp.dir/rosidl_typesupport_introspection_cpp/indy_interfaces/msg/detail/servo_data_array__type_support.cpp.o[0m
[23.987s] [ 54%] [32mBuilding CXX object CMakeFiles/indy_interfaces__rosidl_typesupport_fastrtps_cpp.dir/rosidl_typesupport_fastrtps_cpp/indy_interfaces/msg/detail/dds_fastrtps/servo_data_array__type_support.cpp.o[0m
[24.098s] [ 56%] [32mBuilding CXX object CMakeFiles/indy_interfaces__rosidl_typesupport_fastrtps_c.dir/rosidl_typesupport_fastrtps_c/indy_interfaces/msg/detail/servo_data_array__type_support_c.cpp.o[0m
[25.880s] [ 58%] [32m[1mLinking CXX shared library libindy_interfaces__rosidl_typesupport_fastrtps_c.so[0m
[26.085s] [ 60%] [32m[1mLinking CXX shared library libindy_interfaces__rosidl_typesupport_introspection_cpp.so[0m
[26.178s] [ 61%] Built target indy_interfaces__rosidl_typesupport_fastrtps_c
[26.229s] [35m[1mConsolidate compiler generated dependencies of target indy_interfaces__rosidl_typesupport_cpp[0m
[26.317s] [ 63%] [32mBuilding CXX object CMakeFiles/indy_interfaces__rosidl_typesupport_cpp.dir/rosidl_typesupport_cpp/indy_interfaces/srv/indy_service__type_support.cpp.o[0m
[26.328s] [ 65%] [32mBuilding CXX object CMakeFiles/indy_interfaces__rosidl_typesupport_cpp.dir/rosidl_typesupport_cpp/indy_interfaces/msg/servo_tx__type_support.cpp.o[0m
[26.421s] [ 67%] Built target indy_interfaces__rosidl_typesupport_introspection_cpp
[26.478s] [ 69%] [32mBuilding CXX object CMakeFiles/indy_interfaces__rosidl_typesupport_cpp.dir/rosidl_typesupport_cpp/indy_interfaces/msg/servo_rx__type_support.cpp.o[0m
[26.506s] [ 70%] [32m[1mLinking CXX shared library libindy_interfaces__rosidl_typesupport_fastrtps_cpp.so[0m
[26.879s] [ 72%] Built target indy_interfaces__rosidl_typesupport_fastrtps_cpp
[26.950s] [ 74%] [32mBuilding CXX object CMakeFiles/indy_interfaces__rosidl_typesupport_cpp.dir/rosidl_typesupport_cpp/indy_interfaces/msg/servo_data_array__type_support.cpp.o[0m
[28.338s] [ 76%] [32m[1mLinking CXX shared library libindy_interfaces__rosidl_typesupport_cpp.so[0m
[28.463s] [ 78%] Built target indy_interfaces__rosidl_typesupport_cpp
[28.523s] [ 78%] Built target indy_interfaces
[28.586s] [ 80%] Built target indy_interfaces__py
[28.623s] [35m[1mConsolidate compiler generated dependencies of target indy_interfaces__rosidl_generator_py[0m
[28.666s] gmake[2]: *** No rule to make target '/usr/lib/x86_64-linux-gnu/libpython3.10.so', needed by 'rosidl_generator_py/indy_interfaces/libindy_interfaces__rosidl_generator_py.so'.  Stop.
[28.667s] gmake[2]: *** Waiting for unfinished jobs....
[28.680s] [ 81%] [32mBuilding C object CMakeFiles/indy_interfaces__rosidl_generator_py.dir/rosidl_generator_py/indy_interfaces/srv/_indy_service_s.c.o[0m
[28.684s] [ 83%] [32mBuilding C object CMakeFiles/indy_interfaces__rosidl_generator_py.dir/rosidl_generator_py/indy_interfaces/msg/_servo_rx_s.c.o[0m
[28.693s] [ 85%] [32mBuilding C object CMakeFiles/indy_interfaces__rosidl_generator_py.dir/rosidl_generator_py/indy_interfaces/msg/_servo_tx_s.c.o[0m
[28.702s] [ 87%] [32mBuilding C object CMakeFiles/indy_interfaces__rosidl_generator_py.dir/rosidl_generator_py/indy_interfaces/msg/_servo_data_array_s.c.o[0m
[29.237s] gmake[1]: *** [CMakeFiles/Makefile2:475: CMakeFiles/indy_interfaces__rosidl_generator_py.dir/all] Error 2
[29.238s] gmake: *** [Makefile:146: all] Error 2
[29.248s] Invoked command in '/root/common/indy-ros2/build/indy_interfaces' returned '2': CMAKE_PREFIX_PATH=/opt/ros/humble /usr/bin/cmake --build /root/common/indy-ros2/build/indy_interfaces -- -j4 -l4
