[0.116s] Invoking command in '/root/common/indy-ros2/build/indy_gazebo': AMENT_PREFIX_PATH=/root/common/indy-ros2/install/indy_description:${AMENT_PREFIX_PATH} CMAKE_PREFIX_PATH=/root/common/indy-ros2/install/indy_description:/opt/ros/humble /usr/bin/cmake --build /root/common/indy-ros2/build/indy_gazebo -- -j4 -l4
[0.539s] -- The C compiler identification is GNU 11.4.0
[0.986s] -- The CXX compiler identification is GNU 11.4.0
[1.031s] -- Detecting C compiler ABI info
[1.439s] -- Detecting C compiler ABI info - done
[1.481s] -- Check for working C compiler: /usr/bin/cc - skipped
[1.482s] -- Detecting C compile features
[1.484s] -- Detecting C compile features - done
[1.523s] -- Detecting CXX compiler ABI info
[7.943s] -- Detecting CXX compiler ABI info - done
[8.007s] -- Check for working CXX compiler: /usr/bin/c++ - skipped
[8.009s] -- Detecting CXX compile features
[8.010s] -- Detecting CXX compile features - done
[8.026s] -- Found ament_cmake: 1.3.11 (/opt/ros/humble/share/ament_cmake/cmake)
[8.421s] -- Found Python3: /usr/bin/python3 (found version "3.10.12") found components: Interpreter 
[9.020s] -- Found ament_lint_auto: 0.12.12 (/opt/ros/humble/share/ament_lint_auto/cmake)
[9.605s] -- Configuring done
[9.640s] -- Generating done
[9.644s] -- Build files have been written to: /root/common/indy-ros2/build/indy_gazebo
[9.830s] Invoked command in '/root/common/indy-ros2/build/indy_gazebo' returned '0': AMENT_PREFIX_PATH=/root/common/indy-ros2/install/indy_description:${AMENT_PREFIX_PATH} CMAKE_PREFIX_PATH=/root/common/indy-ros2/install/indy_description:/opt/ros/humble /usr/bin/cmake --build /root/common/indy-ros2/build/indy_gazebo -- -j4 -l4
[10.093s] Invoking command in '/root/common/indy-ros2/build/indy_gazebo': AMENT_PREFIX_PATH=/root/common/indy-ros2/install/indy_description:${AMENT_PREFIX_PATH} CMAKE_PREFIX_PATH=/root/common/indy-ros2/install/indy_description:/opt/ros/humble /usr/bin/cmake --install /root/common/indy-ros2/build/indy_gazebo
[10.144s] -- Install configuration: ""
[10.145s] -- Up-to-date: /root/common/indy-ros2/install/indy_gazebo/share/indy_gazebo//launch
[10.146s] -- Installing: /root/common/indy-ros2/install/indy_gazebo/share/indy_gazebo//launch/indy_gazebo.launch.py
[10.154s] -- Up-to-date: /root/common/indy-ros2/install/indy_gazebo/share/indy_gazebo//controller
[10.155s] -- Installing: /root/common/indy-ros2/install/indy_gazebo/share/indy_gazebo//controller/indy_controllers_7dof.yaml
[10.158s] -- Installing: /root/common/indy-ros2/install/indy_gazebo/share/indy_gazebo//controller/indy_controllers_6dof.yaml
[10.159s] -- Installing: /root/common/indy-ros2/install/indy_gazebo/share/ament_index/resource_index/package_run_dependencies/indy_gazebo
[10.160s] -- Installing: /root/common/indy-ros2/install/indy_gazebo/share/ament_index/resource_index/parent_prefix_path/indy_gazebo
[10.160s] -- Installing: /root/common/indy-ros2/install/indy_gazebo/share/indy_gazebo/environment/ament_prefix_path.sh
[10.161s] -- Installing: /root/common/indy-ros2/install/indy_gazebo/share/indy_gazebo/environment/ament_prefix_path.dsv
[10.162s] -- Installing: /root/common/indy-ros2/install/indy_gazebo/share/indy_gazebo/environment/path.sh
[10.163s] -- Installing: /root/common/indy-ros2/install/indy_gazebo/share/indy_gazebo/environment/path.dsv
[10.164s] -- Installing: /root/common/indy-ros2/install/indy_gazebo/share/indy_gazebo/local_setup.bash
[10.164s] -- Installing: /root/common/indy-ros2/install/indy_gazebo/share/indy_gazebo/local_setup.sh
[10.165s] -- Installing: /root/common/indy-ros2/install/indy_gazebo/share/indy_gazebo/local_setup.zsh
[10.178s] -- Installing: /root/common/indy-ros2/install/indy_gazebo/share/indy_gazebo/local_setup.dsv
[10.179s] -- Installing: /root/common/indy-ros2/install/indy_gazebo/share/indy_gazebo/package.dsv
[10.180s] -- Installing: /root/common/indy-ros2/install/indy_gazebo/share/ament_index/resource_index/packages/indy_gazebo
[10.181s] -- Installing: /root/common/indy-ros2/install/indy_gazebo/share/indy_gazebo/cmake/indy_gazeboConfig.cmake
[10.182s] -- Installing: /root/common/indy-ros2/install/indy_gazebo/share/indy_gazebo/cmake/indy_gazeboConfig-version.cmake
[10.182s] -- Installing: /root/common/indy-ros2/install/indy_gazebo/share/indy_gazebo/package.xml
[10.192s] Invoked command in '/root/common/indy-ros2/build/indy_gazebo' returned '0': AMENT_PREFIX_PATH=/root/common/indy-ros2/install/indy_description:${AMENT_PREFIX_PATH} CMAKE_PREFIX_PATH=/root/common/indy-ros2/install/indy_description:/opt/ros/humble /usr/bin/cmake --install /root/common/indy-ros2/build/indy_gazebo
