[0.101s] DEBUG:colcon:Command line arguments: ['/usr/bin/colcon', 'build']
[0.101s] DEBUG:colcon:Parsed command line arguments: Namespace(log_base=None, log_level=None, verb_name='build', build_base='build', install_base='install', merge_install=False, symlink_install=False, test_result_base=None, continue_on_error=False, executor='parallel', parallel_workers=12, event_handlers=None, ignore_user_meta=False, metas=['./colcon.meta'], base_paths=['.'], packages_ignore=None, packages_ignore_regex=None, paths=None, packages_up_to=None, packages_up_to_regex=None, packages_above=None, packages_above_and_dependencies=None, packages_above_depth=None, packages_select_by_dep=None, packages_skip_by_dep=None, packages_skip_up_to=None, packages_select_build_failed=False, packages_skip_build_finished=False, packages_select_test_failures=False, packages_skip_test_passed=False, packages_select=None, packages_skip=None, packages_select_regex=None, packages_skip_regex=None, packages_start=None, packages_end=None, cmake_args=None, cmake_target=None, cmake_target_skip_unavailable=False, cmake_clean_cache=False, cmake_clean_first=False, cmake_force_configure=False, ament_cmake_args=None, catkin_cmake_args=None, catkin_skip_building_tests=False, mixin_files=None, mixin=None, verb_parser=<colcon_mixin.mixin.mixin_argument.MixinArgumentDecorator object at 0x7fb3923ce380>, verb_extension=<colcon_core.verb.build.BuildVerb object at 0x7fb39254a770>, main=<bound method BuildVerb.main of <colcon_core.verb.build.BuildVerb object at 0x7fb39254a770>>, mixin_verb=('build',))
[0.236s] Level 1:colcon.colcon_core.package_discovery:discover_packages(colcon_meta) check parameters
[0.236s] Level 1:colcon.colcon_core.package_discovery:discover_packages(recursive) check parameters
[0.236s] Level 1:colcon.colcon_core.package_discovery:discover_packages(ignore) check parameters
[0.236s] Level 1:colcon.colcon_core.package_discovery:discover_packages(path) check parameters
[0.236s] Level 1:colcon.colcon_core.package_discovery:discover_packages(colcon_meta) discover
[0.236s] Level 1:colcon.colcon_core.package_discovery:discover_packages(recursive) discover
[0.236s] INFO:colcon.colcon_core.package_discovery:Crawling recursively for packages in '/root/common/indy-ros2'
[0.236s] Level 1:colcon.colcon_core.package_identification:_identify(.) by extensions ['ignore', 'ignore_ament_install']
[0.236s] Level 1:colcon.colcon_core.package_identification:_identify(.) by extension 'ignore'
[0.236s] Level 1:colcon.colcon_core.package_identification:_identify(.) by extension 'ignore_ament_install'
[0.237s] Level 1:colcon.colcon_core.package_identification:_identify(.) by extensions ['colcon_pkg']
[0.237s] Level 1:colcon.colcon_core.package_identification:_identify(.) by extension 'colcon_pkg'
[0.237s] Level 1:colcon.colcon_core.package_identification:_identify(.) by extensions ['colcon_meta']
[0.237s] Level 1:colcon.colcon_core.package_identification:_identify(.) by extension 'colcon_meta'
[0.237s] Level 1:colcon.colcon_core.package_identification:_identify(.) by extensions ['ros']
[0.237s] Level 1:colcon.colcon_core.package_identification:_identify(.) by extension 'ros'
[0.245s] Level 1:colcon.colcon_core.package_identification:_identify(.) by extensions ['cmake', 'python']
[0.245s] Level 1:colcon.colcon_core.package_identification:_identify(.) by extension 'cmake'
[0.245s] Level 1:colcon.colcon_core.package_identification:_identify(.) by extension 'python'
[0.245s] Level 1:colcon.colcon_core.package_identification:_identify(.) by extensions ['python_setup_py']
[0.245s] Level 1:colcon.colcon_core.package_identification:_identify(.) by extension 'python_setup_py'
[0.245s] Level 1:colcon.colcon_core.package_identification:_identify(build) by extensions ['ignore', 'ignore_ament_install']
[0.246s] Level 1:colcon.colcon_core.package_identification:_identify(build) by extension 'ignore'
[0.246s] Level 1:colcon.colcon_core.package_identification:_identify(build) ignored
[0.246s] Level 1:colcon.colcon_core.package_identification:_identify(install) by extensions ['ignore', 'ignore_ament_install']
[0.246s] Level 1:colcon.colcon_core.package_identification:_identify(install) by extension 'ignore'
[0.246s] Level 1:colcon.colcon_core.package_identification:_identify(install) ignored
[0.246s] Level 1:colcon.colcon_core.package_identification:_identify(log) by extensions ['ignore', 'ignore_ament_install']
[0.246s] Level 1:colcon.colcon_core.package_identification:_identify(log) by extension 'ignore'
[0.246s] Level 1:colcon.colcon_core.package_identification:_identify(log) ignored
[0.246s] Level 1:colcon.colcon_core.package_identification:_identify(src) by extensions ['ignore', 'ignore_ament_install']
[0.246s] Level 1:colcon.colcon_core.package_identification:_identify(src) by extension 'ignore'
[0.246s] Level 1:colcon.colcon_core.package_identification:_identify(src) by extension 'ignore_ament_install'
[0.246s] Level 1:colcon.colcon_core.package_identification:_identify(src) by extensions ['colcon_pkg']
[0.246s] Level 1:colcon.colcon_core.package_identification:_identify(src) by extension 'colcon_pkg'
[0.246s] Level 1:colcon.colcon_core.package_identification:_identify(src) by extensions ['colcon_meta']
[0.246s] Level 1:colcon.colcon_core.package_identification:_identify(src) by extension 'colcon_meta'
[0.246s] Level 1:colcon.colcon_core.package_identification:_identify(src) by extensions ['ros']
[0.246s] Level 1:colcon.colcon_core.package_identification:_identify(src) by extension 'ros'
[0.247s] Level 1:colcon.colcon_core.package_identification:_identify(src) by extensions ['cmake', 'python']
[0.247s] Level 1:colcon.colcon_core.package_identification:_identify(src) by extension 'cmake'
[0.247s] Level 1:colcon.colcon_core.package_identification:_identify(src) by extension 'python'
[0.247s] Level 1:colcon.colcon_core.package_identification:_identify(src) by extensions ['python_setup_py']
[0.247s] Level 1:colcon.colcon_core.package_identification:_identify(src) by extension 'python_setup_py'
[0.247s] Level 1:colcon.colcon_core.package_identification:_identify(src/sml_indy-ros2) by extensions ['ignore', 'ignore_ament_install']
[0.247s] Level 1:colcon.colcon_core.package_identification:_identify(src/sml_indy-ros2) by extension 'ignore'
[0.247s] Level 1:colcon.colcon_core.package_identification:_identify(src/sml_indy-ros2) by extension 'ignore_ament_install'
[0.247s] Level 1:colcon.colcon_core.package_identification:_identify(src/sml_indy-ros2) by extensions ['colcon_pkg']
[0.247s] Level 1:colcon.colcon_core.package_identification:_identify(src/sml_indy-ros2) by extension 'colcon_pkg'
[0.247s] Level 1:colcon.colcon_core.package_identification:_identify(src/sml_indy-ros2) by extensions ['colcon_meta']
[0.247s] Level 1:colcon.colcon_core.package_identification:_identify(src/sml_indy-ros2) by extension 'colcon_meta'
[0.247s] Level 1:colcon.colcon_core.package_identification:_identify(src/sml_indy-ros2) by extensions ['ros']
[0.247s] Level 1:colcon.colcon_core.package_identification:_identify(src/sml_indy-ros2) by extension 'ros'
[0.248s] Level 1:colcon.colcon_core.package_identification:_identify(src/sml_indy-ros2) by extensions ['cmake', 'python']
[0.248s] Level 1:colcon.colcon_core.package_identification:_identify(src/sml_indy-ros2) by extension 'cmake'
[0.248s] Level 1:colcon.colcon_core.package_identification:_identify(src/sml_indy-ros2) by extension 'python'
[0.248s] Level 1:colcon.colcon_core.package_identification:_identify(src/sml_indy-ros2) by extensions ['python_setup_py']
[0.248s] Level 1:colcon.colcon_core.package_identification:_identify(src/sml_indy-ros2) by extension 'python_setup_py'
[0.248s] Level 1:colcon.colcon_core.package_identification:_identify(src/sml_indy-ros2/docker) by extensions ['ignore', 'ignore_ament_install']
[0.248s] Level 1:colcon.colcon_core.package_identification:_identify(src/sml_indy-ros2/docker) by extension 'ignore'
[0.248s] Level 1:colcon.colcon_core.package_identification:_identify(src/sml_indy-ros2/docker) by extension 'ignore_ament_install'
[0.248s] Level 1:colcon.colcon_core.package_identification:_identify(src/sml_indy-ros2/docker) by extensions ['colcon_pkg']
[0.248s] Level 1:colcon.colcon_core.package_identification:_identify(src/sml_indy-ros2/docker) by extension 'colcon_pkg'
[0.248s] Level 1:colcon.colcon_core.package_identification:_identify(src/sml_indy-ros2/docker) by extensions ['colcon_meta']
[0.248s] Level 1:colcon.colcon_core.package_identification:_identify(src/sml_indy-ros2/docker) by extension 'colcon_meta'
[0.248s] Level 1:colcon.colcon_core.package_identification:_identify(src/sml_indy-ros2/docker) by extensions ['ros']
[0.248s] Level 1:colcon.colcon_core.package_identification:_identify(src/sml_indy-ros2/docker) by extension 'ros'
[0.248s] Level 1:colcon.colcon_core.package_identification:_identify(src/sml_indy-ros2/docker) by extensions ['cmake', 'python']
[0.248s] Level 1:colcon.colcon_core.package_identification:_identify(src/sml_indy-ros2/docker) by extension 'cmake'
[0.249s] Level 1:colcon.colcon_core.package_identification:_identify(src/sml_indy-ros2/docker) by extension 'python'
[0.249s] Level 1:colcon.colcon_core.package_identification:_identify(src/sml_indy-ros2/docker) by extensions ['python_setup_py']
[0.249s] Level 1:colcon.colcon_core.package_identification:_identify(src/sml_indy-ros2/docker) by extension 'python_setup_py'
[0.249s] Level 1:colcon.colcon_core.package_identification:_identify(src/sml_indy-ros2/indy_description) by extensions ['ignore', 'ignore_ament_install']
[0.249s] Level 1:colcon.colcon_core.package_identification:_identify(src/sml_indy-ros2/indy_description) by extension 'ignore'
[0.249s] Level 1:colcon.colcon_core.package_identification:_identify(src/sml_indy-ros2/indy_description) by extension 'ignore_ament_install'
[0.249s] Level 1:colcon.colcon_core.package_identification:_identify(src/sml_indy-ros2/indy_description) by extensions ['colcon_pkg']
[0.249s] Level 1:colcon.colcon_core.package_identification:_identify(src/sml_indy-ros2/indy_description) by extension 'colcon_pkg'
[0.249s] Level 1:colcon.colcon_core.package_identification:_identify(src/sml_indy-ros2/indy_description) by extensions ['colcon_meta']
[0.249s] Level 1:colcon.colcon_core.package_identification:_identify(src/sml_indy-ros2/indy_description) by extension 'colcon_meta'
[0.249s] Level 1:colcon.colcon_core.package_identification:_identify(src/sml_indy-ros2/indy_description) by extensions ['ros']
[0.249s] Level 1:colcon.colcon_core.package_identification:_identify(src/sml_indy-ros2/indy_description) by extension 'ros'
[0.252s] DEBUG:colcon.colcon_core.package_identification:Package 'src/sml_indy-ros2/indy_description' with type 'ros.ament_cmake' and name 'indy_description'
[0.252s] Level 1:colcon.colcon_core.package_identification:_identify(src/sml_indy-ros2/indy_driver) by extensions ['ignore', 'ignore_ament_install']
[0.252s] Level 1:colcon.colcon_core.package_identification:_identify(src/sml_indy-ros2/indy_driver) by extension 'ignore'
[0.252s] Level 1:colcon.colcon_core.package_identification:_identify(src/sml_indy-ros2/indy_driver) by extension 'ignore_ament_install'
[0.252s] Level 1:colcon.colcon_core.package_identification:_identify(src/sml_indy-ros2/indy_driver) by extensions ['colcon_pkg']
[0.252s] Level 1:colcon.colcon_core.package_identification:_identify(src/sml_indy-ros2/indy_driver) by extension 'colcon_pkg'
[0.252s] Level 1:colcon.colcon_core.package_identification:_identify(src/sml_indy-ros2/indy_driver) by extensions ['colcon_meta']
[0.252s] Level 1:colcon.colcon_core.package_identification:_identify(src/sml_indy-ros2/indy_driver) by extension 'colcon_meta'
[0.252s] Level 1:colcon.colcon_core.package_identification:_identify(src/sml_indy-ros2/indy_driver) by extensions ['ros']
[0.252s] Level 1:colcon.colcon_core.package_identification:_identify(src/sml_indy-ros2/indy_driver) by extension 'ros'
[0.253s] DEBUG:colcon.colcon_core.package_identification:Package 'src/sml_indy-ros2/indy_driver' with type 'ros.ament_cmake' and name 'indy_driver'
[0.253s] Level 1:colcon.colcon_core.package_identification:_identify(src/sml_indy-ros2/indy_gazebo) by extensions ['ignore', 'ignore_ament_install']
[0.253s] Level 1:colcon.colcon_core.package_identification:_identify(src/sml_indy-ros2/indy_gazebo) by extension 'ignore'
[0.253s] Level 1:colcon.colcon_core.package_identification:_identify(src/sml_indy-ros2/indy_gazebo) by extension 'ignore_ament_install'
[0.253s] Level 1:colcon.colcon_core.package_identification:_identify(src/sml_indy-ros2/indy_gazebo) by extensions ['colcon_pkg']
[0.253s] Level 1:colcon.colcon_core.package_identification:_identify(src/sml_indy-ros2/indy_gazebo) by extension 'colcon_pkg'
[0.253s] Level 1:colcon.colcon_core.package_identification:_identify(src/sml_indy-ros2/indy_gazebo) by extensions ['colcon_meta']
[0.253s] Level 1:colcon.colcon_core.package_identification:_identify(src/sml_indy-ros2/indy_gazebo) by extension 'colcon_meta'
[0.253s] Level 1:colcon.colcon_core.package_identification:_identify(src/sml_indy-ros2/indy_gazebo) by extensions ['ros']
[0.253s] Level 1:colcon.colcon_core.package_identification:_identify(src/sml_indy-ros2/indy_gazebo) by extension 'ros'
[0.254s] DEBUG:colcon.colcon_core.package_identification:Package 'src/sml_indy-ros2/indy_gazebo' with type 'ros.ament_cmake' and name 'indy_gazebo'
[0.254s] Level 1:colcon.colcon_core.package_identification:_identify(src/sml_indy-ros2/indy_interfaces) by extensions ['ignore', 'ignore_ament_install']
[0.254s] Level 1:colcon.colcon_core.package_identification:_identify(src/sml_indy-ros2/indy_interfaces) by extension 'ignore'
[0.254s] Level 1:colcon.colcon_core.package_identification:_identify(src/sml_indy-ros2/indy_interfaces) by extension 'ignore_ament_install'
[0.254s] Level 1:colcon.colcon_core.package_identification:_identify(src/sml_indy-ros2/indy_interfaces) by extensions ['colcon_pkg']
[0.254s] Level 1:colcon.colcon_core.package_identification:_identify(src/sml_indy-ros2/indy_interfaces) by extension 'colcon_pkg'
[0.254s] Level 1:colcon.colcon_core.package_identification:_identify(src/sml_indy-ros2/indy_interfaces) by extensions ['colcon_meta']
[0.254s] Level 1:colcon.colcon_core.package_identification:_identify(src/sml_indy-ros2/indy_interfaces) by extension 'colcon_meta'
[0.254s] Level 1:colcon.colcon_core.package_identification:_identify(src/sml_indy-ros2/indy_interfaces) by extensions ['ros']
[0.254s] Level 1:colcon.colcon_core.package_identification:_identify(src/sml_indy-ros2/indy_interfaces) by extension 'ros'
[0.255s] DEBUG:colcon.colcon_core.package_identification:Package 'src/sml_indy-ros2/indy_interfaces' with type 'ros.ament_cmake' and name 'indy_interfaces'
[0.255s] Level 1:colcon.colcon_core.package_identification:_identify(src/sml_indy-ros2/indy_moveit) by extensions ['ignore', 'ignore_ament_install']
[0.255s] Level 1:colcon.colcon_core.package_identification:_identify(src/sml_indy-ros2/indy_moveit) by extension 'ignore'
[0.255s] Level 1:colcon.colcon_core.package_identification:_identify(src/sml_indy-ros2/indy_moveit) by extension 'ignore_ament_install'
[0.255s] Level 1:colcon.colcon_core.package_identification:_identify(src/sml_indy-ros2/indy_moveit) by extensions ['colcon_pkg']
[0.255s] Level 1:colcon.colcon_core.package_identification:_identify(src/sml_indy-ros2/indy_moveit) by extension 'colcon_pkg'
[0.255s] Level 1:colcon.colcon_core.package_identification:_identify(src/sml_indy-ros2/indy_moveit) by extensions ['colcon_meta']
[0.255s] Level 1:colcon.colcon_core.package_identification:_identify(src/sml_indy-ros2/indy_moveit) by extension 'colcon_meta'
[0.255s] Level 1:colcon.colcon_core.package_identification:_identify(src/sml_indy-ros2/indy_moveit) by extensions ['ros']
[0.255s] Level 1:colcon.colcon_core.package_identification:_identify(src/sml_indy-ros2/indy_moveit) by extension 'ros'
[0.256s] DEBUG:colcon.colcon_core.package_identification:Package 'src/sml_indy-ros2/indy_moveit' with type 'ros.ament_cmake' and name 'indy_moveit'
[0.256s] Level 1:colcon.colcon_core.package_discovery:discover_packages(recursive) using defaults
[0.256s] Level 1:colcon.colcon_core.package_discovery:discover_packages(ignore) discover
[0.256s] Level 1:colcon.colcon_core.package_discovery:discover_packages(ignore) using defaults
[0.256s] Level 1:colcon.colcon_core.package_discovery:discover_packages(path) discover
[0.256s] Level 1:colcon.colcon_core.package_discovery:discover_packages(path) using defaults
[0.272s] Level 5:colcon.colcon_core.verb:set package 'indy_description' build argument 'cmake_args' from command line to 'None'
[0.272s] Level 5:colcon.colcon_core.verb:set package 'indy_description' build argument 'cmake_target' from command line to 'None'
[0.272s] Level 5:colcon.colcon_core.verb:set package 'indy_description' build argument 'cmake_target_skip_unavailable' from command line to 'False'
[0.272s] Level 5:colcon.colcon_core.verb:set package 'indy_description' build argument 'cmake_clean_cache' from command line to 'False'
[0.272s] Level 5:colcon.colcon_core.verb:set package 'indy_description' build argument 'cmake_clean_first' from command line to 'False'
[0.272s] Level 5:colcon.colcon_core.verb:set package 'indy_description' build argument 'cmake_force_configure' from command line to 'False'
[0.272s] Level 5:colcon.colcon_core.verb:set package 'indy_description' build argument 'ament_cmake_args' from command line to 'None'
[0.272s] Level 5:colcon.colcon_core.verb:set package 'indy_description' build argument 'catkin_cmake_args' from command line to 'None'
[0.272s] Level 5:colcon.colcon_core.verb:set package 'indy_description' build argument 'catkin_skip_building_tests' from command line to 'False'
[0.273s] DEBUG:colcon.colcon_core.verb:Building package 'indy_description' with the following arguments: {'ament_cmake_args': None, 'build_base': '/root/common/indy-ros2/build/indy_description', 'catkin_cmake_args': None, 'catkin_skip_building_tests': False, 'cmake_args': None, 'cmake_clean_cache': False, 'cmake_clean_first': False, 'cmake_force_configure': False, 'cmake_target': None, 'cmake_target_skip_unavailable': False, 'install_base': '/root/common/indy-ros2/install/indy_description', 'merge_install': False, 'path': '/root/common/indy-ros2/src/sml_indy-ros2/indy_description', 'symlink_install': False, 'test_result_base': None}
[0.273s] Level 5:colcon.colcon_core.verb:set package 'indy_interfaces' build argument 'cmake_args' from command line to 'None'
[0.273s] Level 5:colcon.colcon_core.verb:set package 'indy_interfaces' build argument 'cmake_target' from command line to 'None'
[0.273s] Level 5:colcon.colcon_core.verb:set package 'indy_interfaces' build argument 'cmake_target_skip_unavailable' from command line to 'False'
[0.273s] Level 5:colcon.colcon_core.verb:set package 'indy_interfaces' build argument 'cmake_clean_cache' from command line to 'False'
[0.273s] Level 5:colcon.colcon_core.verb:set package 'indy_interfaces' build argument 'cmake_clean_first' from command line to 'False'
[0.273s] Level 5:colcon.colcon_core.verb:set package 'indy_interfaces' build argument 'cmake_force_configure' from command line to 'False'
[0.273s] Level 5:colcon.colcon_core.verb:set package 'indy_interfaces' build argument 'ament_cmake_args' from command line to 'None'
[0.273s] Level 5:colcon.colcon_core.verb:set package 'indy_interfaces' build argument 'catkin_cmake_args' from command line to 'None'
[0.273s] Level 5:colcon.colcon_core.verb:set package 'indy_interfaces' build argument 'catkin_skip_building_tests' from command line to 'False'
[0.273s] DEBUG:colcon.colcon_core.verb:Building package 'indy_interfaces' with the following arguments: {'ament_cmake_args': None, 'build_base': '/root/common/indy-ros2/build/indy_interfaces', 'catkin_cmake_args': None, 'catkin_skip_building_tests': False, 'cmake_args': None, 'cmake_clean_cache': False, 'cmake_clean_first': False, 'cmake_force_configure': False, 'cmake_target': None, 'cmake_target_skip_unavailable': False, 'install_base': '/root/common/indy-ros2/install/indy_interfaces', 'merge_install': False, 'path': '/root/common/indy-ros2/src/sml_indy-ros2/indy_interfaces', 'symlink_install': False, 'test_result_base': None}
[0.273s] Level 5:colcon.colcon_core.verb:set package 'indy_driver' build argument 'cmake_args' from command line to 'None'
[0.273s] Level 5:colcon.colcon_core.verb:set package 'indy_driver' build argument 'cmake_target' from command line to 'None'
[0.273s] Level 5:colcon.colcon_core.verb:set package 'indy_driver' build argument 'cmake_target_skip_unavailable' from command line to 'False'
[0.273s] Level 5:colcon.colcon_core.verb:set package 'indy_driver' build argument 'cmake_clean_cache' from command line to 'False'
[0.273s] Level 5:colcon.colcon_core.verb:set package 'indy_driver' build argument 'cmake_clean_first' from command line to 'False'
[0.273s] Level 5:colcon.colcon_core.verb:set package 'indy_driver' build argument 'cmake_force_configure' from command line to 'False'
[0.273s] Level 5:colcon.colcon_core.verb:set package 'indy_driver' build argument 'ament_cmake_args' from command line to 'None'
[0.273s] Level 5:colcon.colcon_core.verb:set package 'indy_driver' build argument 'catkin_cmake_args' from command line to 'None'
[0.274s] Level 5:colcon.colcon_core.verb:set package 'indy_driver' build argument 'catkin_skip_building_tests' from command line to 'False'
[0.274s] DEBUG:colcon.colcon_core.verb:Building package 'indy_driver' with the following arguments: {'ament_cmake_args': None, 'build_base': '/root/common/indy-ros2/build/indy_driver', 'catkin_cmake_args': None, 'catkin_skip_building_tests': False, 'cmake_args': None, 'cmake_clean_cache': False, 'cmake_clean_first': False, 'cmake_force_configure': False, 'cmake_target': None, 'cmake_target_skip_unavailable': False, 'install_base': '/root/common/indy-ros2/install/indy_driver', 'merge_install': False, 'path': '/root/common/indy-ros2/src/sml_indy-ros2/indy_driver', 'symlink_install': False, 'test_result_base': None}
[0.274s] Level 5:colcon.colcon_core.verb:set package 'indy_gazebo' build argument 'cmake_args' from command line to 'None'
[0.274s] Level 5:colcon.colcon_core.verb:set package 'indy_gazebo' build argument 'cmake_target' from command line to 'None'
[0.274s] Level 5:colcon.colcon_core.verb:set package 'indy_gazebo' build argument 'cmake_target_skip_unavailable' from command line to 'False'
[0.274s] Level 5:colcon.colcon_core.verb:set package 'indy_gazebo' build argument 'cmake_clean_cache' from command line to 'False'
[0.274s] Level 5:colcon.colcon_core.verb:set package 'indy_gazebo' build argument 'cmake_clean_first' from command line to 'False'
[0.274s] Level 5:colcon.colcon_core.verb:set package 'indy_gazebo' build argument 'cmake_force_configure' from command line to 'False'
[0.274s] Level 5:colcon.colcon_core.verb:set package 'indy_gazebo' build argument 'ament_cmake_args' from command line to 'None'
[0.274s] Level 5:colcon.colcon_core.verb:set package 'indy_gazebo' build argument 'catkin_cmake_args' from command line to 'None'
[0.274s] Level 5:colcon.colcon_core.verb:set package 'indy_gazebo' build argument 'catkin_skip_building_tests' from command line to 'False'
[0.274s] DEBUG:colcon.colcon_core.verb:Building package 'indy_gazebo' with the following arguments: {'ament_cmake_args': None, 'build_base': '/root/common/indy-ros2/build/indy_gazebo', 'catkin_cmake_args': None, 'catkin_skip_building_tests': False, 'cmake_args': None, 'cmake_clean_cache': False, 'cmake_clean_first': False, 'cmake_force_configure': False, 'cmake_target': None, 'cmake_target_skip_unavailable': False, 'install_base': '/root/common/indy-ros2/install/indy_gazebo', 'merge_install': False, 'path': '/root/common/indy-ros2/src/sml_indy-ros2/indy_gazebo', 'symlink_install': False, 'test_result_base': None}
[0.274s] Level 5:colcon.colcon_core.verb:set package 'indy_moveit' build argument 'cmake_args' from command line to 'None'
[0.274s] Level 5:colcon.colcon_core.verb:set package 'indy_moveit' build argument 'cmake_target' from command line to 'None'
[0.274s] Level 5:colcon.colcon_core.verb:set package 'indy_moveit' build argument 'cmake_target_skip_unavailable' from command line to 'False'
[0.274s] Level 5:colcon.colcon_core.verb:set package 'indy_moveit' build argument 'cmake_clean_cache' from command line to 'False'
[0.274s] Level 5:colcon.colcon_core.verb:set package 'indy_moveit' build argument 'cmake_clean_first' from command line to 'False'
[0.275s] Level 5:colcon.colcon_core.verb:set package 'indy_moveit' build argument 'cmake_force_configure' from command line to 'False'
[0.275s] Level 5:colcon.colcon_core.verb:set package 'indy_moveit' build argument 'ament_cmake_args' from command line to 'None'
[0.275s] Level 5:colcon.colcon_core.verb:set package 'indy_moveit' build argument 'catkin_cmake_args' from command line to 'None'
[0.275s] Level 5:colcon.colcon_core.verb:set package 'indy_moveit' build argument 'catkin_skip_building_tests' from command line to 'False'
[0.275s] DEBUG:colcon.colcon_core.verb:Building package 'indy_moveit' with the following arguments: {'ament_cmake_args': None, 'build_base': '/root/common/indy-ros2/build/indy_moveit', 'catkin_cmake_args': None, 'catkin_skip_building_tests': False, 'cmake_args': None, 'cmake_clean_cache': False, 'cmake_clean_first': False, 'cmake_force_configure': False, 'cmake_target': None, 'cmake_target_skip_unavailable': False, 'install_base': '/root/common/indy-ros2/install/indy_moveit', 'merge_install': False, 'path': '/root/common/indy-ros2/src/sml_indy-ros2/indy_moveit', 'symlink_install': False, 'test_result_base': None}
[0.275s] INFO:colcon.colcon_core.executor:Executing jobs using 'parallel' executor
[0.275s] DEBUG:colcon.colcon_parallel_executor.executor.parallel:run_until_complete
[0.276s] INFO:colcon.colcon_ros.task.ament_cmake.build:Building ROS package in '/root/common/indy-ros2/src/sml_indy-ros2/indy_description' with build type 'ament_cmake'
[0.276s] INFO:colcon.colcon_cmake.task.cmake.build:Building CMake package in '/root/common/indy-ros2/src/sml_indy-ros2/indy_description'
[0.278s] INFO:colcon.colcon_core.plugin_system:Skipping extension 'colcon_core.shell.bat': Not used on non-Windows systems
[0.278s] INFO:colcon.colcon_core.shell:Skip shell extension 'powershell' for command environment: Not usable outside of PowerShell
[0.278s] DEBUG:colcon.colcon_core.shell:Skip shell extension 'dsv' for command environment
[0.288s] INFO:colcon.colcon_ros.task.ament_cmake.build:Building ROS package in '/root/common/indy-ros2/src/sml_indy-ros2/indy_interfaces' with build type 'ament_cmake'
[0.288s] INFO:colcon.colcon_cmake.task.cmake.build:Building CMake package in '/root/common/indy-ros2/src/sml_indy-ros2/indy_interfaces'
[0.289s] INFO:colcon.colcon_core.shell:Skip shell extension 'powershell' for command environment: Not usable outside of PowerShell
[0.289s] DEBUG:colcon.colcon_core.shell:Skip shell extension 'dsv' for command environment
[0.296s] DEBUG:colcon.colcon_core.event_handler.log_command:Invoking command in '/root/common/indy-ros2/build/indy_description': CMAKE_PREFIX_PATH=/opt/ros/humble /usr/bin/cmake --build /root/common/indy-ros2/build/indy_description -- -j12 -l12
[0.301s] DEBUG:colcon.colcon_core.event_handler.log_command:Invoking command in '/root/common/indy-ros2/build/indy_interfaces': CMAKE_PREFIX_PATH=/opt/ros/humble /usr/bin/cmake --build /root/common/indy-ros2/build/indy_interfaces -- -j12 -l12
[0.313s] DEBUG:colcon.colcon_core.event_handler.log_command:Invoked command in '/root/common/indy-ros2/build/indy_description' returned '0': CMAKE_PREFIX_PATH=/opt/ros/humble /usr/bin/cmake --build /root/common/indy-ros2/build/indy_description -- -j12 -l12
[0.333s] DEBUG:colcon.colcon_core.event_handler.log_command:Invoking command in '/root/common/indy-ros2/build/indy_description': CMAKE_PREFIX_PATH=/opt/ros/humble /usr/bin/cmake --install /root/common/indy-ros2/build/indy_description
[0.347s] Level 1:colcon.colcon_core.environment:create_environment_scripts_only(indy_description)
[0.354s] Level 1:colcon.colcon_core.environment:checking '/root/common/indy-ros2/install/indy_description' for CMake module files
[0.356s] Level 1:colcon.colcon_core.environment:checking '/root/common/indy-ros2/install/indy_description' for CMake config files
[0.365s] Level 1:colcon.colcon_core.shell:create_environment_hook('indy_description', 'cmake_prefix_path')
[0.365s] INFO:colcon.colcon_core.shell:Creating environment hook '/root/common/indy-ros2/install/indy_description/share/indy_description/hook/cmake_prefix_path.ps1'
[0.366s] INFO:colcon.colcon_core.shell:Creating environment descriptor '/root/common/indy-ros2/install/indy_description/share/indy_description/hook/cmake_prefix_path.dsv'
[0.367s] INFO:colcon.colcon_core.shell:Creating environment hook '/root/common/indy-ros2/install/indy_description/share/indy_description/hook/cmake_prefix_path.sh'
[0.368s] Level 1:colcon.colcon_core.environment:checking '/root/common/indy-ros2/install/indy_description/bin'
[0.369s] Level 1:colcon.colcon_core.environment:checking '/root/common/indy-ros2/install/indy_description/lib/pkgconfig/indy_description.pc'
[0.371s] Level 1:colcon.colcon_core.environment:checking '/root/common/indy-ros2/install/indy_description/lib/python3.10/site-packages'
[0.371s] Level 1:colcon.colcon_core.environment:checking '/root/common/indy-ros2/install/indy_description/bin'
[0.371s] INFO:colcon.colcon_core.shell:Creating package script '/root/common/indy-ros2/install/indy_description/share/indy_description/package.ps1'
[0.373s] INFO:colcon.colcon_core.shell:Creating package descriptor '/root/common/indy-ros2/install/indy_description/share/indy_description/package.dsv'
[0.373s] INFO:colcon.colcon_core.shell:Creating package script '/root/common/indy-ros2/install/indy_description/share/indy_description/package.sh'
[0.374s] INFO:colcon.colcon_core.shell:Creating package script '/root/common/indy-ros2/install/indy_description/share/indy_description/package.bash'
[0.376s] INFO:colcon.colcon_core.shell:Creating package script '/root/common/indy-ros2/install/indy_description/share/indy_description/package.zsh'
[0.377s] Level 1:colcon.colcon_core.environment:create_file_with_runtime_dependencies(/root/common/indy-ros2/install/indy_description/share/colcon-core/packages/indy_description)
[0.390s] DEBUG:colcon.colcon_core.event_handler.log_command:Invoked command in '/root/common/indy-ros2/build/indy_description' returned '0': CMAKE_PREFIX_PATH=/opt/ros/humble /usr/bin/cmake --install /root/common/indy-ros2/build/indy_description
[0.391s] Level 1:colcon.colcon_core.environment:create_environment_scripts_only(indy_description)
[0.392s] Level 1:colcon.colcon_core.environment:checking '/root/common/indy-ros2/install/indy_description' for CMake module files
[0.392s] Level 1:colcon.colcon_core.environment:checking '/root/common/indy-ros2/install/indy_description' for CMake config files
[0.393s] Level 1:colcon.colcon_core.shell:create_environment_hook('indy_description', 'cmake_prefix_path')
[0.393s] INFO:colcon.colcon_core.shell:Creating environment hook '/root/common/indy-ros2/install/indy_description/share/indy_description/hook/cmake_prefix_path.ps1'
[0.394s] INFO:colcon.colcon_core.shell:Creating environment descriptor '/root/common/indy-ros2/install/indy_description/share/indy_description/hook/cmake_prefix_path.dsv'
[0.394s] INFO:colcon.colcon_core.shell:Creating environment hook '/root/common/indy-ros2/install/indy_description/share/indy_description/hook/cmake_prefix_path.sh'
[0.394s] Level 1:colcon.colcon_core.environment:checking '/root/common/indy-ros2/install/indy_description/bin'
[0.394s] Level 1:colcon.colcon_core.environment:checking '/root/common/indy-ros2/install/indy_description/lib/pkgconfig/indy_description.pc'
[0.395s] Level 1:colcon.colcon_core.environment:checking '/root/common/indy-ros2/install/indy_description/lib/python3.10/site-packages'
[0.395s] Level 1:colcon.colcon_core.environment:checking '/root/common/indy-ros2/install/indy_description/bin'
[0.395s] INFO:colcon.colcon_core.shell:Creating package script '/root/common/indy-ros2/install/indy_description/share/indy_description/package.ps1'
[0.396s] INFO:colcon.colcon_core.shell:Creating package descriptor '/root/common/indy-ros2/install/indy_description/share/indy_description/package.dsv'
[0.396s] INFO:colcon.colcon_core.shell:Creating package script '/root/common/indy-ros2/install/indy_description/share/indy_description/package.sh'
[0.396s] INFO:colcon.colcon_core.shell:Creating package script '/root/common/indy-ros2/install/indy_description/share/indy_description/package.bash'
[0.397s] INFO:colcon.colcon_core.shell:Creating package script '/root/common/indy-ros2/install/indy_description/share/indy_description/package.zsh'
[0.397s] Level 1:colcon.colcon_core.environment:create_file_with_runtime_dependencies(/root/common/indy-ros2/install/indy_description/share/colcon-core/packages/indy_description)
[0.397s] INFO:colcon.colcon_ros.task.ament_cmake.build:Building ROS package in '/root/common/indy-ros2/src/sml_indy-ros2/indy_driver' with build type 'ament_cmake'
[0.397s] INFO:colcon.colcon_cmake.task.cmake.build:Building CMake package in '/root/common/indy-ros2/src/sml_indy-ros2/indy_driver'
[0.398s] INFO:colcon.colcon_core.shell:Skip shell extension 'powershell' for command environment: Not usable outside of PowerShell
[0.398s] DEBUG:colcon.colcon_core.shell:Skip shell extension 'dsv' for command environment
[0.401s] INFO:colcon.colcon_ros.task.ament_cmake.build:Building ROS package in '/root/common/indy-ros2/src/sml_indy-ros2/indy_gazebo' with build type 'ament_cmake'
[0.401s] INFO:colcon.colcon_cmake.task.cmake.build:Building CMake package in '/root/common/indy-ros2/src/sml_indy-ros2/indy_gazebo'
[0.402s] INFO:colcon.colcon_core.shell:Skip shell extension 'powershell' for command environment: Not usable outside of PowerShell
[0.402s] DEBUG:colcon.colcon_core.shell:Skip shell extension 'dsv' for command environment
[0.406s] INFO:colcon.colcon_ros.task.ament_cmake.build:Building ROS package in '/root/common/indy-ros2/src/sml_indy-ros2/indy_moveit' with build type 'ament_cmake'
[0.406s] INFO:colcon.colcon_cmake.task.cmake.build:Building CMake package in '/root/common/indy-ros2/src/sml_indy-ros2/indy_moveit'
[0.406s] INFO:colcon.colcon_core.shell:Skip shell extension 'powershell' for command environment: Not usable outside of PowerShell
[0.406s] DEBUG:colcon.colcon_core.shell:Skip shell extension 'dsv' for command environment
[0.413s] DEBUG:colcon.colcon_core.event_handler.log_command:Invoking command in '/root/common/indy-ros2/build/indy_driver': AMENT_PREFIX_PATH=/root/common/indy-ros2/install/indy_description:${AMENT_PREFIX_PATH} CMAKE_PREFIX_PATH=/root/common/indy-ros2/install/indy_description:/opt/ros/humble /usr/bin/cmake --build /root/common/indy-ros2/build/indy_driver -- -j12 -l12
[0.417s] DEBUG:colcon.colcon_core.event_handler.log_command:Invoking command in '/root/common/indy-ros2/build/indy_gazebo': AMENT_PREFIX_PATH=/root/common/indy-ros2/install/indy_description:${AMENT_PREFIX_PATH} CMAKE_PREFIX_PATH=/root/common/indy-ros2/install/indy_description:/opt/ros/humble /usr/bin/cmake --build /root/common/indy-ros2/build/indy_gazebo -- -j12 -l12
[0.419s] DEBUG:colcon.colcon_core.event_handler.log_command:Invoking command in '/root/common/indy-ros2/build/indy_moveit': AMENT_PREFIX_PATH=/root/common/indy-ros2/install/indy_description:${AMENT_PREFIX_PATH} CMAKE_PREFIX_PATH=/root/common/indy-ros2/install/indy_description:/opt/ros/humble /usr/bin/cmake --build /root/common/indy-ros2/build/indy_moveit -- -j12 -l12
[0.431s] DEBUG:colcon.colcon_core.event_handler.log_command:Invoked command in '/root/common/indy-ros2/build/indy_gazebo' returned '0': AMENT_PREFIX_PATH=/root/common/indy-ros2/install/indy_description:${AMENT_PREFIX_PATH} CMAKE_PREFIX_PATH=/root/common/indy-ros2/install/indy_description:/opt/ros/humble /usr/bin/cmake --build /root/common/indy-ros2/build/indy_gazebo -- -j12 -l12
[0.450s] DEBUG:colcon.colcon_core.event_handler.log_command:Invoking command in '/root/common/indy-ros2/build/indy_gazebo': AMENT_PREFIX_PATH=/root/common/indy-ros2/install/indy_description:${AMENT_PREFIX_PATH} CMAKE_PREFIX_PATH=/root/common/indy-ros2/install/indy_description:/opt/ros/humble /usr/bin/cmake --install /root/common/indy-ros2/build/indy_gazebo
[0.455s] Level 1:colcon.colcon_core.environment:create_environment_scripts_only(indy_gazebo)
[0.456s] Level 1:colcon.colcon_core.environment:checking '/root/common/indy-ros2/install/indy_gazebo' for CMake module files
[0.456s] DEBUG:colcon.colcon_core.event_handler.log_command:Invoked command in '/root/common/indy-ros2/build/indy_gazebo' returned '0': AMENT_PREFIX_PATH=/root/common/indy-ros2/install/indy_description:${AMENT_PREFIX_PATH} CMAKE_PREFIX_PATH=/root/common/indy-ros2/install/indy_description:/opt/ros/humble /usr/bin/cmake --install /root/common/indy-ros2/build/indy_gazebo
[0.457s] Level 1:colcon.colcon_core.environment:checking '/root/common/indy-ros2/install/indy_gazebo' for CMake config files
[0.457s] Level 1:colcon.colcon_core.shell:create_environment_hook('indy_gazebo', 'cmake_prefix_path')
[0.457s] INFO:colcon.colcon_core.shell:Creating environment hook '/root/common/indy-ros2/install/indy_gazebo/share/indy_gazebo/hook/cmake_prefix_path.ps1'
[0.457s] INFO:colcon.colcon_core.shell:Creating environment descriptor '/root/common/indy-ros2/install/indy_gazebo/share/indy_gazebo/hook/cmake_prefix_path.dsv'
[0.458s] INFO:colcon.colcon_core.shell:Creating environment hook '/root/common/indy-ros2/install/indy_gazebo/share/indy_gazebo/hook/cmake_prefix_path.sh'
[0.458s] Level 1:colcon.colcon_core.environment:checking '/root/common/indy-ros2/install/indy_gazebo/bin'
[0.458s] Level 1:colcon.colcon_core.environment:checking '/root/common/indy-ros2/install/indy_gazebo/lib/pkgconfig/indy_gazebo.pc'
[0.458s] Level 1:colcon.colcon_core.environment:checking '/root/common/indy-ros2/install/indy_gazebo/lib/python3.10/site-packages'
[0.459s] Level 1:colcon.colcon_core.environment:checking '/root/common/indy-ros2/install/indy_gazebo/bin'
[0.459s] INFO:colcon.colcon_core.shell:Creating package script '/root/common/indy-ros2/install/indy_gazebo/share/indy_gazebo/package.ps1'
[0.459s] INFO:colcon.colcon_core.shell:Creating package descriptor '/root/common/indy-ros2/install/indy_gazebo/share/indy_gazebo/package.dsv'
[0.459s] INFO:colcon.colcon_core.shell:Creating package script '/root/common/indy-ros2/install/indy_gazebo/share/indy_gazebo/package.sh'
[0.460s] INFO:colcon.colcon_core.shell:Creating package script '/root/common/indy-ros2/install/indy_gazebo/share/indy_gazebo/package.bash'
[0.460s] INFO:colcon.colcon_core.shell:Creating package script '/root/common/indy-ros2/install/indy_gazebo/share/indy_gazebo/package.zsh'
[0.460s] Level 1:colcon.colcon_core.environment:create_file_with_runtime_dependencies(/root/common/indy-ros2/install/indy_gazebo/share/colcon-core/packages/indy_gazebo)
[0.474s] Level 1:colcon.colcon_core.environment:create_environment_scripts_only(indy_gazebo)
[0.474s] Level 1:colcon.colcon_core.environment:checking '/root/common/indy-ros2/install/indy_gazebo' for CMake module files
[0.474s] Level 1:colcon.colcon_core.environment:checking '/root/common/indy-ros2/install/indy_gazebo' for CMake config files
[0.475s] Level 1:colcon.colcon_core.shell:create_environment_hook('indy_gazebo', 'cmake_prefix_path')
[0.475s] INFO:colcon.colcon_core.shell:Creating environment hook '/root/common/indy-ros2/install/indy_gazebo/share/indy_gazebo/hook/cmake_prefix_path.ps1'
[0.475s] INFO:colcon.colcon_core.shell:Creating environment descriptor '/root/common/indy-ros2/install/indy_gazebo/share/indy_gazebo/hook/cmake_prefix_path.dsv'
[0.475s] INFO:colcon.colcon_core.shell:Creating environment hook '/root/common/indy-ros2/install/indy_gazebo/share/indy_gazebo/hook/cmake_prefix_path.sh'
[0.476s] Level 1:colcon.colcon_core.environment:checking '/root/common/indy-ros2/install/indy_gazebo/bin'
[0.476s] Level 1:colcon.colcon_core.environment:checking '/root/common/indy-ros2/install/indy_gazebo/lib/pkgconfig/indy_gazebo.pc'
[0.476s] Level 1:colcon.colcon_core.environment:checking '/root/common/indy-ros2/install/indy_gazebo/lib/python3.10/site-packages'
[0.476s] Level 1:colcon.colcon_core.environment:checking '/root/common/indy-ros2/install/indy_gazebo/bin'
[0.476s] INFO:colcon.colcon_core.shell:Creating package script '/root/common/indy-ros2/install/indy_gazebo/share/indy_gazebo/package.ps1'
[0.477s] INFO:colcon.colcon_core.shell:Creating package descriptor '/root/common/indy-ros2/install/indy_gazebo/share/indy_gazebo/package.dsv'
[0.477s] INFO:colcon.colcon_core.shell:Creating package script '/root/common/indy-ros2/install/indy_gazebo/share/indy_gazebo/package.sh'
[0.478s] INFO:colcon.colcon_core.shell:Creating package script '/root/common/indy-ros2/install/indy_gazebo/share/indy_gazebo/package.bash'
[0.478s] INFO:colcon.colcon_core.shell:Creating package script '/root/common/indy-ros2/install/indy_gazebo/share/indy_gazebo/package.zsh'
[0.478s] Level 1:colcon.colcon_core.environment:create_file_with_runtime_dependencies(/root/common/indy-ros2/install/indy_gazebo/share/colcon-core/packages/indy_gazebo)
[0.597s] DEBUG:colcon.colcon_core.event_handler.log_command:Invoked command in '/root/common/indy-ros2/build/indy_interfaces' returned '0': CMAKE_PREFIX_PATH=/opt/ros/humble /usr/bin/cmake --build /root/common/indy-ros2/build/indy_interfaces -- -j12 -l12
[0.682s] DEBUG:colcon.colcon_core.event_handler.log_command:Invoking command in '/root/common/indy-ros2/build/indy_interfaces': CMAKE_PREFIX_PATH=/opt/ros/humble /usr/bin/cmake --install /root/common/indy-ros2/build/indy_interfaces
[0.698s] DEBUG:colcon.colcon_core.event_handler.log_command:Invoked command in '/root/common/indy-ros2/build/indy_driver' returned '0': AMENT_PREFIX_PATH=/root/common/indy-ros2/install/indy_description:${AMENT_PREFIX_PATH} CMAKE_PREFIX_PATH=/root/common/indy-ros2/install/indy_description:/opt/ros/humble /usr/bin/cmake --build /root/common/indy-ros2/build/indy_driver -- -j12 -l12
[0.701s] DEBUG:colcon.colcon_core.event_handler.log_command:Invoked command in '/root/common/indy-ros2/build/indy_moveit' returned '0': AMENT_PREFIX_PATH=/root/common/indy-ros2/install/indy_description:${AMENT_PREFIX_PATH} CMAKE_PREFIX_PATH=/root/common/indy-ros2/install/indy_description:/opt/ros/humble /usr/bin/cmake --build /root/common/indy-ros2/build/indy_moveit -- -j12 -l12
[0.709s] DEBUG:colcon.colcon_core.event_handler.log_command:Invoking command in '/root/common/indy-ros2/build/indy_driver': AMENT_PREFIX_PATH=/root/common/indy-ros2/install/indy_description:${AMENT_PREFIX_PATH} CMAKE_PREFIX_PATH=/root/common/indy-ros2/install/indy_description:/opt/ros/humble /usr/bin/cmake --install /root/common/indy-ros2/build/indy_driver
[0.713s] DEBUG:colcon.colcon_core.event_handler.log_command:Invoking command in '/root/common/indy-ros2/build/indy_moveit': AMENT_PREFIX_PATH=/root/common/indy-ros2/install/indy_description:${AMENT_PREFIX_PATH} CMAKE_PREFIX_PATH=/root/common/indy-ros2/install/indy_description:/opt/ros/humble /usr/bin/cmake --install /root/common/indy-ros2/build/indy_moveit
[0.730s] Level 1:colcon.colcon_core.environment:create_environment_scripts_only(indy_interfaces)
[0.731s] Level 1:colcon.colcon_core.environment:checking '/root/common/indy-ros2/install/indy_interfaces' for CMake module files
[0.732s] DEBUG:colcon.colcon_core.event_handler.log_command:Invoked command in '/root/common/indy-ros2/build/indy_interfaces' returned '0': CMAKE_PREFIX_PATH=/opt/ros/humble /usr/bin/cmake --install /root/common/indy-ros2/build/indy_interfaces
[0.732s] Level 1:colcon.colcon_core.environment:checking '/root/common/indy-ros2/install/indy_interfaces' for CMake config files
[0.733s] Level 1:colcon.colcon_core.shell:create_environment_hook('indy_interfaces', 'cmake_prefix_path')
[0.733s] INFO:colcon.colcon_core.shell:Creating environment hook '/root/common/indy-ros2/install/indy_interfaces/share/indy_interfaces/hook/cmake_prefix_path.ps1'
[0.733s] INFO:colcon.colcon_core.shell:Creating environment descriptor '/root/common/indy-ros2/install/indy_interfaces/share/indy_interfaces/hook/cmake_prefix_path.dsv'
[0.734s] INFO:colcon.colcon_core.shell:Creating environment hook '/root/common/indy-ros2/install/indy_interfaces/share/indy_interfaces/hook/cmake_prefix_path.sh'
[0.734s] Level 1:colcon.colcon_core.environment:checking '/root/common/indy-ros2/install/indy_interfaces/lib'
[0.734s] Level 1:colcon.colcon_core.shell:create_environment_hook('indy_interfaces', 'ld_library_path_lib')
[0.735s] INFO:colcon.colcon_core.shell:Creating environment hook '/root/common/indy-ros2/install/indy_interfaces/share/indy_interfaces/hook/ld_library_path_lib.ps1'
[0.735s] INFO:colcon.colcon_core.shell:Creating environment descriptor '/root/common/indy-ros2/install/indy_interfaces/share/indy_interfaces/hook/ld_library_path_lib.dsv'
[0.735s] INFO:colcon.colcon_core.shell:Creating environment hook '/root/common/indy-ros2/install/indy_interfaces/share/indy_interfaces/hook/ld_library_path_lib.sh'
[0.736s] Level 1:colcon.colcon_core.environment:checking '/root/common/indy-ros2/install/indy_interfaces/bin'
[0.736s] Level 1:colcon.colcon_core.environment:checking '/root/common/indy-ros2/install/indy_interfaces/lib/pkgconfig/indy_interfaces.pc'
[0.736s] Level 1:colcon.colcon_core.environment:checking '/root/common/indy-ros2/install/indy_interfaces/lib/python3.10/site-packages'
[0.736s] Level 1:colcon.colcon_core.environment:checking '/root/common/indy-ros2/install/indy_interfaces/bin'
[0.737s] INFO:colcon.colcon_core.shell:Creating package script '/root/common/indy-ros2/install/indy_interfaces/share/indy_interfaces/package.ps1'
[0.737s] INFO:colcon.colcon_core.shell:Creating package descriptor '/root/common/indy-ros2/install/indy_interfaces/share/indy_interfaces/package.dsv'
[0.738s] INFO:colcon.colcon_core.shell:Creating package script '/root/common/indy-ros2/install/indy_interfaces/share/indy_interfaces/package.sh'
[0.738s] INFO:colcon.colcon_core.shell:Creating package script '/root/common/indy-ros2/install/indy_interfaces/share/indy_interfaces/package.bash'
[0.738s] INFO:colcon.colcon_core.shell:Creating package script '/root/common/indy-ros2/install/indy_interfaces/share/indy_interfaces/package.zsh'
[0.738s] Level 1:colcon.colcon_core.environment:create_file_with_runtime_dependencies(/root/common/indy-ros2/install/indy_interfaces/share/colcon-core/packages/indy_interfaces)
[0.746s] Level 1:colcon.colcon_core.environment:create_environment_scripts_only(indy_driver)
[0.746s] Level 1:colcon.colcon_core.environment:checking '/root/common/indy-ros2/install/indy_driver' for CMake module files
[0.747s] DEBUG:colcon.colcon_core.event_handler.log_command:Invoked command in '/root/common/indy-ros2/build/indy_driver' returned '0': AMENT_PREFIX_PATH=/root/common/indy-ros2/install/indy_description:${AMENT_PREFIX_PATH} CMAKE_PREFIX_PATH=/root/common/indy-ros2/install/indy_description:/opt/ros/humble /usr/bin/cmake --install /root/common/indy-ros2/build/indy_driver
[0.747s] Level 1:colcon.colcon_core.environment:checking '/root/common/indy-ros2/install/indy_driver' for CMake config files
[0.747s] Level 1:colcon.colcon_core.shell:create_environment_hook('indy_driver', 'cmake_prefix_path')
[0.748s] INFO:colcon.colcon_core.shell:Creating environment hook '/root/common/indy-ros2/install/indy_driver/share/indy_driver/hook/cmake_prefix_path.ps1'
[0.748s] INFO:colcon.colcon_core.shell:Creating environment descriptor '/root/common/indy-ros2/install/indy_driver/share/indy_driver/hook/cmake_prefix_path.dsv'
[0.748s] INFO:colcon.colcon_core.shell:Creating environment hook '/root/common/indy-ros2/install/indy_driver/share/indy_driver/hook/cmake_prefix_path.sh'
[0.749s] Level 1:colcon.colcon_core.environment:checking '/root/common/indy-ros2/install/indy_driver/lib'
[0.749s] Level 1:colcon.colcon_core.environment:checking '/root/common/indy-ros2/install/indy_driver/bin'
[0.749s] Level 1:colcon.colcon_core.environment:checking '/root/common/indy-ros2/install/indy_driver/lib/pkgconfig/indy_driver.pc'
[0.749s] Level 1:colcon.colcon_core.environment:checking '/root/common/indy-ros2/install/indy_driver/lib/python3.10/site-packages'
[0.749s] Level 1:colcon.colcon_core.environment:checking '/root/common/indy-ros2/install/indy_driver/bin'
[0.749s] INFO:colcon.colcon_core.shell:Creating package script '/root/common/indy-ros2/install/indy_driver/share/indy_driver/package.ps1'
[0.750s] INFO:colcon.colcon_core.shell:Creating package descriptor '/root/common/indy-ros2/install/indy_driver/share/indy_driver/package.dsv'
[0.750s] INFO:colcon.colcon_core.shell:Creating package script '/root/common/indy-ros2/install/indy_driver/share/indy_driver/package.sh'
[0.750s] INFO:colcon.colcon_core.shell:Creating package script '/root/common/indy-ros2/install/indy_driver/share/indy_driver/package.bash'
[0.751s] INFO:colcon.colcon_core.shell:Creating package script '/root/common/indy-ros2/install/indy_driver/share/indy_driver/package.zsh'
[0.751s] Level 1:colcon.colcon_core.environment:create_file_with_runtime_dependencies(/root/common/indy-ros2/install/indy_driver/share/colcon-core/packages/indy_driver)
[0.767s] Level 1:colcon.colcon_core.environment:create_environment_scripts_only(indy_driver)
[0.768s] Level 1:colcon.colcon_core.environment:checking '/root/common/indy-ros2/install/indy_driver' for CMake module files
[0.768s] Level 1:colcon.colcon_core.environment:checking '/root/common/indy-ros2/install/indy_driver' for CMake config files
[0.769s] Level 1:colcon.colcon_core.shell:create_environment_hook('indy_driver', 'cmake_prefix_path')
[0.769s] INFO:colcon.colcon_core.shell:Creating environment hook '/root/common/indy-ros2/install/indy_driver/share/indy_driver/hook/cmake_prefix_path.ps1'
[0.769s] INFO:colcon.colcon_core.shell:Creating environment descriptor '/root/common/indy-ros2/install/indy_driver/share/indy_driver/hook/cmake_prefix_path.dsv'
[0.770s] INFO:colcon.colcon_core.shell:Creating environment hook '/root/common/indy-ros2/install/indy_driver/share/indy_driver/hook/cmake_prefix_path.sh'
[0.770s] Level 1:colcon.colcon_core.environment:checking '/root/common/indy-ros2/install/indy_driver/lib'
[0.770s] Level 1:colcon.colcon_core.environment:checking '/root/common/indy-ros2/install/indy_driver/bin'
[0.770s] Level 1:colcon.colcon_core.environment:checking '/root/common/indy-ros2/install/indy_driver/lib/pkgconfig/indy_driver.pc'
[0.770s] Level 1:colcon.colcon_core.environment:checking '/root/common/indy-ros2/install/indy_driver/lib/python3.10/site-packages'
[0.770s] Level 1:colcon.colcon_core.environment:checking '/root/common/indy-ros2/install/indy_driver/bin'
[0.771s] INFO:colcon.colcon_core.shell:Creating package script '/root/common/indy-ros2/install/indy_driver/share/indy_driver/package.ps1'
[0.772s] INFO:colcon.colcon_core.shell:Creating package descriptor '/root/common/indy-ros2/install/indy_driver/share/indy_driver/package.dsv'
[0.772s] INFO:colcon.colcon_core.shell:Creating package script '/root/common/indy-ros2/install/indy_driver/share/indy_driver/package.sh'
[0.772s] INFO:colcon.colcon_core.shell:Creating package script '/root/common/indy-ros2/install/indy_driver/share/indy_driver/package.bash'
[0.772s] INFO:colcon.colcon_core.shell:Creating package script '/root/common/indy-ros2/install/indy_driver/share/indy_driver/package.zsh'
[0.773s] Level 1:colcon.colcon_core.environment:create_file_with_runtime_dependencies(/root/common/indy-ros2/install/indy_driver/share/colcon-core/packages/indy_driver)
[0.779s] Level 1:colcon.colcon_core.environment:create_environment_scripts_only(indy_moveit)
[0.779s] Level 1:colcon.colcon_core.environment:checking '/root/common/indy-ros2/install/indy_moveit' for CMake module files
[0.780s] DEBUG:colcon.colcon_core.event_handler.log_command:Invoked command in '/root/common/indy-ros2/build/indy_moveit' returned '0': AMENT_PREFIX_PATH=/root/common/indy-ros2/install/indy_description:${AMENT_PREFIX_PATH} CMAKE_PREFIX_PATH=/root/common/indy-ros2/install/indy_description:/opt/ros/humble /usr/bin/cmake --install /root/common/indy-ros2/build/indy_moveit
[0.780s] Level 1:colcon.colcon_core.environment:checking '/root/common/indy-ros2/install/indy_moveit' for CMake config files
[0.781s] Level 1:colcon.colcon_core.shell:create_environment_hook('indy_moveit', 'cmake_prefix_path')
[0.781s] INFO:colcon.colcon_core.shell:Creating environment hook '/root/common/indy-ros2/install/indy_moveit/share/indy_moveit/hook/cmake_prefix_path.ps1'
[0.781s] INFO:colcon.colcon_core.shell:Creating environment descriptor '/root/common/indy-ros2/install/indy_moveit/share/indy_moveit/hook/cmake_prefix_path.dsv'
[0.782s] INFO:colcon.colcon_core.shell:Creating environment hook '/root/common/indy-ros2/install/indy_moveit/share/indy_moveit/hook/cmake_prefix_path.sh'
[0.782s] Level 1:colcon.colcon_core.environment:checking '/root/common/indy-ros2/install/indy_moveit/bin'
[0.782s] Level 1:colcon.colcon_core.environment:checking '/root/common/indy-ros2/install/indy_moveit/lib/pkgconfig/indy_moveit.pc'
[0.782s] Level 1:colcon.colcon_core.environment:checking '/root/common/indy-ros2/install/indy_moveit/lib/python3.10/site-packages'
[0.782s] Level 1:colcon.colcon_core.environment:checking '/root/common/indy-ros2/install/indy_moveit/bin'
[0.783s] INFO:colcon.colcon_core.shell:Creating package script '/root/common/indy-ros2/install/indy_moveit/share/indy_moveit/package.ps1'
[0.783s] INFO:colcon.colcon_core.shell:Creating package descriptor '/root/common/indy-ros2/install/indy_moveit/share/indy_moveit/package.dsv'
[0.783s] INFO:colcon.colcon_core.shell:Creating package script '/root/common/indy-ros2/install/indy_moveit/share/indy_moveit/package.sh'
[0.784s] INFO:colcon.colcon_core.shell:Creating package script '/root/common/indy-ros2/install/indy_moveit/share/indy_moveit/package.bash'
[0.784s] INFO:colcon.colcon_core.shell:Creating package script '/root/common/indy-ros2/install/indy_moveit/share/indy_moveit/package.zsh'
[0.784s] Level 1:colcon.colcon_core.environment:create_file_with_runtime_dependencies(/root/common/indy-ros2/install/indy_moveit/share/colcon-core/packages/indy_moveit)
[0.798s] Level 1:colcon.colcon_core.environment:create_environment_scripts_only(indy_moveit)
[0.798s] Level 1:colcon.colcon_core.environment:checking '/root/common/indy-ros2/install/indy_moveit' for CMake module files
[0.799s] Level 1:colcon.colcon_core.environment:checking '/root/common/indy-ros2/install/indy_moveit' for CMake config files
[0.799s] Level 1:colcon.colcon_core.shell:create_environment_hook('indy_moveit', 'cmake_prefix_path')
[0.800s] INFO:colcon.colcon_core.shell:Creating environment hook '/root/common/indy-ros2/install/indy_moveit/share/indy_moveit/hook/cmake_prefix_path.ps1'
[0.800s] INFO:colcon.colcon_core.shell:Creating environment descriptor '/root/common/indy-ros2/install/indy_moveit/share/indy_moveit/hook/cmake_prefix_path.dsv'
[0.800s] INFO:colcon.colcon_core.shell:Creating environment hook '/root/common/indy-ros2/install/indy_moveit/share/indy_moveit/hook/cmake_prefix_path.sh'
[0.801s] Level 1:colcon.colcon_core.environment:checking '/root/common/indy-ros2/install/indy_moveit/bin'
[0.801s] Level 1:colcon.colcon_core.environment:checking '/root/common/indy-ros2/install/indy_moveit/lib/pkgconfig/indy_moveit.pc'
[0.801s] Level 1:colcon.colcon_core.environment:checking '/root/common/indy-ros2/install/indy_moveit/lib/python3.10/site-packages'
[0.801s] Level 1:colcon.colcon_core.environment:checking '/root/common/indy-ros2/install/indy_moveit/bin'
[0.801s] INFO:colcon.colcon_core.shell:Creating package script '/root/common/indy-ros2/install/indy_moveit/share/indy_moveit/package.ps1'
[0.802s] INFO:colcon.colcon_core.shell:Creating package descriptor '/root/common/indy-ros2/install/indy_moveit/share/indy_moveit/package.dsv'
[0.802s] INFO:colcon.colcon_core.shell:Creating package script '/root/common/indy-ros2/install/indy_moveit/share/indy_moveit/package.sh'
[0.802s] INFO:colcon.colcon_core.shell:Creating package script '/root/common/indy-ros2/install/indy_moveit/share/indy_moveit/package.bash'
[0.803s] INFO:colcon.colcon_core.shell:Creating package script '/root/common/indy-ros2/install/indy_moveit/share/indy_moveit/package.zsh'
[0.803s] Level 1:colcon.colcon_core.environment:create_file_with_runtime_dependencies(/root/common/indy-ros2/install/indy_moveit/share/colcon-core/packages/indy_moveit)
[0.826s] Level 1:colcon.colcon_core.environment:create_environment_scripts_only(indy_interfaces)
[0.827s] Level 1:colcon.colcon_core.environment:checking '/root/common/indy-ros2/install/indy_interfaces' for CMake module files
[0.827s] Level 1:colcon.colcon_core.environment:checking '/root/common/indy-ros2/install/indy_interfaces' for CMake config files
[0.827s] Level 1:colcon.colcon_core.shell:create_environment_hook('indy_interfaces', 'cmake_prefix_path')
[0.828s] INFO:colcon.colcon_core.shell:Creating environment hook '/root/common/indy-ros2/install/indy_interfaces/share/indy_interfaces/hook/cmake_prefix_path.ps1'
[0.828s] INFO:colcon.colcon_core.shell:Creating environment descriptor '/root/common/indy-ros2/install/indy_interfaces/share/indy_interfaces/hook/cmake_prefix_path.dsv'
[0.828s] INFO:colcon.colcon_core.shell:Creating environment hook '/root/common/indy-ros2/install/indy_interfaces/share/indy_interfaces/hook/cmake_prefix_path.sh'
[0.829s] Level 1:colcon.colcon_core.environment:checking '/root/common/indy-ros2/install/indy_interfaces/lib'
[0.829s] Level 1:colcon.colcon_core.shell:create_environment_hook('indy_interfaces', 'ld_library_path_lib')
[0.829s] INFO:colcon.colcon_core.shell:Creating environment hook '/root/common/indy-ros2/install/indy_interfaces/share/indy_interfaces/hook/ld_library_path_lib.ps1'
[0.829s] INFO:colcon.colcon_core.shell:Creating environment descriptor '/root/common/indy-ros2/install/indy_interfaces/share/indy_interfaces/hook/ld_library_path_lib.dsv'
[0.829s] INFO:colcon.colcon_core.shell:Creating environment hook '/root/common/indy-ros2/install/indy_interfaces/share/indy_interfaces/hook/ld_library_path_lib.sh'
[0.830s] Level 1:colcon.colcon_core.environment:checking '/root/common/indy-ros2/install/indy_interfaces/bin'
[0.830s] Level 1:colcon.colcon_core.environment:checking '/root/common/indy-ros2/install/indy_interfaces/lib/pkgconfig/indy_interfaces.pc'
[0.830s] Level 1:colcon.colcon_core.environment:checking '/root/common/indy-ros2/install/indy_interfaces/lib/python3.10/site-packages'
[0.830s] Level 1:colcon.colcon_core.environment:checking '/root/common/indy-ros2/install/indy_interfaces/bin'
[0.830s] INFO:colcon.colcon_core.shell:Creating package script '/root/common/indy-ros2/install/indy_interfaces/share/indy_interfaces/package.ps1'
[0.831s] INFO:colcon.colcon_core.shell:Creating package descriptor '/root/common/indy-ros2/install/indy_interfaces/share/indy_interfaces/package.dsv'
[0.831s] INFO:colcon.colcon_core.shell:Creating package script '/root/common/indy-ros2/install/indy_interfaces/share/indy_interfaces/package.sh'
[0.832s] INFO:colcon.colcon_core.shell:Creating package script '/root/common/indy-ros2/install/indy_interfaces/share/indy_interfaces/package.bash'
[0.832s] INFO:colcon.colcon_core.shell:Creating package script '/root/common/indy-ros2/install/indy_interfaces/share/indy_interfaces/package.zsh'
[0.832s] Level 1:colcon.colcon_core.environment:create_file_with_runtime_dependencies(/root/common/indy-ros2/install/indy_interfaces/share/colcon-core/packages/indy_interfaces)
[0.832s] DEBUG:colcon.colcon_parallel_executor.executor.parallel:closing loop
[0.833s] DEBUG:colcon.colcon_parallel_executor.executor.parallel:loop closed
[0.833s] DEBUG:colcon.colcon_parallel_executor.executor.parallel:run_until_complete finished with '0'
[0.833s] DEBUG:colcon.colcon_core.event_reactor:joining thread
[0.838s] INFO:colcon.colcon_core.plugin_system:Skipping extension 'colcon_notification.desktop_notification.notify_send': Could not find 'notify-send'
[0.838s] INFO:colcon.colcon_core.plugin_system:Skipping extension 'colcon_notification.desktop_notification.terminal_notifier': Not used on non-Darwin systems
[0.838s] INFO:colcon.colcon_core.plugin_system:Skipping extension 'colcon_notification.desktop_notification.win32': Not used on non-Windows systems
[0.838s] INFO:colcon.colcon_notification.desktop_notification:Sending desktop notification using 'notify2'
[0.845s] DEBUG:colcon.colcon_notification.desktop_notification.notify2:Failed to initialize notify2: org.freedesktop.DBus.Error.ServiceUnknown: The name org.freedesktop.Notifications was not provided by any .service files
[0.845s] DEBUG:colcon.colcon_core.event_reactor:joined thread
[0.846s] INFO:colcon.colcon_core.shell:Creating prefix script '/root/common/indy-ros2/install/local_setup.ps1'
[0.847s] INFO:colcon.colcon_core.shell:Creating prefix util module '/root/common/indy-ros2/install/_local_setup_util_ps1.py'
[0.848s] INFO:colcon.colcon_core.shell:Creating prefix chain script '/root/common/indy-ros2/install/setup.ps1'
[0.848s] INFO:colcon.colcon_core.shell:Creating prefix script '/root/common/indy-ros2/install/local_setup.sh'
[0.849s] INFO:colcon.colcon_core.shell:Creating prefix util module '/root/common/indy-ros2/install/_local_setup_util_sh.py'
[0.849s] INFO:colcon.colcon_core.shell:Creating prefix chain script '/root/common/indy-ros2/install/setup.sh'
[0.850s] INFO:colcon.colcon_core.shell:Creating prefix script '/root/common/indy-ros2/install/local_setup.bash'
[0.850s] INFO:colcon.colcon_core.shell:Creating prefix chain script '/root/common/indy-ros2/install/setup.bash'
[0.851s] INFO:colcon.colcon_core.shell:Creating prefix script '/root/common/indy-ros2/install/local_setup.zsh'
[0.851s] INFO:colcon.colcon_core.shell:Creating prefix chain script '/root/common/indy-ros2/install/setup.zsh'
