[0.105s] Invoking command in '/root/common/indy-ros2/build/indy_description': /usr/bin/cmake --build /root/common/indy-ros2/build/indy_description -- -j4 -l4
[0.363s] [0mCMake Deprecation Warning at CMakeLists.txt:1 (cmake_minimum_required):
[0.364s]   Compatibility with CMake < 3.10 will be removed from a future version of
[0.364s]   CMake.
[0.365s] 
[0.365s]   Update the VERSION argument <min> value.  Or, use the <min>...<max> syntax
[0.366s]   to tell CMake that the project requires at least <min> but has been updated
[0.366s]   to work with policies introduced by <max> or earlier.
[0.367s] 
[0.367s] [0m
[1.042s] -- The C compiler identification is GNU 11.4.0
[1.584s] -- The CXX compiler identification is GNU 11.4.0
[1.624s] -- Detecting C compiler ABI info
[1.841s] -- Detecting C compiler ABI info - done
[1.898s] -- Check for working C compiler: /usr/bin/cc - skipped
[1.903s] -- Detecting C compile features
[1.906s] -- Detecting C compile features - done
[1.953s] -- Detecting CXX compiler ABI info
[2.227s] -- Detecting CXX compiler ABI info - done
[2.287s] -- Check for working CXX compiler: /usr/bin/c++ - skipped
[2.288s] -- Detecting CXX compile features
[2.290s] -- Detecting CXX compile features - done
[2.322s] -- Found ament_cmake: 1.3.11 (/opt/ros/humble/share/ament_cmake/cmake)
[2.735s] -- Found Python3: /usr/bin/python3 (found version "3.10.12") found components: Interpreter
[2.830s] Traceback (most recent call last):
[2.830s]   File "/opt/ros/humble/share/ament_cmake_core/cmake/package_templates/templates_2_cmake.py", line 21, in <module>
[2.831s]     from ament_package.templates import get_environment_hook_template_path
[2.831s] ModuleNotFoundError: No module named 'ament_package'
[2.846s] [31mCMake Error at /opt/ros/humble/share/ament_cmake_core/cmake/ament_cmake_package_templates-extras.cmake:41 (message):
[2.846s]   execute_process(/usr/bin/python3
[2.847s]   /opt/ros/humble/share/ament_cmake_core/cmake/package_templates/templates_2_cmake.py
[2.847s]   /root/common/indy-ros2/build/indy_description/ament_cmake_package_templates/templates.cmake)
[2.848s]   returned error code 1
[2.848s] Call Stack (most recent call first):
[2.849s]   /opt/ros/humble/share/ament_cmake_core/cmake/ament_cmake_coreConfig.cmake:41 (include)
[2.849s]   /opt/ros/humble/share/ament_cmake/cmake/ament_cmake_export_dependencies-extras.cmake:15 (find_package)
[2.849s]   /opt/ros/humble/share/ament_cmake/cmake/ament_cmakeConfig.cmake:41 (include)
[2.850s]   CMakeLists.txt:19 (find_package)
[2.850s] 
[2.851s] [0m
[2.857s] -- Configuring incomplete, errors occurred!
[2.864s] gmake: *** [Makefile:226: cmake_check_build_system] Error 1
[2.869s] Invoked command in '/root/common/indy-ros2/build/indy_description' returned '2': /usr/bin/cmake --build /root/common/indy-ros2/build/indy_description -- -j4 -l4
