[0.119s] Invoking command in '/root/common/indy-ros2/build/indy_moveit': AMENT_PREFIX_PATH=/root/common/indy-ros2/install/indy_description:${AMENT_PREFIX_PATH} CMAKE_PREFIX_PATH=/root/common/indy-ros2/install/indy_description:/opt/ros/humble /usr/bin/cmake --build /root/common/indy-ros2/build/indy_moveit -- -j4 -l4
[0.578s] -- The C compiler identification is GNU 11.4.0
[1.029s] -- The CXX compiler identification is GNU 11.4.0
[1.070s] -- Detecting C compiler ABI info
[1.572s] -- Detecting C compiler ABI info - done
[1.621s] -- Check for working C compiler: /usr/bin/cc - skipped
[1.621s] -- Detecting C compile features
[1.623s] -- Detecting C compile features - done
[1.635s] -- Detecting CXX compiler ABI info
[7.993s] -- Detecting CXX compiler ABI info - done
[8.063s] -- Check for working CXX compiler: /usr/bin/c++ - skipped
[8.066s] -- Detecting CXX compile features
[8.073s] -- Detecting CXX compile features - done
[8.084s] -- Found ament_cmake: 1.3.11 (/opt/ros/humble/share/ament_cmake/cmake)
[8.405s] -- Found Python3: /usr/bin/python3 (found version "3.10.12") found components: Interpreter 
[9.207s] -- Found rclcpp: 16.0.12 (/opt/ros/humble/share/rclcpp/cmake)
[9.520s] -- Found rosidl_generator_c: 3.1.6 (/opt/ros/humble/share/rosidl_generator_c/cmake)
[9.547s] -- Found rosidl_adapter: 3.1.6 (/opt/ros/humble/share/rosidl_adapter/cmake)
[9.615s] -- Found rosidl_generator_cpp: 3.1.6 (/opt/ros/humble/share/rosidl_generator_cpp/cmake)
[9.707s] -- Using all available rosidl_typesupport_c: rosidl_typesupport_fastrtps_c;rosidl_typesupport_introspection_c
[9.850s] -- Using all available rosidl_typesupport_cpp: rosidl_typesupport_fastrtps_cpp;rosidl_typesupport_introspection_cpp
[10.260s] -- Found rmw_implementation_cmake: 6.1.2 (/opt/ros/humble/share/rmw_implementation_cmake/cmake)
[10.287s] -- Found rmw_fastrtps_cpp: 6.2.7 (/opt/ros/humble/share/rmw_fastrtps_cpp/cmake)
[10.797s] -- Found OpenSSL: /usr/lib/x86_64-linux-gnu/libcrypto.so (found version "3.0.2")  
[11.439s] -- Using RMW implementation 'rmw_fastrtps_cpp' as default
[11.550s] -- Looking for pthread.h
[12.249s] -- Looking for pthread.h - found
[12.819s] -- Found rclcpp_components: 16.0.12 (/opt/ros/humble/share/rclcpp_components/cmake)
[13.121s] -- Found geometry_msgs: 4.8.0 (/opt/ros/humble/share/geometry_msgs/cmake)
[13.294s] -- Found control_msgs: 4.8.0 (/opt/ros/humble/share/control_msgs/cmake)
[14.199s] -- Found moveit_msgs: 2.2.1 (/opt/ros/humble/share/moveit_msgs/cmake)
[14.858s] -- Found std_srvs: 4.8.0 (/opt/ros/humble/share/std_srvs/cmake)
[15.333s] -- Found ament_lint_auto: 0.12.12 (/opt/ros/humble/share/ament_lint_auto/cmake)
[15.691s] -- Configuring done
[15.739s] -- Generating done
[15.751s] -- Build files have been written to: /root/common/indy-ros2/build/indy_moveit
[15.933s] Built target ament_cmake_python_copy_indy_moveit
[17.077s] running egg_info
[17.082s] writing indy_moveit.egg-info/PKG-INFO
[17.084s] writing dependency_links to indy_moveit.egg-info/dependency_links.txt
[17.086s] writing top-level names to indy_moveit.egg-info/top_level.txt
[17.098s] reading manifest file 'indy_moveit.egg-info/SOURCES.txt'
[17.105s] writing manifest file 'indy_moveit.egg-info/SOURCES.txt'
[17.299s] Built target ament_cmake_python_build_indy_moveit_egg
[17.362s] Invoked command in '/root/common/indy-ros2/build/indy_moveit' returned '0': AMENT_PREFIX_PATH=/root/common/indy-ros2/install/indy_description:${AMENT_PREFIX_PATH} CMAKE_PREFIX_PATH=/root/common/indy-ros2/install/indy_description:/opt/ros/humble /usr/bin/cmake --build /root/common/indy-ros2/build/indy_moveit -- -j4 -l4
[17.637s] Invoking command in '/root/common/indy-ros2/build/indy_moveit': AMENT_PREFIX_PATH=/root/common/indy-ros2/install/indy_description:${AMENT_PREFIX_PATH} CMAKE_PREFIX_PATH=/root/common/indy-ros2/install/indy_description:/opt/ros/humble /usr/bin/cmake --install /root/common/indy-ros2/build/indy_moveit
[17.697s] -- Install configuration: ""
[17.698s] -- Up-to-date: /root/common/indy-ros2/install/indy_moveit/share/indy_moveit//launch
[17.699s] -- Installing: /root/common/indy-ros2/install/indy_moveit/share/indy_moveit//launch/indy_moveit_gazebo.launch.py
[17.703s] -- Installing: /root/common/indy-ros2/install/indy_moveit/share/indy_moveit//launch/indy_moveit_real_robot.launch.py
[17.704s] -- Installing: /root/common/indy-ros2/install/indy_moveit/share/indy_moveit//launch/moveit.launch.py
[17.705s] -- Up-to-date: /root/common/indy-ros2/install/indy_moveit/share/indy_moveit//moveit_config
[17.706s] -- Installing: /root/common/indy-ros2/install/indy_moveit/share/indy_moveit//moveit_config/indy_servo.yaml
[17.706s] -- Installing: /root/common/indy-ros2/install/indy_moveit/share/indy_moveit//moveit_config/controllers_7dof.yaml
[17.708s] -- Installing: /root/common/indy-ros2/install/indy_moveit/share/indy_moveit//moveit_config/kinematics.yaml
[17.709s] -- Installing: /root/common/indy-ros2/install/indy_moveit/share/indy_moveit//moveit_config/controllers_6dof.yaml
[17.710s] -- Installing: /root/common/indy-ros2/install/indy_moveit/share/indy_moveit//moveit_config/ompl_planning.yaml
[17.711s] -- Up-to-date: /root/common/indy-ros2/install/indy_moveit/share/indy_moveit//rviz_config
[17.711s] -- Installing: /root/common/indy-ros2/install/indy_moveit/share/indy_moveit//rviz_config/indy_servo.rviz
[17.712s] -- Installing: /root/common/indy-ros2/install/indy_moveit/share/indy_moveit//rviz_config/indy_moveit.rviz
[17.714s] -- Up-to-date: /root/common/indy-ros2/install/indy_moveit/share/indy_moveit//srdf
[17.714s] -- Installing: /root/common/indy-ros2/install/indy_moveit/share/indy_moveit//srdf/indy.srdf.xacro
[17.715s] -- Installing: /root/common/indy-ros2/install/indy_moveit/share/indy_moveit//srdf/indy_macro.srdf.xacro
[17.729s] -- Installing: /root/common/indy-ros2/install/indy_moveit/share/indy_moveit/environment/pythonpath.sh
[17.730s] -- Installing: /root/common/indy-ros2/install/indy_moveit/share/indy_moveit/environment/pythonpath.dsv
[17.731s] -- Up-to-date: /root/common/indy-ros2/install/indy_moveit/local/lib/python3.10/dist-packages/indy_moveit-1.0.0-py3.10.egg-info
[17.731s] -- Installing: /root/common/indy-ros2/install/indy_moveit/local/lib/python3.10/dist-packages/indy_moveit-1.0.0-py3.10.egg-info/SOURCES.txt
[17.732s] -- Installing: /root/common/indy-ros2/install/indy_moveit/local/lib/python3.10/dist-packages/indy_moveit-1.0.0-py3.10.egg-info/dependency_links.txt
[17.732s] -- Installing: /root/common/indy-ros2/install/indy_moveit/local/lib/python3.10/dist-packages/indy_moveit-1.0.0-py3.10.egg-info/top_level.txt
[17.733s] -- Installing: /root/common/indy-ros2/install/indy_moveit/local/lib/python3.10/dist-packages/indy_moveit-1.0.0-py3.10.egg-info/PKG-INFO
[17.734s] -- Up-to-date: /root/common/indy-ros2/install/indy_moveit/local/lib/python3.10/dist-packages/indy_moveit
[17.736s] -- Installing: /root/common/indy-ros2/install/indy_moveit/local/lib/python3.10/dist-packages/indy_moveit/__init__.py
[17.737s] -- Installing: /root/common/indy-ros2/install/indy_moveit/local/lib/python3.10/dist-packages/indy_moveit/launch_common.py
[17.963s] Listing '/root/common/indy-ros2/install/indy_moveit/local/lib/python3.10/dist-packages/indy_moveit'...
[17.964s] Compiling '/root/common/indy-ros2/install/indy_moveit/local/lib/python3.10/dist-packages/indy_moveit/__init__.py'...
[17.966s] Compiling '/root/common/indy-ros2/install/indy_moveit/local/lib/python3.10/dist-packages/indy_moveit/launch_common.py'...
[18.016s] -- Installing: /root/common/indy-ros2/install/indy_moveit/local/lib/python3.10/dist-packages/launch_common.py
[18.237s] Compiling '/root/common/indy-ros2/install/indy_moveit/local/lib/python3.10/dist-packages/launch_common.py'...
[18.268s] -- Installing: /root/common/indy-ros2/install/indy_moveit/share/ament_index/resource_index/package_run_dependencies/indy_moveit
[18.268s] -- Installing: /root/common/indy-ros2/install/indy_moveit/share/ament_index/resource_index/parent_prefix_path/indy_moveit
[18.273s] -- Installing: /root/common/indy-ros2/install/indy_moveit/share/indy_moveit/environment/ament_prefix_path.sh
[18.274s] -- Installing: /root/common/indy-ros2/install/indy_moveit/share/indy_moveit/environment/ament_prefix_path.dsv
[18.275s] -- Installing: /root/common/indy-ros2/install/indy_moveit/share/indy_moveit/environment/path.sh
[18.276s] -- Installing: /root/common/indy-ros2/install/indy_moveit/share/indy_moveit/environment/path.dsv
[18.276s] -- Installing: /root/common/indy-ros2/install/indy_moveit/share/indy_moveit/local_setup.bash
[18.277s] -- Installing: /root/common/indy-ros2/install/indy_moveit/share/indy_moveit/local_setup.sh
[18.278s] -- Installing: /root/common/indy-ros2/install/indy_moveit/share/indy_moveit/local_setup.zsh
[18.278s] -- Installing: /root/common/indy-ros2/install/indy_moveit/share/indy_moveit/local_setup.dsv
[18.279s] -- Installing: /root/common/indy-ros2/install/indy_moveit/share/indy_moveit/package.dsv
[18.279s] -- Installing: /root/common/indy-ros2/install/indy_moveit/share/ament_index/resource_index/packages/indy_moveit
[18.280s] -- Installing: /root/common/indy-ros2/install/indy_moveit/share/indy_moveit/cmake/indy_moveitConfig.cmake
[18.280s] -- Installing: /root/common/indy-ros2/install/indy_moveit/share/indy_moveit/cmake/indy_moveitConfig-version.cmake
[18.281s] -- Installing: /root/common/indy-ros2/install/indy_moveit/share/indy_moveit/package.xml
[18.288s] Invoked command in '/root/common/indy-ros2/build/indy_moveit' returned '0': AMENT_PREFIX_PATH=/root/common/indy-ros2/install/indy_description:${AMENT_PREFIX_PATH} CMAKE_PREFIX_PATH=/root/common/indy-ros2/install/indy_description:/opt/ros/humble /usr/bin/cmake --install /root/common/indy-ros2/build/indy_moveit
