[0.097s] DEBUG:colcon:Command line arguments: ['/usr/bin/colcon', 'build']
[0.097s] DEBUG:colcon:Parsed command line arguments: Namespace(log_base=None, log_level=None, verb_name='build', build_base='build', install_base='install', merge_install=False, symlink_install=False, test_result_base=None, continue_on_error=False, executor='parallel', parallel_workers=12, event_handlers=None, ignore_user_meta=False, metas=['./colcon.meta'], base_paths=['.'], packages_ignore=None, packages_ignore_regex=None, paths=None, packages_up_to=None, packages_up_to_regex=None, packages_above=None, packages_above_and_dependencies=None, packages_above_depth=None, packages_select_by_dep=None, packages_skip_by_dep=None, packages_skip_up_to=None, packages_select_build_failed=False, packages_skip_build_finished=False, packages_select_test_failures=False, packages_skip_test_passed=False, packages_select=None, packages_skip=None, packages_select_regex=None, packages_skip_regex=None, packages_start=None, packages_end=None, cmake_args=None, cmake_target=None, cmake_target_skip_unavailable=False, cmake_clean_cache=False, cmake_clean_first=False, cmake_force_configure=False, ament_cmake_args=None, catkin_cmake_args=None, catkin_skip_building_tests=False, mixin_files=None, mixin=None, verb_parser=<colcon_mixin.mixin.mixin_argument.MixinArgumentDecorator object at 0x7f444f212380>, verb_extension=<colcon_core.verb.build.BuildVerb object at 0x7f444f392770>, main=<bound method BuildVerb.main of <colcon_core.verb.build.BuildVerb object at 0x7f444f392770>>, mixin_verb=('build',))
[0.235s] Level 1:colcon.colcon_core.package_discovery:discover_packages(colcon_meta) check parameters
[0.235s] Level 1:colcon.colcon_core.package_discovery:discover_packages(recursive) check parameters
[0.235s] Level 1:colcon.colcon_core.package_discovery:discover_packages(ignore) check parameters
[0.235s] Level 1:colcon.colcon_core.package_discovery:discover_packages(path) check parameters
[0.235s] Level 1:colcon.colcon_core.package_discovery:discover_packages(colcon_meta) discover
[0.235s] Level 1:colcon.colcon_core.package_discovery:discover_packages(recursive) discover
[0.235s] INFO:colcon.colcon_core.package_discovery:Crawling recursively for packages in '/root/common/indy-ros2'
[0.235s] Level 1:colcon.colcon_core.package_identification:_identify(.) by extensions ['ignore', 'ignore_ament_install']
[0.235s] Level 1:colcon.colcon_core.package_identification:_identify(.) by extension 'ignore'
[0.235s] Level 1:colcon.colcon_core.package_identification:_identify(.) by extension 'ignore_ament_install'
[0.235s] Level 1:colcon.colcon_core.package_identification:_identify(.) by extensions ['colcon_pkg']
[0.235s] Level 1:colcon.colcon_core.package_identification:_identify(.) by extension 'colcon_pkg'
[0.235s] Level 1:colcon.colcon_core.package_identification:_identify(.) by extensions ['colcon_meta']
[0.235s] Level 1:colcon.colcon_core.package_identification:_identify(.) by extension 'colcon_meta'
[0.235s] Level 1:colcon.colcon_core.package_identification:_identify(.) by extensions ['ros']
[0.236s] Level 1:colcon.colcon_core.package_identification:_identify(.) by extension 'ros'
[0.244s] Level 1:colcon.colcon_core.package_identification:_identify(.) by extensions ['cmake', 'python']
[0.244s] Level 1:colcon.colcon_core.package_identification:_identify(.) by extension 'cmake'
[0.244s] Level 1:colcon.colcon_core.package_identification:_identify(.) by extension 'python'
[0.244s] Level 1:colcon.colcon_core.package_identification:_identify(.) by extensions ['python_setup_py']
[0.244s] Level 1:colcon.colcon_core.package_identification:_identify(.) by extension 'python_setup_py'
[0.245s] Level 1:colcon.colcon_core.package_identification:_identify(build) by extensions ['ignore', 'ignore_ament_install']
[0.245s] Level 1:colcon.colcon_core.package_identification:_identify(build) by extension 'ignore'
[0.245s] Level 1:colcon.colcon_core.package_identification:_identify(build) ignored
[0.245s] Level 1:colcon.colcon_core.package_identification:_identify(install) by extensions ['ignore', 'ignore_ament_install']
[0.245s] Level 1:colcon.colcon_core.package_identification:_identify(install) by extension 'ignore'
[0.245s] Level 1:colcon.colcon_core.package_identification:_identify(install) ignored
[0.245s] Level 1:colcon.colcon_core.package_identification:_identify(log) by extensions ['ignore', 'ignore_ament_install']
[0.245s] Level 1:colcon.colcon_core.package_identification:_identify(log) by extension 'ignore'
[0.245s] Level 1:colcon.colcon_core.package_identification:_identify(log) ignored
[0.245s] Level 1:colcon.colcon_core.package_identification:_identify(src) by extensions ['ignore', 'ignore_ament_install']
[0.245s] Level 1:colcon.colcon_core.package_identification:_identify(src) by extension 'ignore'
[0.245s] Level 1:colcon.colcon_core.package_identification:_identify(src) by extension 'ignore_ament_install'
[0.245s] Level 1:colcon.colcon_core.package_identification:_identify(src) by extensions ['colcon_pkg']
[0.246s] Level 1:colcon.colcon_core.package_identification:_identify(src) by extension 'colcon_pkg'
[0.246s] Level 1:colcon.colcon_core.package_identification:_identify(src) by extensions ['colcon_meta']
[0.246s] Level 1:colcon.colcon_core.package_identification:_identify(src) by extension 'colcon_meta'
[0.246s] Level 1:colcon.colcon_core.package_identification:_identify(src) by extensions ['ros']
[0.246s] Level 1:colcon.colcon_core.package_identification:_identify(src) by extension 'ros'
[0.246s] Level 1:colcon.colcon_core.package_identification:_identify(src) by extensions ['cmake', 'python']
[0.246s] Level 1:colcon.colcon_core.package_identification:_identify(src) by extension 'cmake'
[0.246s] Level 1:colcon.colcon_core.package_identification:_identify(src) by extension 'python'
[0.246s] Level 1:colcon.colcon_core.package_identification:_identify(src) by extensions ['python_setup_py']
[0.246s] Level 1:colcon.colcon_core.package_identification:_identify(src) by extension 'python_setup_py'
[0.246s] Level 1:colcon.colcon_core.package_identification:_identify(src/sml_indy-ros2) by extensions ['ignore', 'ignore_ament_install']
[0.246s] Level 1:colcon.colcon_core.package_identification:_identify(src/sml_indy-ros2) by extension 'ignore'
[0.246s] Level 1:colcon.colcon_core.package_identification:_identify(src/sml_indy-ros2) by extension 'ignore_ament_install'
[0.246s] Level 1:colcon.colcon_core.package_identification:_identify(src/sml_indy-ros2) by extensions ['colcon_pkg']
[0.246s] Level 1:colcon.colcon_core.package_identification:_identify(src/sml_indy-ros2) by extension 'colcon_pkg'
[0.246s] Level 1:colcon.colcon_core.package_identification:_identify(src/sml_indy-ros2) by extensions ['colcon_meta']
[0.246s] Level 1:colcon.colcon_core.package_identification:_identify(src/sml_indy-ros2) by extension 'colcon_meta'
[0.246s] Level 1:colcon.colcon_core.package_identification:_identify(src/sml_indy-ros2) by extensions ['ros']
[0.246s] Level 1:colcon.colcon_core.package_identification:_identify(src/sml_indy-ros2) by extension 'ros'
[0.246s] Level 1:colcon.colcon_core.package_identification:_identify(src/sml_indy-ros2) by extensions ['cmake', 'python']
[0.246s] Level 1:colcon.colcon_core.package_identification:_identify(src/sml_indy-ros2) by extension 'cmake'
[0.246s] Level 1:colcon.colcon_core.package_identification:_identify(src/sml_indy-ros2) by extension 'python'
[0.246s] Level 1:colcon.colcon_core.package_identification:_identify(src/sml_indy-ros2) by extensions ['python_setup_py']
[0.246s] Level 1:colcon.colcon_core.package_identification:_identify(src/sml_indy-ros2) by extension 'python_setup_py'
[0.247s] Level 1:colcon.colcon_core.package_identification:_identify(src/sml_indy-ros2/docker) by extensions ['ignore', 'ignore_ament_install']
[0.247s] Level 1:colcon.colcon_core.package_identification:_identify(src/sml_indy-ros2/docker) by extension 'ignore'
[0.247s] Level 1:colcon.colcon_core.package_identification:_identify(src/sml_indy-ros2/docker) by extension 'ignore_ament_install'
[0.247s] Level 1:colcon.colcon_core.package_identification:_identify(src/sml_indy-ros2/docker) by extensions ['colcon_pkg']
[0.247s] Level 1:colcon.colcon_core.package_identification:_identify(src/sml_indy-ros2/docker) by extension 'colcon_pkg'
[0.247s] Level 1:colcon.colcon_core.package_identification:_identify(src/sml_indy-ros2/docker) by extensions ['colcon_meta']
[0.247s] Level 1:colcon.colcon_core.package_identification:_identify(src/sml_indy-ros2/docker) by extension 'colcon_meta'
[0.247s] Level 1:colcon.colcon_core.package_identification:_identify(src/sml_indy-ros2/docker) by extensions ['ros']
[0.247s] Level 1:colcon.colcon_core.package_identification:_identify(src/sml_indy-ros2/docker) by extension 'ros'
[0.247s] Level 1:colcon.colcon_core.package_identification:_identify(src/sml_indy-ros2/docker) by extensions ['cmake', 'python']
[0.247s] Level 1:colcon.colcon_core.package_identification:_identify(src/sml_indy-ros2/docker) by extension 'cmake'
[0.247s] Level 1:colcon.colcon_core.package_identification:_identify(src/sml_indy-ros2/docker) by extension 'python'
[0.247s] Level 1:colcon.colcon_core.package_identification:_identify(src/sml_indy-ros2/docker) by extensions ['python_setup_py']
[0.247s] Level 1:colcon.colcon_core.package_identification:_identify(src/sml_indy-ros2/docker) by extension 'python_setup_py'
[0.247s] Level 1:colcon.colcon_core.package_identification:_identify(src/sml_indy-ros2/indy_description) by extensions ['ignore', 'ignore_ament_install']
[0.247s] Level 1:colcon.colcon_core.package_identification:_identify(src/sml_indy-ros2/indy_description) by extension 'ignore'
[0.247s] Level 1:colcon.colcon_core.package_identification:_identify(src/sml_indy-ros2/indy_description) by extension 'ignore_ament_install'
[0.247s] Level 1:colcon.colcon_core.package_identification:_identify(src/sml_indy-ros2/indy_description) by extensions ['colcon_pkg']
[0.247s] Level 1:colcon.colcon_core.package_identification:_identify(src/sml_indy-ros2/indy_description) by extension 'colcon_pkg'
[0.247s] Level 1:colcon.colcon_core.package_identification:_identify(src/sml_indy-ros2/indy_description) by extensions ['colcon_meta']
[0.247s] Level 1:colcon.colcon_core.package_identification:_identify(src/sml_indy-ros2/indy_description) by extension 'colcon_meta'
[0.247s] Level 1:colcon.colcon_core.package_identification:_identify(src/sml_indy-ros2/indy_description) by extensions ['ros']
[0.247s] Level 1:colcon.colcon_core.package_identification:_identify(src/sml_indy-ros2/indy_description) by extension 'ros'
[0.249s] DEBUG:colcon.colcon_core.package_identification:Package 'src/sml_indy-ros2/indy_description' with type 'ros.ament_cmake' and name 'indy_description'
[0.249s] Level 1:colcon.colcon_core.package_identification:_identify(src/sml_indy-ros2/indy_driver) by extensions ['ignore', 'ignore_ament_install']
[0.249s] Level 1:colcon.colcon_core.package_identification:_identify(src/sml_indy-ros2/indy_driver) by extension 'ignore'
[0.250s] Level 1:colcon.colcon_core.package_identification:_identify(src/sml_indy-ros2/indy_driver) by extension 'ignore_ament_install'
[0.250s] Level 1:colcon.colcon_core.package_identification:_identify(src/sml_indy-ros2/indy_driver) by extensions ['colcon_pkg']
[0.250s] Level 1:colcon.colcon_core.package_identification:_identify(src/sml_indy-ros2/indy_driver) by extension 'colcon_pkg'
[0.250s] Level 1:colcon.colcon_core.package_identification:_identify(src/sml_indy-ros2/indy_driver) by extensions ['colcon_meta']
[0.250s] Level 1:colcon.colcon_core.package_identification:_identify(src/sml_indy-ros2/indy_driver) by extension 'colcon_meta'
[0.250s] Level 1:colcon.colcon_core.package_identification:_identify(src/sml_indy-ros2/indy_driver) by extensions ['ros']
[0.250s] Level 1:colcon.colcon_core.package_identification:_identify(src/sml_indy-ros2/indy_driver) by extension 'ros'
[0.251s] DEBUG:colcon.colcon_core.package_identification:Package 'src/sml_indy-ros2/indy_driver' with type 'ros.ament_cmake' and name 'indy_driver'
[0.251s] Level 1:colcon.colcon_core.package_identification:_identify(src/sml_indy-ros2/indy_gazebo) by extensions ['ignore', 'ignore_ament_install']
[0.251s] Level 1:colcon.colcon_core.package_identification:_identify(src/sml_indy-ros2/indy_gazebo) by extension 'ignore'
[0.251s] Level 1:colcon.colcon_core.package_identification:_identify(src/sml_indy-ros2/indy_gazebo) by extension 'ignore_ament_install'
[0.251s] Level 1:colcon.colcon_core.package_identification:_identify(src/sml_indy-ros2/indy_gazebo) by extensions ['colcon_pkg']
[0.251s] Level 1:colcon.colcon_core.package_identification:_identify(src/sml_indy-ros2/indy_gazebo) by extension 'colcon_pkg'
[0.251s] Level 1:colcon.colcon_core.package_identification:_identify(src/sml_indy-ros2/indy_gazebo) by extensions ['colcon_meta']
[0.251s] Level 1:colcon.colcon_core.package_identification:_identify(src/sml_indy-ros2/indy_gazebo) by extension 'colcon_meta'
[0.251s] Level 1:colcon.colcon_core.package_identification:_identify(src/sml_indy-ros2/indy_gazebo) by extensions ['ros']
[0.251s] Level 1:colcon.colcon_core.package_identification:_identify(src/sml_indy-ros2/indy_gazebo) by extension 'ros'
[0.251s] DEBUG:colcon.colcon_core.package_identification:Package 'src/sml_indy-ros2/indy_gazebo' with type 'ros.ament_cmake' and name 'indy_gazebo'
[0.252s] Level 1:colcon.colcon_core.package_identification:_identify(src/sml_indy-ros2/indy_interfaces) by extensions ['ignore', 'ignore_ament_install']
[0.252s] Level 1:colcon.colcon_core.package_identification:_identify(src/sml_indy-ros2/indy_interfaces) by extension 'ignore'
[0.252s] Level 1:colcon.colcon_core.package_identification:_identify(src/sml_indy-ros2/indy_interfaces) by extension 'ignore_ament_install'
[0.252s] Level 1:colcon.colcon_core.package_identification:_identify(src/sml_indy-ros2/indy_interfaces) by extensions ['colcon_pkg']
[0.252s] Level 1:colcon.colcon_core.package_identification:_identify(src/sml_indy-ros2/indy_interfaces) by extension 'colcon_pkg'
[0.252s] Level 1:colcon.colcon_core.package_identification:_identify(src/sml_indy-ros2/indy_interfaces) by extensions ['colcon_meta']
[0.252s] Level 1:colcon.colcon_core.package_identification:_identify(src/sml_indy-ros2/indy_interfaces) by extension 'colcon_meta'
[0.252s] Level 1:colcon.colcon_core.package_identification:_identify(src/sml_indy-ros2/indy_interfaces) by extensions ['ros']
[0.252s] Level 1:colcon.colcon_core.package_identification:_identify(src/sml_indy-ros2/indy_interfaces) by extension 'ros'
[0.252s] DEBUG:colcon.colcon_core.package_identification:Package 'src/sml_indy-ros2/indy_interfaces' with type 'ros.ament_cmake' and name 'indy_interfaces'
[0.252s] Level 1:colcon.colcon_core.package_identification:_identify(src/sml_indy-ros2/indy_moveit) by extensions ['ignore', 'ignore_ament_install']
[0.253s] Level 1:colcon.colcon_core.package_identification:_identify(src/sml_indy-ros2/indy_moveit) by extension 'ignore'
[0.253s] Level 1:colcon.colcon_core.package_identification:_identify(src/sml_indy-ros2/indy_moveit) by extension 'ignore_ament_install'
[0.253s] Level 1:colcon.colcon_core.package_identification:_identify(src/sml_indy-ros2/indy_moveit) by extensions ['colcon_pkg']
[0.253s] Level 1:colcon.colcon_core.package_identification:_identify(src/sml_indy-ros2/indy_moveit) by extension 'colcon_pkg'
[0.253s] Level 1:colcon.colcon_core.package_identification:_identify(src/sml_indy-ros2/indy_moveit) by extensions ['colcon_meta']
[0.253s] Level 1:colcon.colcon_core.package_identification:_identify(src/sml_indy-ros2/indy_moveit) by extension 'colcon_meta'
[0.253s] Level 1:colcon.colcon_core.package_identification:_identify(src/sml_indy-ros2/indy_moveit) by extensions ['ros']
[0.253s] Level 1:colcon.colcon_core.package_identification:_identify(src/sml_indy-ros2/indy_moveit) by extension 'ros'
[0.254s] DEBUG:colcon.colcon_core.package_identification:Package 'src/sml_indy-ros2/indy_moveit' with type 'ros.ament_cmake' and name 'indy_moveit'
[0.254s] Level 1:colcon.colcon_core.package_discovery:discover_packages(recursive) using defaults
[0.254s] Level 1:colcon.colcon_core.package_discovery:discover_packages(ignore) discover
[0.254s] Level 1:colcon.colcon_core.package_discovery:discover_packages(ignore) using defaults
[0.254s] Level 1:colcon.colcon_core.package_discovery:discover_packages(path) discover
[0.254s] Level 1:colcon.colcon_core.package_discovery:discover_packages(path) using defaults
[0.270s] Level 5:colcon.colcon_core.verb:set package 'indy_description' build argument 'cmake_args' from command line to 'None'
[0.270s] Level 5:colcon.colcon_core.verb:set package 'indy_description' build argument 'cmake_target' from command line to 'None'
[0.270s] Level 5:colcon.colcon_core.verb:set package 'indy_description' build argument 'cmake_target_skip_unavailable' from command line to 'False'
[0.270s] Level 5:colcon.colcon_core.verb:set package 'indy_description' build argument 'cmake_clean_cache' from command line to 'False'
[0.270s] Level 5:colcon.colcon_core.verb:set package 'indy_description' build argument 'cmake_clean_first' from command line to 'False'
[0.270s] Level 5:colcon.colcon_core.verb:set package 'indy_description' build argument 'cmake_force_configure' from command line to 'False'
[0.270s] Level 5:colcon.colcon_core.verb:set package 'indy_description' build argument 'ament_cmake_args' from command line to 'None'
[0.270s] Level 5:colcon.colcon_core.verb:set package 'indy_description' build argument 'catkin_cmake_args' from command line to 'None'
[0.271s] Level 5:colcon.colcon_core.verb:set package 'indy_description' build argument 'catkin_skip_building_tests' from command line to 'False'
[0.271s] DEBUG:colcon.colcon_core.verb:Building package 'indy_description' with the following arguments: {'ament_cmake_args': None, 'build_base': '/root/common/indy-ros2/build/indy_description', 'catkin_cmake_args': None, 'catkin_skip_building_tests': False, 'cmake_args': None, 'cmake_clean_cache': False, 'cmake_clean_first': False, 'cmake_force_configure': False, 'cmake_target': None, 'cmake_target_skip_unavailable': False, 'install_base': '/root/common/indy-ros2/install/indy_description', 'merge_install': False, 'path': '/root/common/indy-ros2/src/sml_indy-ros2/indy_description', 'symlink_install': False, 'test_result_base': None}
[0.271s] Level 5:colcon.colcon_core.verb:set package 'indy_interfaces' build argument 'cmake_args' from command line to 'None'
[0.271s] Level 5:colcon.colcon_core.verb:set package 'indy_interfaces' build argument 'cmake_target' from command line to 'None'
[0.271s] Level 5:colcon.colcon_core.verb:set package 'indy_interfaces' build argument 'cmake_target_skip_unavailable' from command line to 'False'
[0.271s] Level 5:colcon.colcon_core.verb:set package 'indy_interfaces' build argument 'cmake_clean_cache' from command line to 'False'
[0.271s] Level 5:colcon.colcon_core.verb:set package 'indy_interfaces' build argument 'cmake_clean_first' from command line to 'False'
[0.271s] Level 5:colcon.colcon_core.verb:set package 'indy_interfaces' build argument 'cmake_force_configure' from command line to 'False'
[0.271s] Level 5:colcon.colcon_core.verb:set package 'indy_interfaces' build argument 'ament_cmake_args' from command line to 'None'
[0.271s] Level 5:colcon.colcon_core.verb:set package 'indy_interfaces' build argument 'catkin_cmake_args' from command line to 'None'
[0.271s] Level 5:colcon.colcon_core.verb:set package 'indy_interfaces' build argument 'catkin_skip_building_tests' from command line to 'False'
[0.271s] DEBUG:colcon.colcon_core.verb:Building package 'indy_interfaces' with the following arguments: {'ament_cmake_args': None, 'build_base': '/root/common/indy-ros2/build/indy_interfaces', 'catkin_cmake_args': None, 'catkin_skip_building_tests': False, 'cmake_args': None, 'cmake_clean_cache': False, 'cmake_clean_first': False, 'cmake_force_configure': False, 'cmake_target': None, 'cmake_target_skip_unavailable': False, 'install_base': '/root/common/indy-ros2/install/indy_interfaces', 'merge_install': False, 'path': '/root/common/indy-ros2/src/sml_indy-ros2/indy_interfaces', 'symlink_install': False, 'test_result_base': None}
[0.271s] Level 5:colcon.colcon_core.verb:set package 'indy_driver' build argument 'cmake_args' from command line to 'None'
[0.271s] Level 5:colcon.colcon_core.verb:set package 'indy_driver' build argument 'cmake_target' from command line to 'None'
[0.271s] Level 5:colcon.colcon_core.verb:set package 'indy_driver' build argument 'cmake_target_skip_unavailable' from command line to 'False'
[0.271s] Level 5:colcon.colcon_core.verb:set package 'indy_driver' build argument 'cmake_clean_cache' from command line to 'False'
[0.271s] Level 5:colcon.colcon_core.verb:set package 'indy_driver' build argument 'cmake_clean_first' from command line to 'False'
[0.272s] Level 5:colcon.colcon_core.verb:set package 'indy_driver' build argument 'cmake_force_configure' from command line to 'False'
[0.272s] Level 5:colcon.colcon_core.verb:set package 'indy_driver' build argument 'ament_cmake_args' from command line to 'None'
[0.272s] Level 5:colcon.colcon_core.verb:set package 'indy_driver' build argument 'catkin_cmake_args' from command line to 'None'
[0.272s] Level 5:colcon.colcon_core.verb:set package 'indy_driver' build argument 'catkin_skip_building_tests' from command line to 'False'
[0.272s] DEBUG:colcon.colcon_core.verb:Building package 'indy_driver' with the following arguments: {'ament_cmake_args': None, 'build_base': '/root/common/indy-ros2/build/indy_driver', 'catkin_cmake_args': None, 'catkin_skip_building_tests': False, 'cmake_args': None, 'cmake_clean_cache': False, 'cmake_clean_first': False, 'cmake_force_configure': False, 'cmake_target': None, 'cmake_target_skip_unavailable': False, 'install_base': '/root/common/indy-ros2/install/indy_driver', 'merge_install': False, 'path': '/root/common/indy-ros2/src/sml_indy-ros2/indy_driver', 'symlink_install': False, 'test_result_base': None}
[0.272s] Level 5:colcon.colcon_core.verb:set package 'indy_gazebo' build argument 'cmake_args' from command line to 'None'
[0.272s] Level 5:colcon.colcon_core.verb:set package 'indy_gazebo' build argument 'cmake_target' from command line to 'None'
[0.272s] Level 5:colcon.colcon_core.verb:set package 'indy_gazebo' build argument 'cmake_target_skip_unavailable' from command line to 'False'
[0.272s] Level 5:colcon.colcon_core.verb:set package 'indy_gazebo' build argument 'cmake_clean_cache' from command line to 'False'
[0.272s] Level 5:colcon.colcon_core.verb:set package 'indy_gazebo' build argument 'cmake_clean_first' from command line to 'False'
[0.272s] Level 5:colcon.colcon_core.verb:set package 'indy_gazebo' build argument 'cmake_force_configure' from command line to 'False'
[0.272s] Level 5:colcon.colcon_core.verb:set package 'indy_gazebo' build argument 'ament_cmake_args' from command line to 'None'
[0.272s] Level 5:colcon.colcon_core.verb:set package 'indy_gazebo' build argument 'catkin_cmake_args' from command line to 'None'
[0.272s] Level 5:colcon.colcon_core.verb:set package 'indy_gazebo' build argument 'catkin_skip_building_tests' from command line to 'False'
[0.272s] DEBUG:colcon.colcon_core.verb:Building package 'indy_gazebo' with the following arguments: {'ament_cmake_args': None, 'build_base': '/root/common/indy-ros2/build/indy_gazebo', 'catkin_cmake_args': None, 'catkin_skip_building_tests': False, 'cmake_args': None, 'cmake_clean_cache': False, 'cmake_clean_first': False, 'cmake_force_configure': False, 'cmake_target': None, 'cmake_target_skip_unavailable': False, 'install_base': '/root/common/indy-ros2/install/indy_gazebo', 'merge_install': False, 'path': '/root/common/indy-ros2/src/sml_indy-ros2/indy_gazebo', 'symlink_install': False, 'test_result_base': None}
[0.272s] Level 5:colcon.colcon_core.verb:set package 'indy_moveit' build argument 'cmake_args' from command line to 'None'
[0.272s] Level 5:colcon.colcon_core.verb:set package 'indy_moveit' build argument 'cmake_target' from command line to 'None'
[0.273s] Level 5:colcon.colcon_core.verb:set package 'indy_moveit' build argument 'cmake_target_skip_unavailable' from command line to 'False'
[0.273s] Level 5:colcon.colcon_core.verb:set package 'indy_moveit' build argument 'cmake_clean_cache' from command line to 'False'
[0.273s] Level 5:colcon.colcon_core.verb:set package 'indy_moveit' build argument 'cmake_clean_first' from command line to 'False'
[0.273s] Level 5:colcon.colcon_core.verb:set package 'indy_moveit' build argument 'cmake_force_configure' from command line to 'False'
[0.273s] Level 5:colcon.colcon_core.verb:set package 'indy_moveit' build argument 'ament_cmake_args' from command line to 'None'
[0.273s] Level 5:colcon.colcon_core.verb:set package 'indy_moveit' build argument 'catkin_cmake_args' from command line to 'None'
[0.273s] Level 5:colcon.colcon_core.verb:set package 'indy_moveit' build argument 'catkin_skip_building_tests' from command line to 'False'
[0.273s] DEBUG:colcon.colcon_core.verb:Building package 'indy_moveit' with the following arguments: {'ament_cmake_args': None, 'build_base': '/root/common/indy-ros2/build/indy_moveit', 'catkin_cmake_args': None, 'catkin_skip_building_tests': False, 'cmake_args': None, 'cmake_clean_cache': False, 'cmake_clean_first': False, 'cmake_force_configure': False, 'cmake_target': None, 'cmake_target_skip_unavailable': False, 'install_base': '/root/common/indy-ros2/install/indy_moveit', 'merge_install': False, 'path': '/root/common/indy-ros2/src/sml_indy-ros2/indy_moveit', 'symlink_install': False, 'test_result_base': None}
[0.273s] INFO:colcon.colcon_core.executor:Executing jobs using 'parallel' executor
[0.274s] DEBUG:colcon.colcon_parallel_executor.executor.parallel:run_until_complete
[0.274s] INFO:colcon.colcon_ros.task.ament_cmake.build:Building ROS package in '/root/common/indy-ros2/src/sml_indy-ros2/indy_description' with build type 'ament_cmake'
[0.274s] INFO:colcon.colcon_cmake.task.cmake.build:Building CMake package in '/root/common/indy-ros2/src/sml_indy-ros2/indy_description'
[0.276s] INFO:colcon.colcon_core.plugin_system:Skipping extension 'colcon_core.shell.bat': Not used on non-Windows systems
[0.276s] INFO:colcon.colcon_core.shell:Skip shell extension 'powershell' for command environment: Not usable outside of PowerShell
[0.276s] DEBUG:colcon.colcon_core.shell:Skip shell extension 'dsv' for command environment
[0.287s] INFO:colcon.colcon_ros.task.ament_cmake.build:Building ROS package in '/root/common/indy-ros2/src/sml_indy-ros2/indy_interfaces' with build type 'ament_cmake'
[0.287s] INFO:colcon.colcon_cmake.task.cmake.build:Building CMake package in '/root/common/indy-ros2/src/sml_indy-ros2/indy_interfaces'
[0.288s] INFO:colcon.colcon_core.shell:Skip shell extension 'powershell' for command environment: Not usable outside of PowerShell
[0.288s] DEBUG:colcon.colcon_core.shell:Skip shell extension 'dsv' for command environment
[0.296s] DEBUG:colcon.colcon_core.event_handler.log_command:Invoking command in '/root/common/indy-ros2/build/indy_description': CMAKE_PREFIX_PATH=/opt/ros/humble /usr/bin/cmake --build /root/common/indy-ros2/build/indy_description -- -j12 -l12
[0.301s] DEBUG:colcon.colcon_core.event_handler.log_command:Invoking command in '/root/common/indy-ros2/build/indy_interfaces': CMAKE_PREFIX_PATH=/opt/ros/humble /usr/bin/cmake --build /root/common/indy-ros2/build/indy_interfaces -- -j12 -l12
[0.975s] DEBUG:colcon.colcon_core.event_handler.log_command:Invoked command in '/root/common/indy-ros2/build/indy_description' returned '0': CMAKE_PREFIX_PATH=/opt/ros/humble /usr/bin/cmake --build /root/common/indy-ros2/build/indy_description -- -j12 -l12
[0.992s] DEBUG:colcon.colcon_core.event_handler.log_command:Invoking command in '/root/common/indy-ros2/build/indy_description': CMAKE_PREFIX_PATH=/opt/ros/humble /usr/bin/cmake --install /root/common/indy-ros2/build/indy_description
[1.004s] Level 1:colcon.colcon_core.environment:create_environment_scripts_only(indy_description)
[1.010s] Level 1:colcon.colcon_core.environment:checking '/root/common/indy-ros2/install/indy_description' for CMake module files
[1.012s] Level 1:colcon.colcon_core.environment:checking '/root/common/indy-ros2/install/indy_description' for CMake config files
[1.021s] Level 1:colcon.colcon_core.shell:create_environment_hook('indy_description', 'cmake_prefix_path')
[1.021s] INFO:colcon.colcon_core.shell:Creating environment hook '/root/common/indy-ros2/install/indy_description/share/indy_description/hook/cmake_prefix_path.ps1'
[1.022s] INFO:colcon.colcon_core.shell:Creating environment descriptor '/root/common/indy-ros2/install/indy_description/share/indy_description/hook/cmake_prefix_path.dsv'
[1.022s] INFO:colcon.colcon_core.shell:Creating environment hook '/root/common/indy-ros2/install/indy_description/share/indy_description/hook/cmake_prefix_path.sh'
[1.024s] Level 1:colcon.colcon_core.environment:checking '/root/common/indy-ros2/install/indy_description/bin'
[1.024s] Level 1:colcon.colcon_core.environment:checking '/root/common/indy-ros2/install/indy_description/lib/pkgconfig/indy_description.pc'
[1.026s] Level 1:colcon.colcon_core.environment:checking '/root/common/indy-ros2/install/indy_description/lib/python3.10/site-packages'
[1.027s] Level 1:colcon.colcon_core.environment:checking '/root/common/indy-ros2/install/indy_description/bin'
[1.027s] INFO:colcon.colcon_core.shell:Creating package script '/root/common/indy-ros2/install/indy_description/share/indy_description/package.ps1'
[1.028s] INFO:colcon.colcon_core.shell:Creating package descriptor '/root/common/indy-ros2/install/indy_description/share/indy_description/package.dsv'
[1.029s] INFO:colcon.colcon_core.shell:Creating package script '/root/common/indy-ros2/install/indy_description/share/indy_description/package.sh'
[1.030s] INFO:colcon.colcon_core.shell:Creating package script '/root/common/indy-ros2/install/indy_description/share/indy_description/package.bash'
[1.032s] INFO:colcon.colcon_core.shell:Creating package script '/root/common/indy-ros2/install/indy_description/share/indy_description/package.zsh'
[1.033s] Level 1:colcon.colcon_core.environment:create_file_with_runtime_dependencies(/root/common/indy-ros2/install/indy_description/share/colcon-core/packages/indy_description)
[1.043s] DEBUG:colcon.colcon_core.event_handler.log_command:Invoked command in '/root/common/indy-ros2/build/indy_description' returned '0': CMAKE_PREFIX_PATH=/opt/ros/humble /usr/bin/cmake --install /root/common/indy-ros2/build/indy_description
[1.049s] Level 1:colcon.colcon_core.environment:create_environment_scripts_only(indy_description)
[1.050s] Level 1:colcon.colcon_core.environment:checking '/root/common/indy-ros2/install/indy_description' for CMake module files
[1.050s] Level 1:colcon.colcon_core.environment:checking '/root/common/indy-ros2/install/indy_description' for CMake config files
[1.052s] Level 1:colcon.colcon_core.shell:create_environment_hook('indy_description', 'cmake_prefix_path')
[1.052s] INFO:colcon.colcon_core.shell:Creating environment hook '/root/common/indy-ros2/install/indy_description/share/indy_description/hook/cmake_prefix_path.ps1'
[1.053s] INFO:colcon.colcon_core.shell:Creating environment descriptor '/root/common/indy-ros2/install/indy_description/share/indy_description/hook/cmake_prefix_path.dsv'
[1.053s] INFO:colcon.colcon_core.shell:Creating environment hook '/root/common/indy-ros2/install/indy_description/share/indy_description/hook/cmake_prefix_path.sh'
[1.053s] Level 1:colcon.colcon_core.environment:checking '/root/common/indy-ros2/install/indy_description/bin'
[1.054s] Level 1:colcon.colcon_core.environment:checking '/root/common/indy-ros2/install/indy_description/lib/pkgconfig/indy_description.pc'
[1.054s] Level 1:colcon.colcon_core.environment:checking '/root/common/indy-ros2/install/indy_description/lib/python3.10/site-packages'
[1.054s] Level 1:colcon.colcon_core.environment:checking '/root/common/indy-ros2/install/indy_description/bin'
[1.055s] INFO:colcon.colcon_core.shell:Creating package script '/root/common/indy-ros2/install/indy_description/share/indy_description/package.ps1'
[1.055s] INFO:colcon.colcon_core.shell:Creating package descriptor '/root/common/indy-ros2/install/indy_description/share/indy_description/package.dsv'
[1.055s] INFO:colcon.colcon_core.shell:Creating package script '/root/common/indy-ros2/install/indy_description/share/indy_description/package.sh'
[1.056s] INFO:colcon.colcon_core.shell:Creating package script '/root/common/indy-ros2/install/indy_description/share/indy_description/package.bash'
[1.056s] INFO:colcon.colcon_core.shell:Creating package script '/root/common/indy-ros2/install/indy_description/share/indy_description/package.zsh'
[1.057s] Level 1:colcon.colcon_core.environment:create_file_with_runtime_dependencies(/root/common/indy-ros2/install/indy_description/share/colcon-core/packages/indy_description)
[1.057s] INFO:colcon.colcon_ros.task.ament_cmake.build:Building ROS package in '/root/common/indy-ros2/src/sml_indy-ros2/indy_driver' with build type 'ament_cmake'
[1.057s] INFO:colcon.colcon_cmake.task.cmake.build:Building CMake package in '/root/common/indy-ros2/src/sml_indy-ros2/indy_driver'
[1.057s] INFO:colcon.colcon_core.shell:Skip shell extension 'powershell' for command environment: Not usable outside of PowerShell
[1.057s] DEBUG:colcon.colcon_core.shell:Skip shell extension 'dsv' for command environment
[1.063s] INFO:colcon.colcon_ros.task.ament_cmake.build:Building ROS package in '/root/common/indy-ros2/src/sml_indy-ros2/indy_gazebo' with build type 'ament_cmake'
[1.063s] INFO:colcon.colcon_cmake.task.cmake.build:Building CMake package in '/root/common/indy-ros2/src/sml_indy-ros2/indy_gazebo'
[1.063s] INFO:colcon.colcon_core.shell:Skip shell extension 'powershell' for command environment: Not usable outside of PowerShell
[1.064s] DEBUG:colcon.colcon_core.shell:Skip shell extension 'dsv' for command environment
[1.067s] INFO:colcon.colcon_ros.task.ament_cmake.build:Building ROS package in '/root/common/indy-ros2/src/sml_indy-ros2/indy_moveit' with build type 'ament_cmake'
[1.067s] INFO:colcon.colcon_cmake.task.cmake.build:Building CMake package in '/root/common/indy-ros2/src/sml_indy-ros2/indy_moveit'
[1.067s] INFO:colcon.colcon_core.shell:Skip shell extension 'powershell' for command environment: Not usable outside of PowerShell
[1.067s] DEBUG:colcon.colcon_core.shell:Skip shell extension 'dsv' for command environment
[1.075s] DEBUG:colcon.colcon_core.event_handler.log_command:Invoking command in '/root/common/indy-ros2/build/indy_driver': AMENT_PREFIX_PATH=/root/common/indy-ros2/install/indy_description:${AMENT_PREFIX_PATH} CMAKE_PREFIX_PATH=/root/common/indy-ros2/install/indy_description:/opt/ros/humble /usr/bin/cmake --build /root/common/indy-ros2/build/indy_driver -- -j12 -l12
[1.078s] DEBUG:colcon.colcon_core.event_handler.log_command:Invoking command in '/root/common/indy-ros2/build/indy_gazebo': AMENT_PREFIX_PATH=/root/common/indy-ros2/install/indy_description:${AMENT_PREFIX_PATH} CMAKE_PREFIX_PATH=/root/common/indy-ros2/install/indy_description:/opt/ros/humble /usr/bin/cmake --build /root/common/indy-ros2/build/indy_gazebo -- -j12 -l12
[1.081s] DEBUG:colcon.colcon_core.event_handler.log_command:Invoking command in '/root/common/indy-ros2/build/indy_moveit': AMENT_PREFIX_PATH=/root/common/indy-ros2/install/indy_description:${AMENT_PREFIX_PATH} CMAKE_PREFIX_PATH=/root/common/indy-ros2/install/indy_description:/opt/ros/humble /usr/bin/cmake --build /root/common/indy-ros2/build/indy_moveit -- -j12 -l12
[1.648s] DEBUG:colcon.colcon_core.event_handler.log_command:Invoked command in '/root/common/indy-ros2/build/indy_gazebo' returned '0': AMENT_PREFIX_PATH=/root/common/indy-ros2/install/indy_description:${AMENT_PREFIX_PATH} CMAKE_PREFIX_PATH=/root/common/indy-ros2/install/indy_description:/opt/ros/humble /usr/bin/cmake --build /root/common/indy-ros2/build/indy_gazebo -- -j12 -l12
[1.664s] DEBUG:colcon.colcon_core.event_handler.log_command:Invoking command in '/root/common/indy-ros2/build/indy_gazebo': AMENT_PREFIX_PATH=/root/common/indy-ros2/install/indy_description:${AMENT_PREFIX_PATH} CMAKE_PREFIX_PATH=/root/common/indy-ros2/install/indy_description:/opt/ros/humble /usr/bin/cmake --install /root/common/indy-ros2/build/indy_gazebo
[1.669s] Level 1:colcon.colcon_core.environment:create_environment_scripts_only(indy_gazebo)
[1.669s] Level 1:colcon.colcon_core.environment:checking '/root/common/indy-ros2/install/indy_gazebo' for CMake module files
[1.670s] Level 1:colcon.colcon_core.environment:checking '/root/common/indy-ros2/install/indy_gazebo' for CMake config files
[1.671s] DEBUG:colcon.colcon_core.event_handler.log_command:Invoked command in '/root/common/indy-ros2/build/indy_gazebo' returned '0': AMENT_PREFIX_PATH=/root/common/indy-ros2/install/indy_description:${AMENT_PREFIX_PATH} CMAKE_PREFIX_PATH=/root/common/indy-ros2/install/indy_description:/opt/ros/humble /usr/bin/cmake --install /root/common/indy-ros2/build/indy_gazebo
[1.671s] Level 1:colcon.colcon_core.shell:create_environment_hook('indy_gazebo', 'cmake_prefix_path')
[1.671s] INFO:colcon.colcon_core.shell:Creating environment hook '/root/common/indy-ros2/install/indy_gazebo/share/indy_gazebo/hook/cmake_prefix_path.ps1'
[1.671s] INFO:colcon.colcon_core.shell:Creating environment descriptor '/root/common/indy-ros2/install/indy_gazebo/share/indy_gazebo/hook/cmake_prefix_path.dsv'
[1.672s] INFO:colcon.colcon_core.shell:Creating environment hook '/root/common/indy-ros2/install/indy_gazebo/share/indy_gazebo/hook/cmake_prefix_path.sh'
[1.672s] Level 1:colcon.colcon_core.environment:checking '/root/common/indy-ros2/install/indy_gazebo/bin'
[1.672s] Level 1:colcon.colcon_core.environment:checking '/root/common/indy-ros2/install/indy_gazebo/lib/pkgconfig/indy_gazebo.pc'
[1.672s] Level 1:colcon.colcon_core.environment:checking '/root/common/indy-ros2/install/indy_gazebo/lib/python3.10/site-packages'
[1.672s] Level 1:colcon.colcon_core.environment:checking '/root/common/indy-ros2/install/indy_gazebo/bin'
[1.673s] INFO:colcon.colcon_core.shell:Creating package script '/root/common/indy-ros2/install/indy_gazebo/share/indy_gazebo/package.ps1'
[1.673s] INFO:colcon.colcon_core.shell:Creating package descriptor '/root/common/indy-ros2/install/indy_gazebo/share/indy_gazebo/package.dsv'
[1.673s] INFO:colcon.colcon_core.shell:Creating package script '/root/common/indy-ros2/install/indy_gazebo/share/indy_gazebo/package.sh'
[1.673s] INFO:colcon.colcon_core.shell:Creating package script '/root/common/indy-ros2/install/indy_gazebo/share/indy_gazebo/package.bash'
[1.674s] INFO:colcon.colcon_core.shell:Creating package script '/root/common/indy-ros2/install/indy_gazebo/share/indy_gazebo/package.zsh'
[1.674s] Level 1:colcon.colcon_core.environment:create_file_with_runtime_dependencies(/root/common/indy-ros2/install/indy_gazebo/share/colcon-core/packages/indy_gazebo)
[1.688s] Level 1:colcon.colcon_core.environment:create_environment_scripts_only(indy_gazebo)
[1.689s] Level 1:colcon.colcon_core.environment:checking '/root/common/indy-ros2/install/indy_gazebo' for CMake module files
[1.689s] Level 1:colcon.colcon_core.environment:checking '/root/common/indy-ros2/install/indy_gazebo' for CMake config files
[1.689s] Level 1:colcon.colcon_core.shell:create_environment_hook('indy_gazebo', 'cmake_prefix_path')
[1.689s] INFO:colcon.colcon_core.shell:Creating environment hook '/root/common/indy-ros2/install/indy_gazebo/share/indy_gazebo/hook/cmake_prefix_path.ps1'
[1.690s] INFO:colcon.colcon_core.shell:Creating environment descriptor '/root/common/indy-ros2/install/indy_gazebo/share/indy_gazebo/hook/cmake_prefix_path.dsv'
[1.690s] INFO:colcon.colcon_core.shell:Creating environment hook '/root/common/indy-ros2/install/indy_gazebo/share/indy_gazebo/hook/cmake_prefix_path.sh'
[1.690s] Level 1:colcon.colcon_core.environment:checking '/root/common/indy-ros2/install/indy_gazebo/bin'
[1.690s] Level 1:colcon.colcon_core.environment:checking '/root/common/indy-ros2/install/indy_gazebo/lib/pkgconfig/indy_gazebo.pc'
[1.691s] Level 1:colcon.colcon_core.environment:checking '/root/common/indy-ros2/install/indy_gazebo/lib/python3.10/site-packages'
[1.691s] Level 1:colcon.colcon_core.environment:checking '/root/common/indy-ros2/install/indy_gazebo/bin'
[1.691s] INFO:colcon.colcon_core.shell:Creating package script '/root/common/indy-ros2/install/indy_gazebo/share/indy_gazebo/package.ps1'
[1.691s] INFO:colcon.colcon_core.shell:Creating package descriptor '/root/common/indy-ros2/install/indy_gazebo/share/indy_gazebo/package.dsv'
[1.692s] INFO:colcon.colcon_core.shell:Creating package script '/root/common/indy-ros2/install/indy_gazebo/share/indy_gazebo/package.sh'
[1.692s] INFO:colcon.colcon_core.shell:Creating package script '/root/common/indy-ros2/install/indy_gazebo/share/indy_gazebo/package.bash'
[1.692s] INFO:colcon.colcon_core.shell:Creating package script '/root/common/indy-ros2/install/indy_gazebo/share/indy_gazebo/package.zsh'
[1.693s] Level 1:colcon.colcon_core.environment:create_file_with_runtime_dependencies(/root/common/indy-ros2/install/indy_gazebo/share/colcon-core/packages/indy_gazebo)
[1.977s] DEBUG:colcon.colcon_core.event_handler.log_command:Invoked command in '/root/common/indy-ros2/build/indy_driver' returned '0': AMENT_PREFIX_PATH=/root/common/indy-ros2/install/indy_description:${AMENT_PREFIX_PATH} CMAKE_PREFIX_PATH=/root/common/indy-ros2/install/indy_description:/opt/ros/humble /usr/bin/cmake --build /root/common/indy-ros2/build/indy_driver -- -j12 -l12
[1.990s] DEBUG:colcon.colcon_core.event_handler.log_command:Invoking command in '/root/common/indy-ros2/build/indy_driver': AMENT_PREFIX_PATH=/root/common/indy-ros2/install/indy_description:${AMENT_PREFIX_PATH} CMAKE_PREFIX_PATH=/root/common/indy-ros2/install/indy_description:/opt/ros/humble /usr/bin/cmake --install /root/common/indy-ros2/build/indy_driver
[2.024s] Level 1:colcon.colcon_core.environment:create_environment_scripts_only(indy_driver)
[2.024s] Level 1:colcon.colcon_core.environment:checking '/root/common/indy-ros2/install/indy_driver' for CMake module files
[2.024s] DEBUG:colcon.colcon_core.event_handler.log_command:Invoked command in '/root/common/indy-ros2/build/indy_driver' returned '0': AMENT_PREFIX_PATH=/root/common/indy-ros2/install/indy_description:${AMENT_PREFIX_PATH} CMAKE_PREFIX_PATH=/root/common/indy-ros2/install/indy_description:/opt/ros/humble /usr/bin/cmake --install /root/common/indy-ros2/build/indy_driver
[2.025s] Level 1:colcon.colcon_core.environment:checking '/root/common/indy-ros2/install/indy_driver' for CMake config files
[2.025s] Level 1:colcon.colcon_core.shell:create_environment_hook('indy_driver', 'cmake_prefix_path')
[2.025s] INFO:colcon.colcon_core.shell:Creating environment hook '/root/common/indy-ros2/install/indy_driver/share/indy_driver/hook/cmake_prefix_path.ps1'
[2.025s] INFO:colcon.colcon_core.shell:Creating environment descriptor '/root/common/indy-ros2/install/indy_driver/share/indy_driver/hook/cmake_prefix_path.dsv'
[2.026s] INFO:colcon.colcon_core.shell:Creating environment hook '/root/common/indy-ros2/install/indy_driver/share/indy_driver/hook/cmake_prefix_path.sh'
[2.026s] Level 1:colcon.colcon_core.environment:checking '/root/common/indy-ros2/install/indy_driver/lib'
[2.026s] Level 1:colcon.colcon_core.environment:checking '/root/common/indy-ros2/install/indy_driver/bin'
[2.026s] Level 1:colcon.colcon_core.environment:checking '/root/common/indy-ros2/install/indy_driver/lib/pkgconfig/indy_driver.pc'
[2.026s] Level 1:colcon.colcon_core.environment:checking '/root/common/indy-ros2/install/indy_driver/lib/python3.10/site-packages'
[2.027s] Level 1:colcon.colcon_core.environment:checking '/root/common/indy-ros2/install/indy_driver/bin'
[2.027s] INFO:colcon.colcon_core.shell:Creating package script '/root/common/indy-ros2/install/indy_driver/share/indy_driver/package.ps1'
[2.027s] INFO:colcon.colcon_core.shell:Creating package descriptor '/root/common/indy-ros2/install/indy_driver/share/indy_driver/package.dsv'
[2.027s] INFO:colcon.colcon_core.shell:Creating package script '/root/common/indy-ros2/install/indy_driver/share/indy_driver/package.sh'
[2.028s] INFO:colcon.colcon_core.shell:Creating package script '/root/common/indy-ros2/install/indy_driver/share/indy_driver/package.bash'
[2.028s] INFO:colcon.colcon_core.shell:Creating package script '/root/common/indy-ros2/install/indy_driver/share/indy_driver/package.zsh'
[2.028s] Level 1:colcon.colcon_core.environment:create_file_with_runtime_dependencies(/root/common/indy-ros2/install/indy_driver/share/colcon-core/packages/indy_driver)
[2.043s] Level 1:colcon.colcon_core.environment:create_environment_scripts_only(indy_driver)
[2.043s] Level 1:colcon.colcon_core.environment:checking '/root/common/indy-ros2/install/indy_driver' for CMake module files
[2.044s] Level 1:colcon.colcon_core.environment:checking '/root/common/indy-ros2/install/indy_driver' for CMake config files
[2.044s] Level 1:colcon.colcon_core.shell:create_environment_hook('indy_driver', 'cmake_prefix_path')
[2.044s] INFO:colcon.colcon_core.shell:Creating environment hook '/root/common/indy-ros2/install/indy_driver/share/indy_driver/hook/cmake_prefix_path.ps1'
[2.044s] INFO:colcon.colcon_core.shell:Creating environment descriptor '/root/common/indy-ros2/install/indy_driver/share/indy_driver/hook/cmake_prefix_path.dsv'
[2.045s] INFO:colcon.colcon_core.shell:Creating environment hook '/root/common/indy-ros2/install/indy_driver/share/indy_driver/hook/cmake_prefix_path.sh'
[2.045s] Level 1:colcon.colcon_core.environment:checking '/root/common/indy-ros2/install/indy_driver/lib'
[2.045s] Level 1:colcon.colcon_core.environment:checking '/root/common/indy-ros2/install/indy_driver/bin'
[2.045s] Level 1:colcon.colcon_core.environment:checking '/root/common/indy-ros2/install/indy_driver/lib/pkgconfig/indy_driver.pc'
[2.045s] Level 1:colcon.colcon_core.environment:checking '/root/common/indy-ros2/install/indy_driver/lib/python3.10/site-packages'
[2.045s] Level 1:colcon.colcon_core.environment:checking '/root/common/indy-ros2/install/indy_driver/bin'
[2.046s] INFO:colcon.colcon_core.shell:Creating package script '/root/common/indy-ros2/install/indy_driver/share/indy_driver/package.ps1'
[2.046s] INFO:colcon.colcon_core.shell:Creating package descriptor '/root/common/indy-ros2/install/indy_driver/share/indy_driver/package.dsv'
[2.046s] INFO:colcon.colcon_core.shell:Creating package script '/root/common/indy-ros2/install/indy_driver/share/indy_driver/package.sh'
[2.047s] INFO:colcon.colcon_core.shell:Creating package script '/root/common/indy-ros2/install/indy_driver/share/indy_driver/package.bash'
[2.047s] INFO:colcon.colcon_core.shell:Creating package script '/root/common/indy-ros2/install/indy_driver/share/indy_driver/package.zsh'
[2.047s] Level 1:colcon.colcon_core.environment:create_file_with_runtime_dependencies(/root/common/indy-ros2/install/indy_driver/share/colcon-core/packages/indy_driver)
[3.895s] DEBUG:colcon.colcon_core.event_handler.log_command:Invoked command in '/root/common/indy-ros2/build/indy_interfaces' returned '0': CMAKE_PREFIX_PATH=/opt/ros/humble /usr/bin/cmake --build /root/common/indy-ros2/build/indy_interfaces -- -j12 -l12
[3.991s] DEBUG:colcon.colcon_core.event_handler.log_command:Invoking command in '/root/common/indy-ros2/build/indy_interfaces': CMAKE_PREFIX_PATH=/opt/ros/humble /usr/bin/cmake --install /root/common/indy-ros2/build/indy_interfaces
[4.039s] Level 1:colcon.colcon_core.environment:create_environment_scripts_only(indy_interfaces)
[4.040s] Level 1:colcon.colcon_core.environment:checking '/root/common/indy-ros2/install/indy_interfaces' for CMake module files
[4.040s] DEBUG:colcon.colcon_core.event_handler.log_command:Invoked command in '/root/common/indy-ros2/build/indy_interfaces' returned '0': CMAKE_PREFIX_PATH=/opt/ros/humble /usr/bin/cmake --install /root/common/indy-ros2/build/indy_interfaces
[4.041s] Level 1:colcon.colcon_core.environment:checking '/root/common/indy-ros2/install/indy_interfaces' for CMake config files
[4.041s] Level 1:colcon.colcon_core.shell:create_environment_hook('indy_interfaces', 'cmake_prefix_path')
[4.041s] INFO:colcon.colcon_core.shell:Creating environment hook '/root/common/indy-ros2/install/indy_interfaces/share/indy_interfaces/hook/cmake_prefix_path.ps1'
[4.042s] INFO:colcon.colcon_core.shell:Creating environment descriptor '/root/common/indy-ros2/install/indy_interfaces/share/indy_interfaces/hook/cmake_prefix_path.dsv'
[4.042s] INFO:colcon.colcon_core.shell:Creating environment hook '/root/common/indy-ros2/install/indy_interfaces/share/indy_interfaces/hook/cmake_prefix_path.sh'
[4.042s] Level 1:colcon.colcon_core.environment:checking '/root/common/indy-ros2/install/indy_interfaces/lib'
[4.042s] Level 1:colcon.colcon_core.shell:create_environment_hook('indy_interfaces', 'ld_library_path_lib')
[4.042s] INFO:colcon.colcon_core.shell:Creating environment hook '/root/common/indy-ros2/install/indy_interfaces/share/indy_interfaces/hook/ld_library_path_lib.ps1'
[4.043s] INFO:colcon.colcon_core.shell:Creating environment descriptor '/root/common/indy-ros2/install/indy_interfaces/share/indy_interfaces/hook/ld_library_path_lib.dsv'
[4.043s] INFO:colcon.colcon_core.shell:Creating environment hook '/root/common/indy-ros2/install/indy_interfaces/share/indy_interfaces/hook/ld_library_path_lib.sh'
[4.043s] Level 1:colcon.colcon_core.environment:checking '/root/common/indy-ros2/install/indy_interfaces/bin'
[4.043s] Level 1:colcon.colcon_core.environment:checking '/root/common/indy-ros2/install/indy_interfaces/lib/pkgconfig/indy_interfaces.pc'
[4.043s] Level 1:colcon.colcon_core.environment:checking '/root/common/indy-ros2/install/indy_interfaces/lib/python3.10/site-packages'
[4.044s] Level 1:colcon.colcon_core.environment:checking '/root/common/indy-ros2/install/indy_interfaces/bin'
[4.044s] INFO:colcon.colcon_core.shell:Creating package script '/root/common/indy-ros2/install/indy_interfaces/share/indy_interfaces/package.ps1'
[4.044s] INFO:colcon.colcon_core.shell:Creating package descriptor '/root/common/indy-ros2/install/indy_interfaces/share/indy_interfaces/package.dsv'
[4.045s] INFO:colcon.colcon_core.shell:Creating package script '/root/common/indy-ros2/install/indy_interfaces/share/indy_interfaces/package.sh'
[4.045s] INFO:colcon.colcon_core.shell:Creating package script '/root/common/indy-ros2/install/indy_interfaces/share/indy_interfaces/package.bash'
[4.045s] INFO:colcon.colcon_core.shell:Creating package script '/root/common/indy-ros2/install/indy_interfaces/share/indy_interfaces/package.zsh'
[4.045s] Level 1:colcon.colcon_core.environment:create_file_with_runtime_dependencies(/root/common/indy-ros2/install/indy_interfaces/share/colcon-core/packages/indy_interfaces)
[4.142s] DEBUG:colcon.colcon_core.event_handler.log_command:Invoked command in '/root/common/indy-ros2/build/indy_moveit' returned '0': AMENT_PREFIX_PATH=/root/common/indy-ros2/install/indy_description:${AMENT_PREFIX_PATH} CMAKE_PREFIX_PATH=/root/common/indy-ros2/install/indy_description:/opt/ros/humble /usr/bin/cmake --build /root/common/indy-ros2/build/indy_moveit -- -j12 -l12
[4.143s] Level 1:colcon.colcon_core.environment:create_environment_scripts_only(indy_interfaces)
[4.143s] Level 1:colcon.colcon_core.environment:checking '/root/common/indy-ros2/install/indy_interfaces' for CMake module files
[4.144s] Level 1:colcon.colcon_core.environment:checking '/root/common/indy-ros2/install/indy_interfaces' for CMake config files
[4.144s] Level 1:colcon.colcon_core.shell:create_environment_hook('indy_interfaces', 'cmake_prefix_path')
[4.144s] INFO:colcon.colcon_core.shell:Creating environment hook '/root/common/indy-ros2/install/indy_interfaces/share/indy_interfaces/hook/cmake_prefix_path.ps1'
[4.145s] INFO:colcon.colcon_core.shell:Creating environment descriptor '/root/common/indy-ros2/install/indy_interfaces/share/indy_interfaces/hook/cmake_prefix_path.dsv'
[4.145s] INFO:colcon.colcon_core.shell:Creating environment hook '/root/common/indy-ros2/install/indy_interfaces/share/indy_interfaces/hook/cmake_prefix_path.sh'
[4.145s] Level 1:colcon.colcon_core.environment:checking '/root/common/indy-ros2/install/indy_interfaces/lib'
[4.145s] Level 1:colcon.colcon_core.shell:create_environment_hook('indy_interfaces', 'ld_library_path_lib')
[4.146s] INFO:colcon.colcon_core.shell:Creating environment hook '/root/common/indy-ros2/install/indy_interfaces/share/indy_interfaces/hook/ld_library_path_lib.ps1'
[4.146s] INFO:colcon.colcon_core.shell:Creating environment descriptor '/root/common/indy-ros2/install/indy_interfaces/share/indy_interfaces/hook/ld_library_path_lib.dsv'
[4.146s] INFO:colcon.colcon_core.shell:Creating environment hook '/root/common/indy-ros2/install/indy_interfaces/share/indy_interfaces/hook/ld_library_path_lib.sh'
[4.146s] Level 1:colcon.colcon_core.environment:checking '/root/common/indy-ros2/install/indy_interfaces/bin'
[4.146s] Level 1:colcon.colcon_core.environment:checking '/root/common/indy-ros2/install/indy_interfaces/lib/pkgconfig/indy_interfaces.pc'
[4.147s] Level 1:colcon.colcon_core.environment:checking '/root/common/indy-ros2/install/indy_interfaces/lib/python3.10/site-packages'
[4.147s] Level 1:colcon.colcon_core.environment:checking '/root/common/indy-ros2/install/indy_interfaces/bin'
[4.147s] INFO:colcon.colcon_core.shell:Creating package script '/root/common/indy-ros2/install/indy_interfaces/share/indy_interfaces/package.ps1'
[4.148s] INFO:colcon.colcon_core.shell:Creating package descriptor '/root/common/indy-ros2/install/indy_interfaces/share/indy_interfaces/package.dsv'
[4.148s] INFO:colcon.colcon_core.shell:Creating package script '/root/common/indy-ros2/install/indy_interfaces/share/indy_interfaces/package.sh'
[4.148s] INFO:colcon.colcon_core.shell:Creating package script '/root/common/indy-ros2/install/indy_interfaces/share/indy_interfaces/package.bash'
[4.149s] INFO:colcon.colcon_core.shell:Creating package script '/root/common/indy-ros2/install/indy_interfaces/share/indy_interfaces/package.zsh'
[4.149s] Level 1:colcon.colcon_core.environment:create_file_with_runtime_dependencies(/root/common/indy-ros2/install/indy_interfaces/share/colcon-core/packages/indy_interfaces)
[4.158s] DEBUG:colcon.colcon_core.event_handler.log_command:Invoking command in '/root/common/indy-ros2/build/indy_moveit': AMENT_PREFIX_PATH=/root/common/indy-ros2/install/indy_description:${AMENT_PREFIX_PATH} CMAKE_PREFIX_PATH=/root/common/indy-ros2/install/indy_description:/opt/ros/humble /usr/bin/cmake --install /root/common/indy-ros2/build/indy_moveit
[4.218s] Level 1:colcon.colcon_core.environment:create_environment_scripts_only(indy_moveit)
[4.218s] Level 1:colcon.colcon_core.environment:checking '/root/common/indy-ros2/install/indy_moveit' for CMake module files
[4.219s] DEBUG:colcon.colcon_core.event_handler.log_command:Invoked command in '/root/common/indy-ros2/build/indy_moveit' returned '0': AMENT_PREFIX_PATH=/root/common/indy-ros2/install/indy_description:${AMENT_PREFIX_PATH} CMAKE_PREFIX_PATH=/root/common/indy-ros2/install/indy_description:/opt/ros/humble /usr/bin/cmake --install /root/common/indy-ros2/build/indy_moveit
[4.219s] Level 1:colcon.colcon_core.environment:checking '/root/common/indy-ros2/install/indy_moveit' for CMake config files
[4.219s] Level 1:colcon.colcon_core.shell:create_environment_hook('indy_moveit', 'cmake_prefix_path')
[4.219s] INFO:colcon.colcon_core.shell:Creating environment hook '/root/common/indy-ros2/install/indy_moveit/share/indy_moveit/hook/cmake_prefix_path.ps1'
[4.220s] INFO:colcon.colcon_core.shell:Creating environment descriptor '/root/common/indy-ros2/install/indy_moveit/share/indy_moveit/hook/cmake_prefix_path.dsv'
[4.220s] INFO:colcon.colcon_core.shell:Creating environment hook '/root/common/indy-ros2/install/indy_moveit/share/indy_moveit/hook/cmake_prefix_path.sh'
[4.220s] Level 1:colcon.colcon_core.environment:checking '/root/common/indy-ros2/install/indy_moveit/bin'
[4.220s] Level 1:colcon.colcon_core.environment:checking '/root/common/indy-ros2/install/indy_moveit/lib/pkgconfig/indy_moveit.pc'
[4.221s] Level 1:colcon.colcon_core.environment:checking '/root/common/indy-ros2/install/indy_moveit/lib/python3.10/site-packages'
[4.221s] Level 1:colcon.colcon_core.environment:checking '/root/common/indy-ros2/install/indy_moveit/bin'
[4.221s] INFO:colcon.colcon_core.shell:Creating package script '/root/common/indy-ros2/install/indy_moveit/share/indy_moveit/package.ps1'
[4.221s] INFO:colcon.colcon_core.shell:Creating package descriptor '/root/common/indy-ros2/install/indy_moveit/share/indy_moveit/package.dsv'
[4.221s] INFO:colcon.colcon_core.shell:Creating package script '/root/common/indy-ros2/install/indy_moveit/share/indy_moveit/package.sh'
[4.222s] INFO:colcon.colcon_core.shell:Creating package script '/root/common/indy-ros2/install/indy_moveit/share/indy_moveit/package.bash'
[4.222s] INFO:colcon.colcon_core.shell:Creating package script '/root/common/indy-ros2/install/indy_moveit/share/indy_moveit/package.zsh'
[4.222s] Level 1:colcon.colcon_core.environment:create_file_with_runtime_dependencies(/root/common/indy-ros2/install/indy_moveit/share/colcon-core/packages/indy_moveit)
[4.236s] Level 1:colcon.colcon_core.environment:create_environment_scripts_only(indy_moveit)
[4.237s] Level 1:colcon.colcon_core.environment:checking '/root/common/indy-ros2/install/indy_moveit' for CMake module files
[4.237s] Level 1:colcon.colcon_core.environment:checking '/root/common/indy-ros2/install/indy_moveit' for CMake config files
[4.237s] Level 1:colcon.colcon_core.shell:create_environment_hook('indy_moveit', 'cmake_prefix_path')
[4.237s] INFO:colcon.colcon_core.shell:Creating environment hook '/root/common/indy-ros2/install/indy_moveit/share/indy_moveit/hook/cmake_prefix_path.ps1'
[4.238s] INFO:colcon.colcon_core.shell:Creating environment descriptor '/root/common/indy-ros2/install/indy_moveit/share/indy_moveit/hook/cmake_prefix_path.dsv'
[4.238s] INFO:colcon.colcon_core.shell:Creating environment hook '/root/common/indy-ros2/install/indy_moveit/share/indy_moveit/hook/cmake_prefix_path.sh'
[4.238s] Level 1:colcon.colcon_core.environment:checking '/root/common/indy-ros2/install/indy_moveit/bin'
[4.238s] Level 1:colcon.colcon_core.environment:checking '/root/common/indy-ros2/install/indy_moveit/lib/pkgconfig/indy_moveit.pc'
[4.239s] Level 1:colcon.colcon_core.environment:checking '/root/common/indy-ros2/install/indy_moveit/lib/python3.10/site-packages'
[4.239s] Level 1:colcon.colcon_core.environment:checking '/root/common/indy-ros2/install/indy_moveit/bin'
[4.239s] INFO:colcon.colcon_core.shell:Creating package script '/root/common/indy-ros2/install/indy_moveit/share/indy_moveit/package.ps1'
[4.239s] INFO:colcon.colcon_core.shell:Creating package descriptor '/root/common/indy-ros2/install/indy_moveit/share/indy_moveit/package.dsv'
[4.240s] INFO:colcon.colcon_core.shell:Creating package script '/root/common/indy-ros2/install/indy_moveit/share/indy_moveit/package.sh'
[4.240s] INFO:colcon.colcon_core.shell:Creating package script '/root/common/indy-ros2/install/indy_moveit/share/indy_moveit/package.bash'
[4.240s] INFO:colcon.colcon_core.shell:Creating package script '/root/common/indy-ros2/install/indy_moveit/share/indy_moveit/package.zsh'
[4.241s] Level 1:colcon.colcon_core.environment:create_file_with_runtime_dependencies(/root/common/indy-ros2/install/indy_moveit/share/colcon-core/packages/indy_moveit)
[4.241s] DEBUG:colcon.colcon_parallel_executor.executor.parallel:closing loop
[4.241s] DEBUG:colcon.colcon_parallel_executor.executor.parallel:loop closed
[4.241s] DEBUG:colcon.colcon_parallel_executor.executor.parallel:run_until_complete finished with '0'
[4.241s] DEBUG:colcon.colcon_core.event_reactor:joining thread
[4.246s] INFO:colcon.colcon_core.plugin_system:Skipping extension 'colcon_notification.desktop_notification.notify_send': Could not find 'notify-send'
[4.246s] INFO:colcon.colcon_core.plugin_system:Skipping extension 'colcon_notification.desktop_notification.terminal_notifier': Not used on non-Darwin systems
[4.246s] INFO:colcon.colcon_core.plugin_system:Skipping extension 'colcon_notification.desktop_notification.win32': Not used on non-Windows systems
[4.246s] INFO:colcon.colcon_notification.desktop_notification:Sending desktop notification using 'notify2'
[4.252s] DEBUG:colcon.colcon_notification.desktop_notification.notify2:Failed to initialize notify2: org.freedesktop.DBus.Error.ServiceUnknown: The name org.freedesktop.Notifications was not provided by any .service files
[4.253s] DEBUG:colcon.colcon_core.event_reactor:joined thread
[4.253s] INFO:colcon.colcon_core.shell:Creating prefix script '/root/common/indy-ros2/install/local_setup.ps1'
[4.255s] INFO:colcon.colcon_core.shell:Creating prefix util module '/root/common/indy-ros2/install/_local_setup_util_ps1.py'
[4.256s] INFO:colcon.colcon_core.shell:Creating prefix chain script '/root/common/indy-ros2/install/setup.ps1'
[4.257s] INFO:colcon.colcon_core.shell:Creating prefix script '/root/common/indy-ros2/install/local_setup.sh'
[4.257s] INFO:colcon.colcon_core.shell:Creating prefix util module '/root/common/indy-ros2/install/_local_setup_util_sh.py'
[4.258s] INFO:colcon.colcon_core.shell:Creating prefix chain script '/root/common/indy-ros2/install/setup.sh'
[4.258s] INFO:colcon.colcon_core.shell:Creating prefix script '/root/common/indy-ros2/install/local_setup.bash'
[4.259s] INFO:colcon.colcon_core.shell:Creating prefix chain script '/root/common/indy-ros2/install/setup.bash'
[4.260s] INFO:colcon.colcon_core.shell:Creating prefix script '/root/common/indy-ros2/install/local_setup.zsh'
[4.260s] INFO:colcon.colcon_core.shell:Creating prefix chain script '/root/common/indy-ros2/install/setup.zsh'
