[0.009s] Invoking command in '/root/common/indy-ros2/build/indy_interfaces': CMAKE_PREFIX_PATH=/opt/ros/humble /usr/bin/cmake /root/common/indy-ros2/src/sml_indy-ros2/indy_interfaces -DCMAKE_INSTALL_PREFIX=/root/common/indy-ros2/install/indy_interfaces
[0.053s] [0mCMake Deprecation Warning at CMakeLists.txt:1 (cmake_minimum_required):
[0.053s]   Compatibility with CMake < 3.10 will be removed from a future version of
[0.053s]   CMake.
[0.053s] 
[0.053s]   Update the VERSION argument <min> value.  Or, use the <min>...<max> syntax
[0.053s]   to tell CMake that the project requires at least <min> but has been updated
[0.053s]   to work with policies introduced by <max> or earlier.
[0.054s] 
[0.054s] [0m
[0.148s] -- The C compiler identification is GNU 11.4.0
[0.253s] -- The CXX compiler identification is GNU 11.4.0
[0.266s] -- Detecting C compiler ABI info
[0.323s] -- Detecting C compiler ABI info - done
[0.336s] -- Check for working C compiler: /usr/bin/cc - skipped
[0.336s] -- Detecting C compile features
[0.337s] -- Detecting C compile features - done
[0.347s] -- Detecting CXX compiler ABI info
[0.405s] -- Detecting CXX compiler ABI info - done
[0.421s] -- Check for working CXX compiler: /usr/bin/c++ - skipped
[0.421s] -- Detecting CXX compile features
[0.422s] -- Detecting CXX compile features - done
[0.430s] -- Found ament_cmake: 1.3.9 (/opt/ros/humble/share/ament_cmake/cmake)
[0.545s] -- Found Python3: /usr/bin/python3 (found version "3.10.12") found components: Interpreter
[0.669s] -- Found rosidl_default_generators: 1.2.0 (/opt/ros/humble/share/rosidl_default_generators/cmake)
[0.675s] -- Using all available rosidl_typesupport_c: rosidl_typesupport_fastrtps_c;rosidl_typesupport_introspection_c
[0.688s] -- Found rosidl_adapter: 3.1.5 (/opt/ros/humble/share/rosidl_adapter/cmake)
[0.763s] -- Using all available rosidl_typesupport_cpp: rosidl_typesupport_fastrtps_cpp;rosidl_typesupport_introspection_cpp
[1.181s] -- Found ament_cmake_ros: 0.10.0 (/opt/ros/humble/share/ament_cmake_ros/cmake)
[1.564s] -- Using all available rosidl_typesupport_c: rosidl_typesupport_fastrtps_c;rosidl_typesupport_introspection_c
[2.044s] -- Using all available rosidl_typesupport_cpp: rosidl_typesupport_fastrtps_cpp;rosidl_typesupport_introspection_cpp
[2.046s] [33mCMake Warning (dev) at /opt/ros/humble/share/rosidl_generator_py/cmake/rosidl_generator_py_generate_interfaces.cmake:20 (find_package):
[2.046s]   Policy CMP0148 is not set: The FindPythonInterp and FindPythonLibs modules
[2.046s]   are removed.  Run "cmake --help-policy CMP0148" for policy details.  Use
[2.046s]   the cmake_policy command to set the policy and suppress this warning.
[2.046s] 
[2.046s] Call Stack (most recent call first):
[2.046s]   /opt/ros/humble/share/ament_cmake_core/cmake/core/ament_execute_extensions.cmake:48 (include)
[2.046s]   /opt/ros/humble/share/rosidl_cmake/cmake/rosidl_generate_interfaces.cmake:286 (ament_execute_extensions)
[2.046s]   CMakeLists.txt:16 (rosidl_generate_interfaces)
[2.046s] This warning is for project developers.  Use -Wno-dev to suppress it.
[2.046s] [0m
[2.062s] -- Found PythonInterp: /usr/bin/python3 (found suitable version "3.10.12", minimum required is "3.6")
[2.066s] -- Found python_cmake_module: 0.10.0 (/opt/ros/humble/share/python_cmake_module/cmake)
[2.067s] [33mCMake Warning (dev) at /opt/ros/humble/share/python_cmake_module/cmake/Modules/FindPythonExtra.cmake:52 (find_package):
[2.067s]   Policy CMP0148 is not set: The FindPythonInterp and FindPythonLibs modules
[2.067s]   are removed.  Run "cmake --help-policy CMP0148" for policy details.  Use
[2.067s]   the cmake_policy command to set the policy and suppress this warning.
[2.067s] 
[2.067s] Call Stack (most recent call first):
[2.067s]   /opt/ros/humble/share/rosidl_generator_py/cmake/rosidl_generator_py_generate_interfaces.cmake:23 (find_package)
[2.067s]   /opt/ros/humble/share/ament_cmake_core/cmake/core/ament_execute_extensions.cmake:48 (include)
[2.067s]   /opt/ros/humble/share/rosidl_cmake/cmake/rosidl_generate_interfaces.cmake:286 (ament_execute_extensions)
[2.067s]   CMakeLists.txt:16 (rosidl_generate_interfaces)
[2.067s] This warning is for project developers.  Use -Wno-dev to suppress it.
[2.067s] [0m
[2.083s] [33mCMake Warning (dev) at /opt/ros/humble/share/python_cmake_module/cmake/Modules/FindPythonExtra.cmake:140 (find_package):
[2.083s]   Policy CMP0148 is not set: The FindPythonInterp and FindPythonLibs modules
[2.083s]   are removed.  Run "cmake --help-policy CMP0148" for policy details.  Use
[2.083s]   the cmake_policy command to set the policy and suppress this warning.
[2.083s] 
[2.083s] Call Stack (most recent call first):
[2.083s]   /opt/ros/humble/share/rosidl_generator_py/cmake/rosidl_generator_py_generate_interfaces.cmake:23 (find_package)
[2.083s]   /opt/ros/humble/share/ament_cmake_core/cmake/core/ament_execute_extensions.cmake:48 (include)
[2.083s]   /opt/ros/humble/share/rosidl_cmake/cmake/rosidl_generate_interfaces.cmake:286 (ament_execute_extensions)
[2.083s]   CMakeLists.txt:16 (rosidl_generate_interfaces)
[2.083s] This warning is for project developers.  Use -Wno-dev to suppress it.
[2.083s] [0m
[2.091s] -- Found PythonLibs: /usr/lib/x86_64-linux-gnu/libpython3.10.so (found suitable version "3.10.12", minimum required is "3.5")
[2.091s] -- Using PYTHON_EXECUTABLE: /usr/bin/python3
[2.092s] -- Using PYTHON_INCLUDE_DIRS: /usr/include/python3.10
[2.092s] -- Using PYTHON_LIBRARIES: /usr/lib/x86_64-linux-gnu/libpython3.10.so
[2.108s] -- Found PythonExtra: .so
[2.322s] -- Using numpy include directory: /usr/local/lib/python3.10/dist-packages/numpy/core/include
[2.330s] -- Found ament_lint_auto: 0.12.11 (/opt/ros/humble/share/ament_lint_auto/cmake)
[2.362s] -- Added test 'lint_cmake' to check CMake code style
[2.363s] -- Added test 'xmllint' to check XML markup files
[2.366s] -- Configuring done (2.3s)
[2.399s] -- Generating done (0.0s)
[2.399s] -- Build files have been written to: /root/common/indy-ros2/build/indy_interfaces
[2.404s] Invoked command in '/root/common/indy-ros2/build/indy_interfaces' returned '0': CMAKE_PREFIX_PATH=/opt/ros/humble /usr/bin/cmake /root/common/indy-ros2/src/sml_indy-ros2/indy_interfaces -DCMAKE_INSTALL_PREFIX=/root/common/indy-ros2/install/indy_interfaces
[2.405s] Invoking command in '/root/common/indy-ros2/build/indy_interfaces': CMAKE_PREFIX_PATH=/opt/ros/humble /usr/bin/cmake --build /root/common/indy-ros2/build/indy_interfaces -- -j12 -l12
[2.422s] [  1%] [1m[34mGenerating C code for ROS interfaces[0m
[2.425s] [  3%] [1m[34mGenerating C++ code for ROS interfaces[0m
[2.429s] [  3%] Built target ament_cmake_python_copy_indy_interfaces
[2.638s] running egg_info
[2.639s] creating indy_interfaces.egg-info
[2.639s] writing indy_interfaces.egg-info/PKG-INFO
[2.639s] writing dependency_links to indy_interfaces.egg-info/dependency_links.txt
[2.639s] writing top-level names to indy_interfaces.egg-info/top_level.txt
[2.639s] writing manifest file 'indy_interfaces.egg-info/SOURCES.txt'
[2.641s] reading manifest file 'indy_interfaces.egg-info/SOURCES.txt'
[2.642s] writing manifest file 'indy_interfaces.egg-info/SOURCES.txt'
[2.658s] [  3%] Built target ament_cmake_python_build_indy_interfaces_egg
[2.772s] [  3%] Built target indy_interfaces__cpp
[2.777s] [  5%] [1m[34mGenerating C++ type support for eProsima Fast-RTPS[0m
[2.777s] [  7%] [1m[34mGenerating C++ type support dispatch for ROS interfaces[0m
[2.778s] [  9%] [1m[34mGenerating C++ introspection for ROS interfaces[0m
[2.799s] [ 10%] [32mBuilding C object CMakeFiles/indy_interfaces__rosidl_generator_c.dir/rosidl_generator_c/indy_interfaces/srv/detail/indy_service__functions.c.o[0m
[2.799s] [ 12%] [32mBuilding C object CMakeFiles/indy_interfaces__rosidl_generator_c.dir/rosidl_generator_c/indy_interfaces/msg/detail/servo_tx__functions.c.o[0m
[2.800s] [ 14%] [32mBuilding C object CMakeFiles/indy_interfaces__rosidl_generator_c.dir/rosidl_generator_c/indy_interfaces/msg/detail/servo_rx__functions.c.o[0m
[2.800s] [ 16%] [32mBuilding C object CMakeFiles/indy_interfaces__rosidl_generator_c.dir/rosidl_generator_c/indy_interfaces/msg/detail/servo_data_array__functions.c.o[0m
[2.862s] [ 18%] [1m[32mLinking C shared library libindy_interfaces__rosidl_generator_c.so[0m
[2.893s] [ 18%] Built target indy_interfaces__rosidl_generator_c
[2.898s] [ 20%] [1m[34mGenerating C type support dispatch for ROS interfaces[0m
[2.898s] [ 21%] [1m[34mGenerating C type support for eProsima Fast-RTPS[0m
[2.899s] [ 23%] [1m[34mGenerating C introspection for ROS interfaces[0m
[3.133s] [ 25%] [32mBuilding CXX object CMakeFiles/indy_interfaces__rosidl_typesupport_cpp.dir/rosidl_typesupport_cpp/indy_interfaces/srv/indy_service__type_support.cpp.o[0m
[3.133s] [ 27%] [32mBuilding CXX object CMakeFiles/indy_interfaces__rosidl_typesupport_cpp.dir/rosidl_typesupport_cpp/indy_interfaces/msg/servo_tx__type_support.cpp.o[0m
[3.134s] [ 29%] [32mBuilding CXX object CMakeFiles/indy_interfaces__rosidl_typesupport_cpp.dir/rosidl_typesupport_cpp/indy_interfaces/msg/servo_rx__type_support.cpp.o[0m
[3.135s] [ 30%] [32mBuilding CXX object CMakeFiles/indy_interfaces__rosidl_typesupport_cpp.dir/rosidl_typesupport_cpp/indy_interfaces/msg/servo_data_array__type_support.cpp.o[0m
[3.163s] [ 32%] [32mBuilding CXX object CMakeFiles/indy_interfaces__rosidl_typesupport_introspection_cpp.dir/rosidl_typesupport_introspection_cpp/indy_interfaces/srv/detail/indy_service__type_support.cpp.o[0m
[3.163s] [ 34%] [32mBuilding CXX object CMakeFiles/indy_interfaces__rosidl_typesupport_introspection_cpp.dir/rosidl_typesupport_introspection_cpp/indy_interfaces/msg/detail/servo_tx__type_support.cpp.o[0m
[3.166s] [ 36%] [32mBuilding CXX object CMakeFiles/indy_interfaces__rosidl_typesupport_introspection_cpp.dir/rosidl_typesupport_introspection_cpp/indy_interfaces/msg/detail/servo_rx__type_support.cpp.o[0m
[3.168s] [ 38%] [32mBuilding CXX object CMakeFiles/indy_interfaces__rosidl_typesupport_introspection_cpp.dir/rosidl_typesupport_introspection_cpp/indy_interfaces/msg/detail/servo_data_array__type_support.cpp.o[0m
[3.389s] [ 40%] [32mBuilding CXX object CMakeFiles/indy_interfaces__rosidl_typesupport_c.dir/rosidl_typesupport_c/indy_interfaces/srv/indy_service__type_support.cpp.o[0m
[3.394s] [ 41%] [32mBuilding CXX object CMakeFiles/indy_interfaces__rosidl_typesupport_fastrtps_cpp.dir/rosidl_typesupport_fastrtps_cpp/indy_interfaces/srv/detail/dds_fastrtps/indy_service__type_support.cpp.o[0m
[3.463s] [ 43%] [32mBuilding CXX object CMakeFiles/indy_interfaces__rosidl_typesupport_c.dir/rosidl_typesupport_c/indy_interfaces/msg/servo_tx__type_support.cpp.o[0m
[3.520s] [ 45%] [32mBuilding C object CMakeFiles/indy_interfaces__rosidl_typesupport_introspection_c.dir/rosidl_typesupport_introspection_c/indy_interfaces/srv/detail/indy_service__type_support.c.o[0m
[3.528s] [ 47%] [32mBuilding CXX object CMakeFiles/indy_interfaces__rosidl_typesupport_c.dir/rosidl_typesupport_c/indy_interfaces/msg/servo_rx__type_support.cpp.o[0m
[3.593s] [ 49%] [32mBuilding CXX object CMakeFiles/indy_interfaces__rosidl_typesupport_c.dir/rosidl_typesupport_c/indy_interfaces/msg/servo_data_array__type_support.cpp.o[0m
[3.598s] [ 50%] [32mBuilding C object CMakeFiles/indy_interfaces__rosidl_typesupport_introspection_c.dir/rosidl_typesupport_introspection_c/indy_interfaces/msg/detail/servo_tx__type_support.c.o[0m
[3.606s] [ 52%] [32mBuilding C object CMakeFiles/indy_interfaces__rosidl_typesupport_introspection_c.dir/rosidl_typesupport_introspection_c/indy_interfaces/msg/detail/servo_rx__type_support.c.o[0m
[3.611s] [ 56%] [32mBuilding C object CMakeFiles/indy_interfaces__rosidl_typesupport_introspection_c.dir/rosidl_typesupport_introspection_c/indy_interfaces/msg/detail/servo_data_array__type_support.c.o[0m
[3.611s] [ 56%] [32mBuilding CXX object CMakeFiles/indy_interfaces__rosidl_typesupport_fastrtps_cpp.dir/rosidl_typesupport_fastrtps_cpp/indy_interfaces/msg/detail/dds_fastrtps/servo_tx__type_support.cpp.o[0m
[3.624s] [ 58%] [1m[32mLinking CXX shared library libindy_interfaces__rosidl_typesupport_cpp.so[0m
[3.642s] [ 60%] [32mBuilding CXX object CMakeFiles/indy_interfaces__rosidl_typesupport_fastrtps_cpp.dir/rosidl_typesupport_fastrtps_cpp/indy_interfaces/msg/detail/dds_fastrtps/servo_rx__type_support.cpp.o[0m
[3.646s] [ 61%] [1m[32mLinking CXX shared library libindy_interfaces__rosidl_typesupport_c.so[0m
[3.659s] [ 63%] [32mBuilding CXX object CMakeFiles/indy_interfaces__rosidl_typesupport_fastrtps_cpp.dir/rosidl_typesupport_fastrtps_cpp/indy_interfaces/msg/detail/dds_fastrtps/servo_data_array__type_support.cpp.o[0m
[3.666s] [ 65%] [1m[32mLinking C shared library libindy_interfaces__rosidl_typesupport_introspection_c.so[0m
[3.683s] [ 65%] Built target indy_interfaces__rosidl_typesupport_cpp
[3.701s] [ 65%] Built target indy_interfaces__rosidl_typesupport_introspection_c
[3.704s] [ 67%] [32mBuilding CXX object CMakeFiles/indy_interfaces__rosidl_typesupport_fastrtps_c.dir/rosidl_typesupport_fastrtps_c/indy_interfaces/msg/detail/servo_tx__type_support_c.cpp.o[0m
[3.709s] [ 69%] [32mBuilding CXX object CMakeFiles/indy_interfaces__rosidl_typesupport_fastrtps_c.dir/rosidl_typesupport_fastrtps_c/indy_interfaces/srv/detail/indy_service__type_support_c.cpp.o[0m
[3.715s] [ 69%] Built target indy_interfaces__rosidl_typesupport_c
[3.717s] [ 70%] [32mBuilding CXX object CMakeFiles/indy_interfaces__rosidl_typesupport_fastrtps_c.dir/rosidl_typesupport_fastrtps_c/indy_interfaces/msg/detail/servo_rx__type_support_c.cpp.o[0m
[3.725s] [ 72%] [32mBuilding CXX object CMakeFiles/indy_interfaces__rosidl_typesupport_fastrtps_c.dir/rosidl_typesupport_fastrtps_c/indy_interfaces/msg/detail/servo_data_array__type_support_c.cpp.o[0m
[3.901s] [ 74%] [1m[32mLinking CXX shared library libindy_interfaces__rosidl_typesupport_introspection_cpp.so[0m
[4.010s] [ 74%] Built target indy_interfaces__rosidl_typesupport_introspection_cpp
[4.263s] [ 76%] [1m[32mLinking CXX shared library libindy_interfaces__rosidl_typesupport_fastrtps_c.so[0m
[4.315s] [ 76%] Built target indy_interfaces__rosidl_typesupport_fastrtps_c
[4.333s] [ 78%] [1m[32mLinking CXX shared library libindy_interfaces__rosidl_typesupport_fastrtps_cpp.so[0m
[4.383s] [ 78%] Built target indy_interfaces__rosidl_typesupport_fastrtps_cpp
[4.391s] [ 78%] Built target indy_interfaces
[4.398s] [ 80%] [1m[34mGenerating Python code for ROS interfaces[0m
[4.938s] [ 80%] Built target indy_interfaces__py
[4.947s] [ 81%] [32mBuilding C object CMakeFiles/indy_interfaces__rosidl_generator_py.dir/rosidl_generator_py/indy_interfaces/srv/_indy_service_s.c.o[0m
[4.947s] [ 83%] [32mBuilding C object CMakeFiles/indy_interfaces__rosidl_generator_py.dir/rosidl_generator_py/indy_interfaces/msg/_servo_tx_s.c.o[0m
[4.947s] [ 85%] [32mBuilding C object CMakeFiles/indy_interfaces__rosidl_generator_py.dir/rosidl_generator_py/indy_interfaces/msg/_servo_rx_s.c.o[0m
[4.948s] [ 87%] [32mBuilding C object CMakeFiles/indy_interfaces__rosidl_generator_py.dir/rosidl_generator_py/indy_interfaces/msg/_servo_data_array_s.c.o[0m
[5.055s] [ 89%] [1m[32mLinking C shared library rosidl_generator_py/indy_interfaces/libindy_interfaces__rosidl_generator_py.so[0m
[5.078s] [ 89%] Built target indy_interfaces__rosidl_generator_py
[5.087s] [ 90%] [32mBuilding C object CMakeFiles/indy_interfaces__rosidl_typesupport_introspection_c__pyext.dir/rosidl_generator_py/indy_interfaces/_indy_interfaces_s.ep.rosidl_typesupport_introspection_c.c.o[0m
[5.088s] [ 92%] [32mBuilding C object CMakeFiles/indy_interfaces__rosidl_typesupport_fastrtps_c__pyext.dir/rosidl_generator_py/indy_interfaces/_indy_interfaces_s.ep.rosidl_typesupport_fastrtps_c.c.o[0m
[5.088s] [ 94%] [32mBuilding C object CMakeFiles/indy_interfaces__rosidl_typesupport_c__pyext.dir/rosidl_generator_py/indy_interfaces/_indy_interfaces_s.ep.rosidl_typesupport_c.c.o[0m
[5.170s] [ 96%] [1m[32mLinking C shared library rosidl_generator_py/indy_interfaces/indy_interfaces_s__rosidl_typesupport_c.cpython-310-x86_64-linux-gnu.so[0m
[5.171s] [ 98%] [1m[32mLinking C shared library rosidl_generator_py/indy_interfaces/indy_interfaces_s__rosidl_typesupport_introspection_c.cpython-310-x86_64-linux-gnu.so[0m
[5.176s] [100%] [1m[32mLinking C shared library rosidl_generator_py/indy_interfaces/indy_interfaces_s__rosidl_typesupport_fastrtps_c.cpython-310-x86_64-linux-gnu.so[0m
[5.190s] [100%] Built target indy_interfaces__rosidl_typesupport_introspection_c__pyext
[5.191s] [100%] Built target indy_interfaces__rosidl_typesupport_c__pyext
[5.198s] [100%] Built target indy_interfaces__rosidl_typesupport_fastrtps_c__pyext
[5.202s] Invoked command in '/root/common/indy-ros2/build/indy_interfaces' returned '0': CMAKE_PREFIX_PATH=/opt/ros/humble /usr/bin/cmake --build /root/common/indy-ros2/build/indy_interfaces -- -j12 -l12
[5.277s] Invoking command in '/root/common/indy-ros2/build/indy_interfaces': CMAKE_PREFIX_PATH=/opt/ros/humble /usr/bin/cmake --install /root/common/indy-ros2/build/indy_interfaces
[5.280s] -- Install configuration: ""
[5.280s] -- Installing: /root/common/indy-ros2/install/indy_interfaces/share/ament_index/resource_index/rosidl_interfaces/indy_interfaces
[5.280s] -- Installing: /root/common/indy-ros2/install/indy_interfaces/include/indy_interfaces/indy_interfaces
[5.280s] -- Installing: /root/common/indy-ros2/install/indy_interfaces/include/indy_interfaces/indy_interfaces/msg
[5.280s] -- Installing: /root/common/indy-ros2/install/indy_interfaces/include/indy_interfaces/indy_interfaces/msg/servo_rx.h
[5.280s] -- Installing: /root/common/indy-ros2/install/indy_interfaces/include/indy_interfaces/indy_interfaces/msg/detail
[5.281s] -- Installing: /root/common/indy-ros2/install/indy_interfaces/include/indy_interfaces/indy_interfaces/msg/detail/servo_rx__functions.c
[5.281s] -- Installing: /root/common/indy-ros2/install/indy_interfaces/include/indy_interfaces/indy_interfaces/msg/detail/servo_tx__type_support.h
[5.281s] -- Installing: /root/common/indy-ros2/install/indy_interfaces/include/indy_interfaces/indy_interfaces/msg/detail/servo_rx__struct.h
[5.281s] -- Installing: /root/common/indy-ros2/install/indy_interfaces/include/indy_interfaces/indy_interfaces/msg/detail/servo_data_array__struct.h
[5.281s] -- Installing: /root/common/indy-ros2/install/indy_interfaces/include/indy_interfaces/indy_interfaces/msg/detail/servo_data_array__functions.h
[5.281s] -- Installing: /root/common/indy-ros2/install/indy_interfaces/include/indy_interfaces/indy_interfaces/msg/detail/servo_data_array__type_support.h
[5.281s] -- Installing: /root/common/indy-ros2/install/indy_interfaces/include/indy_interfaces/indy_interfaces/msg/detail/servo_rx__type_support.h
[5.281s] -- Installing: /root/common/indy-ros2/install/indy_interfaces/include/indy_interfaces/indy_interfaces/msg/detail/servo_rx__functions.h
[5.281s] -- Installing: /root/common/indy-ros2/install/indy_interfaces/include/indy_interfaces/indy_interfaces/msg/detail/servo_tx__struct.h
[5.281s] -- Installing: /root/common/indy-ros2/install/indy_interfaces/include/indy_interfaces/indy_interfaces/msg/detail/servo_data_array__functions.c
[5.281s] -- Installing: /root/common/indy-ros2/install/indy_interfaces/include/indy_interfaces/indy_interfaces/msg/detail/servo_tx__functions.c
[5.281s] -- Installing: /root/common/indy-ros2/install/indy_interfaces/include/indy_interfaces/indy_interfaces/msg/detail/servo_tx__functions.h
[5.281s] -- Installing: /root/common/indy-ros2/install/indy_interfaces/include/indy_interfaces/indy_interfaces/msg/servo_data_array.h
[5.282s] -- Installing: /root/common/indy-ros2/install/indy_interfaces/include/indy_interfaces/indy_interfaces/msg/servo_tx.h
[5.282s] -- Installing: /root/common/indy-ros2/install/indy_interfaces/include/indy_interfaces/indy_interfaces/msg/rosidl_generator_c__visibility_control.h
[5.282s] -- Installing: /root/common/indy-ros2/install/indy_interfaces/include/indy_interfaces/indy_interfaces/srv
[5.282s] -- Installing: /root/common/indy-ros2/install/indy_interfaces/include/indy_interfaces/indy_interfaces/srv/detail
[5.282s] -- Installing: /root/common/indy-ros2/install/indy_interfaces/include/indy_interfaces/indy_interfaces/srv/detail/indy_service__struct.h
[5.282s] -- Installing: /root/common/indy-ros2/install/indy_interfaces/include/indy_interfaces/indy_interfaces/srv/detail/indy_service__functions.c
[5.282s] -- Installing: /root/common/indy-ros2/install/indy_interfaces/include/indy_interfaces/indy_interfaces/srv/detail/indy_service__type_support.h
[5.282s] -- Installing: /root/common/indy-ros2/install/indy_interfaces/include/indy_interfaces/indy_interfaces/srv/detail/indy_service__functions.h
[5.282s] -- Installing: /root/common/indy-ros2/install/indy_interfaces/include/indy_interfaces/indy_interfaces/srv/indy_service.h
[5.282s] -- Installing: /root/common/indy-ros2/install/indy_interfaces/share/indy_interfaces/environment/library_path.sh
[5.282s] -- Installing: /root/common/indy-ros2/install/indy_interfaces/share/indy_interfaces/environment/library_path.dsv
[5.283s] -- Installing: /root/common/indy-ros2/install/indy_interfaces/lib/libindy_interfaces__rosidl_generator_c.so
[5.283s] -- Set non-toolchain portion of runtime path of "/root/common/indy-ros2/install/indy_interfaces/lib/libindy_interfaces__rosidl_generator_c.so" to ""
[5.283s] -- Up-to-date: /root/common/indy-ros2/install/indy_interfaces/include/indy_interfaces/indy_interfaces
[5.283s] -- Up-to-date: /root/common/indy-ros2/install/indy_interfaces/include/indy_interfaces/indy_interfaces/msg
[5.283s] -- Up-to-date: /root/common/indy-ros2/install/indy_interfaces/include/indy_interfaces/indy_interfaces/msg/detail
[5.283s] -- Installing: /root/common/indy-ros2/install/indy_interfaces/include/indy_interfaces/indy_interfaces/msg/detail/servo_data_array__rosidl_typesupport_fastrtps_c.h
[5.284s] -- Installing: /root/common/indy-ros2/install/indy_interfaces/include/indy_interfaces/indy_interfaces/msg/detail/servo_rx__rosidl_typesupport_fastrtps_c.h
[5.284s] -- Installing: /root/common/indy-ros2/install/indy_interfaces/include/indy_interfaces/indy_interfaces/msg/detail/servo_tx__rosidl_typesupport_fastrtps_c.h
[5.284s] -- Installing: /root/common/indy-ros2/install/indy_interfaces/include/indy_interfaces/indy_interfaces/msg/rosidl_typesupport_fastrtps_c__visibility_control.h
[5.284s] -- Up-to-date: /root/common/indy-ros2/install/indy_interfaces/include/indy_interfaces/indy_interfaces/srv
[5.284s] -- Up-to-date: /root/common/indy-ros2/install/indy_interfaces/include/indy_interfaces/indy_interfaces/srv/detail
[5.284s] -- Installing: /root/common/indy-ros2/install/indy_interfaces/include/indy_interfaces/indy_interfaces/srv/detail/indy_service__rosidl_typesupport_fastrtps_c.h
[5.284s] -- Installing: /root/common/indy-ros2/install/indy_interfaces/lib/libindy_interfaces__rosidl_typesupport_fastrtps_c.so
[5.284s] -- Set non-toolchain portion of runtime path of "/root/common/indy-ros2/install/indy_interfaces/lib/libindy_interfaces__rosidl_typesupport_fastrtps_c.so" to ""
[5.284s] -- Up-to-date: /root/common/indy-ros2/install/indy_interfaces/include/indy_interfaces/indy_interfaces
[5.284s] -- Up-to-date: /root/common/indy-ros2/install/indy_interfaces/include/indy_interfaces/indy_interfaces/msg
[5.285s] -- Up-to-date: /root/common/indy-ros2/install/indy_interfaces/include/indy_interfaces/indy_interfaces/msg/detail
[5.285s] -- Installing: /root/common/indy-ros2/install/indy_interfaces/include/indy_interfaces/indy_interfaces/msg/detail/servo_tx__type_support.c
[5.285s] -- Installing: /root/common/indy-ros2/install/indy_interfaces/include/indy_interfaces/indy_interfaces/msg/detail/servo_data_array__type_support.c
[5.285s] -- Installing: /root/common/indy-ros2/install/indy_interfaces/include/indy_interfaces/indy_interfaces/msg/detail/servo_tx__rosidl_typesupport_introspection_c.h
[5.285s] -- Installing: /root/common/indy-ros2/install/indy_interfaces/include/indy_interfaces/indy_interfaces/msg/detail/servo_data_array__rosidl_typesupport_introspection_c.h
[5.285s] -- Installing: /root/common/indy-ros2/install/indy_interfaces/include/indy_interfaces/indy_interfaces/msg/detail/servo_rx__rosidl_typesupport_introspection_c.h
[5.285s] -- Installing: /root/common/indy-ros2/install/indy_interfaces/include/indy_interfaces/indy_interfaces/msg/detail/servo_rx__type_support.c
[5.285s] -- Installing: /root/common/indy-ros2/install/indy_interfaces/include/indy_interfaces/indy_interfaces/msg/rosidl_typesupport_introspection_c__visibility_control.h
[5.285s] -- Up-to-date: /root/common/indy-ros2/install/indy_interfaces/include/indy_interfaces/indy_interfaces/srv
[5.285s] -- Up-to-date: /root/common/indy-ros2/install/indy_interfaces/include/indy_interfaces/indy_interfaces/srv/detail
[5.285s] -- Installing: /root/common/indy-ros2/install/indy_interfaces/include/indy_interfaces/indy_interfaces/srv/detail/indy_service__type_support.c
[5.285s] -- Installing: /root/common/indy-ros2/install/indy_interfaces/include/indy_interfaces/indy_interfaces/srv/detail/indy_service__rosidl_typesupport_introspection_c.h
[5.286s] -- Installing: /root/common/indy-ros2/install/indy_interfaces/lib/libindy_interfaces__rosidl_typesupport_introspection_c.so
[5.286s] -- Set non-toolchain portion of runtime path of "/root/common/indy-ros2/install/indy_interfaces/lib/libindy_interfaces__rosidl_typesupport_introspection_c.so" to ""
[5.286s] -- Installing: /root/common/indy-ros2/install/indy_interfaces/lib/libindy_interfaces__rosidl_typesupport_c.so
[5.287s] -- Set non-toolchain portion of runtime path of "/root/common/indy-ros2/install/indy_interfaces/lib/libindy_interfaces__rosidl_typesupport_c.so" to ""
[5.287s] -- Up-to-date: /root/common/indy-ros2/install/indy_interfaces/include/indy_interfaces/indy_interfaces
[5.287s] -- Up-to-date: /root/common/indy-ros2/install/indy_interfaces/include/indy_interfaces/indy_interfaces/msg
[5.287s] -- Up-to-date: /root/common/indy-ros2/install/indy_interfaces/include/indy_interfaces/indy_interfaces/msg/detail
[5.287s] -- Installing: /root/common/indy-ros2/install/indy_interfaces/include/indy_interfaces/indy_interfaces/msg/detail/servo_tx__struct.hpp
[5.287s] -- Installing: /root/common/indy-ros2/install/indy_interfaces/include/indy_interfaces/indy_interfaces/msg/detail/servo_data_array__struct.hpp
[5.287s] -- Installing: /root/common/indy-ros2/install/indy_interfaces/include/indy_interfaces/indy_interfaces/msg/detail/servo_data_array__builder.hpp
[5.287s] -- Installing: /root/common/indy-ros2/install/indy_interfaces/include/indy_interfaces/indy_interfaces/msg/detail/servo_tx__traits.hpp
[5.287s] -- Installing: /root/common/indy-ros2/install/indy_interfaces/include/indy_interfaces/indy_interfaces/msg/detail/servo_rx__struct.hpp
[5.287s] -- Installing: /root/common/indy-ros2/install/indy_interfaces/include/indy_interfaces/indy_interfaces/msg/detail/servo_rx__traits.hpp
[5.287s] -- Installing: /root/common/indy-ros2/install/indy_interfaces/include/indy_interfaces/indy_interfaces/msg/detail/servo_tx__builder.hpp
[5.287s] -- Installing: /root/common/indy-ros2/install/indy_interfaces/include/indy_interfaces/indy_interfaces/msg/detail/servo_data_array__traits.hpp
[5.288s] -- Installing: /root/common/indy-ros2/install/indy_interfaces/include/indy_interfaces/indy_interfaces/msg/detail/servo_rx__builder.hpp
[5.288s] -- Installing: /root/common/indy-ros2/install/indy_interfaces/include/indy_interfaces/indy_interfaces/msg/servo_tx.hpp
[5.288s] -- Installing: /root/common/indy-ros2/install/indy_interfaces/include/indy_interfaces/indy_interfaces/msg/servo_rx.hpp
[5.288s] -- Installing: /root/common/indy-ros2/install/indy_interfaces/include/indy_interfaces/indy_interfaces/msg/servo_data_array.hpp
[5.288s] -- Up-to-date: /root/common/indy-ros2/install/indy_interfaces/include/indy_interfaces/indy_interfaces/srv
[5.288s] -- Installing: /root/common/indy-ros2/install/indy_interfaces/include/indy_interfaces/indy_interfaces/srv/indy_service.hpp
[5.288s] -- Up-to-date: /root/common/indy-ros2/install/indy_interfaces/include/indy_interfaces/indy_interfaces/srv/detail
[5.288s] -- Installing: /root/common/indy-ros2/install/indy_interfaces/include/indy_interfaces/indy_interfaces/srv/detail/indy_service__struct.hpp
[5.289s] -- Installing: /root/common/indy-ros2/install/indy_interfaces/include/indy_interfaces/indy_interfaces/srv/detail/indy_service__traits.hpp
[5.289s] -- Installing: /root/common/indy-ros2/install/indy_interfaces/include/indy_interfaces/indy_interfaces/srv/detail/indy_service__builder.hpp
[5.289s] -- Up-to-date: /root/common/indy-ros2/install/indy_interfaces/include/indy_interfaces/indy_interfaces
[5.289s] -- Up-to-date: /root/common/indy-ros2/install/indy_interfaces/include/indy_interfaces/indy_interfaces/msg
[5.289s] -- Up-to-date: /root/common/indy-ros2/install/indy_interfaces/include/indy_interfaces/indy_interfaces/msg/detail
[5.289s] -- Installing: /root/common/indy-ros2/install/indy_interfaces/include/indy_interfaces/indy_interfaces/msg/detail/dds_fastrtps
[5.289s] -- Installing: /root/common/indy-ros2/install/indy_interfaces/include/indy_interfaces/indy_interfaces/msg/detail/servo_data_array__rosidl_typesupport_fastrtps_cpp.hpp
[5.289s] -- Installing: /root/common/indy-ros2/install/indy_interfaces/include/indy_interfaces/indy_interfaces/msg/detail/servo_rx__rosidl_typesupport_fastrtps_cpp.hpp
[5.289s] -- Installing: /root/common/indy-ros2/install/indy_interfaces/include/indy_interfaces/indy_interfaces/msg/detail/servo_tx__rosidl_typesupport_fastrtps_cpp.hpp
[5.289s] -- Installing: /root/common/indy-ros2/install/indy_interfaces/include/indy_interfaces/indy_interfaces/msg/rosidl_typesupport_fastrtps_cpp__visibility_control.h
[5.289s] -- Up-to-date: /root/common/indy-ros2/install/indy_interfaces/include/indy_interfaces/indy_interfaces/srv
[5.289s] -- Up-to-date: /root/common/indy-ros2/install/indy_interfaces/include/indy_interfaces/indy_interfaces/srv/detail
[5.290s] -- Installing: /root/common/indy-ros2/install/indy_interfaces/include/indy_interfaces/indy_interfaces/srv/detail/dds_fastrtps
[5.290s] -- Installing: /root/common/indy-ros2/install/indy_interfaces/include/indy_interfaces/indy_interfaces/srv/detail/indy_service__rosidl_typesupport_fastrtps_cpp.hpp
[5.290s] -- Installing: /root/common/indy-ros2/install/indy_interfaces/lib/libindy_interfaces__rosidl_typesupport_fastrtps_cpp.so
[5.290s] -- Set non-toolchain portion of runtime path of "/root/common/indy-ros2/install/indy_interfaces/lib/libindy_interfaces__rosidl_typesupport_fastrtps_cpp.so" to ""
[5.290s] -- Up-to-date: /root/common/indy-ros2/install/indy_interfaces/include/indy_interfaces/indy_interfaces
[5.290s] -- Up-to-date: /root/common/indy-ros2/install/indy_interfaces/include/indy_interfaces/indy_interfaces/msg
[5.290s] -- Up-to-date: /root/common/indy-ros2/install/indy_interfaces/include/indy_interfaces/indy_interfaces/msg/detail
[5.291s] -- Installing: /root/common/indy-ros2/install/indy_interfaces/include/indy_interfaces/indy_interfaces/msg/detail/servo_rx__rosidl_typesupport_introspection_cpp.hpp
[5.291s] -- Installing: /root/common/indy-ros2/install/indy_interfaces/include/indy_interfaces/indy_interfaces/msg/detail/servo_tx__rosidl_typesupport_introspection_cpp.hpp
[5.291s] -- Installing: /root/common/indy-ros2/install/indy_interfaces/include/indy_interfaces/indy_interfaces/msg/detail/servo_tx__type_support.cpp
[5.291s] -- Installing: /root/common/indy-ros2/install/indy_interfaces/include/indy_interfaces/indy_interfaces/msg/detail/servo_rx__type_support.cpp
[5.291s] -- Installing: /root/common/indy-ros2/install/indy_interfaces/include/indy_interfaces/indy_interfaces/msg/detail/servo_data_array__type_support.cpp
[5.291s] -- Installing: /root/common/indy-ros2/install/indy_interfaces/include/indy_interfaces/indy_interfaces/msg/detail/servo_data_array__rosidl_typesupport_introspection_cpp.hpp
[5.291s] -- Up-to-date: /root/common/indy-ros2/install/indy_interfaces/include/indy_interfaces/indy_interfaces/srv
[5.291s] -- Up-to-date: /root/common/indy-ros2/install/indy_interfaces/include/indy_interfaces/indy_interfaces/srv/detail
[5.292s] -- Installing: /root/common/indy-ros2/install/indy_interfaces/include/indy_interfaces/indy_interfaces/srv/detail/indy_service__type_support.cpp
[5.292s] -- Installing: /root/common/indy-ros2/install/indy_interfaces/include/indy_interfaces/indy_interfaces/srv/detail/indy_service__rosidl_typesupport_introspection_cpp.hpp
[5.292s] -- Installing: /root/common/indy-ros2/install/indy_interfaces/lib/libindy_interfaces__rosidl_typesupport_introspection_cpp.so
[5.292s] -- Set non-toolchain portion of runtime path of "/root/common/indy-ros2/install/indy_interfaces/lib/libindy_interfaces__rosidl_typesupport_introspection_cpp.so" to ""
[5.292s] -- Installing: /root/common/indy-ros2/install/indy_interfaces/lib/libindy_interfaces__rosidl_typesupport_cpp.so
[5.293s] -- Set non-toolchain portion of runtime path of "/root/common/indy-ros2/install/indy_interfaces/lib/libindy_interfaces__rosidl_typesupport_cpp.so" to ""
[5.293s] -- Installing: /root/common/indy-ros2/install/indy_interfaces/share/indy_interfaces/environment/pythonpath.sh
[5.293s] -- Installing: /root/common/indy-ros2/install/indy_interfaces/share/indy_interfaces/environment/pythonpath.dsv
[5.293s] -- Installing: /root/common/indy-ros2/install/indy_interfaces/local/lib/python3.10/dist-packages/indy_interfaces-0.0.0-py3.10.egg-info
[5.293s] -- Installing: /root/common/indy-ros2/install/indy_interfaces/local/lib/python3.10/dist-packages/indy_interfaces-0.0.0-py3.10.egg-info/SOURCES.txt
[5.293s] -- Installing: /root/common/indy-ros2/install/indy_interfaces/local/lib/python3.10/dist-packages/indy_interfaces-0.0.0-py3.10.egg-info/PKG-INFO
[5.293s] -- Installing: /root/common/indy-ros2/install/indy_interfaces/local/lib/python3.10/dist-packages/indy_interfaces-0.0.0-py3.10.egg-info/dependency_links.txt
[5.293s] -- Installing: /root/common/indy-ros2/install/indy_interfaces/local/lib/python3.10/dist-packages/indy_interfaces-0.0.0-py3.10.egg-info/top_level.txt
[5.294s] -- Installing: /root/common/indy-ros2/install/indy_interfaces/local/lib/python3.10/dist-packages/indy_interfaces
[5.294s] -- Installing: /root/common/indy-ros2/install/indy_interfaces/local/lib/python3.10/dist-packages/indy_interfaces/_indy_interfaces_s.ep.rosidl_typesupport_introspection_c.c
[5.294s] -- Installing: /root/common/indy-ros2/install/indy_interfaces/local/lib/python3.10/dist-packages/indy_interfaces/libindy_interfaces__rosidl_generator_py.so
[5.294s] -- Installing: /root/common/indy-ros2/install/indy_interfaces/local/lib/python3.10/dist-packages/indy_interfaces/msg
[5.294s] -- Installing: /root/common/indy-ros2/install/indy_interfaces/local/lib/python3.10/dist-packages/indy_interfaces/msg/_servo_data_array_s.c
[5.294s] -- Installing: /root/common/indy-ros2/install/indy_interfaces/local/lib/python3.10/dist-packages/indy_interfaces/msg/_servo_rx.py
[5.294s] -- Installing: /root/common/indy-ros2/install/indy_interfaces/local/lib/python3.10/dist-packages/indy_interfaces/msg/_servo_data_array.py
[5.294s] -- Installing: /root/common/indy-ros2/install/indy_interfaces/local/lib/python3.10/dist-packages/indy_interfaces/msg/__init__.py
[5.294s] -- Installing: /root/common/indy-ros2/install/indy_interfaces/local/lib/python3.10/dist-packages/indy_interfaces/msg/_servo_tx.py
[5.295s] -- Installing: /root/common/indy-ros2/install/indy_interfaces/local/lib/python3.10/dist-packages/indy_interfaces/msg/_servo_rx_s.c
[5.295s] -- Installing: /root/common/indy-ros2/install/indy_interfaces/local/lib/python3.10/dist-packages/indy_interfaces/msg/_servo_tx_s.c
[5.295s] -- Installing: /root/common/indy-ros2/install/indy_interfaces/local/lib/python3.10/dist-packages/indy_interfaces/__init__.py
[5.295s] -- Installing: /root/common/indy-ros2/install/indy_interfaces/local/lib/python3.10/dist-packages/indy_interfaces/_indy_interfaces_s.ep.rosidl_typesupport_c.c
[5.295s] -- Installing: /root/common/indy-ros2/install/indy_interfaces/local/lib/python3.10/dist-packages/indy_interfaces/srv
[5.295s] -- Installing: /root/common/indy-ros2/install/indy_interfaces/local/lib/python3.10/dist-packages/indy_interfaces/srv/__init__.py
[5.295s] -- Installing: /root/common/indy-ros2/install/indy_interfaces/local/lib/python3.10/dist-packages/indy_interfaces/srv/_indy_service.py
[5.295s] -- Installing: /root/common/indy-ros2/install/indy_interfaces/local/lib/python3.10/dist-packages/indy_interfaces/srv/_indy_service_s.c
[5.295s] -- Installing: /root/common/indy-ros2/install/indy_interfaces/local/lib/python3.10/dist-packages/indy_interfaces/_indy_interfaces_s.ep.rosidl_typesupport_fastrtps_c.c
[5.296s] -- Installing: /root/common/indy-ros2/install/indy_interfaces/local/lib/python3.10/dist-packages/indy_interfaces/indy_interfaces_s__rosidl_typesupport_c.cpython-310-x86_64-linux-gnu.so
[5.296s] -- Installing: /root/common/indy-ros2/install/indy_interfaces/local/lib/python3.10/dist-packages/indy_interfaces/indy_interfaces_s__rosidl_typesupport_fastrtps_c.cpython-310-x86_64-linux-gnu.so
[5.296s] -- Installing: /root/common/indy-ros2/install/indy_interfaces/local/lib/python3.10/dist-packages/indy_interfaces/indy_interfaces_s__rosidl_typesupport_introspection_c.cpython-310-x86_64-linux-gnu.so
[5.327s] Listing '/root/common/indy-ros2/install/indy_interfaces/local/lib/python3.10/dist-packages/indy_interfaces'...
[5.327s] Compiling '/root/common/indy-ros2/install/indy_interfaces/local/lib/python3.10/dist-packages/indy_interfaces/__init__.py'...
[5.327s] Listing '/root/common/indy-ros2/install/indy_interfaces/local/lib/python3.10/dist-packages/indy_interfaces/msg'...
[5.327s] Compiling '/root/common/indy-ros2/install/indy_interfaces/local/lib/python3.10/dist-packages/indy_interfaces/msg/__init__.py'...
[5.327s] Compiling '/root/common/indy-ros2/install/indy_interfaces/local/lib/python3.10/dist-packages/indy_interfaces/msg/_servo_data_array.py'...
[5.327s] Compiling '/root/common/indy-ros2/install/indy_interfaces/local/lib/python3.10/dist-packages/indy_interfaces/msg/_servo_rx.py'...
[5.327s] Compiling '/root/common/indy-ros2/install/indy_interfaces/local/lib/python3.10/dist-packages/indy_interfaces/msg/_servo_tx.py'...
[5.327s] Listing '/root/common/indy-ros2/install/indy_interfaces/local/lib/python3.10/dist-packages/indy_interfaces/srv'...
[5.327s] Compiling '/root/common/indy-ros2/install/indy_interfaces/local/lib/python3.10/dist-packages/indy_interfaces/srv/__init__.py'...
[5.327s] Compiling '/root/common/indy-ros2/install/indy_interfaces/local/lib/python3.10/dist-packages/indy_interfaces/srv/_indy_service.py'...
[5.331s] -- Installing: /root/common/indy-ros2/install/indy_interfaces/local/lib/python3.10/dist-packages/indy_interfaces/indy_interfaces_s__rosidl_typesupport_fastrtps_c.cpython-310-x86_64-linux-gnu.so
[5.331s] -- Set non-toolchain portion of runtime path of "/root/common/indy-ros2/install/indy_interfaces/local/lib/python3.10/dist-packages/indy_interfaces/indy_interfaces_s__rosidl_typesupport_fastrtps_c.cpython-310-x86_64-linux-gnu.so" to ""
[5.331s] -- Installing: /root/common/indy-ros2/install/indy_interfaces/local/lib/python3.10/dist-packages/indy_interfaces/indy_interfaces_s__rosidl_typesupport_introspection_c.cpython-310-x86_64-linux-gnu.so
[5.332s] -- Set non-toolchain portion of runtime path of "/root/common/indy-ros2/install/indy_interfaces/local/lib/python3.10/dist-packages/indy_interfaces/indy_interfaces_s__rosidl_typesupport_introspection_c.cpython-310-x86_64-linux-gnu.so" to ""
[5.332s] -- Installing: /root/common/indy-ros2/install/indy_interfaces/local/lib/python3.10/dist-packages/indy_interfaces/indy_interfaces_s__rosidl_typesupport_c.cpython-310-x86_64-linux-gnu.so
[5.332s] -- Set non-toolchain portion of runtime path of "/root/common/indy-ros2/install/indy_interfaces/local/lib/python3.10/dist-packages/indy_interfaces/indy_interfaces_s__rosidl_typesupport_c.cpython-310-x86_64-linux-gnu.so" to ""
[5.332s] -- Installing: /root/common/indy-ros2/install/indy_interfaces/lib/libindy_interfaces__rosidl_generator_py.so
[5.333s] -- Set non-toolchain portion of runtime path of "/root/common/indy-ros2/install/indy_interfaces/lib/libindy_interfaces__rosidl_generator_py.so" to ""
[5.333s] -- Installing: /root/common/indy-ros2/install/indy_interfaces/share/indy_interfaces/srv/IndyService.idl
[5.333s] -- Installing: /root/common/indy-ros2/install/indy_interfaces/share/indy_interfaces/msg/ServoTx.idl
[5.333s] -- Installing: /root/common/indy-ros2/install/indy_interfaces/share/indy_interfaces/msg/ServoRx.idl
[5.333s] -- Installing: /root/common/indy-ros2/install/indy_interfaces/share/indy_interfaces/msg/ServoDataArray.idl
[5.333s] -- Installing: /root/common/indy-ros2/install/indy_interfaces/share/indy_interfaces/srv/IndyService.srv
[5.333s] -- Installing: /root/common/indy-ros2/install/indy_interfaces/share/indy_interfaces/srv/IndyService_Request.msg
[5.333s] -- Installing: /root/common/indy-ros2/install/indy_interfaces/share/indy_interfaces/srv/IndyService_Response.msg
[5.334s] -- Installing: /root/common/indy-ros2/install/indy_interfaces/share/indy_interfaces/msg/ServoTx.msg
[5.334s] -- Installing: /root/common/indy-ros2/install/indy_interfaces/share/indy_interfaces/msg/ServoRx.msg
[5.334s] -- Installing: /root/common/indy-ros2/install/indy_interfaces/share/indy_interfaces/msg/ServoDataArray.msg
[5.334s] -- Installing: /root/common/indy-ros2/install/indy_interfaces/share/ament_index/resource_index/package_run_dependencies/indy_interfaces
[5.334s] -- Installing: /root/common/indy-ros2/install/indy_interfaces/share/ament_index/resource_index/parent_prefix_path/indy_interfaces
[5.334s] -- Installing: /root/common/indy-ros2/install/indy_interfaces/share/indy_interfaces/environment/ament_prefix_path.sh
[5.334s] -- Installing: /root/common/indy-ros2/install/indy_interfaces/share/indy_interfaces/environment/ament_prefix_path.dsv
[5.334s] -- Installing: /root/common/indy-ros2/install/indy_interfaces/share/indy_interfaces/environment/path.sh
[5.335s] -- Installing: /root/common/indy-ros2/install/indy_interfaces/share/indy_interfaces/environment/path.dsv
[5.335s] -- Installing: /root/common/indy-ros2/install/indy_interfaces/share/indy_interfaces/local_setup.bash
[5.335s] -- Installing: /root/common/indy-ros2/install/indy_interfaces/share/indy_interfaces/local_setup.sh
[5.335s] -- Installing: /root/common/indy-ros2/install/indy_interfaces/share/indy_interfaces/local_setup.zsh
[5.335s] -- Installing: /root/common/indy-ros2/install/indy_interfaces/share/indy_interfaces/local_setup.dsv
[5.335s] -- Installing: /root/common/indy-ros2/install/indy_interfaces/share/indy_interfaces/package.dsv
[5.335s] -- Installing: /root/common/indy-ros2/install/indy_interfaces/share/ament_index/resource_index/packages/indy_interfaces
[5.335s] -- Installing: /root/common/indy-ros2/install/indy_interfaces/share/indy_interfaces/cmake/export_indy_interfaces__rosidl_generator_cExport.cmake
[5.335s] -- Installing: /root/common/indy-ros2/install/indy_interfaces/share/indy_interfaces/cmake/export_indy_interfaces__rosidl_generator_cExport-noconfig.cmake
[5.335s] -- Installing: /root/common/indy-ros2/install/indy_interfaces/share/indy_interfaces/cmake/export_indy_interfaces__rosidl_typesupport_fastrtps_cExport.cmake
[5.336s] -- Installing: /root/common/indy-ros2/install/indy_interfaces/share/indy_interfaces/cmake/export_indy_interfaces__rosidl_typesupport_fastrtps_cExport-noconfig.cmake
[5.336s] -- Installing: /root/common/indy-ros2/install/indy_interfaces/share/indy_interfaces/cmake/indy_interfaces__rosidl_typesupport_introspection_cExport.cmake
[5.336s] -- Installing: /root/common/indy-ros2/install/indy_interfaces/share/indy_interfaces/cmake/indy_interfaces__rosidl_typesupport_introspection_cExport-noconfig.cmake
[5.336s] -- Installing: /root/common/indy-ros2/install/indy_interfaces/share/indy_interfaces/cmake/indy_interfaces__rosidl_typesupport_cExport.cmake
[5.336s] -- Installing: /root/common/indy-ros2/install/indy_interfaces/share/indy_interfaces/cmake/indy_interfaces__rosidl_typesupport_cExport-noconfig.cmake
[5.336s] -- Installing: /root/common/indy-ros2/install/indy_interfaces/share/indy_interfaces/cmake/export_indy_interfaces__rosidl_generator_cppExport.cmake
[5.336s] -- Installing: /root/common/indy-ros2/install/indy_interfaces/share/indy_interfaces/cmake/export_indy_interfaces__rosidl_typesupport_fastrtps_cppExport.cmake
[5.336s] -- Installing: /root/common/indy-ros2/install/indy_interfaces/share/indy_interfaces/cmake/export_indy_interfaces__rosidl_typesupport_fastrtps_cppExport-noconfig.cmake
[5.336s] -- Installing: /root/common/indy-ros2/install/indy_interfaces/share/indy_interfaces/cmake/indy_interfaces__rosidl_typesupport_introspection_cppExport.cmake
[5.336s] -- Installing: /root/common/indy-ros2/install/indy_interfaces/share/indy_interfaces/cmake/indy_interfaces__rosidl_typesupport_introspection_cppExport-noconfig.cmake
[5.337s] -- Installing: /root/common/indy-ros2/install/indy_interfaces/share/indy_interfaces/cmake/indy_interfaces__rosidl_typesupport_cppExport.cmake
[5.337s] -- Installing: /root/common/indy-ros2/install/indy_interfaces/share/indy_interfaces/cmake/indy_interfaces__rosidl_typesupport_cppExport-noconfig.cmake
[5.337s] -- Installing: /root/common/indy-ros2/install/indy_interfaces/share/indy_interfaces/cmake/export_indy_interfaces__rosidl_generator_pyExport.cmake
[5.337s] -- Installing: /root/common/indy-ros2/install/indy_interfaces/share/indy_interfaces/cmake/export_indy_interfaces__rosidl_generator_pyExport-noconfig.cmake
[5.337s] -- Installing: /root/common/indy-ros2/install/indy_interfaces/share/indy_interfaces/cmake/rosidl_cmake-extras.cmake
[5.337s] -- Installing: /root/common/indy-ros2/install/indy_interfaces/share/indy_interfaces/cmake/ament_cmake_export_include_directories-extras.cmake
[5.337s] -- Installing: /root/common/indy-ros2/install/indy_interfaces/share/indy_interfaces/cmake/ament_cmake_export_libraries-extras.cmake
[5.337s] -- Installing: /root/common/indy-ros2/install/indy_interfaces/share/indy_interfaces/cmake/ament_cmake_export_targets-extras.cmake
[5.337s] -- Installing: /root/common/indy-ros2/install/indy_interfaces/share/indy_interfaces/cmake/rosidl_cmake_export_typesupport_targets-extras.cmake
[5.338s] -- Installing: /root/common/indy-ros2/install/indy_interfaces/share/indy_interfaces/cmake/ament_cmake_export_dependencies-extras.cmake
[5.338s] -- Installing: /root/common/indy-ros2/install/indy_interfaces/share/indy_interfaces/cmake/rosidl_cmake_export_typesupport_libraries-extras.cmake
[5.338s] -- Installing: /root/common/indy-ros2/install/indy_interfaces/share/indy_interfaces/cmake/indy_interfacesConfig.cmake
[5.338s] -- Installing: /root/common/indy-ros2/install/indy_interfaces/share/indy_interfaces/cmake/indy_interfacesConfig-version.cmake
[5.338s] -- Installing: /root/common/indy-ros2/install/indy_interfaces/share/indy_interfaces/package.xml
[5.340s] Invoked command in '/root/common/indy-ros2/build/indy_interfaces' returned '0': CMAKE_PREFIX_PATH=/opt/ros/humble /usr/bin/cmake --install /root/common/indy-ros2/build/indy_interfaces
