[0mCMake Deprecation Warning at CMakeLists.txt:1 (cmake_minimum_required):
  Compatibility with CMake < 3.10 will be removed from a future version of
  CMake.

  Update the VERSION argument <min> value.  Or, use the <min>...<max> syntax
  to tell CMake that the project requires at least <min> but has been updated
  to work with policies introduced by <max> or earlier.

[0m
-- The C compiler identification is GNU 11.4.0
-- The CXX compiler identification is GNU 11.4.0
-- Detecting C compiler ABI info
-- Detecting C compiler ABI info - done
-- Check for working C compiler: /usr/bin/cc - skipped
-- Detecting C compile features
-- Detecting C compile features - done
-- Detecting CXX compiler ABI info
-- Detecting CXX compiler ABI info - done
-- Check for working CXX compiler: /usr/bin/c++ - skipped
-- Detecting CXX compile features
-- Detecting CXX compile features - done
-- Found ament_cmake: 1.3.9 (/opt/ros/humble/share/ament_cmake/cmake)
-- Found Python3: /usr/bin/python3 (found version "3.10.12") found components: Interpreter
-- Found ament_lint_auto: 0.12.11 (/opt/ros/humble/share/ament_lint_auto/cmake)
-- Added test 'copyright' to check source files copyright and LICENSE
-- Added test 'flake8' to check Python code syntax and style conventions
-- Added test 'lint_cmake' to check CMake code style
-- Added test 'pep257' to check Python code against some of the docstring style conventions in PEP 257
-- Added test 'xmllint' to check XML markup files
-- Configuring done (0.7s)
-- Generating done (0.0s)
-- Build files have been written to: /root/common/indy-ros2/build/indy_driver
Built target ament_cmake_python_copy_indy_driver
running egg_info
creating indy_driver.egg-info
writing indy_driver.egg-info/PKG-INFO
writing dependency_links to indy_driver.egg-info/dependency_links.txt
writing top-level names to indy_driver.egg-info/top_level.txt
writing manifest file 'indy_driver.egg-info/SOURCES.txt'
reading manifest file 'indy_driver.egg-info/SOURCES.txt'
writing manifest file 'indy_driver.egg-info/SOURCES.txt'
Built target ament_cmake_python_build_indy_driver_egg
-- Install configuration: ""
-- Installing: /root/common/indy-ros2/install/indy_driver/share/indy_driver//launch
-- Installing: /root/common/indy-ros2/install/indy_driver/share/indy_driver//launch/indy_bringup.launch.py
-- Installing: /root/common/indy-ros2/install/indy_driver/share/indy_driver//controller
-- Installing: /root/common/indy-ros2/install/indy_driver/share/indy_driver//controller/indy_controllers_7dof.yaml
-- Installing: /root/common/indy-ros2/install/indy_driver/share/indy_driver//controller/indy_controllers_6dof.yaml
-- Installing: /root/common/indy-ros2/install/indy_driver/lib/indy_driver/indy_driver.py
-- Installing: /root/common/indy-ros2/install/indy_driver/lib/indy_driver/servo_joy_input.py
-- Installing: /root/common/indy-ros2/install/indy_driver/lib/indy_driver/servo_keyboard_input.py
-- Installing: /root/common/indy-ros2/install/indy_driver/lib/indy_driver/indy_define.py
-- Installing: /root/common/indy-ros2/install/indy_driver/share/indy_driver/environment/pythonpath.sh
-- Installing: /root/common/indy-ros2/install/indy_driver/share/indy_driver/environment/pythonpath.dsv
-- Installing: /root/common/indy-ros2/install/indy_driver/local/lib/python3.10/dist-packages/indy_driver-1.0.0-py3.10.egg-info
-- Installing: /root/common/indy-ros2/install/indy_driver/local/lib/python3.10/dist-packages/indy_driver-1.0.0-py3.10.egg-info/SOURCES.txt
-- Installing: /root/common/indy-ros2/install/indy_driver/local/lib/python3.10/dist-packages/indy_driver-1.0.0-py3.10.egg-info/PKG-INFO
-- Installing: /root/common/indy-ros2/install/indy_driver/local/lib/python3.10/dist-packages/indy_driver-1.0.0-py3.10.egg-info/dependency_links.txt
-- Installing: /root/common/indy-ros2/install/indy_driver/local/lib/python3.10/dist-packages/indy_driver-1.0.0-py3.10.egg-info/top_level.txt
-- Installing: /root/common/indy-ros2/install/indy_driver/local/lib/python3.10/dist-packages/indy_driver
-- Installing: /root/common/indy-ros2/install/indy_driver/local/lib/python3.10/dist-packages/indy_driver/__init__.py
-- Installing: /root/common/indy-ros2/install/indy_driver/local/lib/python3.10/dist-packages/indy_driver/indy_driver.py
-- Installing: /root/common/indy-ros2/install/indy_driver/local/lib/python3.10/dist-packages/indy_driver/servo_keyboard_input.py
-- Installing: /root/common/indy-ros2/install/indy_driver/local/lib/python3.10/dist-packages/indy_driver/indy_define.py
-- Installing: /root/common/indy-ros2/install/indy_driver/local/lib/python3.10/dist-packages/indy_driver/servo_joy_input.py
Listing '/root/common/indy-ros2/install/indy_driver/local/lib/python3.10/dist-packages/indy_driver'...
Compiling '/root/common/indy-ros2/install/indy_driver/local/lib/python3.10/dist-packages/indy_driver/__init__.py'...
Compiling '/root/common/indy-ros2/install/indy_driver/local/lib/python3.10/dist-packages/indy_driver/indy_define.py'...
Compiling '/root/common/indy-ros2/install/indy_driver/local/lib/python3.10/dist-packages/indy_driver/indy_driver.py'...
Compiling '/root/common/indy-ros2/install/indy_driver/local/lib/python3.10/dist-packages/indy_driver/servo_joy_input.py'...
Compiling '/root/common/indy-ros2/install/indy_driver/local/lib/python3.10/dist-packages/indy_driver/servo_keyboard_input.py'...
-- Installing: /root/common/indy-ros2/install/indy_driver/share/ament_index/resource_index/package_run_dependencies/indy_driver
-- Installing: /root/common/indy-ros2/install/indy_driver/share/ament_index/resource_index/parent_prefix_path/indy_driver
-- Installing: /root/common/indy-ros2/install/indy_driver/share/indy_driver/environment/ament_prefix_path.sh
-- Installing: /root/common/indy-ros2/install/indy_driver/share/indy_driver/environment/ament_prefix_path.dsv
-- Installing: /root/common/indy-ros2/install/indy_driver/share/indy_driver/environment/path.sh
-- Installing: /root/common/indy-ros2/install/indy_driver/share/indy_driver/environment/path.dsv
-- Installing: /root/common/indy-ros2/install/indy_driver/share/indy_driver/local_setup.bash
-- Installing: /root/common/indy-ros2/install/indy_driver/share/indy_driver/local_setup.sh
-- Installing: /root/common/indy-ros2/install/indy_driver/share/indy_driver/local_setup.zsh
-- Installing: /root/common/indy-ros2/install/indy_driver/share/indy_driver/local_setup.dsv
-- Installing: /root/common/indy-ros2/install/indy_driver/share/indy_driver/package.dsv
-- Installing: /root/common/indy-ros2/install/indy_driver/share/ament_index/resource_index/packages/indy_driver
-- Installing: /root/common/indy-ros2/install/indy_driver/share/indy_driver/cmake/indy_driverConfig.cmake
-- Installing: /root/common/indy-ros2/install/indy_driver/share/indy_driver/cmake/indy_driverConfig-version.cmake
-- Installing: /root/common/indy-ros2/install/indy_driver/share/indy_driver/package.xml
