[0.013s] Invoking command in '/root/common/indy-ros2/build/indy_moveit': AMENT_PREFIX_PATH=/root/common/indy-ros2/install/indy_description:${AMENT_PREFIX_PATH} CMAKE_PREFIX_PATH=/root/common/indy-ros2/install/indy_description:/opt/ros/humble /usr/bin/cmake --build /root/common/indy-ros2/build/indy_moveit -- -j12 -l12
[0.038s] Built target ament_cmake_python_copy_indy_moveit
[0.263s] running egg_info
[0.263s] writing indy_moveit.egg-info/PKG-INFO
[0.264s] writing dependency_links to indy_moveit.egg-info/dependency_links.txt
[0.264s] writing top-level names to indy_moveit.egg-info/top_level.txt
[0.265s] reading manifest file 'indy_moveit.egg-info/SOURCES.txt'
[0.266s] writing manifest file 'indy_moveit.egg-info/SOURCES.txt'
[0.289s] Built target ament_cmake_python_build_indy_moveit_egg
[0.293s] Invoked command in '/root/common/indy-ros2/build/indy_moveit' returned '0': AMENT_PREFIX_PATH=/root/common/indy-ros2/install/indy_description:${AMENT_PREFIX_PATH} CMAKE_PREFIX_PATH=/root/common/indy-ros2/install/indy_description:/opt/ros/humble /usr/bin/cmake --build /root/common/indy-ros2/build/indy_moveit -- -j12 -l12
[0.307s] Invoking command in '/root/common/indy-ros2/build/indy_moveit': AMENT_PREFIX_PATH=/root/common/indy-ros2/install/indy_description:${AMENT_PREFIX_PATH} CMAKE_PREFIX_PATH=/root/common/indy-ros2/install/indy_description:/opt/ros/humble /usr/bin/cmake --install /root/common/indy-ros2/build/indy_moveit
[0.310s] -- Install configuration: ""
[0.310s] -- Up-to-date: /root/common/indy-ros2/install/indy_moveit/share/indy_moveit//launch
[0.310s] -- Up-to-date: /root/common/indy-ros2/install/indy_moveit/share/indy_moveit//launch/moveit.launch.py
[0.310s] -- Up-to-date: /root/common/indy-ros2/install/indy_moveit/share/indy_moveit//launch/indy_moveit_real_robot.launch.py
[0.310s] -- Up-to-date: /root/common/indy-ros2/install/indy_moveit/share/indy_moveit//launch/indy_moveit_gazebo.launch.py
[0.310s] -- Up-to-date: /root/common/indy-ros2/install/indy_moveit/share/indy_moveit//moveit_config
[0.310s] -- Up-to-date: /root/common/indy-ros2/install/indy_moveit/share/indy_moveit//moveit_config/controllers_6dof.yaml
[0.310s] -- Up-to-date: /root/common/indy-ros2/install/indy_moveit/share/indy_moveit//moveit_config/ompl_planning.yaml
[0.310s] -- Up-to-date: /root/common/indy-ros2/install/indy_moveit/share/indy_moveit//moveit_config/controllers_7dof.yaml
[0.310s] -- Up-to-date: /root/common/indy-ros2/install/indy_moveit/share/indy_moveit//moveit_config/indy_servo.yaml
[0.311s] -- Up-to-date: /root/common/indy-ros2/install/indy_moveit/share/indy_moveit//moveit_config/kinematics.yaml
[0.311s] -- Up-to-date: /root/common/indy-ros2/install/indy_moveit/share/indy_moveit//rviz_config
[0.311s] -- Up-to-date: /root/common/indy-ros2/install/indy_moveit/share/indy_moveit//rviz_config/indy_moveit.rviz
[0.311s] -- Up-to-date: /root/common/indy-ros2/install/indy_moveit/share/indy_moveit//rviz_config/indy_servo.rviz
[0.311s] -- Up-to-date: /root/common/indy-ros2/install/indy_moveit/share/indy_moveit//srdf
[0.311s] -- Up-to-date: /root/common/indy-ros2/install/indy_moveit/share/indy_moveit//srdf/indy.srdf.xacro
[0.311s] -- Up-to-date: /root/common/indy-ros2/install/indy_moveit/share/indy_moveit//srdf/indy_macro.srdf.xacro
[0.311s] -- Up-to-date: /root/common/indy-ros2/install/indy_moveit/share/indy_moveit/environment/pythonpath.sh
[0.311s] -- Up-to-date: /root/common/indy-ros2/install/indy_moveit/share/indy_moveit/environment/pythonpath.dsv
[0.311s] -- Up-to-date: /root/common/indy-ros2/install/indy_moveit/local/lib/python3.10/dist-packages/indy_moveit-1.0.0-py3.10.egg-info
[0.311s] -- Installing: /root/common/indy-ros2/install/indy_moveit/local/lib/python3.10/dist-packages/indy_moveit-1.0.0-py3.10.egg-info/SOURCES.txt
[0.311s] -- Installing: /root/common/indy-ros2/install/indy_moveit/local/lib/python3.10/dist-packages/indy_moveit-1.0.0-py3.10.egg-info/PKG-INFO
[0.311s] -- Installing: /root/common/indy-ros2/install/indy_moveit/local/lib/python3.10/dist-packages/indy_moveit-1.0.0-py3.10.egg-info/dependency_links.txt
[0.311s] -- Installing: /root/common/indy-ros2/install/indy_moveit/local/lib/python3.10/dist-packages/indy_moveit-1.0.0-py3.10.egg-info/top_level.txt
[0.311s] -- Up-to-date: /root/common/indy-ros2/install/indy_moveit/local/lib/python3.10/dist-packages/indy_moveit
[0.311s] -- Up-to-date: /root/common/indy-ros2/install/indy_moveit/local/lib/python3.10/dist-packages/indy_moveit/__init__.py
[0.311s] -- Up-to-date: /root/common/indy-ros2/install/indy_moveit/local/lib/python3.10/dist-packages/indy_moveit/launch_common.py
[0.338s] Listing '/root/common/indy-ros2/install/indy_moveit/local/lib/python3.10/dist-packages/indy_moveit'...
[0.342s] -- Up-to-date: /root/common/indy-ros2/install/indy_moveit/local/lib/python3.10/dist-packages/launch_common.py
[0.369s] -- Up-to-date: /root/common/indy-ros2/install/indy_moveit/share/ament_index/resource_index/package_run_dependencies/indy_moveit
[0.370s] -- Up-to-date: /root/common/indy-ros2/install/indy_moveit/share/ament_index/resource_index/parent_prefix_path/indy_moveit
[0.370s] -- Up-to-date: /root/common/indy-ros2/install/indy_moveit/share/indy_moveit/environment/ament_prefix_path.sh
[0.370s] -- Up-to-date: /root/common/indy-ros2/install/indy_moveit/share/indy_moveit/environment/ament_prefix_path.dsv
[0.370s] -- Up-to-date: /root/common/indy-ros2/install/indy_moveit/share/indy_moveit/environment/path.sh
[0.370s] -- Up-to-date: /root/common/indy-ros2/install/indy_moveit/share/indy_moveit/environment/path.dsv
[0.370s] -- Up-to-date: /root/common/indy-ros2/install/indy_moveit/share/indy_moveit/local_setup.bash
[0.370s] -- Up-to-date: /root/common/indy-ros2/install/indy_moveit/share/indy_moveit/local_setup.sh
[0.370s] -- Up-to-date: /root/common/indy-ros2/install/indy_moveit/share/indy_moveit/local_setup.zsh
[0.370s] -- Up-to-date: /root/common/indy-ros2/install/indy_moveit/share/indy_moveit/local_setup.dsv
[0.370s] -- Installing: /root/common/indy-ros2/install/indy_moveit/share/indy_moveit/package.dsv
[0.370s] -- Up-to-date: /root/common/indy-ros2/install/indy_moveit/share/ament_index/resource_index/packages/indy_moveit
[0.371s] -- Up-to-date: /root/common/indy-ros2/install/indy_moveit/share/indy_moveit/cmake/indy_moveitConfig.cmake
[0.371s] -- Up-to-date: /root/common/indy-ros2/install/indy_moveit/share/indy_moveit/cmake/indy_moveitConfig-version.cmake
[0.372s] -- Up-to-date: /root/common/indy-ros2/install/indy_moveit/share/indy_moveit/package.xml
[0.372s] Invoked command in '/root/common/indy-ros2/build/indy_moveit' returned '0': AMENT_PREFIX_PATH=/root/common/indy-ros2/install/indy_description:${AMENT_PREFIX_PATH} CMAKE_PREFIX_PATH=/root/common/indy-ros2/install/indy_description:/opt/ros/humble /usr/bin/cmake --install /root/common/indy-ros2/build/indy_moveit
