[0.764s] DEBUG:colcon:Command line arguments: ['/usr/bin/colcon', 'build']
[0.764s] DEBUG:colcon:Parsed command line arguments: Namespace(log_base=None, log_level=None, verb_name='build', build_base='build', install_base='install', merge_install=False, symlink_install=False, test_result_base=None, continue_on_error=False, executor='parallel', parallel_workers=4, event_handlers=None, ignore_user_meta=False, metas=['./colcon.meta'], base_paths=['.'], packages_ignore=None, packages_ignore_regex=None, paths=None, packages_up_to=None, packages_up_to_regex=None, packages_above=None, packages_above_and_dependencies=None, packages_above_depth=None, packages_select_by_dep=None, packages_skip_by_dep=None, packages_skip_up_to=None, packages_select_build_failed=False, packages_skip_build_finished=False, packages_select_test_failures=False, packages_skip_test_passed=False, packages_select=None, packages_skip=None, packages_select_regex=None, packages_skip_regex=None, packages_start=None, packages_end=None, cmake_args=None, cmake_target=None, cmake_target_skip_unavailable=False, cmake_clean_cache=False, cmake_clean_first=False, cmake_force_configure=False, ament_cmake_args=None, catkin_cmake_args=None, catkin_skip_building_tests=False, mixin_files=None, mixin=None, verb_parser=<colcon_mixin.mixin.mixin_argument.MixinArgumentDecorator object at 0x7fa8a0f9a0>, verb_extension=<colcon_core.verb.build.BuildVerb object at 0x7fa89588e0>, main=<bound method BuildVerb.main of <colcon_core.verb.build.BuildVerb object at 0x7fa89588e0>>, mixin_verb=('build',))
[1.440s] Level 1:colcon.colcon_core.package_discovery:discover_packages(colcon_meta) check parameters
[1.445s] INFO:colcon.colcon_metadata.package_discovery.colcon_meta:Using configuration from '/root/.colcon/metadata/default/Gazebo.meta'
[1.447s] INFO:colcon.colcon_metadata.package_discovery.colcon_meta:Using configuration from '/root/.colcon/metadata/default/fastdds.meta'
[1.450s] INFO:colcon.colcon_metadata.package_discovery.colcon_meta:Using configuration from '/root/.colcon/metadata/default/fastrtps.meta'
[1.450s] Level 1:colcon.colcon_core.package_discovery:discover_packages(recursive) check parameters
[1.450s] Level 1:colcon.colcon_core.package_discovery:discover_packages(ignore) check parameters
[1.450s] Level 1:colcon.colcon_core.package_discovery:discover_packages(path) check parameters
[1.450s] Level 1:colcon.colcon_core.package_discovery:discover_packages(colcon_meta) discover
[1.451s] Level 1:colcon.colcon_core.package_discovery:discover_packages(recursive) discover
[1.451s] INFO:colcon.colcon_core.package_discovery:Crawling recursively for packages in '/root/common/indy-ros2'
[1.451s] Level 1:colcon.colcon_core.package_identification:_identify(.) by extensions ['ignore', 'ignore_ament_install']
[1.452s] Level 1:colcon.colcon_core.package_identification:_identify(.) by extension 'ignore'
[1.452s] Level 1:colcon.colcon_core.package_identification:_identify(.) by extension 'ignore_ament_install'
[1.452s] Level 1:colcon.colcon_core.package_identification:_identify(.) by extensions ['colcon_pkg']
[1.452s] Level 1:colcon.colcon_core.package_identification:_identify(.) by extension 'colcon_pkg'
[1.452s] Level 1:colcon.colcon_core.package_identification:_identify(.) by extensions ['colcon_meta']
[1.453s] Level 1:colcon.colcon_core.package_identification:_identify(.) by extension 'colcon_meta'
[1.453s] Level 1:colcon.colcon_core.package_identification:_identify(.) by extensions ['ros']
[1.453s] Level 1:colcon.colcon_core.package_identification:_identify(.) by extension 'ros'
[1.518s] Level 1:colcon.colcon_core.package_identification:_identify(.) by extensions ['cmake', 'python']
[1.518s] Level 1:colcon.colcon_core.package_identification:_identify(.) by extension 'cmake'
[1.518s] Level 1:colcon.colcon_core.package_identification:_identify(.) by extension 'python'
[1.519s] Level 1:colcon.colcon_core.package_identification:_identify(.) by extensions ['python_setup_py']
[1.519s] Level 1:colcon.colcon_core.package_identification:_identify(.) by extension 'python_setup_py'
[1.519s] Level 1:colcon.colcon_core.package_identification:_identify(build) by extensions ['ignore', 'ignore_ament_install']
[1.520s] Level 1:colcon.colcon_core.package_identification:_identify(build) by extension 'ignore'
[1.520s] Level 1:colcon.colcon_core.package_identification:_identify(build) ignored
[1.520s] Level 1:colcon.colcon_core.package_identification:_identify(install) by extensions ['ignore', 'ignore_ament_install']
[1.521s] Level 1:colcon.colcon_core.package_identification:_identify(install) by extension 'ignore'
[1.521s] Level 1:colcon.colcon_core.package_identification:_identify(install) ignored
[1.521s] Level 1:colcon.colcon_core.package_identification:_identify(log) by extensions ['ignore', 'ignore_ament_install']
[1.521s] Level 1:colcon.colcon_core.package_identification:_identify(log) by extension 'ignore'
[1.522s] Level 1:colcon.colcon_core.package_identification:_identify(log) ignored
[1.522s] Level 1:colcon.colcon_core.package_identification:_identify(src) by extensions ['ignore', 'ignore_ament_install']
[1.522s] Level 1:colcon.colcon_core.package_identification:_identify(src) by extension 'ignore'
[1.523s] Level 1:colcon.colcon_core.package_identification:_identify(src) by extension 'ignore_ament_install'
[1.523s] Level 1:colcon.colcon_core.package_identification:_identify(src) by extensions ['colcon_pkg']
[1.523s] Level 1:colcon.colcon_core.package_identification:_identify(src) by extension 'colcon_pkg'
[1.523s] Level 1:colcon.colcon_core.package_identification:_identify(src) by extensions ['colcon_meta']
[1.523s] Level 1:colcon.colcon_core.package_identification:_identify(src) by extension 'colcon_meta'
[1.524s] Level 1:colcon.colcon_core.package_identification:_identify(src) by extensions ['ros']
[1.524s] Level 1:colcon.colcon_core.package_identification:_identify(src) by extension 'ros'
[1.524s] Level 1:colcon.colcon_core.package_identification:_identify(src) by extensions ['cmake', 'python']
[1.524s] Level 1:colcon.colcon_core.package_identification:_identify(src) by extension 'cmake'
[1.525s] Level 1:colcon.colcon_core.package_identification:_identify(src) by extension 'python'
[1.525s] Level 1:colcon.colcon_core.package_identification:_identify(src) by extensions ['python_setup_py']
[1.525s] Level 1:colcon.colcon_core.package_identification:_identify(src) by extension 'python_setup_py'
[1.525s] Level 1:colcon.colcon_core.package_identification:_identify(src/sml_indy-ros2) by extensions ['ignore', 'ignore_ament_install']
[1.526s] Level 1:colcon.colcon_core.package_identification:_identify(src/sml_indy-ros2) by extension 'ignore'
[1.526s] Level 1:colcon.colcon_core.package_identification:_identify(src/sml_indy-ros2) by extension 'ignore_ament_install'
[1.526s] Level 1:colcon.colcon_core.package_identification:_identify(src/sml_indy-ros2) by extensions ['colcon_pkg']
[1.526s] Level 1:colcon.colcon_core.package_identification:_identify(src/sml_indy-ros2) by extension 'colcon_pkg'
[1.526s] Level 1:colcon.colcon_core.package_identification:_identify(src/sml_indy-ros2) by extensions ['colcon_meta']
[1.527s] Level 1:colcon.colcon_core.package_identification:_identify(src/sml_indy-ros2) by extension 'colcon_meta'
[1.527s] Level 1:colcon.colcon_core.package_identification:_identify(src/sml_indy-ros2) by extensions ['ros']
[1.527s] Level 1:colcon.colcon_core.package_identification:_identify(src/sml_indy-ros2) by extension 'ros'
[1.527s] Level 1:colcon.colcon_core.package_identification:_identify(src/sml_indy-ros2) by extensions ['cmake', 'python']
[1.527s] Level 1:colcon.colcon_core.package_identification:_identify(src/sml_indy-ros2) by extension 'cmake'
[1.528s] Level 1:colcon.colcon_core.package_identification:_identify(src/sml_indy-ros2) by extension 'python'
[1.528s] Level 1:colcon.colcon_core.package_identification:_identify(src/sml_indy-ros2) by extensions ['python_setup_py']
[1.528s] Level 1:colcon.colcon_core.package_identification:_identify(src/sml_indy-ros2) by extension 'python_setup_py'
[1.532s] Level 1:colcon.colcon_core.package_identification:_identify(src/sml_indy-ros2/docker) by extensions ['ignore', 'ignore_ament_install']
[1.532s] Level 1:colcon.colcon_core.package_identification:_identify(src/sml_indy-ros2/docker) by extension 'ignore'
[1.533s] Level 1:colcon.colcon_core.package_identification:_identify(src/sml_indy-ros2/docker) by extension 'ignore_ament_install'
[1.533s] Level 1:colcon.colcon_core.package_identification:_identify(src/sml_indy-ros2/docker) by extensions ['colcon_pkg']
[1.533s] Level 1:colcon.colcon_core.package_identification:_identify(src/sml_indy-ros2/docker) by extension 'colcon_pkg'
[1.533s] Level 1:colcon.colcon_core.package_identification:_identify(src/sml_indy-ros2/docker) by extensions ['colcon_meta']
[1.533s] Level 1:colcon.colcon_core.package_identification:_identify(src/sml_indy-ros2/docker) by extension 'colcon_meta'
[1.534s] Level 1:colcon.colcon_core.package_identification:_identify(src/sml_indy-ros2/docker) by extensions ['ros']
[1.534s] Level 1:colcon.colcon_core.package_identification:_identify(src/sml_indy-ros2/docker) by extension 'ros'
[1.534s] Level 1:colcon.colcon_core.package_identification:_identify(src/sml_indy-ros2/docker) by extensions ['cmake', 'python']
[1.534s] Level 1:colcon.colcon_core.package_identification:_identify(src/sml_indy-ros2/docker) by extension 'cmake'
[1.534s] Level 1:colcon.colcon_core.package_identification:_identify(src/sml_indy-ros2/docker) by extension 'python'
[1.535s] Level 1:colcon.colcon_core.package_identification:_identify(src/sml_indy-ros2/docker) by extensions ['python_setup_py']
[1.535s] Level 1:colcon.colcon_core.package_identification:_identify(src/sml_indy-ros2/docker) by extension 'python_setup_py'
[1.536s] Level 1:colcon.colcon_core.package_identification:_identify(src/sml_indy-ros2/indy_description) by extensions ['ignore', 'ignore_ament_install']
[1.536s] Level 1:colcon.colcon_core.package_identification:_identify(src/sml_indy-ros2/indy_description) by extension 'ignore'
[1.536s] Level 1:colcon.colcon_core.package_identification:_identify(src/sml_indy-ros2/indy_description) by extension 'ignore_ament_install'
[1.536s] Level 1:colcon.colcon_core.package_identification:_identify(src/sml_indy-ros2/indy_description) by extensions ['colcon_pkg']
[1.537s] Level 1:colcon.colcon_core.package_identification:_identify(src/sml_indy-ros2/indy_description) by extension 'colcon_pkg'
[1.537s] Level 1:colcon.colcon_core.package_identification:_identify(src/sml_indy-ros2/indy_description) by extensions ['colcon_meta']
[1.537s] Level 1:colcon.colcon_core.package_identification:_identify(src/sml_indy-ros2/indy_description) by extension 'colcon_meta'
[1.537s] Level 1:colcon.colcon_core.package_identification:_identify(src/sml_indy-ros2/indy_description) by extensions ['ros']
[1.537s] Level 1:colcon.colcon_core.package_identification:_identify(src/sml_indy-ros2/indy_description) by extension 'ros'
[1.552s] DEBUG:colcon.colcon_core.package_identification:Package 'src/sml_indy-ros2/indy_description' with type 'ros.ament_cmake' and name 'indy_description'
[1.553s] Level 1:colcon.colcon_core.package_identification:_identify(src/sml_indy-ros2/indy_driver) by extensions ['ignore', 'ignore_ament_install']
[1.554s] Level 1:colcon.colcon_core.package_identification:_identify(src/sml_indy-ros2/indy_driver) by extension 'ignore'
[1.554s] Level 1:colcon.colcon_core.package_identification:_identify(src/sml_indy-ros2/indy_driver) by extension 'ignore_ament_install'
[1.554s] Level 1:colcon.colcon_core.package_identification:_identify(src/sml_indy-ros2/indy_driver) by extensions ['colcon_pkg']
[1.555s] Level 1:colcon.colcon_core.package_identification:_identify(src/sml_indy-ros2/indy_driver) by extension 'colcon_pkg'
[1.555s] Level 1:colcon.colcon_core.package_identification:_identify(src/sml_indy-ros2/indy_driver) by extensions ['colcon_meta']
[1.555s] Level 1:colcon.colcon_core.package_identification:_identify(src/sml_indy-ros2/indy_driver) by extension 'colcon_meta'
[1.555s] Level 1:colcon.colcon_core.package_identification:_identify(src/sml_indy-ros2/indy_driver) by extensions ['ros']
[1.555s] Level 1:colcon.colcon_core.package_identification:_identify(src/sml_indy-ros2/indy_driver) by extension 'ros'
[1.560s] DEBUG:colcon.colcon_core.package_identification:Package 'src/sml_indy-ros2/indy_driver' with type 'ros.ament_cmake' and name 'indy_driver'
[1.561s] Level 1:colcon.colcon_core.package_identification:_identify(src/sml_indy-ros2/indy_gazebo) by extensions ['ignore', 'ignore_ament_install']
[1.561s] Level 1:colcon.colcon_core.package_identification:_identify(src/sml_indy-ros2/indy_gazebo) by extension 'ignore'
[1.561s] Level 1:colcon.colcon_core.package_identification:_identify(src/sml_indy-ros2/indy_gazebo) by extension 'ignore_ament_install'
[1.562s] Level 1:colcon.colcon_core.package_identification:_identify(src/sml_indy-ros2/indy_gazebo) by extensions ['colcon_pkg']
[1.562s] Level 1:colcon.colcon_core.package_identification:_identify(src/sml_indy-ros2/indy_gazebo) by extension 'colcon_pkg'
[1.562s] Level 1:colcon.colcon_core.package_identification:_identify(src/sml_indy-ros2/indy_gazebo) by extensions ['colcon_meta']
[1.562s] Level 1:colcon.colcon_core.package_identification:_identify(src/sml_indy-ros2/indy_gazebo) by extension 'colcon_meta'
[1.562s] Level 1:colcon.colcon_core.package_identification:_identify(src/sml_indy-ros2/indy_gazebo) by extensions ['ros']
[1.563s] Level 1:colcon.colcon_core.package_identification:_identify(src/sml_indy-ros2/indy_gazebo) by extension 'ros'
[1.566s] DEBUG:colcon.colcon_core.package_identification:Package 'src/sml_indy-ros2/indy_gazebo' with type 'ros.ament_cmake' and name 'indy_gazebo'
[1.566s] Level 1:colcon.colcon_core.package_identification:_identify(src/sml_indy-ros2/indy_interfaces) by extensions ['ignore', 'ignore_ament_install']
[1.567s] Level 1:colcon.colcon_core.package_identification:_identify(src/sml_indy-ros2/indy_interfaces) by extension 'ignore'
[1.567s] Level 1:colcon.colcon_core.package_identification:_identify(src/sml_indy-ros2/indy_interfaces) by extension 'ignore_ament_install'
[1.567s] Level 1:colcon.colcon_core.package_identification:_identify(src/sml_indy-ros2/indy_interfaces) by extensions ['colcon_pkg']
[1.567s] Level 1:colcon.colcon_core.package_identification:_identify(src/sml_indy-ros2/indy_interfaces) by extension 'colcon_pkg'
[1.568s] Level 1:colcon.colcon_core.package_identification:_identify(src/sml_indy-ros2/indy_interfaces) by extensions ['colcon_meta']
[1.568s] Level 1:colcon.colcon_core.package_identification:_identify(src/sml_indy-ros2/indy_interfaces) by extension 'colcon_meta'
[1.568s] Level 1:colcon.colcon_core.package_identification:_identify(src/sml_indy-ros2/indy_interfaces) by extensions ['ros']
[1.568s] Level 1:colcon.colcon_core.package_identification:_identify(src/sml_indy-ros2/indy_interfaces) by extension 'ros'
[1.571s] DEBUG:colcon.colcon_core.package_identification:Package 'src/sml_indy-ros2/indy_interfaces' with type 'ros.ament_cmake' and name 'indy_interfaces'
[1.572s] Level 1:colcon.colcon_core.package_identification:_identify(src/sml_indy-ros2/indy_moveit) by extensions ['ignore', 'ignore_ament_install']
[1.572s] Level 1:colcon.colcon_core.package_identification:_identify(src/sml_indy-ros2/indy_moveit) by extension 'ignore'
[1.572s] Level 1:colcon.colcon_core.package_identification:_identify(src/sml_indy-ros2/indy_moveit) by extension 'ignore_ament_install'
[1.573s] Level 1:colcon.colcon_core.package_identification:_identify(src/sml_indy-ros2/indy_moveit) by extensions ['colcon_pkg']
[1.573s] Level 1:colcon.colcon_core.package_identification:_identify(src/sml_indy-ros2/indy_moveit) by extension 'colcon_pkg'
[1.573s] Level 1:colcon.colcon_core.package_identification:_identify(src/sml_indy-ros2/indy_moveit) by extensions ['colcon_meta']
[1.573s] Level 1:colcon.colcon_core.package_identification:_identify(src/sml_indy-ros2/indy_moveit) by extension 'colcon_meta'
[1.573s] Level 1:colcon.colcon_core.package_identification:_identify(src/sml_indy-ros2/indy_moveit) by extensions ['ros']
[1.573s] Level 1:colcon.colcon_core.package_identification:_identify(src/sml_indy-ros2/indy_moveit) by extension 'ros'
[1.580s] DEBUG:colcon.colcon_core.package_identification:Package 'src/sml_indy-ros2/indy_moveit' with type 'ros.ament_cmake' and name 'indy_moveit'
[1.580s] Level 1:colcon.colcon_core.package_discovery:discover_packages(recursive) using defaults
[1.581s] Level 1:colcon.colcon_core.package_discovery:discover_packages(ignore) discover
[1.581s] Level 1:colcon.colcon_core.package_discovery:discover_packages(ignore) using defaults
[1.581s] Level 1:colcon.colcon_core.package_discovery:discover_packages(path) discover
[1.581s] Level 1:colcon.colcon_core.package_discovery:discover_packages(path) using defaults
[1.705s] Level 5:colcon.colcon_core.verb:set package 'indy_description' build argument 'cmake_args' from command line to 'None'
[1.705s] Level 5:colcon.colcon_core.verb:set package 'indy_description' build argument 'cmake_target' from command line to 'None'
[1.706s] Level 5:colcon.colcon_core.verb:set package 'indy_description' build argument 'cmake_target_skip_unavailable' from command line to 'False'
[1.706s] Level 5:colcon.colcon_core.verb:set package 'indy_description' build argument 'cmake_clean_cache' from command line to 'False'
[1.706s] Level 5:colcon.colcon_core.verb:set package 'indy_description' build argument 'cmake_clean_first' from command line to 'False'
[1.706s] Level 5:colcon.colcon_core.verb:set package 'indy_description' build argument 'cmake_force_configure' from command line to 'False'
[1.706s] Level 5:colcon.colcon_core.verb:set package 'indy_description' build argument 'ament_cmake_args' from command line to 'None'
[1.706s] Level 5:colcon.colcon_core.verb:set package 'indy_description' build argument 'catkin_cmake_args' from command line to 'None'
[1.706s] Level 5:colcon.colcon_core.verb:set package 'indy_description' build argument 'catkin_skip_building_tests' from command line to 'False'
[1.707s] DEBUG:colcon.colcon_core.verb:Building package 'indy_description' with the following arguments: {'ament_cmake_args': None, 'build_base': '/root/common/indy-ros2/build/indy_description', 'catkin_cmake_args': None, 'catkin_skip_building_tests': False, 'cmake_args': None, 'cmake_clean_cache': False, 'cmake_clean_first': False, 'cmake_force_configure': False, 'cmake_target': None, 'cmake_target_skip_unavailable': False, 'install_base': '/root/common/indy-ros2/install/indy_description', 'merge_install': False, 'path': '/root/common/indy-ros2/src/sml_indy-ros2/indy_description', 'symlink_install': False, 'test_result_base': None}
[1.708s] Level 5:colcon.colcon_core.verb:set package 'indy_interfaces' build argument 'cmake_args' from command line to 'None'
[1.709s] Level 5:colcon.colcon_core.verb:set package 'indy_interfaces' build argument 'cmake_target' from command line to 'None'
[1.709s] Level 5:colcon.colcon_core.verb:set package 'indy_interfaces' build argument 'cmake_target_skip_unavailable' from command line to 'False'
[1.709s] Level 5:colcon.colcon_core.verb:set package 'indy_interfaces' build argument 'cmake_clean_cache' from command line to 'False'
[1.709s] Level 5:colcon.colcon_core.verb:set package 'indy_interfaces' build argument 'cmake_clean_first' from command line to 'False'
[1.709s] Level 5:colcon.colcon_core.verb:set package 'indy_interfaces' build argument 'cmake_force_configure' from command line to 'False'
[1.709s] Level 5:colcon.colcon_core.verb:set package 'indy_interfaces' build argument 'ament_cmake_args' from command line to 'None'
[1.709s] Level 5:colcon.colcon_core.verb:set package 'indy_interfaces' build argument 'catkin_cmake_args' from command line to 'None'
[1.709s] Level 5:colcon.colcon_core.verb:set package 'indy_interfaces' build argument 'catkin_skip_building_tests' from command line to 'False'
[1.710s] DEBUG:colcon.colcon_core.verb:Building package 'indy_interfaces' with the following arguments: {'ament_cmake_args': None, 'build_base': '/root/common/indy-ros2/build/indy_interfaces', 'catkin_cmake_args': None, 'catkin_skip_building_tests': False, 'cmake_args': None, 'cmake_clean_cache': False, 'cmake_clean_first': False, 'cmake_force_configure': False, 'cmake_target': None, 'cmake_target_skip_unavailable': False, 'install_base': '/root/common/indy-ros2/install/indy_interfaces', 'merge_install': False, 'path': '/root/common/indy-ros2/src/sml_indy-ros2/indy_interfaces', 'symlink_install': False, 'test_result_base': None}
[1.711s] Level 5:colcon.colcon_core.verb:set package 'indy_driver' build argument 'cmake_args' from command line to 'None'
[1.711s] Level 5:colcon.colcon_core.verb:set package 'indy_driver' build argument 'cmake_target' from command line to 'None'
[1.712s] Level 5:colcon.colcon_core.verb:set package 'indy_driver' build argument 'cmake_target_skip_unavailable' from command line to 'False'
[1.712s] Level 5:colcon.colcon_core.verb:set package 'indy_driver' build argument 'cmake_clean_cache' from command line to 'False'
[1.712s] Level 5:colcon.colcon_core.verb:set package 'indy_driver' build argument 'cmake_clean_first' from command line to 'False'
[1.712s] Level 5:colcon.colcon_core.verb:set package 'indy_driver' build argument 'cmake_force_configure' from command line to 'False'
[1.712s] Level 5:colcon.colcon_core.verb:set package 'indy_driver' build argument 'ament_cmake_args' from command line to 'None'
[1.712s] Level 5:colcon.colcon_core.verb:set package 'indy_driver' build argument 'catkin_cmake_args' from command line to 'None'
[1.712s] Level 5:colcon.colcon_core.verb:set package 'indy_driver' build argument 'catkin_skip_building_tests' from command line to 'False'
[1.712s] DEBUG:colcon.colcon_core.verb:Building package 'indy_driver' with the following arguments: {'ament_cmake_args': None, 'build_base': '/root/common/indy-ros2/build/indy_driver', 'catkin_cmake_args': None, 'catkin_skip_building_tests': False, 'cmake_args': None, 'cmake_clean_cache': False, 'cmake_clean_first': False, 'cmake_force_configure': False, 'cmake_target': None, 'cmake_target_skip_unavailable': False, 'install_base': '/root/common/indy-ros2/install/indy_driver', 'merge_install': False, 'path': '/root/common/indy-ros2/src/sml_indy-ros2/indy_driver', 'symlink_install': False, 'test_result_base': None}
[1.714s] Level 5:colcon.colcon_core.verb:set package 'indy_gazebo' build argument 'cmake_args' from command line to 'None'
[1.714s] Level 5:colcon.colcon_core.verb:set package 'indy_gazebo' build argument 'cmake_target' from command line to 'None'
[1.714s] Level 5:colcon.colcon_core.verb:set package 'indy_gazebo' build argument 'cmake_target_skip_unavailable' from command line to 'False'
[1.714s] Level 5:colcon.colcon_core.verb:set package 'indy_gazebo' build argument 'cmake_clean_cache' from command line to 'False'
[1.715s] Level 5:colcon.colcon_core.verb:set package 'indy_gazebo' build argument 'cmake_clean_first' from command line to 'False'
[1.715s] Level 5:colcon.colcon_core.verb:set package 'indy_gazebo' build argument 'cmake_force_configure' from command line to 'False'
[1.715s] Level 5:colcon.colcon_core.verb:set package 'indy_gazebo' build argument 'ament_cmake_args' from command line to 'None'
[1.715s] Level 5:colcon.colcon_core.verb:set package 'indy_gazebo' build argument 'catkin_cmake_args' from command line to 'None'
[1.715s] Level 5:colcon.colcon_core.verb:set package 'indy_gazebo' build argument 'catkin_skip_building_tests' from command line to 'False'
[1.715s] DEBUG:colcon.colcon_core.verb:Building package 'indy_gazebo' with the following arguments: {'ament_cmake_args': None, 'build_base': '/root/common/indy-ros2/build/indy_gazebo', 'catkin_cmake_args': None, 'catkin_skip_building_tests': False, 'cmake_args': None, 'cmake_clean_cache': False, 'cmake_clean_first': False, 'cmake_force_configure': False, 'cmake_target': None, 'cmake_target_skip_unavailable': False, 'install_base': '/root/common/indy-ros2/install/indy_gazebo', 'merge_install': False, 'path': '/root/common/indy-ros2/src/sml_indy-ros2/indy_gazebo', 'symlink_install': False, 'test_result_base': None}
[1.717s] Level 5:colcon.colcon_core.verb:set package 'indy_moveit' build argument 'cmake_args' from command line to 'None'
[1.717s] Level 5:colcon.colcon_core.verb:set package 'indy_moveit' build argument 'cmake_target' from command line to 'None'
[1.717s] Level 5:colcon.colcon_core.verb:set package 'indy_moveit' build argument 'cmake_target_skip_unavailable' from command line to 'False'
[1.717s] Level 5:colcon.colcon_core.verb:set package 'indy_moveit' build argument 'cmake_clean_cache' from command line to 'False'
[1.717s] Level 5:colcon.colcon_core.verb:set package 'indy_moveit' build argument 'cmake_clean_first' from command line to 'False'
[1.718s] Level 5:colcon.colcon_core.verb:set package 'indy_moveit' build argument 'cmake_force_configure' from command line to 'False'
[1.718s] Level 5:colcon.colcon_core.verb:set package 'indy_moveit' build argument 'ament_cmake_args' from command line to 'None'
[1.718s] Level 5:colcon.colcon_core.verb:set package 'indy_moveit' build argument 'catkin_cmake_args' from command line to 'None'
[1.718s] Level 5:colcon.colcon_core.verb:set package 'indy_moveit' build argument 'catkin_skip_building_tests' from command line to 'False'
[1.718s] DEBUG:colcon.colcon_core.verb:Building package 'indy_moveit' with the following arguments: {'ament_cmake_args': None, 'build_base': '/root/common/indy-ros2/build/indy_moveit', 'catkin_cmake_args': None, 'catkin_skip_building_tests': False, 'cmake_args': None, 'cmake_clean_cache': False, 'cmake_clean_first': False, 'cmake_force_configure': False, 'cmake_target': None, 'cmake_target_skip_unavailable': False, 'install_base': '/root/common/indy-ros2/install/indy_moveit', 'merge_install': False, 'path': '/root/common/indy-ros2/src/sml_indy-ros2/indy_moveit', 'symlink_install': False, 'test_result_base': None}
[1.719s] INFO:colcon.colcon_core.executor:Executing jobs using 'parallel' executor
[1.724s] DEBUG:colcon.colcon_parallel_executor.executor.parallel:run_until_complete
[1.726s] INFO:colcon.colcon_ros.task.ament_cmake.build:Building ROS package in '/root/common/indy-ros2/src/sml_indy-ros2/indy_description' with build type 'ament_cmake'
[1.727s] INFO:colcon.colcon_cmake.task.cmake.build:Building CMake package in '/root/common/indy-ros2/src/sml_indy-ros2/indy_description'
[1.744s] INFO:colcon.colcon_core.plugin_system:Skipping extension 'colcon_core.shell.bat': Not used on non-Windows systems
[1.790s] INFO:colcon.colcon_core.shell:Skip shell extension 'powershell' for command environment: Not usable outside of PowerShell
[1.791s] DEBUG:colcon.colcon_core.shell:Skip shell extension 'dsv' for command environment
[1.809s] INFO:colcon.colcon_ros.task.ament_cmake.build:Building ROS package in '/root/common/indy-ros2/src/sml_indy-ros2/indy_interfaces' with build type 'ament_cmake'
[1.810s] INFO:colcon.colcon_cmake.task.cmake.build:Building CMake package in '/root/common/indy-ros2/src/sml_indy-ros2/indy_interfaces'
[1.813s] INFO:colcon.colcon_core.shell:Skip shell extension 'powershell' for command environment: Not usable outside of PowerShell
[1.813s] DEBUG:colcon.colcon_core.shell:Skip shell extension 'dsv' for command environment
[1.832s] DEBUG:colcon.colcon_core.event_handler.log_command:Invoking command in '/root/common/indy-ros2/build/indy_description': /usr/bin/cmake --build /root/common/indy-ros2/build/indy_description -- -j4 -l4
[1.884s] DEBUG:colcon.colcon_core.event_handler.log_command:Invoking command in '/root/common/indy-ros2/build/indy_interfaces': /usr/bin/cmake --build /root/common/indy-ros2/build/indy_interfaces -- -j4 -l4
[4.596s] DEBUG:colcon.colcon_core.event_handler.log_command:Invoked command in '/root/common/indy-ros2/build/indy_description' returned '2': /usr/bin/cmake --build /root/common/indy-ros2/build/indy_description -- -j4 -l4
[4.599s] DEBUG:colcon.colcon_core.event_handler.log_command:Invoked command in '/root/common/indy-ros2/build/indy_interfaces' returned '2': /usr/bin/cmake --build /root/common/indy-ros2/build/indy_interfaces -- -j4 -l4
[4.638s] Level 1:colcon.colcon_core.environment:create_environment_scripts_only(indy_description)
[4.660s] Level 1:colcon.colcon_core.environment:checking '/root/common/indy-ros2/install/indy_description' for CMake module files
[4.665s] Level 1:colcon.colcon_core.environment:checking '/root/common/indy-ros2/install/indy_description' for CMake config files
[4.681s] Level 1:colcon.colcon_core.shell:create_environment_hook('indy_description', 'cmake_prefix_path')
[4.683s] INFO:colcon.colcon_core.shell:Creating environment hook '/root/common/indy-ros2/install/indy_description/share/indy_description/hook/cmake_prefix_path.ps1'
[4.686s] INFO:colcon.colcon_core.shell:Creating environment descriptor '/root/common/indy-ros2/install/indy_description/share/indy_description/hook/cmake_prefix_path.dsv'
[4.692s] INFO:colcon.colcon_core.shell:Creating environment hook '/root/common/indy-ros2/install/indy_description/share/indy_description/hook/cmake_prefix_path.sh'
[4.697s] Level 1:colcon.colcon_core.environment:checking '/root/common/indy-ros2/install/indy_description/bin'
[4.697s] Level 1:colcon.colcon_core.environment:checking '/root/common/indy-ros2/install/indy_description/lib/pkgconfig/indy_description.pc'
[4.703s] Level 1:colcon.colcon_core.environment:checking '/root/common/indy-ros2/install/indy_description/lib/python3.10/site-packages'
[4.704s] Level 1:colcon.colcon_core.environment:checking '/root/common/indy-ros2/install/indy_description/bin'
[4.706s] INFO:colcon.colcon_core.shell:Creating package script '/root/common/indy-ros2/install/indy_description/share/indy_description/package.ps1'
[4.712s] INFO:colcon.colcon_core.shell:Creating package descriptor '/root/common/indy-ros2/install/indy_description/share/indy_description/package.dsv'
[4.718s] INFO:colcon.colcon_core.shell:Creating package script '/root/common/indy-ros2/install/indy_description/share/indy_description/package.sh'
[4.722s] INFO:colcon.colcon_core.shell:Creating package script '/root/common/indy-ros2/install/indy_description/share/indy_description/package.bash'
[4.727s] INFO:colcon.colcon_core.shell:Creating package script '/root/common/indy-ros2/install/indy_description/share/indy_description/package.zsh'
[4.731s] Level 1:colcon.colcon_core.environment:create_file_with_runtime_dependencies(/root/common/indy-ros2/install/indy_description/share/colcon-core/packages/indy_description)
[4.848s] DEBUG:colcon.colcon_parallel_executor.executor.parallel:closing loop
[4.849s] DEBUG:colcon.colcon_parallel_executor.executor.parallel:loop closed
[4.849s] DEBUG:colcon.colcon_parallel_executor.executor.parallel:run_until_complete finished with '2'
[4.849s] DEBUG:colcon.colcon_core.event_reactor:joining thread
[4.922s] INFO:colcon.colcon_core.plugin_system:Skipping extension 'colcon_notification.desktop_notification.notify_send': Could not find 'notify-send'
[4.922s] INFO:colcon.colcon_core.plugin_system:Skipping extension 'colcon_notification.desktop_notification.terminal_notifier': Not used on non-Darwin systems
[4.923s] INFO:colcon.colcon_core.plugin_system:Skipping extension 'colcon_notification.desktop_notification.win32': Not used on non-Windows systems
[4.923s] INFO:colcon.colcon_notification.desktop_notification:Sending desktop notification using 'notify2'
[5.005s] DEBUG:colcon.colcon_notification.desktop_notification.notify2:Failed to initialize notify2: org.freedesktop.DBus.Error.ServiceUnknown: The name org.freedesktop.Notifications was not provided by any .service files
[5.006s] DEBUG:colcon.colcon_core.event_reactor:joined thread
[5.008s] INFO:colcon.colcon_core.shell:Creating prefix script '/root/common/indy-ros2/install/local_setup.ps1'
[5.013s] INFO:colcon.colcon_core.shell:Creating prefix util module '/root/common/indy-ros2/install/_local_setup_util_ps1.py'
[5.023s] INFO:colcon.colcon_core.shell:Creating prefix chain script '/root/common/indy-ros2/install/setup.ps1'
[5.032s] INFO:colcon.colcon_core.shell:Creating prefix script '/root/common/indy-ros2/install/local_setup.sh'
[5.036s] INFO:colcon.colcon_core.shell:Creating prefix util module '/root/common/indy-ros2/install/_local_setup_util_sh.py'
[5.039s] INFO:colcon.colcon_core.shell:Creating prefix chain script '/root/common/indy-ros2/install/setup.sh'
[5.043s] INFO:colcon.colcon_core.shell:Creating prefix script '/root/common/indy-ros2/install/local_setup.bash'
[5.046s] INFO:colcon.colcon_core.shell:Creating prefix chain script '/root/common/indy-ros2/install/setup.bash'
[5.055s] INFO:colcon.colcon_core.shell:Creating prefix script '/root/common/indy-ros2/install/local_setup.zsh'
[5.058s] INFO:colcon.colcon_core.shell:Creating prefix chain script '/root/common/indy-ros2/install/setup.zsh'
