[0.012s] Invoking command in '/root/common/indy-ros2/build/indy_gazebo': AMENT_PREFIX_PATH=/root/common/indy-ros2/install/indy_description:${AMENT_PREFIX_PATH} CMAKE_PREFIX_PATH=/root/common/indy-ros2/install/indy_description:/opt/ros/humble /usr/bin/cmake /root/common/indy-ros2/src/sml_indy-ros2/indy_gazebo -DCMAKE_INSTALL_PREFIX=/root/common/indy-ros2/install/indy_gazebo
[0.017s] [0mCMake Deprecation Warning at CMakeLists.txt:1 (cmake_minimum_required):
[0.018s]   Compatibility with CMake < 3.10 will be removed from a future version of
[0.018s]   CMake.
[0.018s] 
[0.018s]   Update the VERSION argument <min> value.  Or, use the <min>...<max> syntax
[0.018s]   to tell CMake that the project requires at least <min> but has been updated
[0.018s]   to work with policies introduced by <max> or earlier.
[0.018s] 
[0.018s] [0m
[0.057s] -- The C compiler identification is GNU 11.4.0
[0.116s] -- The CXX compiler identification is GNU 11.4.0
[0.123s] -- Detecting C compiler ABI info
[0.173s] -- Detecting C compiler ABI info - done
[0.192s] -- Check for working C compiler: /usr/bin/cc - skipped
[0.192s] -- Detecting C compile features
[0.192s] -- Detecting C compile features - done
[0.203s] -- Detecting CXX compiler ABI info
[0.265s] -- Detecting CXX compiler ABI info - done
[0.279s] -- Check for working CXX compiler: /usr/bin/c++ - skipped
[0.280s] -- Detecting CXX compile features
[0.280s] -- Detecting CXX compile features - done
[0.289s] -- Found ament_cmake: 1.3.9 (/opt/ros/humble/share/ament_cmake/cmake)
[0.407s] -- Found Python3: /usr/bin/python3 (found version "3.10.12") found components: Interpreter
[0.512s] -- Found ament_lint_auto: 0.12.11 (/opt/ros/humble/share/ament_lint_auto/cmake)
[0.567s] -- Configuring done (0.6s)
[0.570s] -- Generating done (0.0s)
[0.571s] -- Build files have been written to: /root/common/indy-ros2/build/indy_gazebo
[0.575s] Invoked command in '/root/common/indy-ros2/build/indy_gazebo' returned '0': AMENT_PREFIX_PATH=/root/common/indy-ros2/install/indy_description:${AMENT_PREFIX_PATH} CMAKE_PREFIX_PATH=/root/common/indy-ros2/install/indy_description:/opt/ros/humble /usr/bin/cmake /root/common/indy-ros2/src/sml_indy-ros2/indy_gazebo -DCMAKE_INSTALL_PREFIX=/root/common/indy-ros2/install/indy_gazebo
[0.577s] Invoking command in '/root/common/indy-ros2/build/indy_gazebo': AMENT_PREFIX_PATH=/root/common/indy-ros2/install/indy_description:${AMENT_PREFIX_PATH} CMAKE_PREFIX_PATH=/root/common/indy-ros2/install/indy_description:/opt/ros/humble /usr/bin/cmake --build /root/common/indy-ros2/build/indy_gazebo -- -j12 -l12
[0.591s] Invoked command in '/root/common/indy-ros2/build/indy_gazebo' returned '0': AMENT_PREFIX_PATH=/root/common/indy-ros2/install/indy_description:${AMENT_PREFIX_PATH} CMAKE_PREFIX_PATH=/root/common/indy-ros2/install/indy_description:/opt/ros/humble /usr/bin/cmake --build /root/common/indy-ros2/build/indy_gazebo -- -j12 -l12
[0.606s] Invoking command in '/root/common/indy-ros2/build/indy_gazebo': AMENT_PREFIX_PATH=/root/common/indy-ros2/install/indy_description:${AMENT_PREFIX_PATH} CMAKE_PREFIX_PATH=/root/common/indy-ros2/install/indy_description:/opt/ros/humble /usr/bin/cmake --install /root/common/indy-ros2/build/indy_gazebo
[0.608s] -- Install configuration: ""
[0.608s] -- Installing: /root/common/indy-ros2/install/indy_gazebo/share/indy_gazebo//launch
[0.608s] -- Installing: /root/common/indy-ros2/install/indy_gazebo/share/indy_gazebo//launch/indy_gazebo.launch.py
[0.608s] -- Installing: /root/common/indy-ros2/install/indy_gazebo/share/indy_gazebo//controller
[0.608s] -- Installing: /root/common/indy-ros2/install/indy_gazebo/share/indy_gazebo//controller/indy_controllers_7dof.yaml
[0.608s] -- Installing: /root/common/indy-ros2/install/indy_gazebo/share/indy_gazebo//controller/indy_controllers_6dof.yaml
[0.608s] -- Installing: /root/common/indy-ros2/install/indy_gazebo/share/ament_index/resource_index/package_run_dependencies/indy_gazebo
[0.608s] -- Installing: /root/common/indy-ros2/install/indy_gazebo/share/ament_index/resource_index/parent_prefix_path/indy_gazebo
[0.609s] -- Installing: /root/common/indy-ros2/install/indy_gazebo/share/indy_gazebo/environment/ament_prefix_path.sh
[0.609s] -- Installing: /root/common/indy-ros2/install/indy_gazebo/share/indy_gazebo/environment/ament_prefix_path.dsv
[0.609s] -- Installing: /root/common/indy-ros2/install/indy_gazebo/share/indy_gazebo/environment/path.sh
[0.609s] -- Installing: /root/common/indy-ros2/install/indy_gazebo/share/indy_gazebo/environment/path.dsv
[0.609s] -- Installing: /root/common/indy-ros2/install/indy_gazebo/share/indy_gazebo/local_setup.bash
[0.609s] -- Installing: /root/common/indy-ros2/install/indy_gazebo/share/indy_gazebo/local_setup.sh
[0.609s] -- Installing: /root/common/indy-ros2/install/indy_gazebo/share/indy_gazebo/local_setup.zsh
[0.609s] -- Installing: /root/common/indy-ros2/install/indy_gazebo/share/indy_gazebo/local_setup.dsv
[0.609s] -- Installing: /root/common/indy-ros2/install/indy_gazebo/share/indy_gazebo/package.dsv
[0.610s] -- Installing: /root/common/indy-ros2/install/indy_gazebo/share/ament_index/resource_index/packages/indy_gazebo
[0.610s] -- Installing: /root/common/indy-ros2/install/indy_gazebo/share/indy_gazebo/cmake/indy_gazeboConfig.cmake
[0.610s] -- Installing: /root/common/indy-ros2/install/indy_gazebo/share/indy_gazebo/cmake/indy_gazeboConfig-version.cmake
[0.610s] -- Installing: /root/common/indy-ros2/install/indy_gazebo/share/indy_gazebo/package.xml
[0.611s] Invoked command in '/root/common/indy-ros2/build/indy_gazebo' returned '0': AMENT_PREFIX_PATH=/root/common/indy-ros2/install/indy_description:${AMENT_PREFIX_PATH} CMAKE_PREFIX_PATH=/root/common/indy-ros2/install/indy_description:/opt/ros/humble /usr/bin/cmake --install /root/common/indy-ros2/build/indy_gazebo
