running develop
running egg_info
creating ros2_examples.egg-info
writing ros2_examples.egg-info/PKG-INFO
writing dependency_links to ros2_examples.egg-info/dependency_links.txt
writing entry points to ros2_examples.egg-info/entry_points.txt
writing requirements to ros2_examples.egg-info/requires.txt
writing top-level names to ros2_examples.egg-info/top_level.txt
writing manifest file 'ros2_examples.egg-info/SOURCES.txt'
reading manifest file 'ros2_examples.egg-info/SOURCES.txt'
writing manifest file 'ros2_examples.egg-info/SOURCES.txt'
running build_ext
Creating /root/ros2_ws/src/install/ros2_examples/lib/python3.10/site-packages/ros2-examples.egg-link (link to .)
Installing service_client script to /root/ros2_ws/src/install/ros2_examples/lib/ros2_examples
Installing service_server script to /root/ros2_ws/src/install/ros2_examples/lib/ros2_examples
Installing topic_publish script to /root/ros2_ws/src/install/ros2_examples/lib/ros2_examples
Installing topic_subscribe script to /root/ros2_ws/src/install/ros2_examples/lib/ros2_examples

Installed /root/ros2_ws/src/build/ros2_examples
running symlink_data
creating /root/ros2_ws/src/install/ros2_examples/share/ament_index
creating /root/ros2_ws/src/install/ros2_examples/share/ament_index/resource_index
creating /root/ros2_ws/src/install/ros2_examples/share/ament_index/resource_index/packages
symbolically linking /root/ros2_ws/src/build/ros2_examples/resource/ros2_examples -> /root/ros2_ws/src/install/ros2_examples/share/ament_index/resource_index/packages
symbolically linking /root/ros2_ws/src/build/ros2_examples/package.xml -> /root/ros2_ws/src/install/ros2_examples/share/ros2_examples
