[0.015s] Invoking command in '/root/common/indy-ros2/build/indy_driver': AMENT_PREFIX_PATH=/root/common/indy-ros2/install/indy_description:${AMENT_PREFIX_PATH} CMAKE_PREFIX_PATH=/root/common/indy-ros2/install/indy_description:/opt/ros/humble /usr/bin/cmake --build /root/common/indy-ros2/build/indy_driver -- -j12 -l12
[0.040s] Built target ament_cmake_python_copy_indy_driver
[0.259s] running egg_info
[0.260s] writing indy_driver.egg-info/PKG-INFO
[0.260s] writing dependency_links to indy_driver.egg-info/dependency_links.txt
[0.260s] writing top-level names to indy_driver.egg-info/top_level.txt
[0.262s] reading manifest file 'indy_driver.egg-info/SOURCES.txt'
[0.263s] writing manifest file 'indy_driver.egg-info/SOURCES.txt'
[0.282s] Built target ament_cmake_python_build_indy_driver_egg
[0.287s] Invoked command in '/root/common/indy-ros2/build/indy_driver' returned '0': AMENT_PREFIX_PATH=/root/common/indy-ros2/install/indy_description:${AMENT_PREFIX_PATH} CMAKE_PREFIX_PATH=/root/common/indy-ros2/install/indy_description:/opt/ros/humble /usr/bin/cmake --build /root/common/indy-ros2/build/indy_driver -- -j12 -l12
[0.302s] Invoking command in '/root/common/indy-ros2/build/indy_driver': AMENT_PREFIX_PATH=/root/common/indy-ros2/install/indy_description:${AMENT_PREFIX_PATH} CMAKE_PREFIX_PATH=/root/common/indy-ros2/install/indy_description:/opt/ros/humble /usr/bin/cmake --install /root/common/indy-ros2/build/indy_driver
[0.306s] -- Install configuration: ""
[0.306s] -- Up-to-date: /root/common/indy-ros2/install/indy_driver/share/indy_driver//launch
[0.306s] -- Up-to-date: /root/common/indy-ros2/install/indy_driver/share/indy_driver//launch/indy_bringup.launch.py
[0.307s] -- Up-to-date: /root/common/indy-ros2/install/indy_driver/share/indy_driver//controller
[0.307s] -- Up-to-date: /root/common/indy-ros2/install/indy_driver/share/indy_driver//controller/indy_controllers_7dof.yaml
[0.307s] -- Up-to-date: /root/common/indy-ros2/install/indy_driver/share/indy_driver//controller/indy_controllers_6dof.yaml
[0.307s] -- Up-to-date: /root/common/indy-ros2/install/indy_driver/lib/indy_driver/indy_driver.py
[0.307s] -- Up-to-date: /root/common/indy-ros2/install/indy_driver/lib/indy_driver/servo_joy_input.py
[0.307s] -- Up-to-date: /root/common/indy-ros2/install/indy_driver/lib/indy_driver/servo_keyboard_input.py
[0.307s] -- Up-to-date: /root/common/indy-ros2/install/indy_driver/lib/indy_driver/indy_define.py
[0.307s] -- Up-to-date: /root/common/indy-ros2/install/indy_driver/share/indy_driver/environment/pythonpath.sh
[0.307s] -- Up-to-date: /root/common/indy-ros2/install/indy_driver/share/indy_driver/environment/pythonpath.dsv
[0.307s] -- Up-to-date: /root/common/indy-ros2/install/indy_driver/local/lib/python3.10/dist-packages/indy_driver-1.0.0-py3.10.egg-info
[0.307s] -- Installing: /root/common/indy-ros2/install/indy_driver/local/lib/python3.10/dist-packages/indy_driver-1.0.0-py3.10.egg-info/SOURCES.txt
[0.308s] -- Installing: /root/common/indy-ros2/install/indy_driver/local/lib/python3.10/dist-packages/indy_driver-1.0.0-py3.10.egg-info/PKG-INFO
[0.308s] -- Installing: /root/common/indy-ros2/install/indy_driver/local/lib/python3.10/dist-packages/indy_driver-1.0.0-py3.10.egg-info/dependency_links.txt
[0.308s] -- Installing: /root/common/indy-ros2/install/indy_driver/local/lib/python3.10/dist-packages/indy_driver-1.0.0-py3.10.egg-info/top_level.txt
[0.308s] -- Up-to-date: /root/common/indy-ros2/install/indy_driver/local/lib/python3.10/dist-packages/indy_driver
[0.308s] -- Up-to-date: /root/common/indy-ros2/install/indy_driver/local/lib/python3.10/dist-packages/indy_driver/__init__.py
[0.308s] -- Up-to-date: /root/common/indy-ros2/install/indy_driver/local/lib/python3.10/dist-packages/indy_driver/indy_driver.py
[0.308s] -- Up-to-date: /root/common/indy-ros2/install/indy_driver/local/lib/python3.10/dist-packages/indy_driver/servo_keyboard_input.py
[0.308s] -- Up-to-date: /root/common/indy-ros2/install/indy_driver/local/lib/python3.10/dist-packages/indy_driver/indy_define.py
[0.308s] -- Up-to-date: /root/common/indy-ros2/install/indy_driver/local/lib/python3.10/dist-packages/indy_driver/servo_joy_input.py
[0.335s] Listing '/root/common/indy-ros2/install/indy_driver/local/lib/python3.10/dist-packages/indy_driver'...
[0.340s] -- Up-to-date: /root/common/indy-ros2/install/indy_driver/share/ament_index/resource_index/package_run_dependencies/indy_driver
[0.340s] -- Up-to-date: /root/common/indy-ros2/install/indy_driver/share/ament_index/resource_index/parent_prefix_path/indy_driver
[0.340s] -- Up-to-date: /root/common/indy-ros2/install/indy_driver/share/indy_driver/environment/ament_prefix_path.sh
[0.340s] -- Up-to-date: /root/common/indy-ros2/install/indy_driver/share/indy_driver/environment/ament_prefix_path.dsv
[0.340s] -- Up-to-date: /root/common/indy-ros2/install/indy_driver/share/indy_driver/environment/path.sh
[0.340s] -- Up-to-date: /root/common/indy-ros2/install/indy_driver/share/indy_driver/environment/path.dsv
[0.340s] -- Up-to-date: /root/common/indy-ros2/install/indy_driver/share/indy_driver/local_setup.bash
[0.340s] -- Up-to-date: /root/common/indy-ros2/install/indy_driver/share/indy_driver/local_setup.sh
[0.340s] -- Up-to-date: /root/common/indy-ros2/install/indy_driver/share/indy_driver/local_setup.zsh
[0.341s] -- Up-to-date: /root/common/indy-ros2/install/indy_driver/share/indy_driver/local_setup.dsv
[0.341s] -- Installing: /root/common/indy-ros2/install/indy_driver/share/indy_driver/package.dsv
[0.341s] -- Up-to-date: /root/common/indy-ros2/install/indy_driver/share/ament_index/resource_index/packages/indy_driver
[0.341s] -- Up-to-date: /root/common/indy-ros2/install/indy_driver/share/indy_driver/cmake/indy_driverConfig.cmake
[0.341s] -- Up-to-date: /root/common/indy-ros2/install/indy_driver/share/indy_driver/cmake/indy_driverConfig-version.cmake
[0.341s] -- Up-to-date: /root/common/indy-ros2/install/indy_driver/share/indy_driver/package.xml
[0.342s] Invoked command in '/root/common/indy-ros2/build/indy_driver' returned '0': AMENT_PREFIX_PATH=/root/common/indy-ros2/install/indy_description:${AMENT_PREFIX_PATH} CMAKE_PREFIX_PATH=/root/common/indy-ros2/install/indy_description:/opt/ros/humble /usr/bin/cmake --install /root/common/indy-ros2/build/indy_driver
