[0.183s] DEBUG:colcon:Command line arguments: ['/usr/bin/colcon', 'build']
[0.183s] DEBUG:colcon:Parsed command line arguments: Namespace(log_base=None, log_level=None, verb_name='build', build_base='build', install_base='install', merge_install=False, symlink_install=False, test_result_base=None, continue_on_error=False, executor='parallel', parallel_workers=12, event_handlers=None, ignore_user_meta=False, metas=['./colcon.meta'], base_paths=['.'], packages_ignore=None, packages_ignore_regex=None, paths=None, packages_up_to=None, packages_up_to_regex=None, packages_above=None, packages_above_and_dependencies=None, packages_above_depth=None, packages_select_by_dep=None, packages_skip_by_dep=None, packages_skip_up_to=None, packages_select_build_failed=False, packages_skip_build_finished=False, packages_select_test_failures=False, packages_skip_test_passed=False, packages_select=None, packages_skip=None, packages_select_regex=None, packages_skip_regex=None, packages_start=None, packages_end=None, cmake_args=None, cmake_target=None, cmake_target_skip_unavailable=False, cmake_clean_cache=False, cmake_clean_first=False, cmake_force_configure=False, ament_cmake_args=None, catkin_cmake_args=None, catkin_skip_building_tests=False, mixin_files=None, mixin=None, verb_parser=<colcon_mixin.mixin.mixin_argument.MixinArgumentDecorator object at 0x7f6f9e6d6410>, verb_extension=<colcon_core.verb.build.BuildVerb object at 0x7f6f9e85e800>, main=<bound method BuildVerb.main of <colcon_core.verb.build.BuildVerb object at 0x7f6f9e85e800>>, mixin_verb=('build',))
[0.370s] Level 1:colcon.colcon_core.package_discovery:discover_packages(colcon_meta) check parameters
[0.370s] Level 1:colcon.colcon_core.package_discovery:discover_packages(recursive) check parameters
[0.370s] Level 1:colcon.colcon_core.package_discovery:discover_packages(ignore) check parameters
[0.370s] Level 1:colcon.colcon_core.package_discovery:discover_packages(path) check parameters
[0.370s] Level 1:colcon.colcon_core.package_discovery:discover_packages(colcon_meta) discover
[0.370s] Level 1:colcon.colcon_core.package_discovery:discover_packages(recursive) discover
[0.370s] INFO:colcon.colcon_core.package_discovery:Crawling recursively for packages in '/root/common/indy-ros2'
[0.370s] Level 1:colcon.colcon_core.package_identification:_identify(.) by extensions ['ignore', 'ignore_ament_install']
[0.370s] Level 1:colcon.colcon_core.package_identification:_identify(.) by extension 'ignore'
[0.370s] Level 1:colcon.colcon_core.package_identification:_identify(.) by extension 'ignore_ament_install'
[0.371s] Level 1:colcon.colcon_core.package_identification:_identify(.) by extensions ['colcon_pkg']
[0.371s] Level 1:colcon.colcon_core.package_identification:_identify(.) by extension 'colcon_pkg'
[0.371s] Level 1:colcon.colcon_core.package_identification:_identify(.) by extensions ['colcon_meta']
[0.371s] Level 1:colcon.colcon_core.package_identification:_identify(.) by extension 'colcon_meta'
[0.371s] Level 1:colcon.colcon_core.package_identification:_identify(.) by extensions ['ros']
[0.371s] Level 1:colcon.colcon_core.package_identification:_identify(.) by extension 'ros'
[0.381s] Level 1:colcon.colcon_core.package_identification:_identify(.) by extensions ['cmake', 'python']
[0.381s] Level 1:colcon.colcon_core.package_identification:_identify(.) by extension 'cmake'
[0.381s] Level 1:colcon.colcon_core.package_identification:_identify(.) by extension 'python'
[0.381s] Level 1:colcon.colcon_core.package_identification:_identify(.) by extensions ['python_setup_py']
[0.382s] Level 1:colcon.colcon_core.package_identification:_identify(.) by extension 'python_setup_py'
[0.382s] Level 1:colcon.colcon_core.package_identification:_identify(build) by extensions ['ignore', 'ignore_ament_install']
[0.382s] Level 1:colcon.colcon_core.package_identification:_identify(build) by extension 'ignore'
[0.382s] Level 1:colcon.colcon_core.package_identification:_identify(build) ignored
[0.382s] Level 1:colcon.colcon_core.package_identification:_identify(install) by extensions ['ignore', 'ignore_ament_install']
[0.382s] Level 1:colcon.colcon_core.package_identification:_identify(install) by extension 'ignore'
[0.382s] Level 1:colcon.colcon_core.package_identification:_identify(install) ignored
[0.382s] Level 1:colcon.colcon_core.package_identification:_identify(log) by extensions ['ignore', 'ignore_ament_install']
[0.382s] Level 1:colcon.colcon_core.package_identification:_identify(log) by extension 'ignore'
[0.382s] Level 1:colcon.colcon_core.package_identification:_identify(log) ignored
[0.382s] Level 1:colcon.colcon_core.package_identification:_identify(src) by extensions ['ignore', 'ignore_ament_install']
[0.382s] Level 1:colcon.colcon_core.package_identification:_identify(src) by extension 'ignore'
[0.382s] Level 1:colcon.colcon_core.package_identification:_identify(src) by extension 'ignore_ament_install'
[0.382s] Level 1:colcon.colcon_core.package_identification:_identify(src) by extensions ['colcon_pkg']
[0.382s] Level 1:colcon.colcon_core.package_identification:_identify(src) by extension 'colcon_pkg'
[0.382s] Level 1:colcon.colcon_core.package_identification:_identify(src) by extensions ['colcon_meta']
[0.382s] Level 1:colcon.colcon_core.package_identification:_identify(src) by extension 'colcon_meta'
[0.382s] Level 1:colcon.colcon_core.package_identification:_identify(src) by extensions ['ros']
[0.382s] Level 1:colcon.colcon_core.package_identification:_identify(src) by extension 'ros'
[0.382s] Level 1:colcon.colcon_core.package_identification:_identify(src) by extensions ['cmake', 'python']
[0.383s] Level 1:colcon.colcon_core.package_identification:_identify(src) by extension 'cmake'
[0.383s] Level 1:colcon.colcon_core.package_identification:_identify(src) by extension 'python'
[0.383s] Level 1:colcon.colcon_core.package_identification:_identify(src) by extensions ['python_setup_py']
[0.383s] Level 1:colcon.colcon_core.package_identification:_identify(src) by extension 'python_setup_py'
[0.383s] Level 1:colcon.colcon_core.package_identification:_identify(src/sml_indy-ros2) by extensions ['ignore', 'ignore_ament_install']
[0.383s] Level 1:colcon.colcon_core.package_identification:_identify(src/sml_indy-ros2) by extension 'ignore'
[0.383s] Level 1:colcon.colcon_core.package_identification:_identify(src/sml_indy-ros2) by extension 'ignore_ament_install'
[0.383s] Level 1:colcon.colcon_core.package_identification:_identify(src/sml_indy-ros2) by extensions ['colcon_pkg']
[0.383s] Level 1:colcon.colcon_core.package_identification:_identify(src/sml_indy-ros2) by extension 'colcon_pkg'
[0.383s] Level 1:colcon.colcon_core.package_identification:_identify(src/sml_indy-ros2) by extensions ['colcon_meta']
[0.383s] Level 1:colcon.colcon_core.package_identification:_identify(src/sml_indy-ros2) by extension 'colcon_meta'
[0.383s] Level 1:colcon.colcon_core.package_identification:_identify(src/sml_indy-ros2) by extensions ['ros']
[0.383s] Level 1:colcon.colcon_core.package_identification:_identify(src/sml_indy-ros2) by extension 'ros'
[0.383s] Level 1:colcon.colcon_core.package_identification:_identify(src/sml_indy-ros2) by extensions ['cmake', 'python']
[0.383s] Level 1:colcon.colcon_core.package_identification:_identify(src/sml_indy-ros2) by extension 'cmake'
[0.383s] Level 1:colcon.colcon_core.package_identification:_identify(src/sml_indy-ros2) by extension 'python'
[0.383s] Level 1:colcon.colcon_core.package_identification:_identify(src/sml_indy-ros2) by extensions ['python_setup_py']
[0.383s] Level 1:colcon.colcon_core.package_identification:_identify(src/sml_indy-ros2) by extension 'python_setup_py'
[0.383s] Level 1:colcon.colcon_core.package_identification:_identify(src/sml_indy-ros2/docker) by extensions ['ignore', 'ignore_ament_install']
[0.383s] Level 1:colcon.colcon_core.package_identification:_identify(src/sml_indy-ros2/docker) by extension 'ignore'
[0.383s] Level 1:colcon.colcon_core.package_identification:_identify(src/sml_indy-ros2/docker) by extension 'ignore_ament_install'
[0.383s] Level 1:colcon.colcon_core.package_identification:_identify(src/sml_indy-ros2/docker) by extensions ['colcon_pkg']
[0.383s] Level 1:colcon.colcon_core.package_identification:_identify(src/sml_indy-ros2/docker) by extension 'colcon_pkg'
[0.383s] Level 1:colcon.colcon_core.package_identification:_identify(src/sml_indy-ros2/docker) by extensions ['colcon_meta']
[0.383s] Level 1:colcon.colcon_core.package_identification:_identify(src/sml_indy-ros2/docker) by extension 'colcon_meta'
[0.384s] Level 1:colcon.colcon_core.package_identification:_identify(src/sml_indy-ros2/docker) by extensions ['ros']
[0.384s] Level 1:colcon.colcon_core.package_identification:_identify(src/sml_indy-ros2/docker) by extension 'ros'
[0.384s] Level 1:colcon.colcon_core.package_identification:_identify(src/sml_indy-ros2/docker) by extensions ['cmake', 'python']
[0.384s] Level 1:colcon.colcon_core.package_identification:_identify(src/sml_indy-ros2/docker) by extension 'cmake'
[0.384s] Level 1:colcon.colcon_core.package_identification:_identify(src/sml_indy-ros2/docker) by extension 'python'
[0.384s] Level 1:colcon.colcon_core.package_identification:_identify(src/sml_indy-ros2/docker) by extensions ['python_setup_py']
[0.384s] Level 1:colcon.colcon_core.package_identification:_identify(src/sml_indy-ros2/docker) by extension 'python_setup_py'
[0.384s] Level 1:colcon.colcon_core.package_identification:_identify(src/sml_indy-ros2/indy_description) by extensions ['ignore', 'ignore_ament_install']
[0.384s] Level 1:colcon.colcon_core.package_identification:_identify(src/sml_indy-ros2/indy_description) by extension 'ignore'
[0.384s] Level 1:colcon.colcon_core.package_identification:_identify(src/sml_indy-ros2/indy_description) by extension 'ignore_ament_install'
[0.384s] Level 1:colcon.colcon_core.package_identification:_identify(src/sml_indy-ros2/indy_description) by extensions ['colcon_pkg']
[0.384s] Level 1:colcon.colcon_core.package_identification:_identify(src/sml_indy-ros2/indy_description) by extension 'colcon_pkg'
[0.384s] Level 1:colcon.colcon_core.package_identification:_identify(src/sml_indy-ros2/indy_description) by extensions ['colcon_meta']
[0.384s] Level 1:colcon.colcon_core.package_identification:_identify(src/sml_indy-ros2/indy_description) by extension 'colcon_meta'
[0.384s] Level 1:colcon.colcon_core.package_identification:_identify(src/sml_indy-ros2/indy_description) by extensions ['ros']
[0.384s] Level 1:colcon.colcon_core.package_identification:_identify(src/sml_indy-ros2/indy_description) by extension 'ros'
[0.386s] DEBUG:colcon.colcon_core.package_identification:Package 'src/sml_indy-ros2/indy_description' with type 'ros.ament_cmake' and name 'indy_description'
[0.387s] Level 1:colcon.colcon_core.package_identification:_identify(src/sml_indy-ros2/indy_driver) by extensions ['ignore', 'ignore_ament_install']
[0.387s] Level 1:colcon.colcon_core.package_identification:_identify(src/sml_indy-ros2/indy_driver) by extension 'ignore'
[0.387s] Level 1:colcon.colcon_core.package_identification:_identify(src/sml_indy-ros2/indy_driver) by extension 'ignore_ament_install'
[0.387s] Level 1:colcon.colcon_core.package_identification:_identify(src/sml_indy-ros2/indy_driver) by extensions ['colcon_pkg']
[0.387s] Level 1:colcon.colcon_core.package_identification:_identify(src/sml_indy-ros2/indy_driver) by extension 'colcon_pkg'
[0.387s] Level 1:colcon.colcon_core.package_identification:_identify(src/sml_indy-ros2/indy_driver) by extensions ['colcon_meta']
[0.387s] Level 1:colcon.colcon_core.package_identification:_identify(src/sml_indy-ros2/indy_driver) by extension 'colcon_meta'
[0.387s] Level 1:colcon.colcon_core.package_identification:_identify(src/sml_indy-ros2/indy_driver) by extensions ['ros']
[0.387s] Level 1:colcon.colcon_core.package_identification:_identify(src/sml_indy-ros2/indy_driver) by extension 'ros'
[0.388s] DEBUG:colcon.colcon_core.package_identification:Package 'src/sml_indy-ros2/indy_driver' with type 'ros.ament_cmake' and name 'indy_driver'
[0.388s] Level 1:colcon.colcon_core.package_identification:_identify(src/sml_indy-ros2/indy_gazebo) by extensions ['ignore', 'ignore_ament_install']
[0.388s] Level 1:colcon.colcon_core.package_identification:_identify(src/sml_indy-ros2/indy_gazebo) by extension 'ignore'
[0.388s] Level 1:colcon.colcon_core.package_identification:_identify(src/sml_indy-ros2/indy_gazebo) by extension 'ignore_ament_install'
[0.388s] Level 1:colcon.colcon_core.package_identification:_identify(src/sml_indy-ros2/indy_gazebo) by extensions ['colcon_pkg']
[0.388s] Level 1:colcon.colcon_core.package_identification:_identify(src/sml_indy-ros2/indy_gazebo) by extension 'colcon_pkg'
[0.388s] Level 1:colcon.colcon_core.package_identification:_identify(src/sml_indy-ros2/indy_gazebo) by extensions ['colcon_meta']
[0.388s] Level 1:colcon.colcon_core.package_identification:_identify(src/sml_indy-ros2/indy_gazebo) by extension 'colcon_meta'
[0.388s] Level 1:colcon.colcon_core.package_identification:_identify(src/sml_indy-ros2/indy_gazebo) by extensions ['ros']
[0.388s] Level 1:colcon.colcon_core.package_identification:_identify(src/sml_indy-ros2/indy_gazebo) by extension 'ros'
[0.389s] DEBUG:colcon.colcon_core.package_identification:Package 'src/sml_indy-ros2/indy_gazebo' with type 'ros.ament_cmake' and name 'indy_gazebo'
[0.389s] Level 1:colcon.colcon_core.package_identification:_identify(src/sml_indy-ros2/indy_interfaces) by extensions ['ignore', 'ignore_ament_install']
[0.389s] Level 1:colcon.colcon_core.package_identification:_identify(src/sml_indy-ros2/indy_interfaces) by extension 'ignore'
[0.389s] Level 1:colcon.colcon_core.package_identification:_identify(src/sml_indy-ros2/indy_interfaces) by extension 'ignore_ament_install'
[0.389s] Level 1:colcon.colcon_core.package_identification:_identify(src/sml_indy-ros2/indy_interfaces) by extensions ['colcon_pkg']
[0.389s] Level 1:colcon.colcon_core.package_identification:_identify(src/sml_indy-ros2/indy_interfaces) by extension 'colcon_pkg'
[0.389s] Level 1:colcon.colcon_core.package_identification:_identify(src/sml_indy-ros2/indy_interfaces) by extensions ['colcon_meta']
[0.389s] Level 1:colcon.colcon_core.package_identification:_identify(src/sml_indy-ros2/indy_interfaces) by extension 'colcon_meta'
[0.389s] Level 1:colcon.colcon_core.package_identification:_identify(src/sml_indy-ros2/indy_interfaces) by extensions ['ros']
[0.389s] Level 1:colcon.colcon_core.package_identification:_identify(src/sml_indy-ros2/indy_interfaces) by extension 'ros'
[0.390s] DEBUG:colcon.colcon_core.package_identification:Package 'src/sml_indy-ros2/indy_interfaces' with type 'ros.ament_cmake' and name 'indy_interfaces'
[0.390s] Level 1:colcon.colcon_core.package_identification:_identify(src/sml_indy-ros2/indy_moveit) by extensions ['ignore', 'ignore_ament_install']
[0.390s] Level 1:colcon.colcon_core.package_identification:_identify(src/sml_indy-ros2/indy_moveit) by extension 'ignore'
[0.390s] Level 1:colcon.colcon_core.package_identification:_identify(src/sml_indy-ros2/indy_moveit) by extension 'ignore_ament_install'
[0.390s] Level 1:colcon.colcon_core.package_identification:_identify(src/sml_indy-ros2/indy_moveit) by extensions ['colcon_pkg']
[0.390s] Level 1:colcon.colcon_core.package_identification:_identify(src/sml_indy-ros2/indy_moveit) by extension 'colcon_pkg'
[0.390s] Level 1:colcon.colcon_core.package_identification:_identify(src/sml_indy-ros2/indy_moveit) by extensions ['colcon_meta']
[0.390s] Level 1:colcon.colcon_core.package_identification:_identify(src/sml_indy-ros2/indy_moveit) by extension 'colcon_meta'
[0.390s] Level 1:colcon.colcon_core.package_identification:_identify(src/sml_indy-ros2/indy_moveit) by extensions ['ros']
[0.390s] Level 1:colcon.colcon_core.package_identification:_identify(src/sml_indy-ros2/indy_moveit) by extension 'ros'
[0.391s] DEBUG:colcon.colcon_core.package_identification:Package 'src/sml_indy-ros2/indy_moveit' with type 'ros.ament_cmake' and name 'indy_moveit'
[0.391s] Level 1:colcon.colcon_core.package_discovery:discover_packages(recursive) using defaults
[0.391s] Level 1:colcon.colcon_core.package_discovery:discover_packages(ignore) discover
[0.391s] Level 1:colcon.colcon_core.package_discovery:discover_packages(ignore) using defaults
[0.391s] Level 1:colcon.colcon_core.package_discovery:discover_packages(path) discover
[0.391s] Level 1:colcon.colcon_core.package_discovery:discover_packages(path) using defaults
[0.412s] Level 5:colcon.colcon_core.verb:set package 'indy_description' build argument 'cmake_args' from command line to 'None'
[0.412s] Level 5:colcon.colcon_core.verb:set package 'indy_description' build argument 'cmake_target' from command line to 'None'
[0.412s] Level 5:colcon.colcon_core.verb:set package 'indy_description' build argument 'cmake_target_skip_unavailable' from command line to 'False'
[0.412s] Level 5:colcon.colcon_core.verb:set package 'indy_description' build argument 'cmake_clean_cache' from command line to 'False'
[0.412s] Level 5:colcon.colcon_core.verb:set package 'indy_description' build argument 'cmake_clean_first' from command line to 'False'
[0.412s] Level 5:colcon.colcon_core.verb:set package 'indy_description' build argument 'cmake_force_configure' from command line to 'False'
[0.412s] Level 5:colcon.colcon_core.verb:set package 'indy_description' build argument 'ament_cmake_args' from command line to 'None'
[0.412s] Level 5:colcon.colcon_core.verb:set package 'indy_description' build argument 'catkin_cmake_args' from command line to 'None'
[0.412s] Level 5:colcon.colcon_core.verb:set package 'indy_description' build argument 'catkin_skip_building_tests' from command line to 'False'
[0.412s] DEBUG:colcon.colcon_core.verb:Building package 'indy_description' with the following arguments: {'ament_cmake_args': None, 'build_base': '/root/common/indy-ros2/build/indy_description', 'catkin_cmake_args': None, 'catkin_skip_building_tests': False, 'cmake_args': None, 'cmake_clean_cache': False, 'cmake_clean_first': False, 'cmake_force_configure': False, 'cmake_target': None, 'cmake_target_skip_unavailable': False, 'install_base': '/root/common/indy-ros2/install/indy_description', 'merge_install': False, 'path': '/root/common/indy-ros2/src/sml_indy-ros2/indy_description', 'symlink_install': False, 'test_result_base': None}
[0.412s] Level 5:colcon.colcon_core.verb:set package 'indy_interfaces' build argument 'cmake_args' from command line to 'None'
[0.412s] Level 5:colcon.colcon_core.verb:set package 'indy_interfaces' build argument 'cmake_target' from command line to 'None'
[0.412s] Level 5:colcon.colcon_core.verb:set package 'indy_interfaces' build argument 'cmake_target_skip_unavailable' from command line to 'False'
[0.412s] Level 5:colcon.colcon_core.verb:set package 'indy_interfaces' build argument 'cmake_clean_cache' from command line to 'False'
[0.412s] Level 5:colcon.colcon_core.verb:set package 'indy_interfaces' build argument 'cmake_clean_first' from command line to 'False'
[0.412s] Level 5:colcon.colcon_core.verb:set package 'indy_interfaces' build argument 'cmake_force_configure' from command line to 'False'
[0.412s] Level 5:colcon.colcon_core.verb:set package 'indy_interfaces' build argument 'ament_cmake_args' from command line to 'None'
[0.412s] Level 5:colcon.colcon_core.verb:set package 'indy_interfaces' build argument 'catkin_cmake_args' from command line to 'None'
[0.412s] Level 5:colcon.colcon_core.verb:set package 'indy_interfaces' build argument 'catkin_skip_building_tests' from command line to 'False'
[0.413s] DEBUG:colcon.colcon_core.verb:Building package 'indy_interfaces' with the following arguments: {'ament_cmake_args': None, 'build_base': '/root/common/indy-ros2/build/indy_interfaces', 'catkin_cmake_args': None, 'catkin_skip_building_tests': False, 'cmake_args': None, 'cmake_clean_cache': False, 'cmake_clean_first': False, 'cmake_force_configure': False, 'cmake_target': None, 'cmake_target_skip_unavailable': False, 'install_base': '/root/common/indy-ros2/install/indy_interfaces', 'merge_install': False, 'path': '/root/common/indy-ros2/src/sml_indy-ros2/indy_interfaces', 'symlink_install': False, 'test_result_base': None}
[0.413s] Level 5:colcon.colcon_core.verb:set package 'indy_driver' build argument 'cmake_args' from command line to 'None'
[0.413s] Level 5:colcon.colcon_core.verb:set package 'indy_driver' build argument 'cmake_target' from command line to 'None'
[0.413s] Level 5:colcon.colcon_core.verb:set package 'indy_driver' build argument 'cmake_target_skip_unavailable' from command line to 'False'
[0.413s] Level 5:colcon.colcon_core.verb:set package 'indy_driver' build argument 'cmake_clean_cache' from command line to 'False'
[0.413s] Level 5:colcon.colcon_core.verb:set package 'indy_driver' build argument 'cmake_clean_first' from command line to 'False'
[0.413s] Level 5:colcon.colcon_core.verb:set package 'indy_driver' build argument 'cmake_force_configure' from command line to 'False'
[0.413s] Level 5:colcon.colcon_core.verb:set package 'indy_driver' build argument 'ament_cmake_args' from command line to 'None'
[0.413s] Level 5:colcon.colcon_core.verb:set package 'indy_driver' build argument 'catkin_cmake_args' from command line to 'None'
[0.413s] Level 5:colcon.colcon_core.verb:set package 'indy_driver' build argument 'catkin_skip_building_tests' from command line to 'False'
[0.413s] DEBUG:colcon.colcon_core.verb:Building package 'indy_driver' with the following arguments: {'ament_cmake_args': None, 'build_base': '/root/common/indy-ros2/build/indy_driver', 'catkin_cmake_args': None, 'catkin_skip_building_tests': False, 'cmake_args': None, 'cmake_clean_cache': False, 'cmake_clean_first': False, 'cmake_force_configure': False, 'cmake_target': None, 'cmake_target_skip_unavailable': False, 'install_base': '/root/common/indy-ros2/install/indy_driver', 'merge_install': False, 'path': '/root/common/indy-ros2/src/sml_indy-ros2/indy_driver', 'symlink_install': False, 'test_result_base': None}
[0.413s] Level 5:colcon.colcon_core.verb:set package 'indy_gazebo' build argument 'cmake_args' from command line to 'None'
[0.413s] Level 5:colcon.colcon_core.verb:set package 'indy_gazebo' build argument 'cmake_target' from command line to 'None'
[0.413s] Level 5:colcon.colcon_core.verb:set package 'indy_gazebo' build argument 'cmake_target_skip_unavailable' from command line to 'False'
[0.413s] Level 5:colcon.colcon_core.verb:set package 'indy_gazebo' build argument 'cmake_clean_cache' from command line to 'False'
[0.413s] Level 5:colcon.colcon_core.verb:set package 'indy_gazebo' build argument 'cmake_clean_first' from command line to 'False'
[0.413s] Level 5:colcon.colcon_core.verb:set package 'indy_gazebo' build argument 'cmake_force_configure' from command line to 'False'
[0.413s] Level 5:colcon.colcon_core.verb:set package 'indy_gazebo' build argument 'ament_cmake_args' from command line to 'None'
[0.413s] Level 5:colcon.colcon_core.verb:set package 'indy_gazebo' build argument 'catkin_cmake_args' from command line to 'None'
[0.413s] Level 5:colcon.colcon_core.verb:set package 'indy_gazebo' build argument 'catkin_skip_building_tests' from command line to 'False'
[0.413s] DEBUG:colcon.colcon_core.verb:Building package 'indy_gazebo' with the following arguments: {'ament_cmake_args': None, 'build_base': '/root/common/indy-ros2/build/indy_gazebo', 'catkin_cmake_args': None, 'catkin_skip_building_tests': False, 'cmake_args': None, 'cmake_clean_cache': False, 'cmake_clean_first': False, 'cmake_force_configure': False, 'cmake_target': None, 'cmake_target_skip_unavailable': False, 'install_base': '/root/common/indy-ros2/install/indy_gazebo', 'merge_install': False, 'path': '/root/common/indy-ros2/src/sml_indy-ros2/indy_gazebo', 'symlink_install': False, 'test_result_base': None}
[0.414s] Level 5:colcon.colcon_core.verb:set package 'indy_moveit' build argument 'cmake_args' from command line to 'None'
[0.414s] Level 5:colcon.colcon_core.verb:set package 'indy_moveit' build argument 'cmake_target' from command line to 'None'
[0.414s] Level 5:colcon.colcon_core.verb:set package 'indy_moveit' build argument 'cmake_target_skip_unavailable' from command line to 'False'
[0.414s] Level 5:colcon.colcon_core.verb:set package 'indy_moveit' build argument 'cmake_clean_cache' from command line to 'False'
[0.414s] Level 5:colcon.colcon_core.verb:set package 'indy_moveit' build argument 'cmake_clean_first' from command line to 'False'
[0.414s] Level 5:colcon.colcon_core.verb:set package 'indy_moveit' build argument 'cmake_force_configure' from command line to 'False'
[0.414s] Level 5:colcon.colcon_core.verb:set package 'indy_moveit' build argument 'ament_cmake_args' from command line to 'None'
[0.414s] Level 5:colcon.colcon_core.verb:set package 'indy_moveit' build argument 'catkin_cmake_args' from command line to 'None'
[0.414s] Level 5:colcon.colcon_core.verb:set package 'indy_moveit' build argument 'catkin_skip_building_tests' from command line to 'False'
[0.414s] DEBUG:colcon.colcon_core.verb:Building package 'indy_moveit' with the following arguments: {'ament_cmake_args': None, 'build_base': '/root/common/indy-ros2/build/indy_moveit', 'catkin_cmake_args': None, 'catkin_skip_building_tests': False, 'cmake_args': None, 'cmake_clean_cache': False, 'cmake_clean_first': False, 'cmake_force_configure': False, 'cmake_target': None, 'cmake_target_skip_unavailable': False, 'install_base': '/root/common/indy-ros2/install/indy_moveit', 'merge_install': False, 'path': '/root/common/indy-ros2/src/sml_indy-ros2/indy_moveit', 'symlink_install': False, 'test_result_base': None}
[0.414s] INFO:colcon.colcon_core.executor:Executing jobs using 'parallel' executor
[0.415s] DEBUG:colcon.colcon_parallel_executor.executor.parallel:run_until_complete
[0.415s] INFO:colcon.colcon_ros.task.ament_cmake.build:Building ROS package in '/root/common/indy-ros2/src/sml_indy-ros2/indy_description' with build type 'ament_cmake'
[0.416s] INFO:colcon.colcon_cmake.task.cmake.build:Building CMake package in '/root/common/indy-ros2/src/sml_indy-ros2/indy_description'
[0.419s] INFO:colcon.colcon_core.plugin_system:Skipping extension 'colcon_core.shell.bat': Not used on non-Windows systems
[0.419s] INFO:colcon.colcon_core.shell:Skip shell extension 'powershell' for command environment: Not usable outside of PowerShell
[0.419s] DEBUG:colcon.colcon_core.shell:Skip shell extension 'dsv' for command environment
[0.432s] INFO:colcon.colcon_ros.task.ament_cmake.build:Building ROS package in '/root/common/indy-ros2/src/sml_indy-ros2/indy_interfaces' with build type 'ament_cmake'
[0.432s] INFO:colcon.colcon_cmake.task.cmake.build:Building CMake package in '/root/common/indy-ros2/src/sml_indy-ros2/indy_interfaces'
[0.433s] INFO:colcon.colcon_core.shell:Skip shell extension 'powershell' for command environment: Not usable outside of PowerShell
[0.433s] DEBUG:colcon.colcon_core.shell:Skip shell extension 'dsv' for command environment
[0.439s] DEBUG:colcon.colcon_core.event_handler.log_command:Invoking command in '/root/common/indy-ros2/build/indy_description': CMAKE_PREFIX_PATH=/opt/ros/humble /usr/bin/cmake --build /root/common/indy-ros2/build/indy_description -- -j12 -l12
[0.445s] DEBUG:colcon.colcon_core.event_handler.log_command:Invoking command in '/root/common/indy-ros2/build/indy_interfaces': CMAKE_PREFIX_PATH=/opt/ros/humble /usr/bin/cmake --build /root/common/indy-ros2/build/indy_interfaces -- -j12 -l12
[0.486s] DEBUG:colcon.colcon_core.event_handler.log_command:Invoked command in '/root/common/indy-ros2/build/indy_description' returned '0': CMAKE_PREFIX_PATH=/opt/ros/humble /usr/bin/cmake --build /root/common/indy-ros2/build/indy_description -- -j12 -l12
[0.506s] DEBUG:colcon.colcon_core.event_handler.log_command:Invoking command in '/root/common/indy-ros2/build/indy_description': CMAKE_PREFIX_PATH=/opt/ros/humble /usr/bin/cmake --install /root/common/indy-ros2/build/indy_description
[0.519s] Level 1:colcon.colcon_core.environment:create_environment_scripts_only(indy_description)
[0.528s] Level 1:colcon.colcon_core.environment:checking '/root/common/indy-ros2/install/indy_description' for CMake module files
[0.529s] Level 1:colcon.colcon_core.environment:checking '/root/common/indy-ros2/install/indy_description' for CMake config files
[0.540s] Level 1:colcon.colcon_core.shell:create_environment_hook('indy_description', 'cmake_prefix_path')
[0.540s] INFO:colcon.colcon_core.shell:Creating environment hook '/root/common/indy-ros2/install/indy_description/share/indy_description/hook/cmake_prefix_path.ps1'
[0.541s] INFO:colcon.colcon_core.shell:Creating environment descriptor '/root/common/indy-ros2/install/indy_description/share/indy_description/hook/cmake_prefix_path.dsv'
[0.542s] INFO:colcon.colcon_core.shell:Creating environment hook '/root/common/indy-ros2/install/indy_description/share/indy_description/hook/cmake_prefix_path.sh'
[0.544s] Level 1:colcon.colcon_core.environment:checking '/root/common/indy-ros2/install/indy_description/bin'
[0.544s] Level 1:colcon.colcon_core.environment:checking '/root/common/indy-ros2/install/indy_description/lib/pkgconfig/indy_description.pc'
[0.546s] Level 1:colcon.colcon_core.environment:checking '/root/common/indy-ros2/install/indy_description/lib/python3.10/site-packages'
[0.547s] Level 1:colcon.colcon_core.environment:checking '/root/common/indy-ros2/install/indy_description/bin'
[0.547s] INFO:colcon.colcon_core.shell:Creating package script '/root/common/indy-ros2/install/indy_description/share/indy_description/package.ps1'
[0.548s] INFO:colcon.colcon_core.shell:Creating package descriptor '/root/common/indy-ros2/install/indy_description/share/indy_description/package.dsv'
[0.550s] INFO:colcon.colcon_core.shell:Creating package script '/root/common/indy-ros2/install/indy_description/share/indy_description/package.sh'
[0.551s] INFO:colcon.colcon_core.shell:Creating package script '/root/common/indy-ros2/install/indy_description/share/indy_description/package.bash'
[0.552s] INFO:colcon.colcon_core.shell:Creating package script '/root/common/indy-ros2/install/indy_description/share/indy_description/package.zsh'
[0.553s] Level 1:colcon.colcon_core.environment:create_file_with_runtime_dependencies(/root/common/indy-ros2/install/indy_description/share/colcon-core/packages/indy_description)
[0.561s] DEBUG:colcon.colcon_core.event_handler.log_command:Invoked command in '/root/common/indy-ros2/build/indy_description' returned '0': CMAKE_PREFIX_PATH=/opt/ros/humble /usr/bin/cmake --install /root/common/indy-ros2/build/indy_description
[0.567s] Level 1:colcon.colcon_core.environment:create_environment_scripts_only(indy_description)
[0.567s] Level 1:colcon.colcon_core.environment:checking '/root/common/indy-ros2/install/indy_description' for CMake module files
[0.567s] Level 1:colcon.colcon_core.environment:checking '/root/common/indy-ros2/install/indy_description' for CMake config files
[0.568s] Level 1:colcon.colcon_core.shell:create_environment_hook('indy_description', 'cmake_prefix_path')
[0.568s] INFO:colcon.colcon_core.shell:Creating environment hook '/root/common/indy-ros2/install/indy_description/share/indy_description/hook/cmake_prefix_path.ps1'
[0.569s] INFO:colcon.colcon_core.shell:Creating environment descriptor '/root/common/indy-ros2/install/indy_description/share/indy_description/hook/cmake_prefix_path.dsv'
[0.569s] INFO:colcon.colcon_core.shell:Creating environment hook '/root/common/indy-ros2/install/indy_description/share/indy_description/hook/cmake_prefix_path.sh'
[0.569s] Level 1:colcon.colcon_core.environment:checking '/root/common/indy-ros2/install/indy_description/bin'
[0.569s] Level 1:colcon.colcon_core.environment:checking '/root/common/indy-ros2/install/indy_description/lib/pkgconfig/indy_description.pc'
[0.570s] Level 1:colcon.colcon_core.environment:checking '/root/common/indy-ros2/install/indy_description/lib/python3.10/site-packages'
[0.570s] Level 1:colcon.colcon_core.environment:checking '/root/common/indy-ros2/install/indy_description/bin'
[0.570s] INFO:colcon.colcon_core.shell:Creating package script '/root/common/indy-ros2/install/indy_description/share/indy_description/package.ps1'
[0.571s] INFO:colcon.colcon_core.shell:Creating package descriptor '/root/common/indy-ros2/install/indy_description/share/indy_description/package.dsv'
[0.571s] INFO:colcon.colcon_core.shell:Creating package script '/root/common/indy-ros2/install/indy_description/share/indy_description/package.sh'
[0.571s] INFO:colcon.colcon_core.shell:Creating package script '/root/common/indy-ros2/install/indy_description/share/indy_description/package.bash'
[0.571s] INFO:colcon.colcon_core.shell:Creating package script '/root/common/indy-ros2/install/indy_description/share/indy_description/package.zsh'
[0.572s] Level 1:colcon.colcon_core.environment:create_file_with_runtime_dependencies(/root/common/indy-ros2/install/indy_description/share/colcon-core/packages/indy_description)
[0.572s] INFO:colcon.colcon_ros.task.ament_cmake.build:Building ROS package in '/root/common/indy-ros2/src/sml_indy-ros2/indy_driver' with build type 'ament_cmake'
[0.572s] INFO:colcon.colcon_cmake.task.cmake.build:Building CMake package in '/root/common/indy-ros2/src/sml_indy-ros2/indy_driver'
[0.572s] INFO:colcon.colcon_core.shell:Skip shell extension 'powershell' for command environment: Not usable outside of PowerShell
[0.572s] DEBUG:colcon.colcon_core.shell:Skip shell extension 'dsv' for command environment
[0.576s] INFO:colcon.colcon_ros.task.ament_cmake.build:Building ROS package in '/root/common/indy-ros2/src/sml_indy-ros2/indy_gazebo' with build type 'ament_cmake'
[0.576s] INFO:colcon.colcon_cmake.task.cmake.build:Building CMake package in '/root/common/indy-ros2/src/sml_indy-ros2/indy_gazebo'
[0.576s] INFO:colcon.colcon_core.shell:Skip shell extension 'powershell' for command environment: Not usable outside of PowerShell
[0.576s] DEBUG:colcon.colcon_core.shell:Skip shell extension 'dsv' for command environment
[0.580s] INFO:colcon.colcon_ros.task.ament_cmake.build:Building ROS package in '/root/common/indy-ros2/src/sml_indy-ros2/indy_moveit' with build type 'ament_cmake'
[0.580s] INFO:colcon.colcon_cmake.task.cmake.build:Building CMake package in '/root/common/indy-ros2/src/sml_indy-ros2/indy_moveit'
[0.580s] INFO:colcon.colcon_core.shell:Skip shell extension 'powershell' for command environment: Not usable outside of PowerShell
[0.580s] DEBUG:colcon.colcon_core.shell:Skip shell extension 'dsv' for command environment
[0.588s] DEBUG:colcon.colcon_core.event_handler.log_command:Invoking command in '/root/common/indy-ros2/build/indy_driver': AMENT_PREFIX_PATH=/root/common/indy-ros2/install/indy_description:${AMENT_PREFIX_PATH} CMAKE_PREFIX_PATH=/root/common/indy-ros2/install/indy_description:/opt/ros/humble /usr/bin/cmake --build /root/common/indy-ros2/build/indy_driver -- -j12 -l12
[0.592s] DEBUG:colcon.colcon_core.event_handler.log_command:Invoking command in '/root/common/indy-ros2/build/indy_gazebo': AMENT_PREFIX_PATH=/root/common/indy-ros2/install/indy_description:${AMENT_PREFIX_PATH} CMAKE_PREFIX_PATH=/root/common/indy-ros2/install/indy_description:/opt/ros/humble /usr/bin/cmake --build /root/common/indy-ros2/build/indy_gazebo -- -j12 -l12
[0.595s] DEBUG:colcon.colcon_core.event_handler.log_command:Invoking command in '/root/common/indy-ros2/build/indy_moveit': AMENT_PREFIX_PATH=/root/common/indy-ros2/install/indy_description:${AMENT_PREFIX_PATH} CMAKE_PREFIX_PATH=/root/common/indy-ros2/install/indy_description:/opt/ros/humble /usr/bin/cmake --build /root/common/indy-ros2/build/indy_moveit -- -j12 -l12
[0.605s] DEBUG:colcon.colcon_core.event_handler.log_command:Invoked command in '/root/common/indy-ros2/build/indy_gazebo' returned '0': AMENT_PREFIX_PATH=/root/common/indy-ros2/install/indy_description:${AMENT_PREFIX_PATH} CMAKE_PREFIX_PATH=/root/common/indy-ros2/install/indy_description:/opt/ros/humble /usr/bin/cmake --build /root/common/indy-ros2/build/indy_gazebo -- -j12 -l12
[0.621s] DEBUG:colcon.colcon_core.event_handler.log_command:Invoking command in '/root/common/indy-ros2/build/indy_gazebo': AMENT_PREFIX_PATH=/root/common/indy-ros2/install/indy_description:${AMENT_PREFIX_PATH} CMAKE_PREFIX_PATH=/root/common/indy-ros2/install/indy_description:/opt/ros/humble /usr/bin/cmake --install /root/common/indy-ros2/build/indy_gazebo
[0.626s] Level 1:colcon.colcon_core.environment:create_environment_scripts_only(indy_gazebo)
[0.626s] Level 1:colcon.colcon_core.environment:checking '/root/common/indy-ros2/install/indy_gazebo' for CMake module files
[0.627s] DEBUG:colcon.colcon_core.event_handler.log_command:Invoked command in '/root/common/indy-ros2/build/indy_gazebo' returned '0': AMENT_PREFIX_PATH=/root/common/indy-ros2/install/indy_description:${AMENT_PREFIX_PATH} CMAKE_PREFIX_PATH=/root/common/indy-ros2/install/indy_description:/opt/ros/humble /usr/bin/cmake --install /root/common/indy-ros2/build/indy_gazebo
[0.627s] Level 1:colcon.colcon_core.environment:checking '/root/common/indy-ros2/install/indy_gazebo' for CMake config files
[0.627s] Level 1:colcon.colcon_core.shell:create_environment_hook('indy_gazebo', 'cmake_prefix_path')
[0.627s] INFO:colcon.colcon_core.shell:Creating environment hook '/root/common/indy-ros2/install/indy_gazebo/share/indy_gazebo/hook/cmake_prefix_path.ps1'
[0.628s] INFO:colcon.colcon_core.shell:Creating environment descriptor '/root/common/indy-ros2/install/indy_gazebo/share/indy_gazebo/hook/cmake_prefix_path.dsv'
[0.628s] INFO:colcon.colcon_core.shell:Creating environment hook '/root/common/indy-ros2/install/indy_gazebo/share/indy_gazebo/hook/cmake_prefix_path.sh'
[0.628s] Level 1:colcon.colcon_core.environment:checking '/root/common/indy-ros2/install/indy_gazebo/bin'
[0.628s] Level 1:colcon.colcon_core.environment:checking '/root/common/indy-ros2/install/indy_gazebo/lib/pkgconfig/indy_gazebo.pc'
[0.629s] Level 1:colcon.colcon_core.environment:checking '/root/common/indy-ros2/install/indy_gazebo/lib/python3.10/site-packages'
[0.629s] Level 1:colcon.colcon_core.environment:checking '/root/common/indy-ros2/install/indy_gazebo/bin'
[0.629s] INFO:colcon.colcon_core.shell:Creating package script '/root/common/indy-ros2/install/indy_gazebo/share/indy_gazebo/package.ps1'
[0.630s] INFO:colcon.colcon_core.shell:Creating package descriptor '/root/common/indy-ros2/install/indy_gazebo/share/indy_gazebo/package.dsv'
[0.630s] INFO:colcon.colcon_core.shell:Creating package script '/root/common/indy-ros2/install/indy_gazebo/share/indy_gazebo/package.sh'
[0.630s] INFO:colcon.colcon_core.shell:Creating package script '/root/common/indy-ros2/install/indy_gazebo/share/indy_gazebo/package.bash'
[0.631s] INFO:colcon.colcon_core.shell:Creating package script '/root/common/indy-ros2/install/indy_gazebo/share/indy_gazebo/package.zsh'
[0.631s] Level 1:colcon.colcon_core.environment:create_file_with_runtime_dependencies(/root/common/indy-ros2/install/indy_gazebo/share/colcon-core/packages/indy_gazebo)
[0.648s] Level 1:colcon.colcon_core.environment:create_environment_scripts_only(indy_gazebo)
[0.648s] Level 1:colcon.colcon_core.environment:checking '/root/common/indy-ros2/install/indy_gazebo' for CMake module files
[0.648s] Level 1:colcon.colcon_core.environment:checking '/root/common/indy-ros2/install/indy_gazebo' for CMake config files
[0.648s] Level 1:colcon.colcon_core.shell:create_environment_hook('indy_gazebo', 'cmake_prefix_path')
[0.648s] INFO:colcon.colcon_core.shell:Creating environment hook '/root/common/indy-ros2/install/indy_gazebo/share/indy_gazebo/hook/cmake_prefix_path.ps1'
[0.649s] INFO:colcon.colcon_core.shell:Creating environment descriptor '/root/common/indy-ros2/install/indy_gazebo/share/indy_gazebo/hook/cmake_prefix_path.dsv'
[0.649s] INFO:colcon.colcon_core.shell:Creating environment hook '/root/common/indy-ros2/install/indy_gazebo/share/indy_gazebo/hook/cmake_prefix_path.sh'
[0.649s] Level 1:colcon.colcon_core.environment:checking '/root/common/indy-ros2/install/indy_gazebo/bin'
[0.649s] Level 1:colcon.colcon_core.environment:checking '/root/common/indy-ros2/install/indy_gazebo/lib/pkgconfig/indy_gazebo.pc'
[0.650s] Level 1:colcon.colcon_core.environment:checking '/root/common/indy-ros2/install/indy_gazebo/lib/python3.10/site-packages'
[0.650s] Level 1:colcon.colcon_core.environment:checking '/root/common/indy-ros2/install/indy_gazebo/bin'
[0.650s] INFO:colcon.colcon_core.shell:Creating package script '/root/common/indy-ros2/install/indy_gazebo/share/indy_gazebo/package.ps1'
[0.650s] INFO:colcon.colcon_core.shell:Creating package descriptor '/root/common/indy-ros2/install/indy_gazebo/share/indy_gazebo/package.dsv'
[0.651s] INFO:colcon.colcon_core.shell:Creating package script '/root/common/indy-ros2/install/indy_gazebo/share/indy_gazebo/package.sh'
[0.651s] INFO:colcon.colcon_core.shell:Creating package script '/root/common/indy-ros2/install/indy_gazebo/share/indy_gazebo/package.bash'
[0.651s] INFO:colcon.colcon_core.shell:Creating package script '/root/common/indy-ros2/install/indy_gazebo/share/indy_gazebo/package.zsh'
[0.652s] Level 1:colcon.colcon_core.environment:create_file_with_runtime_dependencies(/root/common/indy-ros2/install/indy_gazebo/share/colcon-core/packages/indy_gazebo)
[0.754s] DEBUG:colcon.colcon_core.event_handler.log_command:Invoked command in '/root/common/indy-ros2/build/indy_interfaces' returned '0': CMAKE_PREFIX_PATH=/opt/ros/humble /usr/bin/cmake --build /root/common/indy-ros2/build/indy_interfaces -- -j12 -l12
[0.834s] DEBUG:colcon.colcon_core.event_handler.log_command:Invoking command in '/root/common/indy-ros2/build/indy_interfaces': CMAKE_PREFIX_PATH=/opt/ros/humble /usr/bin/cmake --install /root/common/indy-ros2/build/indy_interfaces
[0.861s] DEBUG:colcon.colcon_core.event_handler.log_command:Invoked command in '/root/common/indy-ros2/build/indy_driver' returned '0': AMENT_PREFIX_PATH=/root/common/indy-ros2/install/indy_description:${AMENT_PREFIX_PATH} CMAKE_PREFIX_PATH=/root/common/indy-ros2/install/indy_description:/opt/ros/humble /usr/bin/cmake --build /root/common/indy-ros2/build/indy_driver -- -j12 -l12
[0.876s] DEBUG:colcon.colcon_core.event_handler.log_command:Invoking command in '/root/common/indy-ros2/build/indy_driver': AMENT_PREFIX_PATH=/root/common/indy-ros2/install/indy_description:${AMENT_PREFIX_PATH} CMAKE_PREFIX_PATH=/root/common/indy-ros2/install/indy_description:/opt/ros/humble /usr/bin/cmake --install /root/common/indy-ros2/build/indy_driver
[0.882s] Level 1:colcon.colcon_core.environment:create_environment_scripts_only(indy_interfaces)
[0.882s] Level 1:colcon.colcon_core.environment:checking '/root/common/indy-ros2/install/indy_interfaces' for CMake module files
[0.884s] Level 1:colcon.colcon_core.environment:checking '/root/common/indy-ros2/install/indy_interfaces' for CMake config files
[0.886s] Level 1:colcon.colcon_core.shell:create_environment_hook('indy_interfaces', 'cmake_prefix_path')
[0.886s] INFO:colcon.colcon_core.shell:Creating environment hook '/root/common/indy-ros2/install/indy_interfaces/share/indy_interfaces/hook/cmake_prefix_path.ps1'
[0.887s] INFO:colcon.colcon_core.shell:Creating environment descriptor '/root/common/indy-ros2/install/indy_interfaces/share/indy_interfaces/hook/cmake_prefix_path.dsv'
[0.887s] DEBUG:colcon.colcon_core.event_handler.log_command:Invoked command in '/root/common/indy-ros2/build/indy_interfaces' returned '0': CMAKE_PREFIX_PATH=/opt/ros/humble /usr/bin/cmake --install /root/common/indy-ros2/build/indy_interfaces
[0.887s] INFO:colcon.colcon_core.shell:Creating environment hook '/root/common/indy-ros2/install/indy_interfaces/share/indy_interfaces/hook/cmake_prefix_path.sh'
[0.888s] Level 1:colcon.colcon_core.environment:checking '/root/common/indy-ros2/install/indy_interfaces/lib'
[0.888s] Level 1:colcon.colcon_core.shell:create_environment_hook('indy_interfaces', 'ld_library_path_lib')
[0.888s] INFO:colcon.colcon_core.shell:Creating environment hook '/root/common/indy-ros2/install/indy_interfaces/share/indy_interfaces/hook/ld_library_path_lib.ps1'
[0.888s] INFO:colcon.colcon_core.shell:Creating environment descriptor '/root/common/indy-ros2/install/indy_interfaces/share/indy_interfaces/hook/ld_library_path_lib.dsv'
[0.889s] INFO:colcon.colcon_core.shell:Creating environment hook '/root/common/indy-ros2/install/indy_interfaces/share/indy_interfaces/hook/ld_library_path_lib.sh'
[0.889s] Level 1:colcon.colcon_core.environment:checking '/root/common/indy-ros2/install/indy_interfaces/bin'
[0.889s] Level 1:colcon.colcon_core.environment:checking '/root/common/indy-ros2/install/indy_interfaces/lib/pkgconfig/indy_interfaces.pc'
[0.889s] Level 1:colcon.colcon_core.environment:checking '/root/common/indy-ros2/install/indy_interfaces/lib/python3.10/site-packages'
[0.889s] Level 1:colcon.colcon_core.environment:checking '/root/common/indy-ros2/install/indy_interfaces/bin'
[0.890s] INFO:colcon.colcon_core.shell:Creating package script '/root/common/indy-ros2/install/indy_interfaces/share/indy_interfaces/package.ps1'
[0.890s] INFO:colcon.colcon_core.shell:Creating package descriptor '/root/common/indy-ros2/install/indy_interfaces/share/indy_interfaces/package.dsv'
[0.890s] INFO:colcon.colcon_core.shell:Creating package script '/root/common/indy-ros2/install/indy_interfaces/share/indy_interfaces/package.sh'
[0.891s] INFO:colcon.colcon_core.shell:Creating package script '/root/common/indy-ros2/install/indy_interfaces/share/indy_interfaces/package.bash'
[0.891s] INFO:colcon.colcon_core.shell:Creating package script '/root/common/indy-ros2/install/indy_interfaces/share/indy_interfaces/package.zsh'
[0.891s] Level 1:colcon.colcon_core.environment:create_file_with_runtime_dependencies(/root/common/indy-ros2/install/indy_interfaces/share/colcon-core/packages/indy_interfaces)
[0.893s] DEBUG:colcon.colcon_core.event_handler.log_command:Invoked command in '/root/common/indy-ros2/build/indy_moveit' returned '0': AMENT_PREFIX_PATH=/root/common/indy-ros2/install/indy_description:${AMENT_PREFIX_PATH} CMAKE_PREFIX_PATH=/root/common/indy-ros2/install/indy_description:/opt/ros/humble /usr/bin/cmake --build /root/common/indy-ros2/build/indy_moveit -- -j12 -l12
[0.908s] DEBUG:colcon.colcon_core.event_handler.log_command:Invoking command in '/root/common/indy-ros2/build/indy_moveit': AMENT_PREFIX_PATH=/root/common/indy-ros2/install/indy_description:${AMENT_PREFIX_PATH} CMAKE_PREFIX_PATH=/root/common/indy-ros2/install/indy_description:/opt/ros/humble /usr/bin/cmake --install /root/common/indy-ros2/build/indy_moveit
[0.916s] Level 1:colcon.colcon_core.environment:create_environment_scripts_only(indy_driver)
[0.916s] Level 1:colcon.colcon_core.environment:checking '/root/common/indy-ros2/install/indy_driver' for CMake module files
[0.918s] Level 1:colcon.colcon_core.environment:checking '/root/common/indy-ros2/install/indy_driver' for CMake config files
[0.919s] DEBUG:colcon.colcon_core.event_handler.log_command:Invoked command in '/root/common/indy-ros2/build/indy_driver' returned '0': AMENT_PREFIX_PATH=/root/common/indy-ros2/install/indy_description:${AMENT_PREFIX_PATH} CMAKE_PREFIX_PATH=/root/common/indy-ros2/install/indy_description:/opt/ros/humble /usr/bin/cmake --install /root/common/indy-ros2/build/indy_driver
[0.919s] Level 1:colcon.colcon_core.shell:create_environment_hook('indy_driver', 'cmake_prefix_path')
[0.920s] INFO:colcon.colcon_core.shell:Creating environment hook '/root/common/indy-ros2/install/indy_driver/share/indy_driver/hook/cmake_prefix_path.ps1'
[0.920s] INFO:colcon.colcon_core.shell:Creating environment descriptor '/root/common/indy-ros2/install/indy_driver/share/indy_driver/hook/cmake_prefix_path.dsv'
[0.921s] INFO:colcon.colcon_core.shell:Creating environment hook '/root/common/indy-ros2/install/indy_driver/share/indy_driver/hook/cmake_prefix_path.sh'
[0.921s] Level 1:colcon.colcon_core.environment:checking '/root/common/indy-ros2/install/indy_driver/lib'
[0.921s] Level 1:colcon.colcon_core.environment:checking '/root/common/indy-ros2/install/indy_driver/bin'
[0.921s] Level 1:colcon.colcon_core.environment:checking '/root/common/indy-ros2/install/indy_driver/lib/pkgconfig/indy_driver.pc'
[0.921s] Level 1:colcon.colcon_core.environment:checking '/root/common/indy-ros2/install/indy_driver/lib/python3.10/site-packages'
[0.921s] Level 1:colcon.colcon_core.environment:checking '/root/common/indy-ros2/install/indy_driver/bin'
[0.922s] INFO:colcon.colcon_core.shell:Creating package script '/root/common/indy-ros2/install/indy_driver/share/indy_driver/package.ps1'
[0.922s] INFO:colcon.colcon_core.shell:Creating package descriptor '/root/common/indy-ros2/install/indy_driver/share/indy_driver/package.dsv'
[0.922s] INFO:colcon.colcon_core.shell:Creating package script '/root/common/indy-ros2/install/indy_driver/share/indy_driver/package.sh'
[0.922s] INFO:colcon.colcon_core.shell:Creating package script '/root/common/indy-ros2/install/indy_driver/share/indy_driver/package.bash'
[0.923s] INFO:colcon.colcon_core.shell:Creating package script '/root/common/indy-ros2/install/indy_driver/share/indy_driver/package.zsh'
[0.923s] Level 1:colcon.colcon_core.environment:create_file_with_runtime_dependencies(/root/common/indy-ros2/install/indy_driver/share/colcon-core/packages/indy_driver)
[0.937s] Level 1:colcon.colcon_core.environment:create_environment_scripts_only(indy_driver)
[0.937s] Level 1:colcon.colcon_core.environment:checking '/root/common/indy-ros2/install/indy_driver' for CMake module files
[0.938s] Level 1:colcon.colcon_core.environment:checking '/root/common/indy-ros2/install/indy_driver' for CMake config files
[0.938s] Level 1:colcon.colcon_core.shell:create_environment_hook('indy_driver', 'cmake_prefix_path')
[0.938s] INFO:colcon.colcon_core.shell:Creating environment hook '/root/common/indy-ros2/install/indy_driver/share/indy_driver/hook/cmake_prefix_path.ps1'
[0.939s] INFO:colcon.colcon_core.shell:Creating environment descriptor '/root/common/indy-ros2/install/indy_driver/share/indy_driver/hook/cmake_prefix_path.dsv'
[0.939s] INFO:colcon.colcon_core.shell:Creating environment hook '/root/common/indy-ros2/install/indy_driver/share/indy_driver/hook/cmake_prefix_path.sh'
[0.939s] Level 1:colcon.colcon_core.environment:checking '/root/common/indy-ros2/install/indy_driver/lib'
[0.940s] Level 1:colcon.colcon_core.environment:checking '/root/common/indy-ros2/install/indy_driver/bin'
[0.940s] Level 1:colcon.colcon_core.environment:checking '/root/common/indy-ros2/install/indy_driver/lib/pkgconfig/indy_driver.pc'
[0.940s] Level 1:colcon.colcon_core.environment:checking '/root/common/indy-ros2/install/indy_driver/lib/python3.10/site-packages'
[0.940s] Level 1:colcon.colcon_core.environment:checking '/root/common/indy-ros2/install/indy_driver/bin'
[0.940s] INFO:colcon.colcon_core.shell:Creating package script '/root/common/indy-ros2/install/indy_driver/share/indy_driver/package.ps1'
[0.941s] INFO:colcon.colcon_core.shell:Creating package descriptor '/root/common/indy-ros2/install/indy_driver/share/indy_driver/package.dsv'
[0.941s] INFO:colcon.colcon_core.shell:Creating package script '/root/common/indy-ros2/install/indy_driver/share/indy_driver/package.sh'
[0.941s] INFO:colcon.colcon_core.shell:Creating package script '/root/common/indy-ros2/install/indy_driver/share/indy_driver/package.bash'
[0.942s] INFO:colcon.colcon_core.shell:Creating package script '/root/common/indy-ros2/install/indy_driver/share/indy_driver/package.zsh'
[0.942s] Level 1:colcon.colcon_core.environment:create_file_with_runtime_dependencies(/root/common/indy-ros2/install/indy_driver/share/colcon-core/packages/indy_driver)
[0.972s] Level 1:colcon.colcon_core.environment:create_environment_scripts_only(indy_moveit)
[0.972s] Level 1:colcon.colcon_core.environment:checking '/root/common/indy-ros2/install/indy_moveit' for CMake module files
[0.973s] DEBUG:colcon.colcon_core.event_handler.log_command:Invoked command in '/root/common/indy-ros2/build/indy_moveit' returned '0': AMENT_PREFIX_PATH=/root/common/indy-ros2/install/indy_description:${AMENT_PREFIX_PATH} CMAKE_PREFIX_PATH=/root/common/indy-ros2/install/indy_description:/opt/ros/humble /usr/bin/cmake --install /root/common/indy-ros2/build/indy_moveit
[0.973s] Level 1:colcon.colcon_core.environment:checking '/root/common/indy-ros2/install/indy_moveit' for CMake config files
[0.973s] Level 1:colcon.colcon_core.shell:create_environment_hook('indy_moveit', 'cmake_prefix_path')
[0.973s] INFO:colcon.colcon_core.shell:Creating environment hook '/root/common/indy-ros2/install/indy_moveit/share/indy_moveit/hook/cmake_prefix_path.ps1'
[0.974s] INFO:colcon.colcon_core.shell:Creating environment descriptor '/root/common/indy-ros2/install/indy_moveit/share/indy_moveit/hook/cmake_prefix_path.dsv'
[0.974s] INFO:colcon.colcon_core.shell:Creating environment hook '/root/common/indy-ros2/install/indy_moveit/share/indy_moveit/hook/cmake_prefix_path.sh'
[0.974s] Level 1:colcon.colcon_core.environment:checking '/root/common/indy-ros2/install/indy_moveit/bin'
[0.974s] Level 1:colcon.colcon_core.environment:checking '/root/common/indy-ros2/install/indy_moveit/lib/pkgconfig/indy_moveit.pc'
[0.975s] Level 1:colcon.colcon_core.environment:checking '/root/common/indy-ros2/install/indy_moveit/lib/python3.10/site-packages'
[0.975s] Level 1:colcon.colcon_core.environment:checking '/root/common/indy-ros2/install/indy_moveit/bin'
[0.975s] INFO:colcon.colcon_core.shell:Creating package script '/root/common/indy-ros2/install/indy_moveit/share/indy_moveit/package.ps1'
[0.976s] INFO:colcon.colcon_core.shell:Creating package descriptor '/root/common/indy-ros2/install/indy_moveit/share/indy_moveit/package.dsv'
[0.976s] INFO:colcon.colcon_core.shell:Creating package script '/root/common/indy-ros2/install/indy_moveit/share/indy_moveit/package.sh'
[0.976s] INFO:colcon.colcon_core.shell:Creating package script '/root/common/indy-ros2/install/indy_moveit/share/indy_moveit/package.bash'
[0.977s] INFO:colcon.colcon_core.shell:Creating package script '/root/common/indy-ros2/install/indy_moveit/share/indy_moveit/package.zsh'
[0.977s] Level 1:colcon.colcon_core.environment:create_file_with_runtime_dependencies(/root/common/indy-ros2/install/indy_moveit/share/colcon-core/packages/indy_moveit)
[0.978s] Level 1:colcon.colcon_core.environment:create_environment_scripts_only(indy_interfaces)
[0.978s] Level 1:colcon.colcon_core.environment:checking '/root/common/indy-ros2/install/indy_interfaces' for CMake module files
[0.979s] Level 1:colcon.colcon_core.environment:checking '/root/common/indy-ros2/install/indy_interfaces' for CMake config files
[0.979s] Level 1:colcon.colcon_core.shell:create_environment_hook('indy_interfaces', 'cmake_prefix_path')
[0.979s] INFO:colcon.colcon_core.shell:Creating environment hook '/root/common/indy-ros2/install/indy_interfaces/share/indy_interfaces/hook/cmake_prefix_path.ps1'
[0.979s] INFO:colcon.colcon_core.shell:Creating environment descriptor '/root/common/indy-ros2/install/indy_interfaces/share/indy_interfaces/hook/cmake_prefix_path.dsv'
[0.980s] INFO:colcon.colcon_core.shell:Creating environment hook '/root/common/indy-ros2/install/indy_interfaces/share/indy_interfaces/hook/cmake_prefix_path.sh'
[0.980s] Level 1:colcon.colcon_core.environment:checking '/root/common/indy-ros2/install/indy_interfaces/lib'
[0.980s] Level 1:colcon.colcon_core.shell:create_environment_hook('indy_interfaces', 'ld_library_path_lib')
[0.980s] INFO:colcon.colcon_core.shell:Creating environment hook '/root/common/indy-ros2/install/indy_interfaces/share/indy_interfaces/hook/ld_library_path_lib.ps1'
[0.981s] INFO:colcon.colcon_core.shell:Creating environment descriptor '/root/common/indy-ros2/install/indy_interfaces/share/indy_interfaces/hook/ld_library_path_lib.dsv'
[0.981s] INFO:colcon.colcon_core.shell:Creating environment hook '/root/common/indy-ros2/install/indy_interfaces/share/indy_interfaces/hook/ld_library_path_lib.sh'
[0.981s] Level 1:colcon.colcon_core.environment:checking '/root/common/indy-ros2/install/indy_interfaces/bin'
[0.981s] Level 1:colcon.colcon_core.environment:checking '/root/common/indy-ros2/install/indy_interfaces/lib/pkgconfig/indy_interfaces.pc'
[0.981s] Level 1:colcon.colcon_core.environment:checking '/root/common/indy-ros2/install/indy_interfaces/lib/python3.10/site-packages'
[0.982s] Level 1:colcon.colcon_core.environment:checking '/root/common/indy-ros2/install/indy_interfaces/bin'
[0.982s] INFO:colcon.colcon_core.shell:Creating package script '/root/common/indy-ros2/install/indy_interfaces/share/indy_interfaces/package.ps1'
[0.982s] INFO:colcon.colcon_core.shell:Creating package descriptor '/root/common/indy-ros2/install/indy_interfaces/share/indy_interfaces/package.dsv'
[0.983s] INFO:colcon.colcon_core.shell:Creating package script '/root/common/indy-ros2/install/indy_interfaces/share/indy_interfaces/package.sh'
[0.983s] INFO:colcon.colcon_core.shell:Creating package script '/root/common/indy-ros2/install/indy_interfaces/share/indy_interfaces/package.bash'
[0.983s] INFO:colcon.colcon_core.shell:Creating package script '/root/common/indy-ros2/install/indy_interfaces/share/indy_interfaces/package.zsh'
[0.984s] Level 1:colcon.colcon_core.environment:create_file_with_runtime_dependencies(/root/common/indy-ros2/install/indy_interfaces/share/colcon-core/packages/indy_interfaces)
[0.990s] Level 1:colcon.colcon_core.environment:create_environment_scripts_only(indy_moveit)
[0.990s] Level 1:colcon.colcon_core.environment:checking '/root/common/indy-ros2/install/indy_moveit' for CMake module files
[0.991s] Level 1:colcon.colcon_core.environment:checking '/root/common/indy-ros2/install/indy_moveit' for CMake config files
[0.991s] Level 1:colcon.colcon_core.shell:create_environment_hook('indy_moveit', 'cmake_prefix_path')
[0.991s] INFO:colcon.colcon_core.shell:Creating environment hook '/root/common/indy-ros2/install/indy_moveit/share/indy_moveit/hook/cmake_prefix_path.ps1'
[0.991s] INFO:colcon.colcon_core.shell:Creating environment descriptor '/root/common/indy-ros2/install/indy_moveit/share/indy_moveit/hook/cmake_prefix_path.dsv'
[0.992s] INFO:colcon.colcon_core.shell:Creating environment hook '/root/common/indy-ros2/install/indy_moveit/share/indy_moveit/hook/cmake_prefix_path.sh'
[0.992s] Level 1:colcon.colcon_core.environment:checking '/root/common/indy-ros2/install/indy_moveit/bin'
[0.992s] Level 1:colcon.colcon_core.environment:checking '/root/common/indy-ros2/install/indy_moveit/lib/pkgconfig/indy_moveit.pc'
[0.992s] Level 1:colcon.colcon_core.environment:checking '/root/common/indy-ros2/install/indy_moveit/lib/python3.10/site-packages'
[0.993s] Level 1:colcon.colcon_core.environment:checking '/root/common/indy-ros2/install/indy_moveit/bin'
[0.993s] INFO:colcon.colcon_core.shell:Creating package script '/root/common/indy-ros2/install/indy_moveit/share/indy_moveit/package.ps1'
[0.993s] INFO:colcon.colcon_core.shell:Creating package descriptor '/root/common/indy-ros2/install/indy_moveit/share/indy_moveit/package.dsv'
[0.993s] INFO:colcon.colcon_core.shell:Creating package script '/root/common/indy-ros2/install/indy_moveit/share/indy_moveit/package.sh'
[0.994s] INFO:colcon.colcon_core.shell:Creating package script '/root/common/indy-ros2/install/indy_moveit/share/indy_moveit/package.bash'
[0.994s] INFO:colcon.colcon_core.shell:Creating package script '/root/common/indy-ros2/install/indy_moveit/share/indy_moveit/package.zsh'
[0.994s] Level 1:colcon.colcon_core.environment:create_file_with_runtime_dependencies(/root/common/indy-ros2/install/indy_moveit/share/colcon-core/packages/indy_moveit)
[0.994s] DEBUG:colcon.colcon_parallel_executor.executor.parallel:closing loop
[0.995s] DEBUG:colcon.colcon_parallel_executor.executor.parallel:loop closed
[0.995s] DEBUG:colcon.colcon_parallel_executor.executor.parallel:run_until_complete finished with '0'
[0.995s] DEBUG:colcon.colcon_core.event_reactor:joining thread
[1.002s] INFO:colcon.colcon_core.plugin_system:Skipping extension 'colcon_notification.desktop_notification.notify_send': Could not find 'notify-send'
[1.002s] INFO:colcon.colcon_core.plugin_system:Skipping extension 'colcon_notification.desktop_notification.terminal_notifier': Not used on non-Darwin systems
[1.002s] INFO:colcon.colcon_core.plugin_system:Skipping extension 'colcon_notification.desktop_notification.win32': Not used on non-Windows systems
[1.002s] INFO:colcon.colcon_notification.desktop_notification:Sending desktop notification using 'notify2'
[1.036s] DEBUG:colcon.colcon_notification.desktop_notification.notify2:Failed to initialize notify2: org.freedesktop.DBus.Error.ServiceUnknown: The name org.freedesktop.Notifications was not provided by any .service files
[1.037s] DEBUG:colcon.colcon_core.event_reactor:joined thread
[1.037s] INFO:colcon.colcon_core.shell:Creating prefix script '/root/common/indy-ros2/install/local_setup.ps1'
[1.038s] INFO:colcon.colcon_core.shell:Creating prefix util module '/root/common/indy-ros2/install/_local_setup_util_ps1.py'
[1.040s] INFO:colcon.colcon_core.shell:Creating prefix chain script '/root/common/indy-ros2/install/setup.ps1'
[1.041s] INFO:colcon.colcon_core.shell:Creating prefix script '/root/common/indy-ros2/install/local_setup.sh'
[1.041s] INFO:colcon.colcon_core.shell:Creating prefix util module '/root/common/indy-ros2/install/_local_setup_util_sh.py'
[1.041s] INFO:colcon.colcon_core.shell:Creating prefix chain script '/root/common/indy-ros2/install/setup.sh'
[1.043s] INFO:colcon.colcon_core.shell:Creating prefix script '/root/common/indy-ros2/install/local_setup.bash'
[1.043s] INFO:colcon.colcon_core.shell:Creating prefix chain script '/root/common/indy-ros2/install/setup.bash'
[1.044s] INFO:colcon.colcon_core.shell:Creating prefix script '/root/common/indy-ros2/install/local_setup.zsh'
[1.045s] INFO:colcon.colcon_core.shell:Creating prefix chain script '/root/common/indy-ros2/install/setup.zsh'
