[0.062s] Invoking command in '/root/common/indy-ros2/build/indy_interfaces': /usr/bin/cmake --build /root/common/indy-ros2/build/indy_interfaces -- -j4 -l4
[0.153s] [0mCMake Deprecation Warning at CMakeLists.txt:1 (cmake_minimum_required):
[0.154s]   Compatibility with CMake < 3.10 will be removed from a future version of
[0.155s]   CMake.
[0.157s] 
[0.157s]   Update the VERSION argument <min> value.  Or, use the <min>...<max> syntax
[0.159s]   to tell CMake that the project requires at least <min> but has been updated
[0.161s]   to work with policies introduced by <max> or earlier.
[0.162s] 
[0.162s] [0m
[0.187s] -- Found ament_cmake: 1.3.11 (/opt/ros/humble/share/ament_cmake/cmake)
[1.085s] -- Found rosidl_default_generators: 1.2.0 (/opt/ros/humble/share/rosidl_default_generators/cmake)
[1.098s] [31mCMake Error at /opt/ros/humble/share/rosidl_typesupport_c/cmake/get_used_typesupports.cmake:35 (message):
[1.099s]   No 'rosidl_typesupport_c' found
[1.099s] Call Stack (most recent call first):
[1.099s]   /opt/ros/humble/share/rosidl_typesupport_c/cmake/rosidl_typesupport_c-extras.cmake:8 (get_used_typesupports)
[1.100s]   /opt/ros/humble/share/rosidl_typesupport_c/cmake/rosidl_typesupport_cConfig.cmake:41 (include)
[1.100s]   /opt/ros/humble/share/rosidl_default_generators/cmake/rosidl_default_generators-extras.cmake:21 (find_package)
[1.101s]   /opt/ros/humble/share/rosidl_default_generators/cmake/rosidl_default_generatorsConfig.cmake:41 (include)
[1.101s]   CMakeLists.txt:14 (find_package)
[1.101s] 
[1.102s] [0m
[1.102s] -- Configuring incomplete, errors occurred!
[1.112s] gmake: *** [Makefile:1395: cmake_check_build_system] Error 1
[1.119s] Invoked command in '/root/common/indy-ros2/build/indy_interfaces' returned '2': /usr/bin/cmake --build /root/common/indy-ros2/build/indy_interfaces -- -j4 -l4
