[0.021s] Invoking command in '/root/common/indy-ros2/build/indy_description': CMAKE_PREFIX_PATH=/opt/ros/humble /usr/bin/cmake /root/common/indy-ros2/src/sml_indy-ros2/indy_description -DCMAKE_INSTALL_PREFIX=/root/common/indy-ros2/install/indy_description
[0.058s] [0mCMake Deprecation Warning at CMakeLists.txt:1 (cmake_minimum_required):
[0.058s]   Compatibility with CMake < 3.10 will be removed from a future version of
[0.058s]   CMake.
[0.059s] 
[0.059s]   Update the VERSION argument <min> value.  Or, use the <min>...<max> syntax
[0.059s]   to tell CMake that the project requires at least <min> but has been updated
[0.059s]   to work with policies introduced by <max> or earlier.
[0.059s] 
[0.059s] [0m
[0.159s] -- The C compiler identification is GNU 11.4.0
[0.255s] -- The CXX compiler identification is GNU 11.4.0
[0.265s] -- Detecting C compiler ABI info
[0.373s] -- Detecting C compiler ABI info - done
[0.390s] -- Check for working C compiler: /usr/bin/cc - skipped
[0.390s] -- Detecting C compile features
[0.391s] -- Detecting C compile features - done
[0.403s] -- Detecting CXX compiler ABI info
[0.464s] -- Detecting CXX compiler ABI info - done
[0.485s] -- Check for working CXX compiler: /usr/bin/c++ - skipped
[0.485s] -- Detecting CXX compile features
[0.486s] -- Detecting CXX compile features - done
[0.495s] -- Found ament_cmake: 1.3.9 (/opt/ros/humble/share/ament_cmake/cmake)
[0.610s] -- Found Python3: /usr/bin/python3 (found version "3.10.12") found components: Interpreter
[0.723s] -- Found ament_lint_auto: 0.12.11 (/opt/ros/humble/share/ament_lint_auto/cmake)
[0.776s] -- Configuring done (0.7s)
[0.779s] -- Generating done (0.0s)
[0.779s] -- Build files have been written to: /root/common/indy-ros2/build/indy_description
[0.783s] Invoked command in '/root/common/indy-ros2/build/indy_description' returned '0': CMAKE_PREFIX_PATH=/opt/ros/humble /usr/bin/cmake /root/common/indy-ros2/src/sml_indy-ros2/indy_description -DCMAKE_INSTALL_PREFIX=/root/common/indy-ros2/install/indy_description
[0.785s] Invoking command in '/root/common/indy-ros2/build/indy_description': CMAKE_PREFIX_PATH=/opt/ros/humble /usr/bin/cmake --build /root/common/indy-ros2/build/indy_description -- -j12 -l12
[0.801s] Invoked command in '/root/common/indy-ros2/build/indy_description' returned '0': CMAKE_PREFIX_PATH=/opt/ros/humble /usr/bin/cmake --build /root/common/indy-ros2/build/indy_description -- -j12 -l12
[0.819s] Invoking command in '/root/common/indy-ros2/build/indy_description': CMAKE_PREFIX_PATH=/opt/ros/humble /usr/bin/cmake --install /root/common/indy-ros2/build/indy_description
[0.821s] -- Install configuration: ""
[0.821s] -- Installing: /root/common/indy-ros2/install/indy_description/share/indy_description//launch
[0.822s] -- Installing: /root/common/indy-ros2/install/indy_description/share/indy_description//launch/indy_display.launch.py
[0.822s] -- Installing: /root/common/indy-ros2/install/indy_description/share/indy_description//meshes
[0.822s] -- Installing: /root/common/indy-ros2/install/indy_description/share/indy_description//meshes/indy12
[0.822s] -- Installing: /root/common/indy-ros2/install/indy_description/share/indy_description//meshes/indy12/collision
[0.822s] -- Installing: /root/common/indy-ros2/install/indy_description/share/indy_description//meshes/indy12/collision/Indy12_3.stl
[0.823s] -- Installing: /root/common/indy-ros2/install/indy_description/share/indy_description//meshes/indy12/collision/Indy12_1.stl
[0.824s] -- Installing: /root/common/indy-ros2/install/indy_description/share/indy_description//meshes/indy12/collision/Indy12_0.stl
[0.825s] -- Installing: /root/common/indy-ros2/install/indy_description/share/indy_description//meshes/indy12/collision/Indy12_4.stl
[0.826s] -- Installing: /root/common/indy-ros2/install/indy_description/share/indy_description//meshes/indy12/collision/Indy12_6.stl
[0.827s] -- Installing: /root/common/indy-ros2/install/indy_description/share/indy_description//meshes/indy12/collision/Indy12_2.stl
[0.829s] -- Installing: /root/common/indy-ros2/install/indy_description/share/indy_description//meshes/indy12/collision/Indy12_5.stl
[0.830s] -- Installing: /root/common/indy-ros2/install/indy_description/share/indy_description//meshes/indy12/visual
[0.831s] -- Installing: /root/common/indy-ros2/install/indy_description/share/indy_description//meshes/indy12/visual/Indy12_3.stl
[0.831s] -- Installing: /root/common/indy-ros2/install/indy_description/share/indy_description//meshes/indy12/visual/Indy12_1.stl
[0.833s] -- Installing: /root/common/indy-ros2/install/indy_description/share/indy_description//meshes/indy12/visual/Indy12_0.stl
[0.834s] -- Installing: /root/common/indy-ros2/install/indy_description/share/indy_description//meshes/indy12/visual/Indy12_4.stl
[0.835s] -- Installing: /root/common/indy-ros2/install/indy_description/share/indy_description//meshes/indy12/visual/Indy12_6.stl
[0.835s] -- Installing: /root/common/indy-ros2/install/indy_description/share/indy_description//meshes/indy12/visual/Indy12_2.stl
[0.838s] -- Installing: /root/common/indy-ros2/install/indy_description/share/indy_description//meshes/indy12/visual/Indy12_5.stl
[0.839s] -- Installing: /root/common/indy-ros2/install/indy_description/share/indy_description//meshes/indyrp2
[0.839s] -- Installing: /root/common/indy-ros2/install/indy_description/share/indy_description//meshes/indyrp2/collision
[0.839s] -- Installing: /root/common/indy-ros2/install/indy_description/share/indy_description//meshes/indyrp2/collision/IndyRP2_6.stl
[0.839s] -- Installing: /root/common/indy-ros2/install/indy_description/share/indy_description//meshes/indyrp2/collision/IndyRP2_3.stl
[0.840s] -- Installing: /root/common/indy-ros2/install/indy_description/share/indy_description//meshes/indyrp2/collision/IndyRP2_0.stl
[0.840s] -- Installing: /root/common/indy-ros2/install/indy_description/share/indy_description//meshes/indyrp2/collision/IndyRP2_2.stl
[0.840s] -- Installing: /root/common/indy-ros2/install/indy_description/share/indy_description//meshes/indyrp2/collision/IndyRP2_1.stl
[0.840s] -- Installing: /root/common/indy-ros2/install/indy_description/share/indy_description//meshes/indyrp2/collision/IndyRP2_5.stl
[0.841s] -- Installing: /root/common/indy-ros2/install/indy_description/share/indy_description//meshes/indyrp2/collision/IndyRP2_7.stl
[0.841s] -- Installing: /root/common/indy-ros2/install/indy_description/share/indy_description//meshes/indyrp2/collision/IndyRP2_eye_7.stl
[0.841s] -- Installing: /root/common/indy-ros2/install/indy_description/share/indy_description//meshes/indyrp2/collision/IndyRP2_4.stl
[0.842s] -- Installing: /root/common/indy-ros2/install/indy_description/share/indy_description//meshes/indyrp2/visual
[0.842s] -- Installing: /root/common/indy-ros2/install/indy_description/share/indy_description//meshes/indyrp2/visual/IndyRP2_6.stl
[0.845s] -- Installing: /root/common/indy-ros2/install/indy_description/share/indy_description//meshes/indyrp2/visual/IndyRP2_3.stl
[0.848s] -- Installing: /root/common/indy-ros2/install/indy_description/share/indy_description//meshes/indyrp2/visual/IndyRP2_0.stl
[0.850s] -- Installing: /root/common/indy-ros2/install/indy_description/share/indy_description//meshes/indyrp2/visual/IndyRP2_2.stl
[0.852s] -- Installing: /root/common/indy-ros2/install/indy_description/share/indy_description//meshes/indyrp2/visual/IndyRP2_1.stl
[0.854s] -- Installing: /root/common/indy-ros2/install/indy_description/share/indy_description//meshes/indyrp2/visual/IndyRP2_5.stl
[0.858s] -- Installing: /root/common/indy-ros2/install/indy_description/share/indy_description//meshes/indyrp2/visual/IndyRP2_7.stl
[0.859s] -- Installing: /root/common/indy-ros2/install/indy_description/share/indy_description//meshes/indyrp2/visual/IndyRP2_eye_7.stl
[0.865s] -- Installing: /root/common/indy-ros2/install/indy_description/share/indy_description//meshes/indyrp2/visual/IndyRP2_4.stl
[0.868s] -- Installing: /root/common/indy-ros2/install/indy_description/share/indy_description//meshes/opti5
[0.868s] -- Installing: /root/common/indy-ros2/install/indy_description/share/indy_description//meshes/opti5/collision
[0.868s] -- Installing: /root/common/indy-ros2/install/indy_description/share/indy_description//meshes/opti5/collision/Opti5_5.stl
[0.869s] -- Installing: /root/common/indy-ros2/install/indy_description/share/indy_description//meshes/opti5/collision/Opti5_6.stl
[0.871s] -- Installing: /root/common/indy-ros2/install/indy_description/share/indy_description//meshes/opti5/collision/Opti5_2.stl
[0.873s] -- Installing: /root/common/indy-ros2/install/indy_description/share/indy_description//meshes/opti5/collision/Opti5_3.stl
[0.874s] -- Installing: /root/common/indy-ros2/install/indy_description/share/indy_description//meshes/opti5/collision/Opti5_4.stl
[0.876s] -- Installing: /root/common/indy-ros2/install/indy_description/share/indy_description//meshes/opti5/collision/Opti5_0.stl
[0.877s] -- Installing: /root/common/indy-ros2/install/indy_description/share/indy_description//meshes/opti5/collision/Opti5_1.stl
[0.878s] -- Installing: /root/common/indy-ros2/install/indy_description/share/indy_description//meshes/opti5/visual
[0.878s] -- Installing: /root/common/indy-ros2/install/indy_description/share/indy_description//meshes/opti5/visual/Opti5_5.stl
[0.880s] -- Installing: /root/common/indy-ros2/install/indy_description/share/indy_description//meshes/opti5/visual/Opti5_6.stl
[0.881s] -- Installing: /root/common/indy-ros2/install/indy_description/share/indy_description//meshes/opti5/visual/Opti5_2.stl
[0.883s] -- Installing: /root/common/indy-ros2/install/indy_description/share/indy_description//meshes/opti5/visual/Opti5_3.stl
[0.884s] -- Installing: /root/common/indy-ros2/install/indy_description/share/indy_description//meshes/opti5/visual/Opti5_4.stl
[0.885s] -- Installing: /root/common/indy-ros2/install/indy_description/share/indy_description//meshes/opti5/visual/Opti5_0.stl
[0.887s] -- Installing: /root/common/indy-ros2/install/indy_description/share/indy_description//meshes/opti5/visual/Opti5_1.stl
[0.888s] -- Installing: /root/common/indy-ros2/install/indy_description/share/indy_description//meshes/indy7
[0.888s] -- Installing: /root/common/indy-ros2/install/indy_description/share/indy_description//meshes/indy7/collision
[0.888s] -- Installing: /root/common/indy-ros2/install/indy_description/share/indy_description//meshes/indy7/collision/Indy7_6.stl
[0.889s] -- Installing: /root/common/indy-ros2/install/indy_description/share/indy_description//meshes/indy7/collision/Indy7_2.stl
[0.889s] -- Installing: /root/common/indy-ros2/install/indy_description/share/indy_description//meshes/indy7/collision/Indy7_1.stl
[0.889s] -- Installing: /root/common/indy-ros2/install/indy_description/share/indy_description//meshes/indy7/collision/Indy7_3.stl
[0.889s] -- Installing: /root/common/indy-ros2/install/indy_description/share/indy_description//meshes/indy7/collision/Indy7_5.stl
[0.890s] -- Installing: /root/common/indy-ros2/install/indy_description/share/indy_description//meshes/indy7/collision/Indy7_0.stl
[0.890s] -- Installing: /root/common/indy-ros2/install/indy_description/share/indy_description//meshes/indy7/collision/Indy7_4.stl
[0.890s] -- Installing: /root/common/indy-ros2/install/indy_description/share/indy_description//meshes/indy7/collision/Indy7_eye_6.stl
[0.890s] -- Installing: /root/common/indy-ros2/install/indy_description/share/indy_description//meshes/indy7/visual
[0.891s] -- Installing: /root/common/indy-ros2/install/indy_description/share/indy_description//meshes/indy7/visual/Indy7_6.stl
[0.892s] -- Installing: /root/common/indy-ros2/install/indy_description/share/indy_description//meshes/indy7/visual/Indy7_2.stl
[0.894s] -- Installing: /root/common/indy-ros2/install/indy_description/share/indy_description//meshes/indy7/visual/Indy7_1.stl
[0.896s] -- Installing: /root/common/indy-ros2/install/indy_description/share/indy_description//meshes/indy7/visual/Indy7_3.stl
[0.897s] -- Installing: /root/common/indy-ros2/install/indy_description/share/indy_description//meshes/indy7/visual/Indy7_5.stl
[0.899s] -- Installing: /root/common/indy-ros2/install/indy_description/share/indy_description//meshes/indy7/visual/Indy7_0.stl
[0.902s] -- Installing: /root/common/indy-ros2/install/indy_description/share/indy_description//meshes/indy7/visual/Indy7_4.stl
[0.903s] -- Installing: /root/common/indy-ros2/install/indy_description/share/indy_description//meshes/indy7/visual/Indy7_eye_6.stl
[0.909s] -- Installing: /root/common/indy-ros2/install/indy_description/share/indy_description//meshes/indy7_v2
[0.909s] -- Installing: /root/common/indy-ros2/install/indy_description/share/indy_description//meshes/indy7_v2/collision
[0.909s] -- Installing: /root/common/indy-ros2/install/indy_description/share/indy_description//meshes/indy7_v2/collision/Indy7_v2_1.stl
[0.909s] -- Installing: /root/common/indy-ros2/install/indy_description/share/indy_description//meshes/indy7_v2/collision/Indy7_v2_3.stl
[0.909s] -- Installing: /root/common/indy-ros2/install/indy_description/share/indy_description//meshes/indy7_v2/collision/Indy7_v2_eye_6.stl
[0.911s] -- Installing: /root/common/indy-ros2/install/indy_description/share/indy_description//meshes/indy7_v2/collision/Indy7_v2_5.stl
[0.911s] -- Installing: /root/common/indy-ros2/install/indy_description/share/indy_description//meshes/indy7_v2/collision/Indy7_v2_6.stl
[0.911s] -- Installing: /root/common/indy-ros2/install/indy_description/share/indy_description//meshes/indy7_v2/collision/Indy7_v2_2.stl
[0.911s] -- Installing: /root/common/indy-ros2/install/indy_description/share/indy_description//meshes/indy7_v2/collision/Indy7_v2_0.stl
[0.912s] -- Installing: /root/common/indy-ros2/install/indy_description/share/indy_description//meshes/indy7_v2/collision/Indy7_v2_4.stl
[0.912s] -- Installing: /root/common/indy-ros2/install/indy_description/share/indy_description//meshes/indy7_v2/visual
[0.912s] -- Installing: /root/common/indy-ros2/install/indy_description/share/indy_description//meshes/indy7_v2/visual/Indy7_v2_1.stl
[0.913s] -- Installing: /root/common/indy-ros2/install/indy_description/share/indy_description//meshes/indy7_v2/visual/Indy7_v2_3.stl
[0.914s] -- Installing: /root/common/indy-ros2/install/indy_description/share/indy_description//meshes/indy7_v2/visual/Indy7_v2_eye_6.stl
[0.916s] -- Installing: /root/common/indy-ros2/install/indy_description/share/indy_description//meshes/indy7_v2/visual/Indy7_v2_5.stl
[0.917s] -- Installing: /root/common/indy-ros2/install/indy_description/share/indy_description//meshes/indy7_v2/visual/Indy7_v2_6.stl
[0.920s] -- Installing: /root/common/indy-ros2/install/indy_description/share/indy_description//meshes/indy7_v2/visual/Indy7_v2_2.stl
[0.922s] -- Installing: /root/common/indy-ros2/install/indy_description/share/indy_description//meshes/indy7_v2/visual/Indy7_v2_0.stl
[0.923s] -- Installing: /root/common/indy-ros2/install/indy_description/share/indy_description//meshes/indy7_v2/visual/Indy7_v2_4.stl
[0.924s] -- Installing: /root/common/indy-ros2/install/indy_description/share/indy_description//meshes/nuri4s
[0.925s] -- Installing: /root/common/indy-ros2/install/indy_description/share/indy_description//meshes/nuri4s/collision
[0.925s] -- Installing: /root/common/indy-ros2/install/indy_description/share/indy_description//meshes/nuri4s/collision/Nuri4s_0.stl
[0.926s] -- Installing: /root/common/indy-ros2/install/indy_description/share/indy_description//meshes/nuri4s/collision/Nuri4s_5.stl
[0.927s] -- Installing: /root/common/indy-ros2/install/indy_description/share/indy_description//meshes/nuri4s/collision/Nuri4s_3.stl
[0.928s] -- Installing: /root/common/indy-ros2/install/indy_description/share/indy_description//meshes/nuri4s/collision/Nuri4s_6.stl
[0.929s] -- Installing: /root/common/indy-ros2/install/indy_description/share/indy_description//meshes/nuri4s/collision/Nuri4s_4.stl
[0.930s] -- Installing: /root/common/indy-ros2/install/indy_description/share/indy_description//meshes/nuri4s/collision/Nuri4s_2.stl
[0.931s] -- Installing: /root/common/indy-ros2/install/indy_description/share/indy_description//meshes/nuri4s/collision/Nuri4s_1.stl
[0.933s] -- Installing: /root/common/indy-ros2/install/indy_description/share/indy_description//meshes/nuri4s/visual
[0.933s] -- Installing: /root/common/indy-ros2/install/indy_description/share/indy_description//meshes/nuri4s/visual/Nuri4s_0.stl
[0.934s] -- Installing: /root/common/indy-ros2/install/indy_description/share/indy_description//meshes/nuri4s/visual/Nuri4s_5.stl
[0.935s] -- Installing: /root/common/indy-ros2/install/indy_description/share/indy_description//meshes/nuri4s/visual/Nuri4s_3.stl
[0.936s] -- Installing: /root/common/indy-ros2/install/indy_description/share/indy_description//meshes/nuri4s/visual/Nuri4s_6.stl
[0.937s] -- Installing: /root/common/indy-ros2/install/indy_description/share/indy_description//meshes/nuri4s/visual/Nuri4s_4.stl
[0.938s] -- Installing: /root/common/indy-ros2/install/indy_description/share/indy_description//meshes/nuri4s/visual/Nuri4s_2.stl
[0.939s] -- Installing: /root/common/indy-ros2/install/indy_description/share/indy_description//meshes/nuri4s/visual/Nuri4s_1.stl
[0.941s] -- Installing: /root/common/indy-ros2/install/indy_description/share/indy_description//meshes/nuri20c
[0.941s] -- Installing: /root/common/indy-ros2/install/indy_description/share/indy_description//meshes/nuri20c/collision
[0.941s] -- Installing: /root/common/indy-ros2/install/indy_description/share/indy_description//meshes/nuri20c/collision/Nuri20c_3.stl
[0.942s] -- Installing: /root/common/indy-ros2/install/indy_description/share/indy_description//meshes/nuri20c/collision/Nuri20c_0.stl
[0.944s] -- Installing: /root/common/indy-ros2/install/indy_description/share/indy_description//meshes/nuri20c/collision/Nuri20c_2.stl
[0.945s] -- Installing: /root/common/indy-ros2/install/indy_description/share/indy_description//meshes/nuri20c/collision/Nuri20c_1.stl
[0.946s] -- Installing: /root/common/indy-ros2/install/indy_description/share/indy_description//meshes/nuri20c/collision/Nuri20c_4.stl
[0.947s] -- Installing: /root/common/indy-ros2/install/indy_description/share/indy_description//meshes/nuri20c/collision/Nuri20c_6.stl
[0.947s] -- Installing: /root/common/indy-ros2/install/indy_description/share/indy_description//meshes/nuri20c/collision/Nuri20c_5.stl
[0.949s] -- Installing: /root/common/indy-ros2/install/indy_description/share/indy_description//meshes/nuri20c/visual
[0.949s] -- Installing: /root/common/indy-ros2/install/indy_description/share/indy_description//meshes/nuri20c/visual/Nuri20c_3.stl
[0.950s] -- Installing: /root/common/indy-ros2/install/indy_description/share/indy_description//meshes/nuri20c/visual/Nuri20c_0.stl
[0.952s] -- Installing: /root/common/indy-ros2/install/indy_description/share/indy_description//meshes/nuri20c/visual/Nuri20c_2.stl
[0.953s] -- Installing: /root/common/indy-ros2/install/indy_description/share/indy_description//meshes/nuri20c/visual/Nuri20c_1.stl
[0.954s] -- Installing: /root/common/indy-ros2/install/indy_description/share/indy_description//meshes/nuri20c/visual/Nuri20c_4.stl
[0.955s] -- Installing: /root/common/indy-ros2/install/indy_description/share/indy_description//meshes/nuri20c/visual/Nuri20c_6.stl
[0.956s] -- Installing: /root/common/indy-ros2/install/indy_description/share/indy_description//meshes/nuri20c/visual/Nuri20c_5.stl
[0.957s] -- Installing: /root/common/indy-ros2/install/indy_description/share/indy_description//meshes/indyrp2_v2
[0.958s] -- Installing: /root/common/indy-ros2/install/indy_description/share/indy_description//meshes/indyrp2_v2/collision
[0.958s] -- Installing: /root/common/indy-ros2/install/indy_description/share/indy_description//meshes/indyrp2_v2/collision/IndyRP2_v2_2.stl
[0.958s] -- Installing: /root/common/indy-ros2/install/indy_description/share/indy_description//meshes/indyrp2_v2/collision/IndyRP2_v2_5.stl
[0.958s] -- Installing: /root/common/indy-ros2/install/indy_description/share/indy_description//meshes/indyrp2_v2/collision/IndyRP2_v2_7.stl
[0.958s] -- Installing: /root/common/indy-ros2/install/indy_description/share/indy_description//meshes/indyrp2_v2/collision/IndyRP2_v2_0.stl
[0.959s] -- Installing: /root/common/indy-ros2/install/indy_description/share/indy_description//meshes/indyrp2_v2/collision/IndyRP2_v2_3.stl
[0.959s] -- Installing: /root/common/indy-ros2/install/indy_description/share/indy_description//meshes/indyrp2_v2/collision/IndyRP2_v2_4.stl
[0.959s] -- Installing: /root/common/indy-ros2/install/indy_description/share/indy_description//meshes/indyrp2_v2/collision/IndyRP2_v2_6.stl
[0.959s] -- Installing: /root/common/indy-ros2/install/indy_description/share/indy_description//meshes/indyrp2_v2/collision/IndyRP2_v2_eye_7.stl
[0.961s] -- Installing: /root/common/indy-ros2/install/indy_description/share/indy_description//meshes/indyrp2_v2/collision/IndyRP2_v2_1.stl
[0.961s] -- Installing: /root/common/indy-ros2/install/indy_description/share/indy_description//meshes/indyrp2_v2/visual
[0.961s] -- Installing: /root/common/indy-ros2/install/indy_description/share/indy_description//meshes/indyrp2_v2/visual/IndyRP2_v2_2.stl
[0.962s] -- Installing: /root/common/indy-ros2/install/indy_description/share/indy_description//meshes/indyrp2_v2/visual/IndyRP2_v2_5.stl
[0.964s] -- Installing: /root/common/indy-ros2/install/indy_description/share/indy_description//meshes/indyrp2_v2/visual/IndyRP2_v2_7.stl
[0.968s] -- Installing: /root/common/indy-ros2/install/indy_description/share/indy_description//meshes/indyrp2_v2/visual/IndyRP2_v2_0.stl
[0.970s] -- Installing: /root/common/indy-ros2/install/indy_description/share/indy_description//meshes/indyrp2_v2/visual/IndyRP2_v2_3.stl
[0.971s] -- Installing: /root/common/indy-ros2/install/indy_description/share/indy_description//meshes/indyrp2_v2/visual/IndyRP2_v2_4.stl
[0.972s] -- Installing: /root/common/indy-ros2/install/indy_description/share/indy_description//meshes/indyrp2_v2/visual/IndyRP2_v2_6.stl
[0.973s] -- Installing: /root/common/indy-ros2/install/indy_description/share/indy_description//meshes/indyrp2_v2/visual/IndyRP2_v2_eye_7.stl
[0.975s] -- Installing: /root/common/indy-ros2/install/indy_description/share/indy_description//meshes/indyrp2_v2/visual/IndyRP2_v2_1.stl
[0.977s] -- Installing: /root/common/indy-ros2/install/indy_description/share/indy_description//meshes/icon3
[0.977s] -- Installing: /root/common/indy-ros2/install/indy_description/share/indy_description//meshes/icon3/collision
[0.977s] -- Installing: /root/common/indy-ros2/install/indy_description/share/indy_description//meshes/icon3/collision/ICoN3_2.stl
[0.978s] -- Installing: /root/common/indy-ros2/install/indy_description/share/indy_description//meshes/icon3/collision/ICoN3_0.stl
[0.979s] -- Installing: /root/common/indy-ros2/install/indy_description/share/indy_description//meshes/icon3/collision/ICoN3_6.stl
[0.979s] -- Installing: /root/common/indy-ros2/install/indy_description/share/indy_description//meshes/icon3/collision/ICoN3_1.stl
[0.980s] -- Installing: /root/common/indy-ros2/install/indy_description/share/indy_description//meshes/icon3/collision/ICoN3_3.stl
[0.981s] -- Installing: /root/common/indy-ros2/install/indy_description/share/indy_description//meshes/icon3/collision/ICoN3_5.stl
[0.982s] -- Installing: /root/common/indy-ros2/install/indy_description/share/indy_description//meshes/icon3/collision/ICoN3_4.stl
[0.983s] -- Installing: /root/common/indy-ros2/install/indy_description/share/indy_description//meshes/icon3/visual
[0.983s] -- Installing: /root/common/indy-ros2/install/indy_description/share/indy_description//meshes/icon3/visual/ICoN3_2.stl
[0.986s] -- Installing: /root/common/indy-ros2/install/indy_description/share/indy_description//meshes/icon3/visual/ICoN3_0.stl
[0.988s] -- Installing: /root/common/indy-ros2/install/indy_description/share/indy_description//meshes/icon3/visual/ICoN3_6.stl
[0.989s] -- Installing: /root/common/indy-ros2/install/indy_description/share/indy_description//meshes/icon3/visual/ICoN3_1.stl
[0.991s] -- Installing: /root/common/indy-ros2/install/indy_description/share/indy_description//meshes/icon3/visual/ICoN3_3.stl
[0.993s] -- Installing: /root/common/indy-ros2/install/indy_description/share/indy_description//meshes/icon3/visual/ICoN3_5.stl
[0.994s] -- Installing: /root/common/indy-ros2/install/indy_description/share/indy_description//meshes/icon3/visual/ICoN3_4.stl
[0.997s] -- Installing: /root/common/indy-ros2/install/indy_description/share/indy_description//meshes/nuri3s
[0.997s] -- Installing: /root/common/indy-ros2/install/indy_description/share/indy_description//meshes/nuri3s/collision
[0.997s] -- Installing: /root/common/indy-ros2/install/indy_description/share/indy_description//meshes/nuri3s/collision/Nuri3s_0.stl
[0.998s] -- Installing: /root/common/indy-ros2/install/indy_description/share/indy_description//meshes/nuri3s/collision/Nuri3s_1.stl
[0.999s] -- Installing: /root/common/indy-ros2/install/indy_description/share/indy_description//meshes/nuri3s/collision/Nuri3s_6.stl
[1.000s] -- Installing: /root/common/indy-ros2/install/indy_description/share/indy_description//meshes/nuri3s/collision/Nuri3s_5.stl
[1.001s] -- Installing: /root/common/indy-ros2/install/indy_description/share/indy_description//meshes/nuri3s/collision/Nuri3s_3.stl
[1.002s] -- Installing: /root/common/indy-ros2/install/indy_description/share/indy_description//meshes/nuri3s/collision/Nuri3s_4.stl
[1.003s] -- Installing: /root/common/indy-ros2/install/indy_description/share/indy_description//meshes/nuri3s/collision/Nuri3s_2.stl
[1.005s] -- Installing: /root/common/indy-ros2/install/indy_description/share/indy_description//meshes/nuri3s/visual
[1.005s] -- Installing: /root/common/indy-ros2/install/indy_description/share/indy_description//meshes/nuri3s/visual/Nuri3s_0.stl
[1.006s] -- Installing: /root/common/indy-ros2/install/indy_description/share/indy_description//meshes/nuri3s/visual/Nuri3s_1.stl
[1.007s] -- Installing: /root/common/indy-ros2/install/indy_description/share/indy_description//meshes/nuri3s/visual/Nuri3s_6.stl
[1.007s] -- Installing: /root/common/indy-ros2/install/indy_description/share/indy_description//meshes/nuri3s/visual/Nuri3s_5.stl
[1.009s] -- Installing: /root/common/indy-ros2/install/indy_description/share/indy_description//meshes/nuri3s/visual/Nuri3s_3.stl
[1.010s] -- Installing: /root/common/indy-ros2/install/indy_description/share/indy_description//meshes/nuri3s/visual/Nuri3s_4.stl
[1.011s] -- Installing: /root/common/indy-ros2/install/indy_description/share/indy_description//meshes/nuri3s/visual/Nuri3s_2.stl
[1.012s] -- Installing: /root/common/indy-ros2/install/indy_description/share/indy_description//meshes/nuri7c
[1.012s] -- Installing: /root/common/indy-ros2/install/indy_description/share/indy_description//meshes/nuri7c/collision
[1.012s] -- Installing: /root/common/indy-ros2/install/indy_description/share/indy_description//meshes/nuri7c/collision/Nuri7c_5.stl
[1.013s] -- Installing: /root/common/indy-ros2/install/indy_description/share/indy_description//meshes/nuri7c/collision/Nuri7c_2.stl
[1.014s] -- Installing: /root/common/indy-ros2/install/indy_description/share/indy_description//meshes/nuri7c/collision/Nuri7c_4.stl
[1.015s] -- Installing: /root/common/indy-ros2/install/indy_description/share/indy_description//meshes/nuri7c/collision/Nuri7c_0.stl
[1.017s] -- Installing: /root/common/indy-ros2/install/indy_description/share/indy_description//meshes/nuri7c/collision/Nuri7c_3.stl
[1.018s] -- Installing: /root/common/indy-ros2/install/indy_description/share/indy_description//meshes/nuri7c/collision/Nuri7c_6.stl
[1.019s] -- Installing: /root/common/indy-ros2/install/indy_description/share/indy_description//meshes/nuri7c/collision/Nuri7c_1.stl
[1.020s] -- Installing: /root/common/indy-ros2/install/indy_description/share/indy_description//meshes/nuri7c/visual
[1.020s] -- Installing: /root/common/indy-ros2/install/indy_description/share/indy_description//meshes/nuri7c/visual/Nuri7c_5.stl
[1.021s] -- Installing: /root/common/indy-ros2/install/indy_description/share/indy_description//meshes/nuri7c/visual/Nuri7c_2.stl
[1.022s] -- Installing: /root/common/indy-ros2/install/indy_description/share/indy_description//meshes/nuri7c/visual/Nuri7c_4.stl
[1.023s] -- Installing: /root/common/indy-ros2/install/indy_description/share/indy_description//meshes/nuri7c/visual/Nuri7c_0.stl
[1.025s] -- Installing: /root/common/indy-ros2/install/indy_description/share/indy_description//meshes/nuri7c/visual/Nuri7c_3.stl
[1.026s] -- Installing: /root/common/indy-ros2/install/indy_description/share/indy_description//meshes/nuri7c/visual/Nuri7c_6.stl
[1.027s] -- Installing: /root/common/indy-ros2/install/indy_description/share/indy_description//meshes/nuri7c/visual/Nuri7c_1.stl
[1.028s] -- Installing: /root/common/indy-ros2/install/indy_description/share/indy_description//meshes/indy12_v2
[1.028s] -- Installing: /root/common/indy-ros2/install/indy_description/share/indy_description//meshes/indy12_v2/collision
[1.028s] -- Installing: /root/common/indy-ros2/install/indy_description/share/indy_description//meshes/indy12_v2/collision/Indy12_v2_3.stl
[1.029s] -- Installing: /root/common/indy-ros2/install/indy_description/share/indy_description//meshes/indy12_v2/collision/Indy12_v2_6.stl
[1.030s] -- Installing: /root/common/indy-ros2/install/indy_description/share/indy_description//meshes/indy12_v2/collision/Indy12_v2_5.stl
[1.030s] -- Installing: /root/common/indy-ros2/install/indy_description/share/indy_description//meshes/indy12_v2/collision/Indy12_v2_4.stl
[1.031s] -- Installing: /root/common/indy-ros2/install/indy_description/share/indy_description//meshes/indy12_v2/collision/Indy12_v2_1.stl
[1.032s] -- Installing: /root/common/indy-ros2/install/indy_description/share/indy_description//meshes/indy12_v2/collision/Indy12_v2_0.stl
[1.033s] -- Installing: /root/common/indy-ros2/install/indy_description/share/indy_description//meshes/indy12_v2/collision/Indy12_v2_2.stl
[1.034s] -- Installing: /root/common/indy-ros2/install/indy_description/share/indy_description//meshes/indy12_v2/visual
[1.035s] -- Installing: /root/common/indy-ros2/install/indy_description/share/indy_description//meshes/indy12_v2/visual/Indy12_v2_3.stl
[1.036s] -- Installing: /root/common/indy-ros2/install/indy_description/share/indy_description//meshes/indy12_v2/visual/Indy12_v2_6.stl
[1.040s] -- Installing: /root/common/indy-ros2/install/indy_description/share/indy_description//meshes/indy12_v2/visual/Indy12_v2_5.stl
[1.042s] -- Installing: /root/common/indy-ros2/install/indy_description/share/indy_description//meshes/indy12_v2/visual/Indy12_v2_4.stl
[1.044s] -- Installing: /root/common/indy-ros2/install/indy_description/share/indy_description//meshes/indy12_v2/visual/Indy12_v2_1.stl
[1.045s] -- Installing: /root/common/indy-ros2/install/indy_description/share/indy_description//meshes/indy12_v2/visual/Indy12_v2_0.stl
[1.047s] -- Installing: /root/common/indy-ros2/install/indy_description/share/indy_description//meshes/indy12_v2/visual/Indy12_v2_2.stl
[1.051s] -- Installing: /root/common/indy-ros2/install/indy_description/share/indy_description//meshes/dual_icon3
[1.051s] -- Installing: /root/common/indy-ros2/install/indy_description/share/indy_description//meshes/dual_icon3/collision
[1.052s] -- Installing: /root/common/indy-ros2/install/indy_description/share/indy_description//meshes/dual_icon3/collision/Body_base.stl
[1.052s] -- Installing: /root/common/indy-ros2/install/indy_description/share/indy_description//meshes/dual_icon3/collision/Body_cover.stl
[1.055s] -- Installing: /root/common/indy-ros2/install/indy_description/share/indy_description//meshes/dual_icon3/collision/Body_frame.stl
[1.056s] -- Installing: /root/common/indy-ros2/install/indy_description/share/indy_description//meshes/dual_icon3/visual
[1.057s] -- Installing: /root/common/indy-ros2/install/indy_description/share/indy_description//meshes/dual_icon3/visual/Body_base.stl
[1.057s] -- Installing: /root/common/indy-ros2/install/indy_description/share/indy_description//meshes/dual_icon3/visual/Body_cover.stl
[1.060s] -- Installing: /root/common/indy-ros2/install/indy_description/share/indy_description//meshes/dual_icon3/visual/Body_frame.stl
[1.061s] -- Installing: /root/common/indy-ros2/install/indy_description/share/indy_description//meshes/icon7l
[1.061s] -- Installing: /root/common/indy-ros2/install/indy_description/share/indy_description//meshes/icon7l/collision
[1.062s] -- Installing: /root/common/indy-ros2/install/indy_description/share/indy_description//meshes/icon7l/collision/ICoN7L_3.stl
[1.062s] -- Installing: /root/common/indy-ros2/install/indy_description/share/indy_description//meshes/icon7l/collision/ICoN7L_1.stl
[1.063s] -- Installing: /root/common/indy-ros2/install/indy_description/share/indy_description//meshes/icon7l/collision/ICoN7L_2.stl
[1.064s] -- Installing: /root/common/indy-ros2/install/indy_description/share/indy_description//meshes/icon7l/collision/ICoN7L_0.stl
[1.066s] -- Installing: /root/common/indy-ros2/install/indy_description/share/indy_description//meshes/icon7l/collision/ICoN7L_4.stl
[1.067s] -- Installing: /root/common/indy-ros2/install/indy_description/share/indy_description//meshes/icon7l/collision/ICoN7L_5.stl
[1.067s] -- Installing: /root/common/indy-ros2/install/indy_description/share/indy_description//meshes/icon7l/collision/ICoN7L_6.stl
[1.068s] -- Installing: /root/common/indy-ros2/install/indy_description/share/indy_description//meshes/icon7l/visual
[1.068s] -- Installing: /root/common/indy-ros2/install/indy_description/share/indy_description//meshes/icon7l/visual/ICoN7L_3.stl
[1.072s] -- Installing: /root/common/indy-ros2/install/indy_description/share/indy_description//meshes/icon7l/visual/ICoN7L_1.stl
[1.076s] -- Installing: /root/common/indy-ros2/install/indy_description/share/indy_description//meshes/icon7l/visual/ICoN7L_2.stl
[1.081s] -- Installing: /root/common/indy-ros2/install/indy_description/share/indy_description//meshes/icon7l/visual/ICoN7L_0.stl
[1.084s] -- Installing: /root/common/indy-ros2/install/indy_description/share/indy_description//meshes/icon7l/visual/ICoN7L_4.stl
[1.089s] -- Installing: /root/common/indy-ros2/install/indy_description/share/indy_description//meshes/icon7l/visual/ICoN7L_5.stl
[1.090s] -- Installing: /root/common/indy-ros2/install/indy_description/share/indy_description//meshes/icon7l/visual/ICoN7L_6.stl
[1.091s] -- Installing: /root/common/indy-ros2/install/indy_description/share/indy_description//rviz_config
[1.091s] -- Installing: /root/common/indy-ros2/install/indy_description/share/indy_description//rviz_config/indy.rviz
[1.091s] -- Installing: /root/common/indy-ros2/install/indy_description/share/indy_description//urdf
[1.091s] -- Installing: /root/common/indy-ros2/install/indy_description/share/indy_description//urdf/generate_all_urdfs.sh
[1.091s] -- Installing: /root/common/indy-ros2/install/indy_description/share/indy_description//urdf/indy.urdf.xacro
[1.092s] -- Installing: /root/common/indy-ros2/install/indy_description/share/indy_description//urdf/indy_macro.xacro
[1.092s] -- Installing: /root/common/indy-ros2/install/indy_description/share/indy_description//urdf/indy.ros2_control.xacro
[1.092s] -- Installing: /root/common/indy-ros2/install/indy_description/share/indy_description//urdf/materials.xacro
[1.092s] -- Installing: /root/common/indy-ros2/install/indy_description/share/indy_description//urdf/indy_common.xacro
[1.092s] -- Installing: /root/common/indy-ros2/install/indy_description/share/indy_description//urdf/indy_transmissions.xacro
[1.093s] -- Installing: /root/common/indy-ros2/install/indy_description/share/indy_description//urdf/config
[1.093s] -- Installing: /root/common/indy-ros2/install/indy_description/share/indy_description//urdf/config/indy12
[1.093s] -- Installing: /root/common/indy-ros2/install/indy_description/share/indy_description//urdf/config/indy12/visual_parameters.yaml
[1.093s] -- Installing: /root/common/indy-ros2/install/indy_description/share/indy_description//urdf/config/indy12/physical_parameters.yaml
[1.093s] -- Installing: /root/common/indy-ros2/install/indy_description/share/indy_description//urdf/config/indy12/joint_axes.yaml
[1.093s] -- Installing: /root/common/indy-ros2/install/indy_description/share/indy_description//urdf/config/indy12/kinematics.yaml
[1.093s] -- Installing: /root/common/indy-ros2/install/indy_description/share/indy_description//urdf/config/indy12/joint_limits.yaml
[1.093s] -- Installing: /root/common/indy-ros2/install/indy_description/share/indy_description//urdf/config/indyrp2
[1.094s] -- Installing: /root/common/indy-ros2/install/indy_description/share/indy_description//urdf/config/indyrp2/visual_parameters.yaml
[1.094s] -- Installing: /root/common/indy-ros2/install/indy_description/share/indy_description//urdf/config/indyrp2/physical_parameters.yaml
[1.094s] -- Installing: /root/common/indy-ros2/install/indy_description/share/indy_description//urdf/config/indyrp2/joint_axes.yaml
[1.094s] -- Installing: /root/common/indy-ros2/install/indy_description/share/indy_description//urdf/config/indyrp2/kinematics.yaml
[1.094s] -- Installing: /root/common/indy-ros2/install/indy_description/share/indy_description//urdf/config/indyrp2/joint_limits.yaml
[1.094s] -- Installing: /root/common/indy-ros2/install/indy_description/share/indy_description//urdf/config/opti5
[1.094s] -- Installing: /root/common/indy-ros2/install/indy_description/share/indy_description//urdf/config/opti5/visual_parameters.yaml
[1.094s] -- Installing: /root/common/indy-ros2/install/indy_description/share/indy_description//urdf/config/opti5/physical_parameters.yaml
[1.094s] -- Installing: /root/common/indy-ros2/install/indy_description/share/indy_description//urdf/config/opti5/joint_axes.yaml
[1.095s] -- Installing: /root/common/indy-ros2/install/indy_description/share/indy_description//urdf/config/opti5/kinematics.yaml
[1.095s] -- Installing: /root/common/indy-ros2/install/indy_description/share/indy_description//urdf/config/opti5/joint_limits.yaml
[1.095s] -- Installing: /root/common/indy-ros2/install/indy_description/share/indy_description//urdf/config/indy7
[1.095s] -- Installing: /root/common/indy-ros2/install/indy_description/share/indy_description//urdf/config/indy7/visual_parameters.yaml
[1.095s] -- Installing: /root/common/indy-ros2/install/indy_description/share/indy_description//urdf/config/indy7/physical_parameters.yaml
[1.095s] -- Installing: /root/common/indy-ros2/install/indy_description/share/indy_description//urdf/config/indy7/joint_axes.yaml
[1.095s] -- Installing: /root/common/indy-ros2/install/indy_description/share/indy_description//urdf/config/indy7/kinematics.yaml
[1.096s] -- Installing: /root/common/indy-ros2/install/indy_description/share/indy_description//urdf/config/indy7/joint_limits.yaml
[1.096s] -- Installing: /root/common/indy-ros2/install/indy_description/share/indy_description//urdf/config/indy7_v2
[1.096s] -- Installing: /root/common/indy-ros2/install/indy_description/share/indy_description//urdf/config/indy7_v2/visual_parameters.yaml
[1.096s] -- Installing: /root/common/indy-ros2/install/indy_description/share/indy_description//urdf/config/indy7_v2/physical_parameters.yaml
[1.096s] -- Installing: /root/common/indy-ros2/install/indy_description/share/indy_description//urdf/config/indy7_v2/joint_axes.yaml
[1.096s] -- Installing: /root/common/indy-ros2/install/indy_description/share/indy_description//urdf/config/indy7_v2/kinematics.yaml
[1.096s] -- Installing: /root/common/indy-ros2/install/indy_description/share/indy_description//urdf/config/indy7_v2/joint_limits.yaml
[1.097s] -- Installing: /root/common/indy-ros2/install/indy_description/share/indy_description//urdf/config/nuri4s
[1.097s] -- Installing: /root/common/indy-ros2/install/indy_description/share/indy_description//urdf/config/nuri4s/visual_parameters.yaml
[1.097s] -- Installing: /root/common/indy-ros2/install/indy_description/share/indy_description//urdf/config/nuri4s/physical_parameters.yaml
[1.097s] -- Installing: /root/common/indy-ros2/install/indy_description/share/indy_description//urdf/config/nuri4s/joint_axes.yaml
[1.097s] -- Installing: /root/common/indy-ros2/install/indy_description/share/indy_description//urdf/config/nuri4s/kinematics.yaml
[1.097s] -- Installing: /root/common/indy-ros2/install/indy_description/share/indy_description//urdf/config/nuri4s/joint_limits.yaml
[1.097s] -- Installing: /root/common/indy-ros2/install/indy_description/share/indy_description//urdf/config/nuri20c
[1.097s] -- Installing: /root/common/indy-ros2/install/indy_description/share/indy_description//urdf/config/nuri20c/visual_parameters.yaml
[1.098s] -- Installing: /root/common/indy-ros2/install/indy_description/share/indy_description//urdf/config/nuri20c/physical_parameters.yaml
[1.098s] -- Installing: /root/common/indy-ros2/install/indy_description/share/indy_description//urdf/config/nuri20c/joint_axes.yaml
[1.098s] -- Installing: /root/common/indy-ros2/install/indy_description/share/indy_description//urdf/config/nuri20c/kinematics.yaml
[1.098s] -- Installing: /root/common/indy-ros2/install/indy_description/share/indy_description//urdf/config/nuri20c/joint_limits.yaml
[1.098s] -- Installing: /root/common/indy-ros2/install/indy_description/share/indy_description//urdf/config/indyrp2_v2
[1.098s] -- Installing: /root/common/indy-ros2/install/indy_description/share/indy_description//urdf/config/indyrp2_v2/visual_parameters.yaml
[1.098s] -- Installing: /root/common/indy-ros2/install/indy_description/share/indy_description//urdf/config/indyrp2_v2/physical_parameters.yaml
[1.099s] -- Installing: /root/common/indy-ros2/install/indy_description/share/indy_description//urdf/config/indyrp2_v2/joint_axes.yaml
[1.099s] -- Installing: /root/common/indy-ros2/install/indy_description/share/indy_description//urdf/config/indyrp2_v2/kinematics.yaml
[1.099s] -- Installing: /root/common/indy-ros2/install/indy_description/share/indy_description//urdf/config/indyrp2_v2/joint_limits.yaml
[1.099s] -- Installing: /root/common/indy-ros2/install/indy_description/share/indy_description//urdf/config/icon3
[1.099s] -- Installing: /root/common/indy-ros2/install/indy_description/share/indy_description//urdf/config/icon3/visual_parameters.yaml
[1.099s] -- Installing: /root/common/indy-ros2/install/indy_description/share/indy_description//urdf/config/icon3/physical_parameters.yaml
[1.099s] -- Installing: /root/common/indy-ros2/install/indy_description/share/indy_description//urdf/config/icon3/joint_axes.yaml
[1.099s] -- Installing: /root/common/indy-ros2/install/indy_description/share/indy_description//urdf/config/icon3/kinematics.yaml
[1.100s] -- Installing: /root/common/indy-ros2/install/indy_description/share/indy_description//urdf/config/icon3/joint_limits.yaml
[1.100s] -- Installing: /root/common/indy-ros2/install/indy_description/share/indy_description//urdf/config/nuri3s
[1.100s] -- Installing: /root/common/indy-ros2/install/indy_description/share/indy_description//urdf/config/nuri3s/visual_parameters.yaml
[1.100s] -- Installing: /root/common/indy-ros2/install/indy_description/share/indy_description//urdf/config/nuri3s/physical_parameters.yaml
[1.100s] -- Installing: /root/common/indy-ros2/install/indy_description/share/indy_description//urdf/config/nuri3s/joint_axes.yaml
[1.100s] -- Installing: /root/common/indy-ros2/install/indy_description/share/indy_description//urdf/config/nuri3s/kinematics.yaml
[1.101s] -- Installing: /root/common/indy-ros2/install/indy_description/share/indy_description//urdf/config/nuri3s/joint_limits.yaml
[1.101s] -- Installing: /root/common/indy-ros2/install/indy_description/share/indy_description//urdf/config/nuri7c
[1.101s] -- Installing: /root/common/indy-ros2/install/indy_description/share/indy_description//urdf/config/nuri7c/visual_parameters.yaml
[1.101s] -- Installing: /root/common/indy-ros2/install/indy_description/share/indy_description//urdf/config/nuri7c/physical_parameters.yaml
[1.101s] -- Installing: /root/common/indy-ros2/install/indy_description/share/indy_description//urdf/config/nuri7c/joint_axes.yaml
[1.101s] -- Installing: /root/common/indy-ros2/install/indy_description/share/indy_description//urdf/config/nuri7c/kinematics.yaml
[1.101s] -- Installing: /root/common/indy-ros2/install/indy_description/share/indy_description//urdf/config/nuri7c/joint_limits.yaml
[1.102s] -- Installing: /root/common/indy-ros2/install/indy_description/share/indy_description//urdf/config/indy12_v2
[1.102s] -- Installing: /root/common/indy-ros2/install/indy_description/share/indy_description//urdf/config/indy12_v2/visual_parameters.yaml
[1.102s] -- Installing: /root/common/indy-ros2/install/indy_description/share/indy_description//urdf/config/indy12_v2/physical_parameters.yaml
[1.102s] -- Installing: /root/common/indy-ros2/install/indy_description/share/indy_description//urdf/config/indy12_v2/joint_axes.yaml
[1.102s] -- Installing: /root/common/indy-ros2/install/indy_description/share/indy_description//urdf/config/indy12_v2/kinematics.yaml
[1.102s] -- Installing: /root/common/indy-ros2/install/indy_description/share/indy_description//urdf/config/indy12_v2/joint_limits.yaml
[1.103s] -- Installing: /root/common/indy-ros2/install/indy_description/share/indy_description//urdf/config/dual_icon3
[1.103s] -- Installing: /root/common/indy-ros2/install/indy_description/share/indy_description//urdf/config/dual_icon3/visual_parameters.yaml
[1.103s] -- Installing: /root/common/indy-ros2/install/indy_description/share/indy_description//urdf/config/dual_icon3/physical_parameters.yaml
[1.103s] -- Installing: /root/common/indy-ros2/install/indy_description/share/indy_description//urdf/config/dual_icon3/joint_axes.yaml
[1.103s] -- Installing: /root/common/indy-ros2/install/indy_description/share/indy_description//urdf/config/dual_icon3/kinematics.yaml
[1.103s] -- Installing: /root/common/indy-ros2/install/indy_description/share/indy_description//urdf/config/dual_icon3/joint_limits.yaml
[1.104s] -- Installing: /root/common/indy-ros2/install/indy_description/share/indy_description//urdf/config/icon7l
[1.104s] -- Installing: /root/common/indy-ros2/install/indy_description/share/indy_description//urdf/config/icon7l/visual_parameters.yaml
[1.104s] -- Installing: /root/common/indy-ros2/install/indy_description/share/indy_description//urdf/config/icon7l/physical_parameters.yaml
[1.104s] -- Installing: /root/common/indy-ros2/install/indy_description/share/indy_description//urdf/config/icon7l/joint_axes.yaml
[1.104s] -- Installing: /root/common/indy-ros2/install/indy_description/share/indy_description//urdf/config/icon7l/kinematics.yaml
[1.104s] -- Installing: /root/common/indy-ros2/install/indy_description/share/indy_description//urdf/config/icon7l/joint_limits.yaml
[1.104s] -- Installing: /root/common/indy-ros2/install/indy_description/share/indy_description//urdf/config/initial_positions.yaml
[1.105s] -- Installing: /root/common/indy-ros2/install/indy_description/share/ament_index/resource_index/package_run_dependencies/indy_description
[1.105s] -- Installing: /root/common/indy-ros2/install/indy_description/share/ament_index/resource_index/parent_prefix_path/indy_description
[1.105s] -- Installing: /root/common/indy-ros2/install/indy_description/share/indy_description/environment/ament_prefix_path.sh
[1.105s] -- Installing: /root/common/indy-ros2/install/indy_description/share/indy_description/environment/ament_prefix_path.dsv
[1.105s] -- Installing: /root/common/indy-ros2/install/indy_description/share/indy_description/environment/path.sh
[1.105s] -- Installing: /root/common/indy-ros2/install/indy_description/share/indy_description/environment/path.dsv
[1.106s] -- Installing: /root/common/indy-ros2/install/indy_description/share/indy_description/local_setup.bash
[1.106s] -- Installing: /root/common/indy-ros2/install/indy_description/share/indy_description/local_setup.sh
[1.106s] -- Installing: /root/common/indy-ros2/install/indy_description/share/indy_description/local_setup.zsh
[1.106s] -- Installing: /root/common/indy-ros2/install/indy_description/share/indy_description/local_setup.dsv
[1.106s] -- Installing: /root/common/indy-ros2/install/indy_description/share/indy_description/package.dsv
[1.106s] -- Installing: /root/common/indy-ros2/install/indy_description/share/ament_index/resource_index/packages/indy_description
[1.106s] -- Installing: /root/common/indy-ros2/install/indy_description/share/indy_description/cmake/indy_descriptionConfig.cmake
[1.106s] -- Installing: /root/common/indy-ros2/install/indy_description/share/indy_description/cmake/indy_descriptionConfig-version.cmake
[1.106s] -- Installing: /root/common/indy-ros2/install/indy_description/share/indy_description/package.xml
[1.108s] Invoked command in '/root/common/indy-ros2/build/indy_description' returned '0': CMAKE_PREFIX_PATH=/opt/ros/humble /usr/bin/cmake --install /root/common/indy-ros2/build/indy_description
