[2.073s] Invoking command in '/root/ros2_ws/src/build/sml_ros2_examples': PYTHONPATH=/root/ros2_ws/src/build/sml_ros2_examples/prefix_override:/usr/lib/python3/dist-packages/colcon_core/task/python/colcon_distutils_commands:/root/ros2_ws/src/install/sml_ros2_examples/lib/python3.10/site-packages:${PYTHONPATH} /usr/bin/python3 -W ignore:setup.py install is deprecated -W ignore:easy_install command is deprecated setup.py develop --editable --build-directory /root/ros2_ws/src/build/sml_ros2_examples/build --no-deps symlink_data
[2.984s] running develop
[3.381s] running egg_info
[3.382s] writing ros2_examples.egg-info/PKG-INFO
[3.382s] writing dependency_links to ros2_examples.egg-info/dependency_links.txt
[3.383s] writing entry points to ros2_examples.egg-info/entry_points.txt
[3.384s] writing requirements to ros2_examples.egg-info/requires.txt
[3.384s] writing top-level names to ros2_examples.egg-info/top_level.txt
[3.390s] reading manifest file 'ros2_examples.egg-info/SOURCES.txt'
[3.393s] writing manifest file 'ros2_examples.egg-info/SOURCES.txt'
[3.398s] running build_ext
[3.399s] Creating /root/ros2_ws/src/install/sml_ros2_examples/lib/python3.10/site-packages/ros2-examples.egg-link (link to .)
[3.403s] Installing service_client script to /root/ros2_ws/src/install/sml_ros2_examples/lib/ros2_examples
[3.403s] Installing service_server script to /root/ros2_ws/src/install/sml_ros2_examples/lib/ros2_examples
[3.404s] Installing topic_publish script to /root/ros2_ws/src/install/sml_ros2_examples/lib/ros2_examples
[3.404s] Installing topic_subscribe script to /root/ros2_ws/src/install/sml_ros2_examples/lib/ros2_examples
[3.405s] 
[3.405s] Installed /root/ros2_ws/src/build/sml_ros2_examples
[3.406s] running symlink_data
[3.533s] Invoked command in '/root/ros2_ws/src/build/sml_ros2_examples' returned '0': PYTHONPATH=/root/ros2_ws/src/build/sml_ros2_examples/prefix_override:/usr/lib/python3/dist-packages/colcon_core/task/python/colcon_distutils_commands:/root/ros2_ws/src/install/sml_ros2_examples/lib/python3.10/site-packages:${PYTHONPATH} /usr/bin/python3 -W ignore:setup.py install is deprecated -W ignore:easy_install command is deprecated setup.py develop --editable --build-directory /root/ros2_ws/src/build/sml_ros2_examples/build --no-deps symlink_data
