[0.119s] DEBUG:colcon:Command line arguments: ['/usr/bin/colcon', 'build']
[0.119s] DEBUG:colcon:Parsed command line arguments: Namespace(log_base=None, log_level=None, verb_name='build', build_base='build', install_base='install', merge_install=False, symlink_install=False, test_result_base=None, continue_on_error=False, executor='parallel', parallel_workers=12, event_handlers=None, ignore_user_meta=False, metas=['./colcon.meta'], base_paths=['.'], packages_ignore=None, packages_ignore_regex=None, paths=None, packages_up_to=None, packages_up_to_regex=None, packages_above=None, packages_above_and_dependencies=None, packages_above_depth=None, packages_select_by_dep=None, packages_skip_by_dep=None, packages_skip_up_to=None, packages_select_build_failed=False, packages_skip_build_finished=False, packages_select_test_failures=False, packages_skip_test_passed=False, packages_select=None, packages_skip=None, packages_select_regex=None, packages_skip_regex=None, packages_start=None, packages_end=None, cmake_args=None, cmake_target=None, cmake_target_skip_unavailable=False, cmake_clean_cache=False, cmake_clean_first=False, cmake_force_configure=False, ament_cmake_args=None, catkin_cmake_args=None, catkin_skip_building_tests=False, mixin_files=None, mixin=None, verb_parser=<colcon_mixin.mixin.mixin_argument.MixinArgumentDecorator object at 0x7f3e6b68e380>, verb_extension=<colcon_core.verb.build.BuildVerb object at 0x7f3e6b812770>, main=<bound method BuildVerb.main of <colcon_core.verb.build.BuildVerb object at 0x7f3e6b812770>>, mixin_verb=('build',))
[0.252s] Level 1:colcon.colcon_core.package_discovery:discover_packages(colcon_meta) check parameters
[0.253s] Level 1:colcon.colcon_core.package_discovery:discover_packages(recursive) check parameters
[0.253s] Level 1:colcon.colcon_core.package_discovery:discover_packages(ignore) check parameters
[0.253s] Level 1:colcon.colcon_core.package_discovery:discover_packages(path) check parameters
[0.253s] Level 1:colcon.colcon_core.package_discovery:discover_packages(colcon_meta) discover
[0.253s] Level 1:colcon.colcon_core.package_discovery:discover_packages(recursive) discover
[0.253s] INFO:colcon.colcon_core.package_discovery:Crawling recursively for packages in '/root/common/indy-ros2'
[0.253s] Level 1:colcon.colcon_core.package_identification:_identify(.) by extensions ['ignore', 'ignore_ament_install']
[0.253s] Level 1:colcon.colcon_core.package_identification:_identify(.) by extension 'ignore'
[0.253s] Level 1:colcon.colcon_core.package_identification:_identify(.) by extension 'ignore_ament_install'
[0.253s] Level 1:colcon.colcon_core.package_identification:_identify(.) by extensions ['colcon_pkg']
[0.253s] Level 1:colcon.colcon_core.package_identification:_identify(.) by extension 'colcon_pkg'
[0.253s] Level 1:colcon.colcon_core.package_identification:_identify(.) by extensions ['colcon_meta']
[0.253s] Level 1:colcon.colcon_core.package_identification:_identify(.) by extension 'colcon_meta'
[0.253s] Level 1:colcon.colcon_core.package_identification:_identify(.) by extensions ['ros']
[0.253s] Level 1:colcon.colcon_core.package_identification:_identify(.) by extension 'ros'
[0.263s] Level 1:colcon.colcon_core.package_identification:_identify(.) by extensions ['cmake', 'python']
[0.263s] Level 1:colcon.colcon_core.package_identification:_identify(.) by extension 'cmake'
[0.263s] Level 1:colcon.colcon_core.package_identification:_identify(.) by extension 'python'
[0.263s] Level 1:colcon.colcon_core.package_identification:_identify(.) by extensions ['python_setup_py']
[0.263s] Level 1:colcon.colcon_core.package_identification:_identify(.) by extension 'python_setup_py'
[0.263s] Level 1:colcon.colcon_core.package_identification:_identify(build) by extensions ['ignore', 'ignore_ament_install']
[0.263s] Level 1:colcon.colcon_core.package_identification:_identify(build) by extension 'ignore'
[0.263s] Level 1:colcon.colcon_core.package_identification:_identify(build) ignored
[0.263s] Level 1:colcon.colcon_core.package_identification:_identify(install) by extensions ['ignore', 'ignore_ament_install']
[0.263s] Level 1:colcon.colcon_core.package_identification:_identify(install) by extension 'ignore'
[0.263s] Level 1:colcon.colcon_core.package_identification:_identify(install) ignored
[0.263s] Level 1:colcon.colcon_core.package_identification:_identify(log) by extensions ['ignore', 'ignore_ament_install']
[0.264s] Level 1:colcon.colcon_core.package_identification:_identify(log) by extension 'ignore'
[0.264s] Level 1:colcon.colcon_core.package_identification:_identify(log) ignored
[0.264s] Level 1:colcon.colcon_core.package_identification:_identify(src) by extensions ['ignore', 'ignore_ament_install']
[0.264s] Level 1:colcon.colcon_core.package_identification:_identify(src) by extension 'ignore'
[0.264s] Level 1:colcon.colcon_core.package_identification:_identify(src) by extension 'ignore_ament_install'
[0.264s] Level 1:colcon.colcon_core.package_identification:_identify(src) by extensions ['colcon_pkg']
[0.264s] Level 1:colcon.colcon_core.package_identification:_identify(src) by extension 'colcon_pkg'
[0.264s] Level 1:colcon.colcon_core.package_identification:_identify(src) by extensions ['colcon_meta']
[0.264s] Level 1:colcon.colcon_core.package_identification:_identify(src) by extension 'colcon_meta'
[0.264s] Level 1:colcon.colcon_core.package_identification:_identify(src) by extensions ['ros']
[0.264s] Level 1:colcon.colcon_core.package_identification:_identify(src) by extension 'ros'
[0.264s] Level 1:colcon.colcon_core.package_identification:_identify(src) by extensions ['cmake', 'python']
[0.264s] Level 1:colcon.colcon_core.package_identification:_identify(src) by extension 'cmake'
[0.264s] Level 1:colcon.colcon_core.package_identification:_identify(src) by extension 'python'
[0.264s] Level 1:colcon.colcon_core.package_identification:_identify(src) by extensions ['python_setup_py']
[0.264s] Level 1:colcon.colcon_core.package_identification:_identify(src) by extension 'python_setup_py'
[0.264s] Level 1:colcon.colcon_core.package_identification:_identify(src/sml_indy-ros2) by extensions ['ignore', 'ignore_ament_install']
[0.264s] Level 1:colcon.colcon_core.package_identification:_identify(src/sml_indy-ros2) by extension 'ignore'
[0.264s] Level 1:colcon.colcon_core.package_identification:_identify(src/sml_indy-ros2) by extension 'ignore_ament_install'
[0.264s] Level 1:colcon.colcon_core.package_identification:_identify(src/sml_indy-ros2) by extensions ['colcon_pkg']
[0.264s] Level 1:colcon.colcon_core.package_identification:_identify(src/sml_indy-ros2) by extension 'colcon_pkg'
[0.264s] Level 1:colcon.colcon_core.package_identification:_identify(src/sml_indy-ros2) by extensions ['colcon_meta']
[0.264s] Level 1:colcon.colcon_core.package_identification:_identify(src/sml_indy-ros2) by extension 'colcon_meta'
[0.264s] Level 1:colcon.colcon_core.package_identification:_identify(src/sml_indy-ros2) by extensions ['ros']
[0.264s] Level 1:colcon.colcon_core.package_identification:_identify(src/sml_indy-ros2) by extension 'ros'
[0.265s] Level 1:colcon.colcon_core.package_identification:_identify(src/sml_indy-ros2) by extensions ['cmake', 'python']
[0.265s] Level 1:colcon.colcon_core.package_identification:_identify(src/sml_indy-ros2) by extension 'cmake'
[0.265s] Level 1:colcon.colcon_core.package_identification:_identify(src/sml_indy-ros2) by extension 'python'
[0.265s] Level 1:colcon.colcon_core.package_identification:_identify(src/sml_indy-ros2) by extensions ['python_setup_py']
[0.265s] Level 1:colcon.colcon_core.package_identification:_identify(src/sml_indy-ros2) by extension 'python_setup_py'
[0.265s] Level 1:colcon.colcon_core.package_identification:_identify(src/sml_indy-ros2/docker) by extensions ['ignore', 'ignore_ament_install']
[0.265s] Level 1:colcon.colcon_core.package_identification:_identify(src/sml_indy-ros2/docker) by extension 'ignore'
[0.265s] Level 1:colcon.colcon_core.package_identification:_identify(src/sml_indy-ros2/docker) by extension 'ignore_ament_install'
[0.265s] Level 1:colcon.colcon_core.package_identification:_identify(src/sml_indy-ros2/docker) by extensions ['colcon_pkg']
[0.265s] Level 1:colcon.colcon_core.package_identification:_identify(src/sml_indy-ros2/docker) by extension 'colcon_pkg'
[0.265s] Level 1:colcon.colcon_core.package_identification:_identify(src/sml_indy-ros2/docker) by extensions ['colcon_meta']
[0.265s] Level 1:colcon.colcon_core.package_identification:_identify(src/sml_indy-ros2/docker) by extension 'colcon_meta'
[0.265s] Level 1:colcon.colcon_core.package_identification:_identify(src/sml_indy-ros2/docker) by extensions ['ros']
[0.265s] Level 1:colcon.colcon_core.package_identification:_identify(src/sml_indy-ros2/docker) by extension 'ros'
[0.265s] Level 1:colcon.colcon_core.package_identification:_identify(src/sml_indy-ros2/docker) by extensions ['cmake', 'python']
[0.265s] Level 1:colcon.colcon_core.package_identification:_identify(src/sml_indy-ros2/docker) by extension 'cmake'
[0.265s] Level 1:colcon.colcon_core.package_identification:_identify(src/sml_indy-ros2/docker) by extension 'python'
[0.265s] Level 1:colcon.colcon_core.package_identification:_identify(src/sml_indy-ros2/docker) by extensions ['python_setup_py']
[0.265s] Level 1:colcon.colcon_core.package_identification:_identify(src/sml_indy-ros2/docker) by extension 'python_setup_py'
[0.265s] Level 1:colcon.colcon_core.package_identification:_identify(src/sml_indy-ros2/indy_description) by extensions ['ignore', 'ignore_ament_install']
[0.265s] Level 1:colcon.colcon_core.package_identification:_identify(src/sml_indy-ros2/indy_description) by extension 'ignore'
[0.265s] Level 1:colcon.colcon_core.package_identification:_identify(src/sml_indy-ros2/indy_description) by extension 'ignore_ament_install'
[0.265s] Level 1:colcon.colcon_core.package_identification:_identify(src/sml_indy-ros2/indy_description) by extensions ['colcon_pkg']
[0.266s] Level 1:colcon.colcon_core.package_identification:_identify(src/sml_indy-ros2/indy_description) by extension 'colcon_pkg'
[0.266s] Level 1:colcon.colcon_core.package_identification:_identify(src/sml_indy-ros2/indy_description) by extensions ['colcon_meta']
[0.266s] Level 1:colcon.colcon_core.package_identification:_identify(src/sml_indy-ros2/indy_description) by extension 'colcon_meta'
[0.266s] Level 1:colcon.colcon_core.package_identification:_identify(src/sml_indy-ros2/indy_description) by extensions ['ros']
[0.266s] Level 1:colcon.colcon_core.package_identification:_identify(src/sml_indy-ros2/indy_description) by extension 'ros'
[0.268s] DEBUG:colcon.colcon_core.package_identification:Package 'src/sml_indy-ros2/indy_description' with type 'ros.ament_cmake' and name 'indy_description'
[0.268s] Level 1:colcon.colcon_core.package_identification:_identify(src/sml_indy-ros2/indy_driver) by extensions ['ignore', 'ignore_ament_install']
[0.268s] Level 1:colcon.colcon_core.package_identification:_identify(src/sml_indy-ros2/indy_driver) by extension 'ignore'
[0.268s] Level 1:colcon.colcon_core.package_identification:_identify(src/sml_indy-ros2/indy_driver) by extension 'ignore_ament_install'
[0.268s] Level 1:colcon.colcon_core.package_identification:_identify(src/sml_indy-ros2/indy_driver) by extensions ['colcon_pkg']
[0.268s] Level 1:colcon.colcon_core.package_identification:_identify(src/sml_indy-ros2/indy_driver) by extension 'colcon_pkg'
[0.268s] Level 1:colcon.colcon_core.package_identification:_identify(src/sml_indy-ros2/indy_driver) by extensions ['colcon_meta']
[0.268s] Level 1:colcon.colcon_core.package_identification:_identify(src/sml_indy-ros2/indy_driver) by extension 'colcon_meta'
[0.268s] Level 1:colcon.colcon_core.package_identification:_identify(src/sml_indy-ros2/indy_driver) by extensions ['ros']
[0.268s] Level 1:colcon.colcon_core.package_identification:_identify(src/sml_indy-ros2/indy_driver) by extension 'ros'
[0.269s] DEBUG:colcon.colcon_core.package_identification:Package 'src/sml_indy-ros2/indy_driver' with type 'ros.ament_cmake' and name 'indy_driver'
[0.269s] Level 1:colcon.colcon_core.package_identification:_identify(src/sml_indy-ros2/indy_gazebo) by extensions ['ignore', 'ignore_ament_install']
[0.269s] Level 1:colcon.colcon_core.package_identification:_identify(src/sml_indy-ros2/indy_gazebo) by extension 'ignore'
[0.269s] Level 1:colcon.colcon_core.package_identification:_identify(src/sml_indy-ros2/indy_gazebo) by extension 'ignore_ament_install'
[0.269s] Level 1:colcon.colcon_core.package_identification:_identify(src/sml_indy-ros2/indy_gazebo) by extensions ['colcon_pkg']
[0.269s] Level 1:colcon.colcon_core.package_identification:_identify(src/sml_indy-ros2/indy_gazebo) by extension 'colcon_pkg'
[0.269s] Level 1:colcon.colcon_core.package_identification:_identify(src/sml_indy-ros2/indy_gazebo) by extensions ['colcon_meta']
[0.269s] Level 1:colcon.colcon_core.package_identification:_identify(src/sml_indy-ros2/indy_gazebo) by extension 'colcon_meta'
[0.269s] Level 1:colcon.colcon_core.package_identification:_identify(src/sml_indy-ros2/indy_gazebo) by extensions ['ros']
[0.269s] Level 1:colcon.colcon_core.package_identification:_identify(src/sml_indy-ros2/indy_gazebo) by extension 'ros'
[0.270s] DEBUG:colcon.colcon_core.package_identification:Package 'src/sml_indy-ros2/indy_gazebo' with type 'ros.ament_cmake' and name 'indy_gazebo'
[0.270s] Level 1:colcon.colcon_core.package_identification:_identify(src/sml_indy-ros2/indy_interfaces) by extensions ['ignore', 'ignore_ament_install']
[0.270s] Level 1:colcon.colcon_core.package_identification:_identify(src/sml_indy-ros2/indy_interfaces) by extension 'ignore'
[0.270s] Level 1:colcon.colcon_core.package_identification:_identify(src/sml_indy-ros2/indy_interfaces) by extension 'ignore_ament_install'
[0.270s] Level 1:colcon.colcon_core.package_identification:_identify(src/sml_indy-ros2/indy_interfaces) by extensions ['colcon_pkg']
[0.270s] Level 1:colcon.colcon_core.package_identification:_identify(src/sml_indy-ros2/indy_interfaces) by extension 'colcon_pkg'
[0.270s] Level 1:colcon.colcon_core.package_identification:_identify(src/sml_indy-ros2/indy_interfaces) by extensions ['colcon_meta']
[0.270s] Level 1:colcon.colcon_core.package_identification:_identify(src/sml_indy-ros2/indy_interfaces) by extension 'colcon_meta'
[0.270s] Level 1:colcon.colcon_core.package_identification:_identify(src/sml_indy-ros2/indy_interfaces) by extensions ['ros']
[0.270s] Level 1:colcon.colcon_core.package_identification:_identify(src/sml_indy-ros2/indy_interfaces) by extension 'ros'
[0.271s] DEBUG:colcon.colcon_core.package_identification:Package 'src/sml_indy-ros2/indy_interfaces' with type 'ros.ament_cmake' and name 'indy_interfaces'
[0.271s] Level 1:colcon.colcon_core.package_identification:_identify(src/sml_indy-ros2/indy_moveit) by extensions ['ignore', 'ignore_ament_install']
[0.271s] Level 1:colcon.colcon_core.package_identification:_identify(src/sml_indy-ros2/indy_moveit) by extension 'ignore'
[0.271s] Level 1:colcon.colcon_core.package_identification:_identify(src/sml_indy-ros2/indy_moveit) by extension 'ignore_ament_install'
[0.271s] Level 1:colcon.colcon_core.package_identification:_identify(src/sml_indy-ros2/indy_moveit) by extensions ['colcon_pkg']
[0.271s] Level 1:colcon.colcon_core.package_identification:_identify(src/sml_indy-ros2/indy_moveit) by extension 'colcon_pkg'
[0.271s] Level 1:colcon.colcon_core.package_identification:_identify(src/sml_indy-ros2/indy_moveit) by extensions ['colcon_meta']
[0.271s] Level 1:colcon.colcon_core.package_identification:_identify(src/sml_indy-ros2/indy_moveit) by extension 'colcon_meta'
[0.271s] Level 1:colcon.colcon_core.package_identification:_identify(src/sml_indy-ros2/indy_moveit) by extensions ['ros']
[0.271s] Level 1:colcon.colcon_core.package_identification:_identify(src/sml_indy-ros2/indy_moveit) by extension 'ros'
[0.272s] DEBUG:colcon.colcon_core.package_identification:Package 'src/sml_indy-ros2/indy_moveit' with type 'ros.ament_cmake' and name 'indy_moveit'
[0.272s] Level 1:colcon.colcon_core.package_discovery:discover_packages(recursive) using defaults
[0.272s] Level 1:colcon.colcon_core.package_discovery:discover_packages(ignore) discover
[0.272s] Level 1:colcon.colcon_core.package_discovery:discover_packages(ignore) using defaults
[0.272s] Level 1:colcon.colcon_core.package_discovery:discover_packages(path) discover
[0.272s] Level 1:colcon.colcon_core.package_discovery:discover_packages(path) using defaults
[0.289s] Level 5:colcon.colcon_core.verb:set package 'indy_description' build argument 'cmake_args' from command line to 'None'
[0.289s] Level 5:colcon.colcon_core.verb:set package 'indy_description' build argument 'cmake_target' from command line to 'None'
[0.289s] Level 5:colcon.colcon_core.verb:set package 'indy_description' build argument 'cmake_target_skip_unavailable' from command line to 'False'
[0.289s] Level 5:colcon.colcon_core.verb:set package 'indy_description' build argument 'cmake_clean_cache' from command line to 'False'
[0.289s] Level 5:colcon.colcon_core.verb:set package 'indy_description' build argument 'cmake_clean_first' from command line to 'False'
[0.289s] Level 5:colcon.colcon_core.verb:set package 'indy_description' build argument 'cmake_force_configure' from command line to 'False'
[0.289s] Level 5:colcon.colcon_core.verb:set package 'indy_description' build argument 'ament_cmake_args' from command line to 'None'
[0.289s] Level 5:colcon.colcon_core.verb:set package 'indy_description' build argument 'catkin_cmake_args' from command line to 'None'
[0.289s] Level 5:colcon.colcon_core.verb:set package 'indy_description' build argument 'catkin_skip_building_tests' from command line to 'False'
[0.289s] DEBUG:colcon.colcon_core.verb:Building package 'indy_description' with the following arguments: {'ament_cmake_args': None, 'build_base': '/root/common/indy-ros2/build/indy_description', 'catkin_cmake_args': None, 'catkin_skip_building_tests': False, 'cmake_args': None, 'cmake_clean_cache': False, 'cmake_clean_first': False, 'cmake_force_configure': False, 'cmake_target': None, 'cmake_target_skip_unavailable': False, 'install_base': '/root/common/indy-ros2/install/indy_description', 'merge_install': False, 'path': '/root/common/indy-ros2/src/sml_indy-ros2/indy_description', 'symlink_install': False, 'test_result_base': None}
[0.290s] Level 5:colcon.colcon_core.verb:set package 'indy_interfaces' build argument 'cmake_args' from command line to 'None'
[0.290s] Level 5:colcon.colcon_core.verb:set package 'indy_interfaces' build argument 'cmake_target' from command line to 'None'
[0.290s] Level 5:colcon.colcon_core.verb:set package 'indy_interfaces' build argument 'cmake_target_skip_unavailable' from command line to 'False'
[0.290s] Level 5:colcon.colcon_core.verb:set package 'indy_interfaces' build argument 'cmake_clean_cache' from command line to 'False'
[0.290s] Level 5:colcon.colcon_core.verb:set package 'indy_interfaces' build argument 'cmake_clean_first' from command line to 'False'
[0.290s] Level 5:colcon.colcon_core.verb:set package 'indy_interfaces' build argument 'cmake_force_configure' from command line to 'False'
[0.290s] Level 5:colcon.colcon_core.verb:set package 'indy_interfaces' build argument 'ament_cmake_args' from command line to 'None'
[0.290s] Level 5:colcon.colcon_core.verb:set package 'indy_interfaces' build argument 'catkin_cmake_args' from command line to 'None'
[0.290s] Level 5:colcon.colcon_core.verb:set package 'indy_interfaces' build argument 'catkin_skip_building_tests' from command line to 'False'
[0.290s] DEBUG:colcon.colcon_core.verb:Building package 'indy_interfaces' with the following arguments: {'ament_cmake_args': None, 'build_base': '/root/common/indy-ros2/build/indy_interfaces', 'catkin_cmake_args': None, 'catkin_skip_building_tests': False, 'cmake_args': None, 'cmake_clean_cache': False, 'cmake_clean_first': False, 'cmake_force_configure': False, 'cmake_target': None, 'cmake_target_skip_unavailable': False, 'install_base': '/root/common/indy-ros2/install/indy_interfaces', 'merge_install': False, 'path': '/root/common/indy-ros2/src/sml_indy-ros2/indy_interfaces', 'symlink_install': False, 'test_result_base': None}
[0.290s] Level 5:colcon.colcon_core.verb:set package 'indy_driver' build argument 'cmake_args' from command line to 'None'
[0.290s] Level 5:colcon.colcon_core.verb:set package 'indy_driver' build argument 'cmake_target' from command line to 'None'
[0.290s] Level 5:colcon.colcon_core.verb:set package 'indy_driver' build argument 'cmake_target_skip_unavailable' from command line to 'False'
[0.290s] Level 5:colcon.colcon_core.verb:set package 'indy_driver' build argument 'cmake_clean_cache' from command line to 'False'
[0.290s] Level 5:colcon.colcon_core.verb:set package 'indy_driver' build argument 'cmake_clean_first' from command line to 'False'
[0.290s] Level 5:colcon.colcon_core.verb:set package 'indy_driver' build argument 'cmake_force_configure' from command line to 'False'
[0.290s] Level 5:colcon.colcon_core.verb:set package 'indy_driver' build argument 'ament_cmake_args' from command line to 'None'
[0.290s] Level 5:colcon.colcon_core.verb:set package 'indy_driver' build argument 'catkin_cmake_args' from command line to 'None'
[0.290s] Level 5:colcon.colcon_core.verb:set package 'indy_driver' build argument 'catkin_skip_building_tests' from command line to 'False'
[0.290s] DEBUG:colcon.colcon_core.verb:Building package 'indy_driver' with the following arguments: {'ament_cmake_args': None, 'build_base': '/root/common/indy-ros2/build/indy_driver', 'catkin_cmake_args': None, 'catkin_skip_building_tests': False, 'cmake_args': None, 'cmake_clean_cache': False, 'cmake_clean_first': False, 'cmake_force_configure': False, 'cmake_target': None, 'cmake_target_skip_unavailable': False, 'install_base': '/root/common/indy-ros2/install/indy_driver', 'merge_install': False, 'path': '/root/common/indy-ros2/src/sml_indy-ros2/indy_driver', 'symlink_install': False, 'test_result_base': None}
[0.291s] Level 5:colcon.colcon_core.verb:set package 'indy_gazebo' build argument 'cmake_args' from command line to 'None'
[0.291s] Level 5:colcon.colcon_core.verb:set package 'indy_gazebo' build argument 'cmake_target' from command line to 'None'
[0.291s] Level 5:colcon.colcon_core.verb:set package 'indy_gazebo' build argument 'cmake_target_skip_unavailable' from command line to 'False'
[0.291s] Level 5:colcon.colcon_core.verb:set package 'indy_gazebo' build argument 'cmake_clean_cache' from command line to 'False'
[0.291s] Level 5:colcon.colcon_core.verb:set package 'indy_gazebo' build argument 'cmake_clean_first' from command line to 'False'
[0.291s] Level 5:colcon.colcon_core.verb:set package 'indy_gazebo' build argument 'cmake_force_configure' from command line to 'False'
[0.291s] Level 5:colcon.colcon_core.verb:set package 'indy_gazebo' build argument 'ament_cmake_args' from command line to 'None'
[0.291s] Level 5:colcon.colcon_core.verb:set package 'indy_gazebo' build argument 'catkin_cmake_args' from command line to 'None'
[0.291s] Level 5:colcon.colcon_core.verb:set package 'indy_gazebo' build argument 'catkin_skip_building_tests' from command line to 'False'
[0.291s] DEBUG:colcon.colcon_core.verb:Building package 'indy_gazebo' with the following arguments: {'ament_cmake_args': None, 'build_base': '/root/common/indy-ros2/build/indy_gazebo', 'catkin_cmake_args': None, 'catkin_skip_building_tests': False, 'cmake_args': None, 'cmake_clean_cache': False, 'cmake_clean_first': False, 'cmake_force_configure': False, 'cmake_target': None, 'cmake_target_skip_unavailable': False, 'install_base': '/root/common/indy-ros2/install/indy_gazebo', 'merge_install': False, 'path': '/root/common/indy-ros2/src/sml_indy-ros2/indy_gazebo', 'symlink_install': False, 'test_result_base': None}
[0.291s] Level 5:colcon.colcon_core.verb:set package 'indy_moveit' build argument 'cmake_args' from command line to 'None'
[0.291s] Level 5:colcon.colcon_core.verb:set package 'indy_moveit' build argument 'cmake_target' from command line to 'None'
[0.291s] Level 5:colcon.colcon_core.verb:set package 'indy_moveit' build argument 'cmake_target_skip_unavailable' from command line to 'False'
[0.291s] Level 5:colcon.colcon_core.verb:set package 'indy_moveit' build argument 'cmake_clean_cache' from command line to 'False'
[0.291s] Level 5:colcon.colcon_core.verb:set package 'indy_moveit' build argument 'cmake_clean_first' from command line to 'False'
[0.291s] Level 5:colcon.colcon_core.verb:set package 'indy_moveit' build argument 'cmake_force_configure' from command line to 'False'
[0.291s] Level 5:colcon.colcon_core.verb:set package 'indy_moveit' build argument 'ament_cmake_args' from command line to 'None'
[0.291s] Level 5:colcon.colcon_core.verb:set package 'indy_moveit' build argument 'catkin_cmake_args' from command line to 'None'
[0.291s] Level 5:colcon.colcon_core.verb:set package 'indy_moveit' build argument 'catkin_skip_building_tests' from command line to 'False'
[0.291s] DEBUG:colcon.colcon_core.verb:Building package 'indy_moveit' with the following arguments: {'ament_cmake_args': None, 'build_base': '/root/common/indy-ros2/build/indy_moveit', 'catkin_cmake_args': None, 'catkin_skip_building_tests': False, 'cmake_args': None, 'cmake_clean_cache': False, 'cmake_clean_first': False, 'cmake_force_configure': False, 'cmake_target': None, 'cmake_target_skip_unavailable': False, 'install_base': '/root/common/indy-ros2/install/indy_moveit', 'merge_install': False, 'path': '/root/common/indy-ros2/src/sml_indy-ros2/indy_moveit', 'symlink_install': False, 'test_result_base': None}
[0.291s] INFO:colcon.colcon_core.executor:Executing jobs using 'parallel' executor
[0.292s] DEBUG:colcon.colcon_parallel_executor.executor.parallel:run_until_complete
[0.292s] INFO:colcon.colcon_ros.task.ament_cmake.build:Building ROS package in '/root/common/indy-ros2/src/sml_indy-ros2/indy_description' with build type 'ament_cmake'
[0.292s] INFO:colcon.colcon_cmake.task.cmake.build:Building CMake package in '/root/common/indy-ros2/src/sml_indy-ros2/indy_description'
[0.295s] INFO:colcon.colcon_core.plugin_system:Skipping extension 'colcon_core.shell.bat': Not used on non-Windows systems
[0.296s] INFO:colcon.colcon_core.shell:Skip shell extension 'powershell' for command environment: Not usable outside of PowerShell
[0.296s] DEBUG:colcon.colcon_core.shell:Skip shell extension 'dsv' for command environment
[0.308s] INFO:colcon.colcon_ros.task.ament_cmake.build:Building ROS package in '/root/common/indy-ros2/src/sml_indy-ros2/indy_interfaces' with build type 'ament_cmake'
[0.308s] INFO:colcon.colcon_cmake.task.cmake.build:Building CMake package in '/root/common/indy-ros2/src/sml_indy-ros2/indy_interfaces'
[0.309s] INFO:colcon.colcon_core.shell:Skip shell extension 'powershell' for command environment: Not usable outside of PowerShell
[0.309s] DEBUG:colcon.colcon_core.shell:Skip shell extension 'dsv' for command environment
[0.315s] DEBUG:colcon.colcon_core.event_handler.log_command:Invoking command in '/root/common/indy-ros2/build/indy_description': CMAKE_PREFIX_PATH=/opt/ros/humble /usr/bin/cmake /root/common/indy-ros2/src/sml_indy-ros2/indy_description -DCMAKE_INSTALL_PREFIX=/root/common/indy-ros2/install/indy_description
[0.318s] DEBUG:colcon.colcon_core.event_handler.log_command:Invoking command in '/root/common/indy-ros2/build/indy_interfaces': CMAKE_PREFIX_PATH=/opt/ros/humble /usr/bin/cmake /root/common/indy-ros2/src/sml_indy-ros2/indy_interfaces -DCMAKE_INSTALL_PREFIX=/root/common/indy-ros2/install/indy_interfaces
[1.076s] DEBUG:colcon.colcon_core.event_handler.log_command:Invoked command in '/root/common/indy-ros2/build/indy_description' returned '0': CMAKE_PREFIX_PATH=/opt/ros/humble /usr/bin/cmake /root/common/indy-ros2/src/sml_indy-ros2/indy_description -DCMAKE_INSTALL_PREFIX=/root/common/indy-ros2/install/indy_description
[1.078s] DEBUG:colcon.colcon_core.event_handler.log_command:Invoking command in '/root/common/indy-ros2/build/indy_description': CMAKE_PREFIX_PATH=/opt/ros/humble /usr/bin/cmake --build /root/common/indy-ros2/build/indy_description -- -j12 -l12
[1.094s] DEBUG:colcon.colcon_core.event_handler.log_command:Invoked command in '/root/common/indy-ros2/build/indy_description' returned '0': CMAKE_PREFIX_PATH=/opt/ros/humble /usr/bin/cmake --build /root/common/indy-ros2/build/indy_description -- -j12 -l12
[1.112s] DEBUG:colcon.colcon_core.event_handler.log_command:Invoking command in '/root/common/indy-ros2/build/indy_description': CMAKE_PREFIX_PATH=/opt/ros/humble /usr/bin/cmake --install /root/common/indy-ros2/build/indy_description
[1.401s] Level 1:colcon.colcon_core.environment:create_environment_scripts_only(indy_description)
[1.401s] DEBUG:colcon.colcon_core.event_handler.log_command:Invoked command in '/root/common/indy-ros2/build/indy_description' returned '0': CMAKE_PREFIX_PATH=/opt/ros/humble /usr/bin/cmake --install /root/common/indy-ros2/build/indy_description
[1.404s] Level 1:colcon.colcon_core.environment:checking '/root/common/indy-ros2/install/indy_description' for CMake module files
[1.405s] Level 1:colcon.colcon_core.environment:checking '/root/common/indy-ros2/install/indy_description' for CMake config files
[1.406s] Level 1:colcon.colcon_core.shell:create_environment_hook('indy_description', 'cmake_prefix_path')
[1.406s] INFO:colcon.colcon_core.shell:Creating environment hook '/root/common/indy-ros2/install/indy_description/share/indy_description/hook/cmake_prefix_path.ps1'
[1.407s] INFO:colcon.colcon_core.shell:Creating environment descriptor '/root/common/indy-ros2/install/indy_description/share/indy_description/hook/cmake_prefix_path.dsv'
[1.407s] INFO:colcon.colcon_core.shell:Creating environment hook '/root/common/indy-ros2/install/indy_description/share/indy_description/hook/cmake_prefix_path.sh'
[1.408s] Level 1:colcon.colcon_core.environment:checking '/root/common/indy-ros2/install/indy_description/bin'
[1.408s] Level 1:colcon.colcon_core.environment:checking '/root/common/indy-ros2/install/indy_description/lib/pkgconfig/indy_description.pc'
[1.409s] Level 1:colcon.colcon_core.environment:checking '/root/common/indy-ros2/install/indy_description/lib/python3.10/site-packages'
[1.409s] Level 1:colcon.colcon_core.environment:checking '/root/common/indy-ros2/install/indy_description/bin'
[1.410s] INFO:colcon.colcon_core.shell:Creating package script '/root/common/indy-ros2/install/indy_description/share/indy_description/package.ps1'
[1.410s] INFO:colcon.colcon_core.shell:Creating package descriptor '/root/common/indy-ros2/install/indy_description/share/indy_description/package.dsv'
[1.411s] INFO:colcon.colcon_core.shell:Creating package script '/root/common/indy-ros2/install/indy_description/share/indy_description/package.sh'
[1.412s] INFO:colcon.colcon_core.shell:Creating package script '/root/common/indy-ros2/install/indy_description/share/indy_description/package.bash'
[1.412s] INFO:colcon.colcon_core.shell:Creating package script '/root/common/indy-ros2/install/indy_description/share/indy_description/package.zsh'
[1.413s] Level 1:colcon.colcon_core.environment:create_file_with_runtime_dependencies(/root/common/indy-ros2/install/indy_description/share/colcon-core/packages/indy_description)
[1.427s] Level 1:colcon.colcon_core.environment:create_environment_scripts_only(indy_description)
[1.428s] Level 1:colcon.colcon_core.environment:checking '/root/common/indy-ros2/install/indy_description' for CMake module files
[1.428s] Level 1:colcon.colcon_core.environment:checking '/root/common/indy-ros2/install/indy_description' for CMake config files
[1.430s] Level 1:colcon.colcon_core.shell:create_environment_hook('indy_description', 'cmake_prefix_path')
[1.430s] INFO:colcon.colcon_core.shell:Creating environment hook '/root/common/indy-ros2/install/indy_description/share/indy_description/hook/cmake_prefix_path.ps1'
[1.431s] INFO:colcon.colcon_core.shell:Creating environment descriptor '/root/common/indy-ros2/install/indy_description/share/indy_description/hook/cmake_prefix_path.dsv'
[1.431s] INFO:colcon.colcon_core.shell:Creating environment hook '/root/common/indy-ros2/install/indy_description/share/indy_description/hook/cmake_prefix_path.sh'
[1.431s] Level 1:colcon.colcon_core.environment:checking '/root/common/indy-ros2/install/indy_description/bin'
[1.431s] Level 1:colcon.colcon_core.environment:checking '/root/common/indy-ros2/install/indy_description/lib/pkgconfig/indy_description.pc'
[1.432s] Level 1:colcon.colcon_core.environment:checking '/root/common/indy-ros2/install/indy_description/lib/python3.10/site-packages'
[1.432s] Level 1:colcon.colcon_core.environment:checking '/root/common/indy-ros2/install/indy_description/bin'
[1.432s] INFO:colcon.colcon_core.shell:Creating package script '/root/common/indy-ros2/install/indy_description/share/indy_description/package.ps1'
[1.433s] INFO:colcon.colcon_core.shell:Creating package descriptor '/root/common/indy-ros2/install/indy_description/share/indy_description/package.dsv'
[1.433s] INFO:colcon.colcon_core.shell:Creating package script '/root/common/indy-ros2/install/indy_description/share/indy_description/package.sh'
[1.434s] INFO:colcon.colcon_core.shell:Creating package script '/root/common/indy-ros2/install/indy_description/share/indy_description/package.bash'
[1.434s] INFO:colcon.colcon_core.shell:Creating package script '/root/common/indy-ros2/install/indy_description/share/indy_description/package.zsh'
[1.435s] Level 1:colcon.colcon_core.environment:create_file_with_runtime_dependencies(/root/common/indy-ros2/install/indy_description/share/colcon-core/packages/indy_description)
[1.435s] INFO:colcon.colcon_ros.task.ament_cmake.build:Building ROS package in '/root/common/indy-ros2/src/sml_indy-ros2/indy_driver' with build type 'ament_cmake'
[1.435s] INFO:colcon.colcon_cmake.task.cmake.build:Building CMake package in '/root/common/indy-ros2/src/sml_indy-ros2/indy_driver'
[1.435s] INFO:colcon.colcon_core.shell:Skip shell extension 'powershell' for command environment: Not usable outside of PowerShell
[1.436s] DEBUG:colcon.colcon_core.shell:Skip shell extension 'dsv' for command environment
[1.440s] INFO:colcon.colcon_ros.task.ament_cmake.build:Building ROS package in '/root/common/indy-ros2/src/sml_indy-ros2/indy_gazebo' with build type 'ament_cmake'
[1.441s] INFO:colcon.colcon_cmake.task.cmake.build:Building CMake package in '/root/common/indy-ros2/src/sml_indy-ros2/indy_gazebo'
[1.441s] INFO:colcon.colcon_core.shell:Skip shell extension 'powershell' for command environment: Not usable outside of PowerShell
[1.441s] DEBUG:colcon.colcon_core.shell:Skip shell extension 'dsv' for command environment
[1.444s] INFO:colcon.colcon_ros.task.ament_cmake.build:Building ROS package in '/root/common/indy-ros2/src/sml_indy-ros2/indy_moveit' with build type 'ament_cmake'
[1.445s] INFO:colcon.colcon_cmake.task.cmake.build:Building CMake package in '/root/common/indy-ros2/src/sml_indy-ros2/indy_moveit'
[1.445s] INFO:colcon.colcon_core.shell:Skip shell extension 'powershell' for command environment: Not usable outside of PowerShell
[1.445s] DEBUG:colcon.colcon_core.shell:Skip shell extension 'dsv' for command environment
[1.452s] DEBUG:colcon.colcon_core.event_handler.log_command:Invoking command in '/root/common/indy-ros2/build/indy_driver': AMENT_PREFIX_PATH=/root/common/indy-ros2/install/indy_description:${AMENT_PREFIX_PATH} CMAKE_PREFIX_PATH=/root/common/indy-ros2/install/indy_description:/opt/ros/humble /usr/bin/cmake /root/common/indy-ros2/src/sml_indy-ros2/indy_driver -DCMAKE_INSTALL_PREFIX=/root/common/indy-ros2/install/indy_driver
[1.455s] DEBUG:colcon.colcon_core.event_handler.log_command:Invoking command in '/root/common/indy-ros2/build/indy_gazebo': AMENT_PREFIX_PATH=/root/common/indy-ros2/install/indy_description:${AMENT_PREFIX_PATH} CMAKE_PREFIX_PATH=/root/common/indy-ros2/install/indy_description:/opt/ros/humble /usr/bin/cmake /root/common/indy-ros2/src/sml_indy-ros2/indy_gazebo -DCMAKE_INSTALL_PREFIX=/root/common/indy-ros2/install/indy_gazebo
[1.459s] DEBUG:colcon.colcon_core.event_handler.log_command:Invoking command in '/root/common/indy-ros2/build/indy_moveit': AMENT_PREFIX_PATH=/root/common/indy-ros2/install/indy_description:${AMENT_PREFIX_PATH} CMAKE_PREFIX_PATH=/root/common/indy-ros2/install/indy_description:/opt/ros/humble /usr/bin/cmake /root/common/indy-ros2/src/sml_indy-ros2/indy_moveit -DCMAKE_INSTALL_PREFIX=/root/common/indy-ros2/install/indy_moveit
[2.111s] DEBUG:colcon.colcon_core.event_handler.log_command:Invoked command in '/root/common/indy-ros2/build/indy_gazebo' returned '0': AMENT_PREFIX_PATH=/root/common/indy-ros2/install/indy_description:${AMENT_PREFIX_PATH} CMAKE_PREFIX_PATH=/root/common/indy-ros2/install/indy_description:/opt/ros/humble /usr/bin/cmake /root/common/indy-ros2/src/sml_indy-ros2/indy_gazebo -DCMAKE_INSTALL_PREFIX=/root/common/indy-ros2/install/indy_gazebo
[2.112s] DEBUG:colcon.colcon_core.event_handler.log_command:Invoking command in '/root/common/indy-ros2/build/indy_gazebo': AMENT_PREFIX_PATH=/root/common/indy-ros2/install/indy_description:${AMENT_PREFIX_PATH} CMAKE_PREFIX_PATH=/root/common/indy-ros2/install/indy_description:/opt/ros/humble /usr/bin/cmake --build /root/common/indy-ros2/build/indy_gazebo -- -j12 -l12
[2.130s] DEBUG:colcon.colcon_core.event_handler.log_command:Invoked command in '/root/common/indy-ros2/build/indy_gazebo' returned '0': AMENT_PREFIX_PATH=/root/common/indy-ros2/install/indy_description:${AMENT_PREFIX_PATH} CMAKE_PREFIX_PATH=/root/common/indy-ros2/install/indy_description:/opt/ros/humble /usr/bin/cmake --build /root/common/indy-ros2/build/indy_gazebo -- -j12 -l12
[2.144s] DEBUG:colcon.colcon_core.event_handler.log_command:Invoking command in '/root/common/indy-ros2/build/indy_gazebo': AMENT_PREFIX_PATH=/root/common/indy-ros2/install/indy_description:${AMENT_PREFIX_PATH} CMAKE_PREFIX_PATH=/root/common/indy-ros2/install/indy_description:/opt/ros/humble /usr/bin/cmake --install /root/common/indy-ros2/build/indy_gazebo
[2.151s] Level 1:colcon.colcon_core.environment:create_environment_scripts_only(indy_gazebo)
[2.151s] Level 1:colcon.colcon_core.environment:checking '/root/common/indy-ros2/install/indy_gazebo' for CMake module files
[2.151s] DEBUG:colcon.colcon_core.event_handler.log_command:Invoked command in '/root/common/indy-ros2/build/indy_gazebo' returned '0': AMENT_PREFIX_PATH=/root/common/indy-ros2/install/indy_description:${AMENT_PREFIX_PATH} CMAKE_PREFIX_PATH=/root/common/indy-ros2/install/indy_description:/opt/ros/humble /usr/bin/cmake --install /root/common/indy-ros2/build/indy_gazebo
[2.152s] Level 1:colcon.colcon_core.environment:checking '/root/common/indy-ros2/install/indy_gazebo' for CMake config files
[2.152s] Level 1:colcon.colcon_core.shell:create_environment_hook('indy_gazebo', 'cmake_prefix_path')
[2.152s] INFO:colcon.colcon_core.shell:Creating environment hook '/root/common/indy-ros2/install/indy_gazebo/share/indy_gazebo/hook/cmake_prefix_path.ps1'
[2.152s] INFO:colcon.colcon_core.shell:Creating environment descriptor '/root/common/indy-ros2/install/indy_gazebo/share/indy_gazebo/hook/cmake_prefix_path.dsv'
[2.152s] INFO:colcon.colcon_core.shell:Creating environment hook '/root/common/indy-ros2/install/indy_gazebo/share/indy_gazebo/hook/cmake_prefix_path.sh'
[2.153s] Level 1:colcon.colcon_core.environment:checking '/root/common/indy-ros2/install/indy_gazebo/bin'
[2.153s] Level 1:colcon.colcon_core.environment:checking '/root/common/indy-ros2/install/indy_gazebo/lib/pkgconfig/indy_gazebo.pc'
[2.153s] Level 1:colcon.colcon_core.environment:checking '/root/common/indy-ros2/install/indy_gazebo/lib/python3.10/site-packages'
[2.153s] Level 1:colcon.colcon_core.environment:checking '/root/common/indy-ros2/install/indy_gazebo/bin'
[2.154s] INFO:colcon.colcon_core.shell:Creating package script '/root/common/indy-ros2/install/indy_gazebo/share/indy_gazebo/package.ps1'
[2.154s] INFO:colcon.colcon_core.shell:Creating package descriptor '/root/common/indy-ros2/install/indy_gazebo/share/indy_gazebo/package.dsv'
[2.154s] INFO:colcon.colcon_core.shell:Creating package script '/root/common/indy-ros2/install/indy_gazebo/share/indy_gazebo/package.sh'
[2.154s] INFO:colcon.colcon_core.shell:Creating package script '/root/common/indy-ros2/install/indy_gazebo/share/indy_gazebo/package.bash'
[2.155s] INFO:colcon.colcon_core.shell:Creating package script '/root/common/indy-ros2/install/indy_gazebo/share/indy_gazebo/package.zsh'
[2.155s] Level 1:colcon.colcon_core.environment:create_file_with_runtime_dependencies(/root/common/indy-ros2/install/indy_gazebo/share/colcon-core/packages/indy_gazebo)
[2.170s] Level 1:colcon.colcon_core.environment:create_environment_scripts_only(indy_gazebo)
[2.171s] Level 1:colcon.colcon_core.environment:checking '/root/common/indy-ros2/install/indy_gazebo' for CMake module files
[2.171s] Level 1:colcon.colcon_core.environment:checking '/root/common/indy-ros2/install/indy_gazebo' for CMake config files
[2.172s] Level 1:colcon.colcon_core.shell:create_environment_hook('indy_gazebo', 'cmake_prefix_path')
[2.172s] INFO:colcon.colcon_core.shell:Creating environment hook '/root/common/indy-ros2/install/indy_gazebo/share/indy_gazebo/hook/cmake_prefix_path.ps1'
[2.172s] INFO:colcon.colcon_core.shell:Creating environment descriptor '/root/common/indy-ros2/install/indy_gazebo/share/indy_gazebo/hook/cmake_prefix_path.dsv'
[2.173s] INFO:colcon.colcon_core.shell:Creating environment hook '/root/common/indy-ros2/install/indy_gazebo/share/indy_gazebo/hook/cmake_prefix_path.sh'
[2.173s] Level 1:colcon.colcon_core.environment:checking '/root/common/indy-ros2/install/indy_gazebo/bin'
[2.173s] Level 1:colcon.colcon_core.environment:checking '/root/common/indy-ros2/install/indy_gazebo/lib/pkgconfig/indy_gazebo.pc'
[2.174s] Level 1:colcon.colcon_core.environment:checking '/root/common/indy-ros2/install/indy_gazebo/lib/python3.10/site-packages'
[2.174s] Level 1:colcon.colcon_core.environment:checking '/root/common/indy-ros2/install/indy_gazebo/bin'
[2.174s] INFO:colcon.colcon_core.shell:Creating package script '/root/common/indy-ros2/install/indy_gazebo/share/indy_gazebo/package.ps1'
[2.175s] INFO:colcon.colcon_core.shell:Creating package descriptor '/root/common/indy-ros2/install/indy_gazebo/share/indy_gazebo/package.dsv'
[2.175s] INFO:colcon.colcon_core.shell:Creating package script '/root/common/indy-ros2/install/indy_gazebo/share/indy_gazebo/package.sh'
[2.176s] INFO:colcon.colcon_core.shell:Creating package script '/root/common/indy-ros2/install/indy_gazebo/share/indy_gazebo/package.bash'
[2.176s] INFO:colcon.colcon_core.shell:Creating package script '/root/common/indy-ros2/install/indy_gazebo/share/indy_gazebo/package.zsh'
[2.177s] Level 1:colcon.colcon_core.environment:create_file_with_runtime_dependencies(/root/common/indy-ros2/install/indy_gazebo/share/colcon-core/packages/indy_gazebo)
[2.261s] DEBUG:colcon.colcon_core.event_handler.log_command:Invoked command in '/root/common/indy-ros2/build/indy_driver' returned '0': AMENT_PREFIX_PATH=/root/common/indy-ros2/install/indy_description:${AMENT_PREFIX_PATH} CMAKE_PREFIX_PATH=/root/common/indy-ros2/install/indy_description:/opt/ros/humble /usr/bin/cmake /root/common/indy-ros2/src/sml_indy-ros2/indy_driver -DCMAKE_INSTALL_PREFIX=/root/common/indy-ros2/install/indy_driver
[2.262s] DEBUG:colcon.colcon_core.event_handler.log_command:Invoking command in '/root/common/indy-ros2/build/indy_driver': AMENT_PREFIX_PATH=/root/common/indy-ros2/install/indy_description:${AMENT_PREFIX_PATH} CMAKE_PREFIX_PATH=/root/common/indy-ros2/install/indy_description:/opt/ros/humble /usr/bin/cmake --build /root/common/indy-ros2/build/indy_driver -- -j12 -l12
[2.543s] DEBUG:colcon.colcon_core.event_handler.log_command:Invoked command in '/root/common/indy-ros2/build/indy_driver' returned '0': AMENT_PREFIX_PATH=/root/common/indy-ros2/install/indy_description:${AMENT_PREFIX_PATH} CMAKE_PREFIX_PATH=/root/common/indy-ros2/install/indy_description:/opt/ros/humble /usr/bin/cmake --build /root/common/indy-ros2/build/indy_driver -- -j12 -l12
[2.559s] DEBUG:colcon.colcon_core.event_handler.log_command:Invoking command in '/root/common/indy-ros2/build/indy_driver': AMENT_PREFIX_PATH=/root/common/indy-ros2/install/indy_description:${AMENT_PREFIX_PATH} CMAKE_PREFIX_PATH=/root/common/indy-ros2/install/indy_description:/opt/ros/humble /usr/bin/cmake --install /root/common/indy-ros2/build/indy_driver
[2.600s] Level 1:colcon.colcon_core.environment:create_environment_scripts_only(indy_driver)
[2.601s] Level 1:colcon.colcon_core.environment:checking '/root/common/indy-ros2/install/indy_driver' for CMake module files
[2.601s] DEBUG:colcon.colcon_core.event_handler.log_command:Invoked command in '/root/common/indy-ros2/build/indy_driver' returned '0': AMENT_PREFIX_PATH=/root/common/indy-ros2/install/indy_description:${AMENT_PREFIX_PATH} CMAKE_PREFIX_PATH=/root/common/indy-ros2/install/indy_description:/opt/ros/humble /usr/bin/cmake --install /root/common/indy-ros2/build/indy_driver
[2.601s] Level 1:colcon.colcon_core.environment:checking '/root/common/indy-ros2/install/indy_driver' for CMake config files
[2.602s] Level 1:colcon.colcon_core.shell:create_environment_hook('indy_driver', 'cmake_prefix_path')
[2.602s] INFO:colcon.colcon_core.shell:Creating environment hook '/root/common/indy-ros2/install/indy_driver/share/indy_driver/hook/cmake_prefix_path.ps1'
[2.602s] INFO:colcon.colcon_core.shell:Creating environment descriptor '/root/common/indy-ros2/install/indy_driver/share/indy_driver/hook/cmake_prefix_path.dsv'
[2.602s] INFO:colcon.colcon_core.shell:Creating environment hook '/root/common/indy-ros2/install/indy_driver/share/indy_driver/hook/cmake_prefix_path.sh'
[2.603s] Level 1:colcon.colcon_core.environment:checking '/root/common/indy-ros2/install/indy_driver/lib'
[2.603s] Level 1:colcon.colcon_core.environment:checking '/root/common/indy-ros2/install/indy_driver/bin'
[2.603s] Level 1:colcon.colcon_core.environment:checking '/root/common/indy-ros2/install/indy_driver/lib/pkgconfig/indy_driver.pc'
[2.603s] Level 1:colcon.colcon_core.environment:checking '/root/common/indy-ros2/install/indy_driver/lib/python3.10/site-packages'
[2.603s] Level 1:colcon.colcon_core.environment:checking '/root/common/indy-ros2/install/indy_driver/bin'
[2.603s] INFO:colcon.colcon_core.shell:Creating package script '/root/common/indy-ros2/install/indy_driver/share/indy_driver/package.ps1'
[2.604s] INFO:colcon.colcon_core.shell:Creating package descriptor '/root/common/indy-ros2/install/indy_driver/share/indy_driver/package.dsv'
[2.604s] INFO:colcon.colcon_core.shell:Creating package script '/root/common/indy-ros2/install/indy_driver/share/indy_driver/package.sh'
[2.604s] INFO:colcon.colcon_core.shell:Creating package script '/root/common/indy-ros2/install/indy_driver/share/indy_driver/package.bash'
[2.604s] INFO:colcon.colcon_core.shell:Creating package script '/root/common/indy-ros2/install/indy_driver/share/indy_driver/package.zsh'
[2.605s] Level 1:colcon.colcon_core.environment:create_file_with_runtime_dependencies(/root/common/indy-ros2/install/indy_driver/share/colcon-core/packages/indy_driver)
[2.621s] Level 1:colcon.colcon_core.environment:create_environment_scripts_only(indy_driver)
[2.621s] Level 1:colcon.colcon_core.environment:checking '/root/common/indy-ros2/install/indy_driver' for CMake module files
[2.622s] Level 1:colcon.colcon_core.environment:checking '/root/common/indy-ros2/install/indy_driver' for CMake config files
[2.622s] Level 1:colcon.colcon_core.shell:create_environment_hook('indy_driver', 'cmake_prefix_path')
[2.622s] INFO:colcon.colcon_core.shell:Creating environment hook '/root/common/indy-ros2/install/indy_driver/share/indy_driver/hook/cmake_prefix_path.ps1'
[2.622s] INFO:colcon.colcon_core.shell:Creating environment descriptor '/root/common/indy-ros2/install/indy_driver/share/indy_driver/hook/cmake_prefix_path.dsv'
[2.623s] INFO:colcon.colcon_core.shell:Creating environment hook '/root/common/indy-ros2/install/indy_driver/share/indy_driver/hook/cmake_prefix_path.sh'
[2.624s] Level 1:colcon.colcon_core.environment:checking '/root/common/indy-ros2/install/indy_driver/lib'
[2.624s] Level 1:colcon.colcon_core.environment:checking '/root/common/indy-ros2/install/indy_driver/bin'
[2.624s] Level 1:colcon.colcon_core.environment:checking '/root/common/indy-ros2/install/indy_driver/lib/pkgconfig/indy_driver.pc'
[2.624s] Level 1:colcon.colcon_core.environment:checking '/root/common/indy-ros2/install/indy_driver/lib/python3.10/site-packages'
[2.625s] Level 1:colcon.colcon_core.environment:checking '/root/common/indy-ros2/install/indy_driver/bin'
[2.625s] INFO:colcon.colcon_core.shell:Creating package script '/root/common/indy-ros2/install/indy_driver/share/indy_driver/package.ps1'
[2.626s] INFO:colcon.colcon_core.shell:Creating package descriptor '/root/common/indy-ros2/install/indy_driver/share/indy_driver/package.dsv'
[2.627s] INFO:colcon.colcon_core.shell:Creating package script '/root/common/indy-ros2/install/indy_driver/share/indy_driver/package.sh'
[2.627s] INFO:colcon.colcon_core.shell:Creating package script '/root/common/indy-ros2/install/indy_driver/share/indy_driver/package.bash'
[2.628s] INFO:colcon.colcon_core.shell:Creating package script '/root/common/indy-ros2/install/indy_driver/share/indy_driver/package.zsh'
[2.629s] Level 1:colcon.colcon_core.environment:create_file_with_runtime_dependencies(/root/common/indy-ros2/install/indy_driver/share/colcon-core/packages/indy_driver)
[2.812s] DEBUG:colcon.colcon_core.event_handler.log_command:Invoked command in '/root/common/indy-ros2/build/indy_interfaces' returned '0': CMAKE_PREFIX_PATH=/opt/ros/humble /usr/bin/cmake /root/common/indy-ros2/src/sml_indy-ros2/indy_interfaces -DCMAKE_INSTALL_PREFIX=/root/common/indy-ros2/install/indy_interfaces
[2.813s] DEBUG:colcon.colcon_core.event_handler.log_command:Invoking command in '/root/common/indy-ros2/build/indy_interfaces': CMAKE_PREFIX_PATH=/opt/ros/humble /usr/bin/cmake --build /root/common/indy-ros2/build/indy_interfaces -- -j12 -l12
[4.713s] DEBUG:colcon.colcon_core.event_handler.log_command:Invoked command in '/root/common/indy-ros2/build/indy_moveit' returned '0': AMENT_PREFIX_PATH=/root/common/indy-ros2/install/indy_description:${AMENT_PREFIX_PATH} CMAKE_PREFIX_PATH=/root/common/indy-ros2/install/indy_description:/opt/ros/humble /usr/bin/cmake /root/common/indy-ros2/src/sml_indy-ros2/indy_moveit -DCMAKE_INSTALL_PREFIX=/root/common/indy-ros2/install/indy_moveit
[4.714s] DEBUG:colcon.colcon_core.event_handler.log_command:Invoking command in '/root/common/indy-ros2/build/indy_moveit': AMENT_PREFIX_PATH=/root/common/indy-ros2/install/indy_description:${AMENT_PREFIX_PATH} CMAKE_PREFIX_PATH=/root/common/indy-ros2/install/indy_description:/opt/ros/humble /usr/bin/cmake --build /root/common/indy-ros2/build/indy_moveit -- -j12 -l12
[4.961s] DEBUG:colcon.colcon_core.event_handler.log_command:Invoked command in '/root/common/indy-ros2/build/indy_moveit' returned '0': AMENT_PREFIX_PATH=/root/common/indy-ros2/install/indy_description:${AMENT_PREFIX_PATH} CMAKE_PREFIX_PATH=/root/common/indy-ros2/install/indy_description:/opt/ros/humble /usr/bin/cmake --build /root/common/indy-ros2/build/indy_moveit -- -j12 -l12
[4.976s] DEBUG:colcon.colcon_core.event_handler.log_command:Invoking command in '/root/common/indy-ros2/build/indy_moveit': AMENT_PREFIX_PATH=/root/common/indy-ros2/install/indy_description:${AMENT_PREFIX_PATH} CMAKE_PREFIX_PATH=/root/common/indy-ros2/install/indy_description:/opt/ros/humble /usr/bin/cmake --install /root/common/indy-ros2/build/indy_moveit
[5.041s] Level 1:colcon.colcon_core.environment:create_environment_scripts_only(indy_moveit)
[5.042s] Level 1:colcon.colcon_core.environment:checking '/root/common/indy-ros2/install/indy_moveit' for CMake module files
[5.042s] DEBUG:colcon.colcon_core.event_handler.log_command:Invoked command in '/root/common/indy-ros2/build/indy_moveit' returned '0': AMENT_PREFIX_PATH=/root/common/indy-ros2/install/indy_description:${AMENT_PREFIX_PATH} CMAKE_PREFIX_PATH=/root/common/indy-ros2/install/indy_description:/opt/ros/humble /usr/bin/cmake --install /root/common/indy-ros2/build/indy_moveit
[5.042s] Level 1:colcon.colcon_core.environment:checking '/root/common/indy-ros2/install/indy_moveit' for CMake config files
[5.043s] Level 1:colcon.colcon_core.shell:create_environment_hook('indy_moveit', 'cmake_prefix_path')
[5.043s] INFO:colcon.colcon_core.shell:Creating environment hook '/root/common/indy-ros2/install/indy_moveit/share/indy_moveit/hook/cmake_prefix_path.ps1'
[5.043s] INFO:colcon.colcon_core.shell:Creating environment descriptor '/root/common/indy-ros2/install/indy_moveit/share/indy_moveit/hook/cmake_prefix_path.dsv'
[5.043s] INFO:colcon.colcon_core.shell:Creating environment hook '/root/common/indy-ros2/install/indy_moveit/share/indy_moveit/hook/cmake_prefix_path.sh'
[5.044s] Level 1:colcon.colcon_core.environment:checking '/root/common/indy-ros2/install/indy_moveit/bin'
[5.044s] Level 1:colcon.colcon_core.environment:checking '/root/common/indy-ros2/install/indy_moveit/lib/pkgconfig/indy_moveit.pc'
[5.044s] Level 1:colcon.colcon_core.environment:checking '/root/common/indy-ros2/install/indy_moveit/lib/python3.10/site-packages'
[5.044s] Level 1:colcon.colcon_core.environment:checking '/root/common/indy-ros2/install/indy_moveit/bin'
[5.044s] INFO:colcon.colcon_core.shell:Creating package script '/root/common/indy-ros2/install/indy_moveit/share/indy_moveit/package.ps1'
[5.044s] INFO:colcon.colcon_core.shell:Creating package descriptor '/root/common/indy-ros2/install/indy_moveit/share/indy_moveit/package.dsv'
[5.045s] INFO:colcon.colcon_core.shell:Creating package script '/root/common/indy-ros2/install/indy_moveit/share/indy_moveit/package.sh'
[5.045s] INFO:colcon.colcon_core.shell:Creating package script '/root/common/indy-ros2/install/indy_moveit/share/indy_moveit/package.bash'
[5.045s] INFO:colcon.colcon_core.shell:Creating package script '/root/common/indy-ros2/install/indy_moveit/share/indy_moveit/package.zsh'
[5.045s] Level 1:colcon.colcon_core.environment:create_file_with_runtime_dependencies(/root/common/indy-ros2/install/indy_moveit/share/colcon-core/packages/indy_moveit)
[5.060s] Level 1:colcon.colcon_core.environment:create_environment_scripts_only(indy_moveit)
[5.060s] Level 1:colcon.colcon_core.environment:checking '/root/common/indy-ros2/install/indy_moveit' for CMake module files
[5.060s] Level 1:colcon.colcon_core.environment:checking '/root/common/indy-ros2/install/indy_moveit' for CMake config files
[5.060s] Level 1:colcon.colcon_core.shell:create_environment_hook('indy_moveit', 'cmake_prefix_path')
[5.061s] INFO:colcon.colcon_core.shell:Creating environment hook '/root/common/indy-ros2/install/indy_moveit/share/indy_moveit/hook/cmake_prefix_path.ps1'
[5.061s] INFO:colcon.colcon_core.shell:Creating environment descriptor '/root/common/indy-ros2/install/indy_moveit/share/indy_moveit/hook/cmake_prefix_path.dsv'
[5.061s] INFO:colcon.colcon_core.shell:Creating environment hook '/root/common/indy-ros2/install/indy_moveit/share/indy_moveit/hook/cmake_prefix_path.sh'
[5.062s] Level 1:colcon.colcon_core.environment:checking '/root/common/indy-ros2/install/indy_moveit/bin'
[5.062s] Level 1:colcon.colcon_core.environment:checking '/root/common/indy-ros2/install/indy_moveit/lib/pkgconfig/indy_moveit.pc'
[5.062s] Level 1:colcon.colcon_core.environment:checking '/root/common/indy-ros2/install/indy_moveit/lib/python3.10/site-packages'
[5.062s] Level 1:colcon.colcon_core.environment:checking '/root/common/indy-ros2/install/indy_moveit/bin'
[5.062s] INFO:colcon.colcon_core.shell:Creating package script '/root/common/indy-ros2/install/indy_moveit/share/indy_moveit/package.ps1'
[5.063s] INFO:colcon.colcon_core.shell:Creating package descriptor '/root/common/indy-ros2/install/indy_moveit/share/indy_moveit/package.dsv'
[5.063s] INFO:colcon.colcon_core.shell:Creating package script '/root/common/indy-ros2/install/indy_moveit/share/indy_moveit/package.sh'
[5.063s] INFO:colcon.colcon_core.shell:Creating package script '/root/common/indy-ros2/install/indy_moveit/share/indy_moveit/package.bash'
[5.063s] INFO:colcon.colcon_core.shell:Creating package script '/root/common/indy-ros2/install/indy_moveit/share/indy_moveit/package.zsh'
[5.064s] Level 1:colcon.colcon_core.environment:create_file_with_runtime_dependencies(/root/common/indy-ros2/install/indy_moveit/share/colcon-core/packages/indy_moveit)
[5.361s] DEBUG:colcon.colcon_core.event_handler.log_command:Invoked command in '/root/common/indy-ros2/build/indy_interfaces' returned '0': CMAKE_PREFIX_PATH=/opt/ros/humble /usr/bin/cmake --build /root/common/indy-ros2/build/indy_interfaces -- -j12 -l12
[5.499s] DEBUG:colcon.colcon_core.event_handler.log_command:Invoking command in '/root/common/indy-ros2/build/indy_interfaces': CMAKE_PREFIX_PATH=/opt/ros/humble /usr/bin/cmake --install /root/common/indy-ros2/build/indy_interfaces
[5.593s] Level 1:colcon.colcon_core.environment:create_environment_scripts_only(indy_interfaces)
[5.593s] Level 1:colcon.colcon_core.environment:checking '/root/common/indy-ros2/install/indy_interfaces' for CMake module files
[5.594s] DEBUG:colcon.colcon_core.event_handler.log_command:Invoked command in '/root/common/indy-ros2/build/indy_interfaces' returned '0': CMAKE_PREFIX_PATH=/opt/ros/humble /usr/bin/cmake --install /root/common/indy-ros2/build/indy_interfaces
[5.594s] Level 1:colcon.colcon_core.environment:checking '/root/common/indy-ros2/install/indy_interfaces' for CMake config files
[5.594s] Level 1:colcon.colcon_core.shell:create_environment_hook('indy_interfaces', 'cmake_prefix_path')
[5.594s] INFO:colcon.colcon_core.shell:Creating environment hook '/root/common/indy-ros2/install/indy_interfaces/share/indy_interfaces/hook/cmake_prefix_path.ps1'
[5.595s] INFO:colcon.colcon_core.shell:Creating environment descriptor '/root/common/indy-ros2/install/indy_interfaces/share/indy_interfaces/hook/cmake_prefix_path.dsv'
[5.595s] INFO:colcon.colcon_core.shell:Creating environment hook '/root/common/indy-ros2/install/indy_interfaces/share/indy_interfaces/hook/cmake_prefix_path.sh'
[5.595s] Level 1:colcon.colcon_core.environment:checking '/root/common/indy-ros2/install/indy_interfaces/lib'
[5.595s] Level 1:colcon.colcon_core.shell:create_environment_hook('indy_interfaces', 'ld_library_path_lib')
[5.595s] INFO:colcon.colcon_core.shell:Creating environment hook '/root/common/indy-ros2/install/indy_interfaces/share/indy_interfaces/hook/ld_library_path_lib.ps1'
[5.596s] INFO:colcon.colcon_core.shell:Creating environment descriptor '/root/common/indy-ros2/install/indy_interfaces/share/indy_interfaces/hook/ld_library_path_lib.dsv'
[5.596s] INFO:colcon.colcon_core.shell:Creating environment hook '/root/common/indy-ros2/install/indy_interfaces/share/indy_interfaces/hook/ld_library_path_lib.sh'
[5.596s] Level 1:colcon.colcon_core.environment:checking '/root/common/indy-ros2/install/indy_interfaces/bin'
[5.596s] Level 1:colcon.colcon_core.environment:checking '/root/common/indy-ros2/install/indy_interfaces/lib/pkgconfig/indy_interfaces.pc'
[5.596s] Level 1:colcon.colcon_core.environment:checking '/root/common/indy-ros2/install/indy_interfaces/lib/python3.10/site-packages'
[5.597s] Level 1:colcon.colcon_core.environment:checking '/root/common/indy-ros2/install/indy_interfaces/bin'
[5.597s] INFO:colcon.colcon_core.shell:Creating package script '/root/common/indy-ros2/install/indy_interfaces/share/indy_interfaces/package.ps1'
[5.597s] INFO:colcon.colcon_core.shell:Creating package descriptor '/root/common/indy-ros2/install/indy_interfaces/share/indy_interfaces/package.dsv'
[5.597s] INFO:colcon.colcon_core.shell:Creating package script '/root/common/indy-ros2/install/indy_interfaces/share/indy_interfaces/package.sh'
[5.598s] INFO:colcon.colcon_core.shell:Creating package script '/root/common/indy-ros2/install/indy_interfaces/share/indy_interfaces/package.bash'
[5.598s] INFO:colcon.colcon_core.shell:Creating package script '/root/common/indy-ros2/install/indy_interfaces/share/indy_interfaces/package.zsh'
[5.598s] Level 1:colcon.colcon_core.environment:create_file_with_runtime_dependencies(/root/common/indy-ros2/install/indy_interfaces/share/colcon-core/packages/indy_interfaces)
[5.687s] Level 1:colcon.colcon_core.environment:create_environment_scripts_only(indy_interfaces)
[5.687s] Level 1:colcon.colcon_core.environment:checking '/root/common/indy-ros2/install/indy_interfaces' for CMake module files
[5.688s] Level 1:colcon.colcon_core.environment:checking '/root/common/indy-ros2/install/indy_interfaces' for CMake config files
[5.688s] Level 1:colcon.colcon_core.shell:create_environment_hook('indy_interfaces', 'cmake_prefix_path')
[5.689s] INFO:colcon.colcon_core.shell:Creating environment hook '/root/common/indy-ros2/install/indy_interfaces/share/indy_interfaces/hook/cmake_prefix_path.ps1'
[5.689s] INFO:colcon.colcon_core.shell:Creating environment descriptor '/root/common/indy-ros2/install/indy_interfaces/share/indy_interfaces/hook/cmake_prefix_path.dsv'
[5.689s] INFO:colcon.colcon_core.shell:Creating environment hook '/root/common/indy-ros2/install/indy_interfaces/share/indy_interfaces/hook/cmake_prefix_path.sh'
[5.690s] Level 1:colcon.colcon_core.environment:checking '/root/common/indy-ros2/install/indy_interfaces/lib'
[5.690s] Level 1:colcon.colcon_core.shell:create_environment_hook('indy_interfaces', 'ld_library_path_lib')
[5.690s] INFO:colcon.colcon_core.shell:Creating environment hook '/root/common/indy-ros2/install/indy_interfaces/share/indy_interfaces/hook/ld_library_path_lib.ps1'
[5.691s] INFO:colcon.colcon_core.shell:Creating environment descriptor '/root/common/indy-ros2/install/indy_interfaces/share/indy_interfaces/hook/ld_library_path_lib.dsv'
[5.691s] INFO:colcon.colcon_core.shell:Creating environment hook '/root/common/indy-ros2/install/indy_interfaces/share/indy_interfaces/hook/ld_library_path_lib.sh'
[5.691s] Level 1:colcon.colcon_core.environment:checking '/root/common/indy-ros2/install/indy_interfaces/bin'
[5.691s] Level 1:colcon.colcon_core.environment:checking '/root/common/indy-ros2/install/indy_interfaces/lib/pkgconfig/indy_interfaces.pc'
[5.692s] Level 1:colcon.colcon_core.environment:checking '/root/common/indy-ros2/install/indy_interfaces/lib/python3.10/site-packages'
[5.692s] Level 1:colcon.colcon_core.environment:checking '/root/common/indy-ros2/install/indy_interfaces/bin'
[5.692s] INFO:colcon.colcon_core.shell:Creating package script '/root/common/indy-ros2/install/indy_interfaces/share/indy_interfaces/package.ps1'
[5.693s] INFO:colcon.colcon_core.shell:Creating package descriptor '/root/common/indy-ros2/install/indy_interfaces/share/indy_interfaces/package.dsv'
[5.694s] INFO:colcon.colcon_core.shell:Creating package script '/root/common/indy-ros2/install/indy_interfaces/share/indy_interfaces/package.sh'
[5.694s] INFO:colcon.colcon_core.shell:Creating package script '/root/common/indy-ros2/install/indy_interfaces/share/indy_interfaces/package.bash'
[5.694s] INFO:colcon.colcon_core.shell:Creating package script '/root/common/indy-ros2/install/indy_interfaces/share/indy_interfaces/package.zsh'
[5.695s] Level 1:colcon.colcon_core.environment:create_file_with_runtime_dependencies(/root/common/indy-ros2/install/indy_interfaces/share/colcon-core/packages/indy_interfaces)
[5.695s] DEBUG:colcon.colcon_parallel_executor.executor.parallel:closing loop
[5.696s] DEBUG:colcon.colcon_parallel_executor.executor.parallel:loop closed
[5.696s] DEBUG:colcon.colcon_parallel_executor.executor.parallel:run_until_complete finished with '0'
[5.696s] DEBUG:colcon.colcon_core.event_reactor:joining thread
[5.707s] INFO:colcon.colcon_core.plugin_system:Skipping extension 'colcon_notification.desktop_notification.notify_send': Could not find 'notify-send'
[5.707s] INFO:colcon.colcon_core.plugin_system:Skipping extension 'colcon_notification.desktop_notification.terminal_notifier': Not used on non-Darwin systems
[5.707s] INFO:colcon.colcon_core.plugin_system:Skipping extension 'colcon_notification.desktop_notification.win32': Not used on non-Windows systems
[5.707s] INFO:colcon.colcon_notification.desktop_notification:Sending desktop notification using 'notify2'
[5.728s] DEBUG:colcon.colcon_notification.desktop_notification.notify2:Failed to initialize notify2: org.freedesktop.DBus.Error.ServiceUnknown: The name org.freedesktop.Notifications was not provided by any .service files
[5.729s] DEBUG:colcon.colcon_core.event_reactor:joined thread
[5.730s] INFO:colcon.colcon_core.shell:Creating prefix script '/root/common/indy-ros2/install/local_setup.ps1'
[5.733s] INFO:colcon.colcon_core.shell:Creating prefix util module '/root/common/indy-ros2/install/_local_setup_util_ps1.py'
[5.736s] INFO:colcon.colcon_core.shell:Creating prefix chain script '/root/common/indy-ros2/install/setup.ps1'
[5.739s] INFO:colcon.colcon_core.shell:Creating prefix script '/root/common/indy-ros2/install/local_setup.sh'
[5.740s] INFO:colcon.colcon_core.shell:Creating prefix util module '/root/common/indy-ros2/install/_local_setup_util_sh.py'
[5.741s] INFO:colcon.colcon_core.shell:Creating prefix chain script '/root/common/indy-ros2/install/setup.sh'
[5.744s] INFO:colcon.colcon_core.shell:Creating prefix script '/root/common/indy-ros2/install/local_setup.bash'
[5.745s] INFO:colcon.colcon_core.shell:Creating prefix chain script '/root/common/indy-ros2/install/setup.bash'
[5.747s] INFO:colcon.colcon_core.shell:Creating prefix script '/root/common/indy-ros2/install/local_setup.zsh'
[5.749s] INFO:colcon.colcon_core.shell:Creating prefix chain script '/root/common/indy-ros2/install/setup.zsh'
