[0.903s] DEBUG:colcon:Command line arguments: ['/usr/bin/colcon', 'build']
[0.903s] DEBUG:colcon:Parsed command line arguments: Namespace(log_base=None, log_level=None, verb_name='build', build_base='build', install_base='install', merge_install=False, symlink_install=False, test_result_base=None, continue_on_error=False, executor='parallel', parallel_workers=4, event_handlers=None, ignore_user_meta=False, metas=['./colcon.meta'], base_paths=['.'], packages_ignore=None, packages_ignore_regex=None, paths=None, packages_up_to=None, packages_up_to_regex=None, packages_above=None, packages_above_and_dependencies=None, packages_above_depth=None, packages_select_by_dep=None, packages_skip_by_dep=None, packages_skip_up_to=None, packages_select_build_failed=False, packages_skip_build_finished=False, packages_select_test_failures=False, packages_skip_test_passed=False, packages_select=None, packages_skip=None, packages_select_regex=None, packages_skip_regex=None, packages_start=None, packages_end=None, cmake_args=None, cmake_target=None, cmake_target_skip_unavailable=False, cmake_clean_cache=False, cmake_clean_first=False, cmake_force_configure=False, ament_cmake_args=None, catkin_cmake_args=None, catkin_skip_building_tests=False, mixin_files=None, mixin=None, verb_parser=<colcon_mixin.mixin.mixin_argument.MixinArgumentDecorator object at 0x7f9debf9a0>, verb_extension=<colcon_core.verb.build.BuildVerb object at 0x7f9de088e0>, main=<bound method BuildVerb.main of <colcon_core.verb.build.BuildVerb object at 0x7f9de088e0>>, mixin_verb=('build',))
[1.790s] Level 1:colcon.colcon_core.package_discovery:discover_packages(colcon_meta) check parameters
[1.795s] INFO:colcon.colcon_metadata.package_discovery.colcon_meta:Using configuration from '/root/.colcon/metadata/default/Gazebo.meta'
[1.798s] INFO:colcon.colcon_metadata.package_discovery.colcon_meta:Using configuration from '/root/.colcon/metadata/default/fastdds.meta'
[1.801s] INFO:colcon.colcon_metadata.package_discovery.colcon_meta:Using configuration from '/root/.colcon/metadata/default/fastrtps.meta'
[1.802s] Level 1:colcon.colcon_core.package_discovery:discover_packages(recursive) check parameters
[1.802s] Level 1:colcon.colcon_core.package_discovery:discover_packages(ignore) check parameters
[1.802s] Level 1:colcon.colcon_core.package_discovery:discover_packages(path) check parameters
[1.802s] Level 1:colcon.colcon_core.package_discovery:discover_packages(colcon_meta) discover
[1.803s] Level 1:colcon.colcon_core.package_discovery:discover_packages(recursive) discover
[1.803s] INFO:colcon.colcon_core.package_discovery:Crawling recursively for packages in '/root/common/indy-ros2'
[1.803s] Level 1:colcon.colcon_core.package_identification:_identify(.) by extensions ['ignore', 'ignore_ament_install']
[1.804s] Level 1:colcon.colcon_core.package_identification:_identify(.) by extension 'ignore'
[1.804s] Level 1:colcon.colcon_core.package_identification:_identify(.) by extension 'ignore_ament_install'
[1.805s] Level 1:colcon.colcon_core.package_identification:_identify(.) by extensions ['colcon_pkg']
[1.805s] Level 1:colcon.colcon_core.package_identification:_identify(.) by extension 'colcon_pkg'
[1.805s] Level 1:colcon.colcon_core.package_identification:_identify(.) by extensions ['colcon_meta']
[1.805s] Level 1:colcon.colcon_core.package_identification:_identify(.) by extension 'colcon_meta'
[1.806s] Level 1:colcon.colcon_core.package_identification:_identify(.) by extensions ['ros']
[1.806s] Level 1:colcon.colcon_core.package_identification:_identify(.) by extension 'ros'
[1.887s] Level 1:colcon.colcon_core.package_identification:_identify(.) by extensions ['cmake', 'python']
[1.887s] Level 1:colcon.colcon_core.package_identification:_identify(.) by extension 'cmake'
[1.894s] Level 1:colcon.colcon_core.package_identification:_identify(.) by extension 'python'
[1.894s] Level 1:colcon.colcon_core.package_identification:_identify(.) by extensions ['python_setup_py']
[1.895s] Level 1:colcon.colcon_core.package_identification:_identify(.) by extension 'python_setup_py'
[1.895s] Level 1:colcon.colcon_core.package_identification:_identify(build) by extensions ['ignore', 'ignore_ament_install']
[1.896s] Level 1:colcon.colcon_core.package_identification:_identify(build) by extension 'ignore'
[1.896s] Level 1:colcon.colcon_core.package_identification:_identify(build) ignored
[1.897s] Level 1:colcon.colcon_core.package_identification:_identify(install) by extensions ['ignore', 'ignore_ament_install']
[1.898s] Level 1:colcon.colcon_core.package_identification:_identify(install) by extension 'ignore'
[1.898s] Level 1:colcon.colcon_core.package_identification:_identify(install) ignored
[1.899s] Level 1:colcon.colcon_core.package_identification:_identify(log) by extensions ['ignore', 'ignore_ament_install']
[1.899s] Level 1:colcon.colcon_core.package_identification:_identify(log) by extension 'ignore'
[1.900s] Level 1:colcon.colcon_core.package_identification:_identify(log) ignored
[1.902s] Level 1:colcon.colcon_core.package_identification:_identify(src) by extensions ['ignore', 'ignore_ament_install']
[1.903s] Level 1:colcon.colcon_core.package_identification:_identify(src) by extension 'ignore'
[1.903s] Level 1:colcon.colcon_core.package_identification:_identify(src) by extension 'ignore_ament_install'
[1.904s] Level 1:colcon.colcon_core.package_identification:_identify(src) by extensions ['colcon_pkg']
[1.904s] Level 1:colcon.colcon_core.package_identification:_identify(src) by extension 'colcon_pkg'
[1.904s] Level 1:colcon.colcon_core.package_identification:_identify(src) by extensions ['colcon_meta']
[1.904s] Level 1:colcon.colcon_core.package_identification:_identify(src) by extension 'colcon_meta'
[1.904s] Level 1:colcon.colcon_core.package_identification:_identify(src) by extensions ['ros']
[1.905s] Level 1:colcon.colcon_core.package_identification:_identify(src) by extension 'ros'
[1.905s] Level 1:colcon.colcon_core.package_identification:_identify(src) by extensions ['cmake', 'python']
[1.905s] Level 1:colcon.colcon_core.package_identification:_identify(src) by extension 'cmake'
[1.906s] Level 1:colcon.colcon_core.package_identification:_identify(src) by extension 'python'
[1.906s] Level 1:colcon.colcon_core.package_identification:_identify(src) by extensions ['python_setup_py']
[1.906s] Level 1:colcon.colcon_core.package_identification:_identify(src) by extension 'python_setup_py'
[1.907s] Level 1:colcon.colcon_core.package_identification:_identify(src/sml_indy-ros2) by extensions ['ignore', 'ignore_ament_install']
[1.908s] Level 1:colcon.colcon_core.package_identification:_identify(src/sml_indy-ros2) by extension 'ignore'
[1.908s] Level 1:colcon.colcon_core.package_identification:_identify(src/sml_indy-ros2) by extension 'ignore_ament_install'
[1.908s] Level 1:colcon.colcon_core.package_identification:_identify(src/sml_indy-ros2) by extensions ['colcon_pkg']
[1.908s] Level 1:colcon.colcon_core.package_identification:_identify(src/sml_indy-ros2) by extension 'colcon_pkg'
[1.908s] Level 1:colcon.colcon_core.package_identification:_identify(src/sml_indy-ros2) by extensions ['colcon_meta']
[1.909s] Level 1:colcon.colcon_core.package_identification:_identify(src/sml_indy-ros2) by extension 'colcon_meta'
[1.909s] Level 1:colcon.colcon_core.package_identification:_identify(src/sml_indy-ros2) by extensions ['ros']
[1.909s] Level 1:colcon.colcon_core.package_identification:_identify(src/sml_indy-ros2) by extension 'ros'
[1.909s] Level 1:colcon.colcon_core.package_identification:_identify(src/sml_indy-ros2) by extensions ['cmake', 'python']
[1.910s] Level 1:colcon.colcon_core.package_identification:_identify(src/sml_indy-ros2) by extension 'cmake'
[1.910s] Level 1:colcon.colcon_core.package_identification:_identify(src/sml_indy-ros2) by extension 'python'
[1.910s] Level 1:colcon.colcon_core.package_identification:_identify(src/sml_indy-ros2) by extensions ['python_setup_py']
[1.910s] Level 1:colcon.colcon_core.package_identification:_identify(src/sml_indy-ros2) by extension 'python_setup_py'
[1.912s] Level 1:colcon.colcon_core.package_identification:_identify(src/sml_indy-ros2/docker) by extensions ['ignore', 'ignore_ament_install']
[1.912s] Level 1:colcon.colcon_core.package_identification:_identify(src/sml_indy-ros2/docker) by extension 'ignore'
[1.913s] Level 1:colcon.colcon_core.package_identification:_identify(src/sml_indy-ros2/docker) by extension 'ignore_ament_install'
[1.913s] Level 1:colcon.colcon_core.package_identification:_identify(src/sml_indy-ros2/docker) by extensions ['colcon_pkg']
[1.913s] Level 1:colcon.colcon_core.package_identification:_identify(src/sml_indy-ros2/docker) by extension 'colcon_pkg'
[1.913s] Level 1:colcon.colcon_core.package_identification:_identify(src/sml_indy-ros2/docker) by extensions ['colcon_meta']
[1.913s] Level 1:colcon.colcon_core.package_identification:_identify(src/sml_indy-ros2/docker) by extension 'colcon_meta'
[1.914s] Level 1:colcon.colcon_core.package_identification:_identify(src/sml_indy-ros2/docker) by extensions ['ros']
[1.914s] Level 1:colcon.colcon_core.package_identification:_identify(src/sml_indy-ros2/docker) by extension 'ros'
[1.914s] Level 1:colcon.colcon_core.package_identification:_identify(src/sml_indy-ros2/docker) by extensions ['cmake', 'python']
[1.914s] Level 1:colcon.colcon_core.package_identification:_identify(src/sml_indy-ros2/docker) by extension 'cmake'
[1.915s] Level 1:colcon.colcon_core.package_identification:_identify(src/sml_indy-ros2/docker) by extension 'python'
[1.915s] Level 1:colcon.colcon_core.package_identification:_identify(src/sml_indy-ros2/docker) by extensions ['python_setup_py']
[1.915s] Level 1:colcon.colcon_core.package_identification:_identify(src/sml_indy-ros2/docker) by extension 'python_setup_py'
[1.916s] Level 1:colcon.colcon_core.package_identification:_identify(src/sml_indy-ros2/indy_description) by extensions ['ignore', 'ignore_ament_install']
[1.917s] Level 1:colcon.colcon_core.package_identification:_identify(src/sml_indy-ros2/indy_description) by extension 'ignore'
[1.917s] Level 1:colcon.colcon_core.package_identification:_identify(src/sml_indy-ros2/indy_description) by extension 'ignore_ament_install'
[1.918s] Level 1:colcon.colcon_core.package_identification:_identify(src/sml_indy-ros2/indy_description) by extensions ['colcon_pkg']
[1.918s] Level 1:colcon.colcon_core.package_identification:_identify(src/sml_indy-ros2/indy_description) by extension 'colcon_pkg'
[1.918s] Level 1:colcon.colcon_core.package_identification:_identify(src/sml_indy-ros2/indy_description) by extensions ['colcon_meta']
[1.919s] Level 1:colcon.colcon_core.package_identification:_identify(src/sml_indy-ros2/indy_description) by extension 'colcon_meta'
[1.919s] Level 1:colcon.colcon_core.package_identification:_identify(src/sml_indy-ros2/indy_description) by extensions ['ros']
[1.919s] Level 1:colcon.colcon_core.package_identification:_identify(src/sml_indy-ros2/indy_description) by extension 'ros'
[1.938s] DEBUG:colcon.colcon_core.package_identification:Package 'src/sml_indy-ros2/indy_description' with type 'ros.ament_cmake' and name 'indy_description'
[1.940s] Level 1:colcon.colcon_core.package_identification:_identify(src/sml_indy-ros2/indy_driver) by extensions ['ignore', 'ignore_ament_install']
[1.942s] Level 1:colcon.colcon_core.package_identification:_identify(src/sml_indy-ros2/indy_driver) by extension 'ignore'
[1.942s] Level 1:colcon.colcon_core.package_identification:_identify(src/sml_indy-ros2/indy_driver) by extension 'ignore_ament_install'
[1.943s] Level 1:colcon.colcon_core.package_identification:_identify(src/sml_indy-ros2/indy_driver) by extensions ['colcon_pkg']
[1.943s] Level 1:colcon.colcon_core.package_identification:_identify(src/sml_indy-ros2/indy_driver) by extension 'colcon_pkg'
[1.944s] Level 1:colcon.colcon_core.package_identification:_identify(src/sml_indy-ros2/indy_driver) by extensions ['colcon_meta']
[1.944s] Level 1:colcon.colcon_core.package_identification:_identify(src/sml_indy-ros2/indy_driver) by extension 'colcon_meta'
[1.944s] Level 1:colcon.colcon_core.package_identification:_identify(src/sml_indy-ros2/indy_driver) by extensions ['ros']
[1.945s] Level 1:colcon.colcon_core.package_identification:_identify(src/sml_indy-ros2/indy_driver) by extension 'ros'
[1.950s] DEBUG:colcon.colcon_core.package_identification:Package 'src/sml_indy-ros2/indy_driver' with type 'ros.ament_cmake' and name 'indy_driver'
[1.951s] Level 1:colcon.colcon_core.package_identification:_identify(src/sml_indy-ros2/indy_gazebo) by extensions ['ignore', 'ignore_ament_install']
[1.952s] Level 1:colcon.colcon_core.package_identification:_identify(src/sml_indy-ros2/indy_gazebo) by extension 'ignore'
[1.952s] Level 1:colcon.colcon_core.package_identification:_identify(src/sml_indy-ros2/indy_gazebo) by extension 'ignore_ament_install'
[1.953s] Level 1:colcon.colcon_core.package_identification:_identify(src/sml_indy-ros2/indy_gazebo) by extensions ['colcon_pkg']
[1.953s] Level 1:colcon.colcon_core.package_identification:_identify(src/sml_indy-ros2/indy_gazebo) by extension 'colcon_pkg'
[1.953s] Level 1:colcon.colcon_core.package_identification:_identify(src/sml_indy-ros2/indy_gazebo) by extensions ['colcon_meta']
[1.953s] Level 1:colcon.colcon_core.package_identification:_identify(src/sml_indy-ros2/indy_gazebo) by extension 'colcon_meta'
[1.954s] Level 1:colcon.colcon_core.package_identification:_identify(src/sml_indy-ros2/indy_gazebo) by extensions ['ros']
[1.954s] Level 1:colcon.colcon_core.package_identification:_identify(src/sml_indy-ros2/indy_gazebo) by extension 'ros'
[1.957s] DEBUG:colcon.colcon_core.package_identification:Package 'src/sml_indy-ros2/indy_gazebo' with type 'ros.ament_cmake' and name 'indy_gazebo'
[1.958s] Level 1:colcon.colcon_core.package_identification:_identify(src/sml_indy-ros2/indy_interfaces) by extensions ['ignore', 'ignore_ament_install']
[1.958s] Level 1:colcon.colcon_core.package_identification:_identify(src/sml_indy-ros2/indy_interfaces) by extension 'ignore'
[1.959s] Level 1:colcon.colcon_core.package_identification:_identify(src/sml_indy-ros2/indy_interfaces) by extension 'ignore_ament_install'
[1.959s] Level 1:colcon.colcon_core.package_identification:_identify(src/sml_indy-ros2/indy_interfaces) by extensions ['colcon_pkg']
[1.959s] Level 1:colcon.colcon_core.package_identification:_identify(src/sml_indy-ros2/indy_interfaces) by extension 'colcon_pkg'
[1.959s] Level 1:colcon.colcon_core.package_identification:_identify(src/sml_indy-ros2/indy_interfaces) by extensions ['colcon_meta']
[1.959s] Level 1:colcon.colcon_core.package_identification:_identify(src/sml_indy-ros2/indy_interfaces) by extension 'colcon_meta'
[1.960s] Level 1:colcon.colcon_core.package_identification:_identify(src/sml_indy-ros2/indy_interfaces) by extensions ['ros']
[1.960s] Level 1:colcon.colcon_core.package_identification:_identify(src/sml_indy-ros2/indy_interfaces) by extension 'ros'
[1.963s] DEBUG:colcon.colcon_core.package_identification:Package 'src/sml_indy-ros2/indy_interfaces' with type 'ros.ament_cmake' and name 'indy_interfaces'
[1.964s] Level 1:colcon.colcon_core.package_identification:_identify(src/sml_indy-ros2/indy_moveit) by extensions ['ignore', 'ignore_ament_install']
[1.965s] Level 1:colcon.colcon_core.package_identification:_identify(src/sml_indy-ros2/indy_moveit) by extension 'ignore'
[1.965s] Level 1:colcon.colcon_core.package_identification:_identify(src/sml_indy-ros2/indy_moveit) by extension 'ignore_ament_install'
[1.965s] Level 1:colcon.colcon_core.package_identification:_identify(src/sml_indy-ros2/indy_moveit) by extensions ['colcon_pkg']
[1.966s] Level 1:colcon.colcon_core.package_identification:_identify(src/sml_indy-ros2/indy_moveit) by extension 'colcon_pkg'
[1.966s] Level 1:colcon.colcon_core.package_identification:_identify(src/sml_indy-ros2/indy_moveit) by extensions ['colcon_meta']
[1.966s] Level 1:colcon.colcon_core.package_identification:_identify(src/sml_indy-ros2/indy_moveit) by extension 'colcon_meta'
[1.966s] Level 1:colcon.colcon_core.package_identification:_identify(src/sml_indy-ros2/indy_moveit) by extensions ['ros']
[1.966s] Level 1:colcon.colcon_core.package_identification:_identify(src/sml_indy-ros2/indy_moveit) by extension 'ros'
[1.975s] DEBUG:colcon.colcon_core.package_identification:Package 'src/sml_indy-ros2/indy_moveit' with type 'ros.ament_cmake' and name 'indy_moveit'
[1.975s] Level 1:colcon.colcon_core.package_discovery:discover_packages(recursive) using defaults
[1.975s] Level 1:colcon.colcon_core.package_discovery:discover_packages(ignore) discover
[1.975s] Level 1:colcon.colcon_core.package_discovery:discover_packages(ignore) using defaults
[1.976s] Level 1:colcon.colcon_core.package_discovery:discover_packages(path) discover
[1.976s] Level 1:colcon.colcon_core.package_discovery:discover_packages(path) using defaults
[2.120s] Level 5:colcon.colcon_core.verb:set package 'indy_description' build argument 'cmake_args' from command line to 'None'
[2.120s] Level 5:colcon.colcon_core.verb:set package 'indy_description' build argument 'cmake_target' from command line to 'None'
[2.120s] Level 5:colcon.colcon_core.verb:set package 'indy_description' build argument 'cmake_target_skip_unavailable' from command line to 'False'
[2.121s] Level 5:colcon.colcon_core.verb:set package 'indy_description' build argument 'cmake_clean_cache' from command line to 'False'
[2.121s] Level 5:colcon.colcon_core.verb:set package 'indy_description' build argument 'cmake_clean_first' from command line to 'False'
[2.121s] Level 5:colcon.colcon_core.verb:set package 'indy_description' build argument 'cmake_force_configure' from command line to 'False'
[2.121s] Level 5:colcon.colcon_core.verb:set package 'indy_description' build argument 'ament_cmake_args' from command line to 'None'
[2.121s] Level 5:colcon.colcon_core.verb:set package 'indy_description' build argument 'catkin_cmake_args' from command line to 'None'
[2.122s] Level 5:colcon.colcon_core.verb:set package 'indy_description' build argument 'catkin_skip_building_tests' from command line to 'False'
[2.122s] DEBUG:colcon.colcon_core.verb:Building package 'indy_description' with the following arguments: {'ament_cmake_args': None, 'build_base': '/root/common/indy-ros2/build/indy_description', 'catkin_cmake_args': None, 'catkin_skip_building_tests': False, 'cmake_args': None, 'cmake_clean_cache': False, 'cmake_clean_first': False, 'cmake_force_configure': False, 'cmake_target': None, 'cmake_target_skip_unavailable': False, 'install_base': '/root/common/indy-ros2/install/indy_description', 'merge_install': False, 'path': '/root/common/indy-ros2/src/sml_indy-ros2/indy_description', 'symlink_install': False, 'test_result_base': None}
[2.125s] Level 5:colcon.colcon_core.verb:set package 'indy_interfaces' build argument 'cmake_args' from command line to 'None'
[2.125s] Level 5:colcon.colcon_core.verb:set package 'indy_interfaces' build argument 'cmake_target' from command line to 'None'
[2.126s] Level 5:colcon.colcon_core.verb:set package 'indy_interfaces' build argument 'cmake_target_skip_unavailable' from command line to 'False'
[2.126s] Level 5:colcon.colcon_core.verb:set package 'indy_interfaces' build argument 'cmake_clean_cache' from command line to 'False'
[2.126s] Level 5:colcon.colcon_core.verb:set package 'indy_interfaces' build argument 'cmake_clean_first' from command line to 'False'
[2.127s] Level 5:colcon.colcon_core.verb:set package 'indy_interfaces' build argument 'cmake_force_configure' from command line to 'False'
[2.127s] Level 5:colcon.colcon_core.verb:set package 'indy_interfaces' build argument 'ament_cmake_args' from command line to 'None'
[2.127s] Level 5:colcon.colcon_core.verb:set package 'indy_interfaces' build argument 'catkin_cmake_args' from command line to 'None'
[2.127s] Level 5:colcon.colcon_core.verb:set package 'indy_interfaces' build argument 'catkin_skip_building_tests' from command line to 'False'
[2.127s] DEBUG:colcon.colcon_core.verb:Building package 'indy_interfaces' with the following arguments: {'ament_cmake_args': None, 'build_base': '/root/common/indy-ros2/build/indy_interfaces', 'catkin_cmake_args': None, 'catkin_skip_building_tests': False, 'cmake_args': None, 'cmake_clean_cache': False, 'cmake_clean_first': False, 'cmake_force_configure': False, 'cmake_target': None, 'cmake_target_skip_unavailable': False, 'install_base': '/root/common/indy-ros2/install/indy_interfaces', 'merge_install': False, 'path': '/root/common/indy-ros2/src/sml_indy-ros2/indy_interfaces', 'symlink_install': False, 'test_result_base': None}
[2.130s] Level 5:colcon.colcon_core.verb:set package 'indy_driver' build argument 'cmake_args' from command line to 'None'
[2.130s] Level 5:colcon.colcon_core.verb:set package 'indy_driver' build argument 'cmake_target' from command line to 'None'
[2.130s] Level 5:colcon.colcon_core.verb:set package 'indy_driver' build argument 'cmake_target_skip_unavailable' from command line to 'False'
[2.131s] Level 5:colcon.colcon_core.verb:set package 'indy_driver' build argument 'cmake_clean_cache' from command line to 'False'
[2.131s] Level 5:colcon.colcon_core.verb:set package 'indy_driver' build argument 'cmake_clean_first' from command line to 'False'
[2.131s] Level 5:colcon.colcon_core.verb:set package 'indy_driver' build argument 'cmake_force_configure' from command line to 'False'
[2.131s] Level 5:colcon.colcon_core.verb:set package 'indy_driver' build argument 'ament_cmake_args' from command line to 'None'
[2.132s] Level 5:colcon.colcon_core.verb:set package 'indy_driver' build argument 'catkin_cmake_args' from command line to 'None'
[2.132s] Level 5:colcon.colcon_core.verb:set package 'indy_driver' build argument 'catkin_skip_building_tests' from command line to 'False'
[2.132s] DEBUG:colcon.colcon_core.verb:Building package 'indy_driver' with the following arguments: {'ament_cmake_args': None, 'build_base': '/root/common/indy-ros2/build/indy_driver', 'catkin_cmake_args': None, 'catkin_skip_building_tests': False, 'cmake_args': None, 'cmake_clean_cache': False, 'cmake_clean_first': False, 'cmake_force_configure': False, 'cmake_target': None, 'cmake_target_skip_unavailable': False, 'install_base': '/root/common/indy-ros2/install/indy_driver', 'merge_install': False, 'path': '/root/common/indy-ros2/src/sml_indy-ros2/indy_driver', 'symlink_install': False, 'test_result_base': None}
[2.134s] Level 5:colcon.colcon_core.verb:set package 'indy_gazebo' build argument 'cmake_args' from command line to 'None'
[2.134s] Level 5:colcon.colcon_core.verb:set package 'indy_gazebo' build argument 'cmake_target' from command line to 'None'
[2.135s] Level 5:colcon.colcon_core.verb:set package 'indy_gazebo' build argument 'cmake_target_skip_unavailable' from command line to 'False'
[2.135s] Level 5:colcon.colcon_core.verb:set package 'indy_gazebo' build argument 'cmake_clean_cache' from command line to 'False'
[2.135s] Level 5:colcon.colcon_core.verb:set package 'indy_gazebo' build argument 'cmake_clean_first' from command line to 'False'
[2.135s] Level 5:colcon.colcon_core.verb:set package 'indy_gazebo' build argument 'cmake_force_configure' from command line to 'False'
[2.135s] Level 5:colcon.colcon_core.verb:set package 'indy_gazebo' build argument 'ament_cmake_args' from command line to 'None'
[2.136s] Level 5:colcon.colcon_core.verb:set package 'indy_gazebo' build argument 'catkin_cmake_args' from command line to 'None'
[2.136s] Level 5:colcon.colcon_core.verb:set package 'indy_gazebo' build argument 'catkin_skip_building_tests' from command line to 'False'
[2.136s] DEBUG:colcon.colcon_core.verb:Building package 'indy_gazebo' with the following arguments: {'ament_cmake_args': None, 'build_base': '/root/common/indy-ros2/build/indy_gazebo', 'catkin_cmake_args': None, 'catkin_skip_building_tests': False, 'cmake_args': None, 'cmake_clean_cache': False, 'cmake_clean_first': False, 'cmake_force_configure': False, 'cmake_target': None, 'cmake_target_skip_unavailable': False, 'install_base': '/root/common/indy-ros2/install/indy_gazebo', 'merge_install': False, 'path': '/root/common/indy-ros2/src/sml_indy-ros2/indy_gazebo', 'symlink_install': False, 'test_result_base': None}
[2.138s] Level 5:colcon.colcon_core.verb:set package 'indy_moveit' build argument 'cmake_args' from command line to 'None'
[2.138s] Level 5:colcon.colcon_core.verb:set package 'indy_moveit' build argument 'cmake_target' from command line to 'None'
[2.139s] Level 5:colcon.colcon_core.verb:set package 'indy_moveit' build argument 'cmake_target_skip_unavailable' from command line to 'False'
[2.139s] Level 5:colcon.colcon_core.verb:set package 'indy_moveit' build argument 'cmake_clean_cache' from command line to 'False'
[2.139s] Level 5:colcon.colcon_core.verb:set package 'indy_moveit' build argument 'cmake_clean_first' from command line to 'False'
[2.139s] Level 5:colcon.colcon_core.verb:set package 'indy_moveit' build argument 'cmake_force_configure' from command line to 'False'
[2.139s] Level 5:colcon.colcon_core.verb:set package 'indy_moveit' build argument 'ament_cmake_args' from command line to 'None'
[2.139s] Level 5:colcon.colcon_core.verb:set package 'indy_moveit' build argument 'catkin_cmake_args' from command line to 'None'
[2.139s] Level 5:colcon.colcon_core.verb:set package 'indy_moveit' build argument 'catkin_skip_building_tests' from command line to 'False'
[2.140s] DEBUG:colcon.colcon_core.verb:Building package 'indy_moveit' with the following arguments: {'ament_cmake_args': None, 'build_base': '/root/common/indy-ros2/build/indy_moveit', 'catkin_cmake_args': None, 'catkin_skip_building_tests': False, 'cmake_args': None, 'cmake_clean_cache': False, 'cmake_clean_first': False, 'cmake_force_configure': False, 'cmake_target': None, 'cmake_target_skip_unavailable': False, 'install_base': '/root/common/indy-ros2/install/indy_moveit', 'merge_install': False, 'path': '/root/common/indy-ros2/src/sml_indy-ros2/indy_moveit', 'symlink_install': False, 'test_result_base': None}
[2.140s] INFO:colcon.colcon_core.executor:Executing jobs using 'parallel' executor
[2.197s] DEBUG:colcon.colcon_parallel_executor.executor.parallel:run_until_complete
[2.198s] INFO:colcon.colcon_ros.task.ament_cmake.build:Building ROS package in '/root/common/indy-ros2/src/sml_indy-ros2/indy_description' with build type 'ament_cmake'
[2.199s] INFO:colcon.colcon_cmake.task.cmake.build:Building CMake package in '/root/common/indy-ros2/src/sml_indy-ros2/indy_description'
[2.220s] INFO:colcon.colcon_core.plugin_system:Skipping extension 'colcon_core.shell.bat': Not used on non-Windows systems
[2.221s] INFO:colcon.colcon_core.shell:Skip shell extension 'powershell' for command environment: Not usable outside of PowerShell
[2.221s] DEBUG:colcon.colcon_core.shell:Skip shell extension 'dsv' for command environment
[2.240s] INFO:colcon.colcon_ros.task.ament_cmake.build:Building ROS package in '/root/common/indy-ros2/src/sml_indy-ros2/indy_interfaces' with build type 'ament_cmake'
[2.241s] INFO:colcon.colcon_cmake.task.cmake.build:Building CMake package in '/root/common/indy-ros2/src/sml_indy-ros2/indy_interfaces'
[2.243s] INFO:colcon.colcon_core.shell:Skip shell extension 'powershell' for command environment: Not usable outside of PowerShell
[2.245s] DEBUG:colcon.colcon_core.shell:Skip shell extension 'dsv' for command environment
[2.267s] DEBUG:colcon.colcon_core.event_handler.log_command:Invoking command in '/root/common/indy-ros2/build/indy_description': /usr/bin/cmake --build /root/common/indy-ros2/build/indy_description -- -j4 -l4
[2.303s] DEBUG:colcon.colcon_core.event_handler.log_command:Invoking command in '/root/common/indy-ros2/build/indy_interfaces': /usr/bin/cmake --build /root/common/indy-ros2/build/indy_interfaces -- -j4 -l4
[3.360s] DEBUG:colcon.colcon_core.event_handler.log_command:Invoked command in '/root/common/indy-ros2/build/indy_interfaces' returned '2': /usr/bin/cmake --build /root/common/indy-ros2/build/indy_interfaces -- -j4 -l4
[3.744s] Level 1:colcon.colcon_core.environment:create_environment_scripts_only(indy_interfaces)
[3.764s] Level 1:colcon.colcon_core.environment:checking '/root/common/indy-ros2/install/indy_interfaces' for CMake module files
[3.772s] Level 1:colcon.colcon_core.environment:checking '/root/common/indy-ros2/install/indy_interfaces' for CMake config files
[3.786s] Level 1:colcon.colcon_core.shell:create_environment_hook('indy_interfaces', 'cmake_prefix_path')
[3.787s] INFO:colcon.colcon_core.shell:Creating environment hook '/root/common/indy-ros2/install/indy_interfaces/share/indy_interfaces/hook/cmake_prefix_path.ps1'
[3.791s] INFO:colcon.colcon_core.shell:Creating environment descriptor '/root/common/indy-ros2/install/indy_interfaces/share/indy_interfaces/hook/cmake_prefix_path.dsv'
[3.796s] INFO:colcon.colcon_core.shell:Creating environment hook '/root/common/indy-ros2/install/indy_interfaces/share/indy_interfaces/hook/cmake_prefix_path.sh'
[3.801s] Level 1:colcon.colcon_core.environment:checking '/root/common/indy-ros2/install/indy_interfaces/lib'
[3.802s] Level 1:colcon.colcon_core.shell:create_environment_hook('indy_interfaces', 'ld_library_path_lib')
[3.804s] INFO:colcon.colcon_core.shell:Creating environment hook '/root/common/indy-ros2/install/indy_interfaces/share/indy_interfaces/hook/ld_library_path_lib.ps1'
[3.807s] INFO:colcon.colcon_core.shell:Creating environment descriptor '/root/common/indy-ros2/install/indy_interfaces/share/indy_interfaces/hook/ld_library_path_lib.dsv'
[3.809s] INFO:colcon.colcon_core.shell:Creating environment hook '/root/common/indy-ros2/install/indy_interfaces/share/indy_interfaces/hook/ld_library_path_lib.sh'
[3.812s] Level 1:colcon.colcon_core.environment:checking '/root/common/indy-ros2/install/indy_interfaces/bin'
[3.812s] Level 1:colcon.colcon_core.environment:checking '/root/common/indy-ros2/install/indy_interfaces/lib/pkgconfig/indy_interfaces.pc'
[3.819s] Level 1:colcon.colcon_core.environment:checking '/root/common/indy-ros2/install/indy_interfaces/lib/python3.10/site-packages'
[3.820s] Level 1:colcon.colcon_core.environment:checking '/root/common/indy-ros2/install/indy_interfaces/bin'
[3.823s] INFO:colcon.colcon_core.shell:Creating package script '/root/common/indy-ros2/install/indy_interfaces/share/indy_interfaces/package.ps1'
[3.830s] INFO:colcon.colcon_core.shell:Creating package descriptor '/root/common/indy-ros2/install/indy_interfaces/share/indy_interfaces/package.dsv'
[3.836s] INFO:colcon.colcon_core.shell:Creating package script '/root/common/indy-ros2/install/indy_interfaces/share/indy_interfaces/package.sh'
[3.842s] INFO:colcon.colcon_core.shell:Creating package script '/root/common/indy-ros2/install/indy_interfaces/share/indy_interfaces/package.bash'
[3.852s] INFO:colcon.colcon_core.shell:Creating package script '/root/common/indy-ros2/install/indy_interfaces/share/indy_interfaces/package.zsh'
[3.858s] Level 1:colcon.colcon_core.environment:create_file_with_runtime_dependencies(/root/common/indy-ros2/install/indy_interfaces/share/colcon-core/packages/indy_interfaces)
[3.873s] DEBUG:colcon.colcon_parallel_executor.executor.parallel:closing loop
[3.874s] DEBUG:colcon.colcon_parallel_executor.executor.parallel:loop closed
[3.874s] DEBUG:colcon.colcon_parallel_executor.executor.parallel:run_until_complete finished with '2'
[3.874s] DEBUG:colcon.colcon_core.event_reactor:joining thread
[3.928s] INFO:colcon.colcon_core.plugin_system:Skipping extension 'colcon_notification.desktop_notification.notify_send': Could not find 'notify-send'
[3.929s] INFO:colcon.colcon_core.plugin_system:Skipping extension 'colcon_notification.desktop_notification.terminal_notifier': Not used on non-Darwin systems
[3.929s] INFO:colcon.colcon_core.plugin_system:Skipping extension 'colcon_notification.desktop_notification.win32': Not used on non-Windows systems
[3.930s] INFO:colcon.colcon_notification.desktop_notification:Sending desktop notification using 'notify2'
[3.960s] DEBUG:colcon.colcon_notification.desktop_notification.notify2:Failed to initialize notify2: org.freedesktop.DBus.Error.ServiceUnknown: The name org.freedesktop.Notifications was not provided by any .service files
[3.961s] DEBUG:colcon.colcon_core.event_reactor:joined thread
[3.963s] INFO:colcon.colcon_core.shell:Creating prefix script '/root/common/indy-ros2/install/local_setup.ps1'
[3.971s] INFO:colcon.colcon_core.shell:Creating prefix util module '/root/common/indy-ros2/install/_local_setup_util_ps1.py'
[3.980s] INFO:colcon.colcon_core.shell:Creating prefix chain script '/root/common/indy-ros2/install/setup.ps1'
[3.986s] INFO:colcon.colcon_core.shell:Creating prefix script '/root/common/indy-ros2/install/local_setup.sh'
[3.990s] INFO:colcon.colcon_core.shell:Creating prefix util module '/root/common/indy-ros2/install/_local_setup_util_sh.py'
[3.993s] INFO:colcon.colcon_core.shell:Creating prefix chain script '/root/common/indy-ros2/install/setup.sh'
[3.999s] INFO:colcon.colcon_core.shell:Creating prefix script '/root/common/indy-ros2/install/local_setup.bash'
[4.003s] INFO:colcon.colcon_core.shell:Creating prefix chain script '/root/common/indy-ros2/install/setup.bash'
[4.007s] INFO:colcon.colcon_core.shell:Creating prefix script '/root/common/indy-ros2/install/local_setup.zsh'
[4.010s] INFO:colcon.colcon_core.shell:Creating prefix chain script '/root/common/indy-ros2/install/setup.zsh'
