[0.019s] Invoking command in '/app/common/indy-ros2/build/indy_moveit': AMENT_PREFIX_PATH=/root/common/indy-ros2/install/indy_description:${AMENT_PREFIX_PATH} CMAKE_PREFIX_PATH=/app/common/indy-ros2/install/indy_description:/opt/ros/humble /usr/bin/cmake --build /app/common/indy-ros2/build/indy_moveit -- -j12 -l12
[0.050s] Built target ament_cmake_python_copy_indy_moveit
[0.273s] running egg_info
[0.273s] writing indy_moveit.egg-info/PKG-INFO
[0.274s] writing dependency_links to indy_moveit.egg-info/dependency_links.txt
[0.274s] writing top-level names to indy_moveit.egg-info/top_level.txt
[0.276s] reading manifest file 'indy_moveit.egg-info/SOURCES.txt'
[0.277s] writing manifest file 'indy_moveit.egg-info/SOURCES.txt'
[0.306s] Built target ament_cmake_python_build_indy_moveit_egg
[0.315s] Invoked command in '/app/common/indy-ros2/build/indy_moveit' returned '0': AMENT_PREFIX_PATH=/root/common/indy-ros2/install/indy_description:${AMENT_PREFIX_PATH} CMAKE_PREFIX_PATH=/app/common/indy-ros2/install/indy_description:/opt/ros/humble /usr/bin/cmake --build /app/common/indy-ros2/build/indy_moveit -- -j12 -l12
[0.322s] Invoking command in '/app/common/indy-ros2/build/indy_moveit': AMENT_PREFIX_PATH=/root/common/indy-ros2/install/indy_description:${AMENT_PREFIX_PATH} CMAKE_PREFIX_PATH=/app/common/indy-ros2/install/indy_description:/opt/ros/humble /usr/bin/cmake --install /app/common/indy-ros2/build/indy_moveit
[0.324s] -- Install configuration: ""
[0.324s] -- Up-to-date: /root/common/indy-ros2/install/indy_moveit/share/indy_moveit//launch
[0.324s] -- Up-to-date: /root/common/indy-ros2/install/indy_moveit/share/indy_moveit//launch/moveit.launch.py
[0.324s] -- Up-to-date: /root/common/indy-ros2/install/indy_moveit/share/indy_moveit//launch/indy_moveit_real_robot.launch.py
[0.324s] -- Up-to-date: /root/common/indy-ros2/install/indy_moveit/share/indy_moveit//launch/indy_moveit_gazebo.launch.py
[0.324s] -- Up-to-date: /root/common/indy-ros2/install/indy_moveit/share/indy_moveit//moveit_config
[0.324s] -- Up-to-date: /root/common/indy-ros2/install/indy_moveit/share/indy_moveit//moveit_config/controllers_6dof.yaml
[0.325s] -- Up-to-date: /root/common/indy-ros2/install/indy_moveit/share/indy_moveit//moveit_config/ompl_planning.yaml
[0.325s] -- Up-to-date: /root/common/indy-ros2/install/indy_moveit/share/indy_moveit//moveit_config/controllers_7dof.yaml
[0.325s] -- Up-to-date: /root/common/indy-ros2/install/indy_moveit/share/indy_moveit//moveit_config/indy_servo.yaml
[0.325s] -- Up-to-date: /root/common/indy-ros2/install/indy_moveit/share/indy_moveit//moveit_config/kinematics.yaml
[0.325s] -- Up-to-date: /root/common/indy-ros2/install/indy_moveit/share/indy_moveit//rviz_config
[0.325s] -- Up-to-date: /root/common/indy-ros2/install/indy_moveit/share/indy_moveit//rviz_config/indy_moveit.rviz
[0.325s] -- Up-to-date: /root/common/indy-ros2/install/indy_moveit/share/indy_moveit//rviz_config/indy_servo.rviz
[0.325s] -- Up-to-date: /root/common/indy-ros2/install/indy_moveit/share/indy_moveit//srdf
[0.325s] -- Up-to-date: /root/common/indy-ros2/install/indy_moveit/share/indy_moveit//srdf/indy.srdf.xacro
[0.325s] -- Up-to-date: /root/common/indy-ros2/install/indy_moveit/share/indy_moveit//srdf/indy_macro.srdf.xacro
[0.325s] -- Up-to-date: /root/common/indy-ros2/install/indy_moveit/share/indy_moveit/environment/pythonpath.sh
[0.325s] -- Up-to-date: /root/common/indy-ros2/install/indy_moveit/share/indy_moveit/environment/pythonpath.dsv
[0.325s] -- Up-to-date: /root/common/indy-ros2/install/indy_moveit/local/lib/python3.10/dist-packages/indy_moveit-1.0.0-py3.10.egg-info
[0.325s] -- Installing: /root/common/indy-ros2/install/indy_moveit/local/lib/python3.10/dist-packages/indy_moveit-1.0.0-py3.10.egg-info/SOURCES.txt
[0.325s] -- Installing: /root/common/indy-ros2/install/indy_moveit/local/lib/python3.10/dist-packages/indy_moveit-1.0.0-py3.10.egg-info/PKG-INFO
[0.325s] -- Installing: /root/common/indy-ros2/install/indy_moveit/local/lib/python3.10/dist-packages/indy_moveit-1.0.0-py3.10.egg-info/dependency_links.txt
[0.325s] -- Installing: /root/common/indy-ros2/install/indy_moveit/local/lib/python3.10/dist-packages/indy_moveit-1.0.0-py3.10.egg-info/top_level.txt
[0.326s] -- Up-to-date: /root/common/indy-ros2/install/indy_moveit/local/lib/python3.10/dist-packages/indy_moveit
[0.326s] -- Up-to-date: /root/common/indy-ros2/install/indy_moveit/local/lib/python3.10/dist-packages/indy_moveit/__init__.py
[0.326s] -- Up-to-date: /root/common/indy-ros2/install/indy_moveit/local/lib/python3.10/dist-packages/indy_moveit/launch_common.py
[0.350s] Listing '/root/common/indy-ros2/install/indy_moveit/local/lib/python3.10/dist-packages/indy_moveit'...
[0.352s] -- Up-to-date: /root/common/indy-ros2/install/indy_moveit/local/lib/python3.10/dist-packages/launch_common.py
[0.384s] -- Up-to-date: /root/common/indy-ros2/install/indy_moveit/share/ament_index/resource_index/package_run_dependencies/indy_moveit
[0.385s] -- Up-to-date: /root/common/indy-ros2/install/indy_moveit/share/ament_index/resource_index/parent_prefix_path/indy_moveit
[0.385s] -- Up-to-date: /root/common/indy-ros2/install/indy_moveit/share/indy_moveit/environment/ament_prefix_path.sh
[0.385s] -- Up-to-date: /root/common/indy-ros2/install/indy_moveit/share/indy_moveit/environment/ament_prefix_path.dsv
[0.385s] -- Up-to-date: /root/common/indy-ros2/install/indy_moveit/share/indy_moveit/environment/path.sh
[0.386s] -- Up-to-date: /root/common/indy-ros2/install/indy_moveit/share/indy_moveit/environment/path.dsv
[0.386s] -- Up-to-date: /root/common/indy-ros2/install/indy_moveit/share/indy_moveit/local_setup.bash
[0.386s] -- Up-to-date: /root/common/indy-ros2/install/indy_moveit/share/indy_moveit/local_setup.sh
[0.386s] -- Up-to-date: /root/common/indy-ros2/install/indy_moveit/share/indy_moveit/local_setup.zsh
[0.387s] -- Up-to-date: /root/common/indy-ros2/install/indy_moveit/share/indy_moveit/local_setup.dsv
[0.387s] -- Up-to-date: /root/common/indy-ros2/install/indy_moveit/share/indy_moveit/package.dsv
[0.387s] -- Up-to-date: /root/common/indy-ros2/install/indy_moveit/share/ament_index/resource_index/packages/indy_moveit
[0.387s] -- Up-to-date: /root/common/indy-ros2/install/indy_moveit/share/indy_moveit/cmake/indy_moveitConfig.cmake
[0.387s] -- Up-to-date: /root/common/indy-ros2/install/indy_moveit/share/indy_moveit/cmake/indy_moveitConfig-version.cmake
[0.388s] -- Up-to-date: /root/common/indy-ros2/install/indy_moveit/share/indy_moveit/package.xml
[0.390s] Invoked command in '/app/common/indy-ros2/build/indy_moveit' returned '0': AMENT_PREFIX_PATH=/root/common/indy-ros2/install/indy_description:${AMENT_PREFIX_PATH} CMAKE_PREFIX_PATH=/app/common/indy-ros2/install/indy_description:/opt/ros/humble /usr/bin/cmake --install /app/common/indy-ros2/build/indy_moveit
